Archive member included to satisfy reference by file (symbol)

c:/program files (x86)/gnu tools arm embedded/6 2017-q2-update/bin/../lib/gcc/arm-none-eabi/6.3.1/thumb/v6-m\libgcc.a(_udivsi3.o)
                              ./Src/freertos.o (__aeabi_uidiv)
c:/program files (x86)/gnu tools arm embedded/6 2017-q2-update/bin/../lib/gcc/arm-none-eabi/6.3.1/thumb/v6-m\libgcc.a(_divsi3.o)
                              ./Src/freertos.o (__aeabi_idiv)
c:/program files (x86)/gnu tools arm embedded/6 2017-q2-update/bin/../lib/gcc/arm-none-eabi/6.3.1/thumb/v6-m\libgcc.a(_dvmd_tls.o)
                              c:/program files (x86)/gnu tools arm embedded/6 2017-q2-update/bin/../lib/gcc/arm-none-eabi/6.3.1/thumb/v6-m\libgcc.a(_udivsi3.o) (__aeabi_idiv0)
c:/program files (x86)/gnu tools arm embedded/6 2017-q2-update/bin/../lib/gcc/arm-none-eabi/6.3.1/../../../../arm-none-eabi/lib/thumb/v6-m\libg_nano.a(lib_a-exit.o)
                              c:/program files (x86)/gnu tools arm embedded/6 2017-q2-update/bin/../lib/gcc/arm-none-eabi/6.3.1/../../../../arm-none-eabi/lib/thumb/v6-m/crt0.o (exit)
c:/program files (x86)/gnu tools arm embedded/6 2017-q2-update/bin/../lib/gcc/arm-none-eabi/6.3.1/../../../../arm-none-eabi/lib/thumb/v6-m\libg_nano.a(lib_a-impure.o)
                              c:/program files (x86)/gnu tools arm embedded/6 2017-q2-update/bin/../lib/gcc/arm-none-eabi/6.3.1/../../../../arm-none-eabi/lib/thumb/v6-m\libg_nano.a(lib_a-exit.o) (_global_impure_ptr)
c:/program files (x86)/gnu tools arm embedded/6 2017-q2-update/bin/../lib/gcc/arm-none-eabi/6.3.1/../../../../arm-none-eabi/lib/thumb/v6-m\libg_nano.a(lib_a-init.o)
                              c:/program files (x86)/gnu tools arm embedded/6 2017-q2-update/bin/../lib/gcc/arm-none-eabi/6.3.1/../../../../arm-none-eabi/lib/thumb/v6-m/crt0.o (__libc_init_array)
c:/program files (x86)/gnu tools arm embedded/6 2017-q2-update/bin/../lib/gcc/arm-none-eabi/6.3.1/../../../../arm-none-eabi/lib/thumb/v6-m\libg_nano.a(lib_a-memcpy-stub.o)
                              ./Src/freertos.o (memcpy)
c:/program files (x86)/gnu tools arm embedded/6 2017-q2-update/bin/../lib/gcc/arm-none-eabi/6.3.1/../../../../arm-none-eabi/lib/thumb/v6-m\libg_nano.a(lib_a-memset.o)
                              c:/program files (x86)/gnu tools arm embedded/6 2017-q2-update/bin/../lib/gcc/arm-none-eabi/6.3.1/../../../../arm-none-eabi/lib/thumb/v6-m/crt0.o (memset)
c:/program files (x86)/gnu tools arm embedded/6 2017-q2-update/bin/../lib/gcc/arm-none-eabi/6.3.1/../../../../arm-none-eabi/lib/thumb/v6-m\libg_nano.a(lib_a-strncpy.o)
                              ./Src/freertos.o (strncpy)
c:/program files (x86)/gnu tools arm embedded/6 2017-q2-update/bin/../lib/gcc/arm-none-eabi/6.3.1/../../../../arm-none-eabi/lib/thumb/v6-m\libg_nano.a(lib_a-vsnprintf.o)
                              ./Src/freertos.o (vsnprintf)
c:/program files (x86)/gnu tools arm embedded/6 2017-q2-update/bin/../lib/gcc/arm-none-eabi/6.3.1/../../../../arm-none-eabi/lib/thumb/v6-m\libg_nano.a(lib_a-nano-svfprintf.o)
                              c:/program files (x86)/gnu tools arm embedded/6 2017-q2-update/bin/../lib/gcc/arm-none-eabi/6.3.1/../../../../arm-none-eabi/lib/thumb/v6-m\libg_nano.a(lib_a-vsnprintf.o) (_svfprintf_r)
c:/program files (x86)/gnu tools arm embedded/6 2017-q2-update/bin/../lib/gcc/arm-none-eabi/6.3.1/../../../../arm-none-eabi/lib/thumb/v6-m\libg_nano.a(lib_a-nano-vfprintf_i.o)
                              c:/program files (x86)/gnu tools arm embedded/6 2017-q2-update/bin/../lib/gcc/arm-none-eabi/6.3.1/../../../../arm-none-eabi/lib/thumb/v6-m\libg_nano.a(lib_a-nano-svfprintf.o) (_printf_i)
c:/program files (x86)/gnu tools arm embedded/6 2017-q2-update/bin/../lib/gcc/arm-none-eabi/6.3.1/../../../../arm-none-eabi/lib/thumb/v6-m\libg_nano.a(lib_a-memchr-stub.o)
                              c:/program files (x86)/gnu tools arm embedded/6 2017-q2-update/bin/../lib/gcc/arm-none-eabi/6.3.1/../../../../arm-none-eabi/lib/thumb/v6-m\libg_nano.a(lib_a-nano-svfprintf.o) (memchr)
c:/program files (x86)/gnu tools arm embedded/6 2017-q2-update/bin/../lib/gcc/arm-none-eabi/6.3.1/../../../../arm-none-eabi/lib/thumb/v6-m\libg_nano.a(lib_a-memmove.o)
                              c:/program files (x86)/gnu tools arm embedded/6 2017-q2-update/bin/../lib/gcc/arm-none-eabi/6.3.1/../../../../arm-none-eabi/lib/thumb/v6-m\libg_nano.a(lib_a-nano-svfprintf.o) (memmove)
c:/program files (x86)/gnu tools arm embedded/6 2017-q2-update/bin/../lib/gcc/arm-none-eabi/6.3.1/../../../../arm-none-eabi/lib/thumb/v6-m\libg_nano.a(lib_a-nano-freer.o)
                              c:/program files (x86)/gnu tools arm embedded/6 2017-q2-update/bin/../lib/gcc/arm-none-eabi/6.3.1/../../../../arm-none-eabi/lib/thumb/v6-m\libg_nano.a(lib_a-nano-svfprintf.o) (_free_r)
c:/program files (x86)/gnu tools arm embedded/6 2017-q2-update/bin/../lib/gcc/arm-none-eabi/6.3.1/../../../../arm-none-eabi/lib/thumb/v6-m\libg_nano.a(lib_a-nano-mallocr.o)
[...]
Memory Configuration

Name             Origin             Length             Attributes
RAM              0x20000000         0x00008000         xrw
FLASH            0x08000000         0x00040000         xr
*default*        0x00000000         0xffffffff

Linker script and memory map

LOAD c:/program files (x86)/gnu tools arm embedded/6 2017-q2-update/bin/../lib/gcc/arm-none-eabi/6.3.1/thumb/v6-m/crti.o
LOAD c:/program files (x86)/gnu tools arm embedded/6 2017-q2-update/bin/../lib/gcc/arm-none-eabi/6.3.1/thumb/v6-m/crtbegin.o
LOAD c:/program files (x86)/gnu tools arm embedded/6 2017-q2-update/bin/../lib/gcc/arm-none-eabi/6.3.1/../../../../arm-none-eabi/lib/thumb/v6-m/crt0.o
LOAD ./Src/adc.o
LOAD ./Src/aewin_def.o
LOAD ./Src/can.o
LOAD ./Src/dma.o
LOAD ./Src/freertos.o
LOAD ./Src/gpio.o
LOAD ./Src/i2c.o
LOAD ./Src/iwdg.o
LOAD ./Src/main.o
LOAD ./Src/rtc.o
LOAD ./Src/spi.o
LOAD ./Src/startup_stm32f091xc.o
LOAD ./Src/stm32f0xx_hal_msp.o
LOAD ./Src/stm32f0xx_hal_timebase_TIM.o
LOAD ./Src/stm32f0xx_it.o
LOAD ./Src/system_stm32f0xx.o
LOAD ./Src/tim.o
LOAD ./Src/usart.o
LOAD ./Middlewares/Third_Party/FreeRTOS/Source/portable/MemMang/heap_4.o
LOAD ./Middlewares/Third_Party/FreeRTOS/Source/portable/GCC/ARM_CM0/port.o
LOAD ./Middlewares/Third_Party/FreeRTOS/Source/CMSIS_RTOS/cmsis_os.o
LOAD ./Middlewares/Third_Party/FreeRTOS/Source/croutine.o
LOAD ./Middlewares/Third_Party/FreeRTOS/Source/event_groups.o
LOAD ./Middlewares/Third_Party/FreeRTOS/Source/list.o
LOAD ./Middlewares/Third_Party/FreeRTOS/Source/queue.o
LOAD ./Middlewares/Third_Party/FreeRTOS/Source/tasks.o
LOAD ./Middlewares/Third_Party/FreeRTOS/Source/timers.o
LOAD ./Drivers/STM32F0xx_HAL_Driver/Src/stm32f0xx_hal.o
LOAD ./Drivers/STM32F0xx_HAL_Driver/Src/stm32f0xx_hal_adc.o
LOAD ./Drivers/STM32F0xx_HAL_Driver/Src/stm32f0xx_hal_adc_ex.o
LOAD ./Drivers/STM32F0xx_HAL_Driver/Src/stm32f0xx_hal_can.o
LOAD ./Drivers/STM32F0xx_HAL_Driver/Src/stm32f0xx_hal_cortex.o
LOAD ./Drivers/STM32F0xx_HAL_Driver/Src/stm32f0xx_hal_dma.o
LOAD ./Drivers/STM32F0xx_HAL_Driver/Src/stm32f0xx_hal_flash.o
LOAD ./Drivers/STM32F0xx_HAL_Driver/Src/stm32f0xx_hal_flash_ex.o
LOAD ./Drivers/STM32F0xx_HAL_Driver/Src/stm32f0xx_hal_gpio.o
LOAD ./Drivers/STM32F0xx_HAL_Driver/Src/stm32f0xx_hal_i2c.o
LOAD ./Drivers/STM32F0xx_HAL_Driver/Src/stm32f0xx_hal_i2c_ex.o
LOAD ./Drivers/STM32F0xx_HAL_Driver/Src/stm32f0xx_hal_iwdg.o
LOAD ./Drivers/STM32F0xx_HAL_Driver/Src/stm32f0xx_hal_pwr.o
LOAD ./Drivers/STM32F0xx_HAL_Driver/Src/stm32f0xx_hal_pwr_ex.o
LOAD ./Drivers/STM32F0xx_HAL_Driver/Src/stm32f0xx_hal_rcc.o
LOAD ./Drivers/STM32F0xx_HAL_Driver/Src/stm32f0xx_hal_rcc_ex.o
LOAD ./Drivers/STM32F0xx_HAL_Driver/Src/stm32f0xx_hal_rtc.o
LOAD ./Drivers/STM32F0xx_HAL_Driver/Src/stm32f0xx_hal_rtc_ex.o
LOAD ./Drivers/STM32F0xx_HAL_Driver/Src/stm32f0xx_hal_spi.o
LOAD ./Drivers/STM32F0xx_HAL_Driver/Src/stm32f0xx_hal_spi_ex.o
LOAD ./Drivers/STM32F0xx_HAL_Driver/Src/stm32f0xx_hal_tim.o
LOAD ./Drivers/STM32F0xx_HAL_Driver/Src/stm32f0xx_hal_tim_ex.o
LOAD ./Drivers/STM32F0xx_HAL_Driver/Src/stm32f0xx_hal_uart.o
LOAD ./Drivers/STM32F0xx_HAL_Driver/Src/stm32f0xx_hal_uart_ex.o
START GROUP
LOAD c:/program files (x86)/gnu tools arm embedded/6 2017-q2-update/bin/../lib/gcc/arm-none-eabi/6.3.1/thumb/v6-m\libgcc.a
LOAD c:/program files (x86)/gnu tools arm embedded/6 2017-q2-update/bin/../lib/gcc/arm-none-eabi/6.3.1/../../../../arm-none-eabi/lib/thumb/v6-m\libg_nano.a
LOAD c:/program files (x86)/gnu tools arm embedded/6 2017-q2-update/bin/../lib/gcc/arm-none-eabi/6.3.1/../../../../arm-none-eabi/lib/thumb/v6-m\libc_nano.a
END GROUP
START GROUP
LOAD c:/program files (x86)/gnu tools arm embedded/6 2017-q2-update/bin/../lib/gcc/arm-none-eabi/6.3.1/thumb/v6-m\libgcc.a
LOAD c:/program files (x86)/gnu tools arm embedded/6 2017-q2-update/bin/../lib/gcc/arm-none-eabi/6.3.1/../../../../arm-none-eabi/lib/thumb/v6-m\libc_nano.a
LOAD c:/program files (x86)/gnu tools arm embedded/6 2017-q2-update/bin/../lib/gcc/arm-none-eabi/6.3.1/../../../../arm-none-eabi/lib/thumb/v6-m\libnosys.a
END GROUP
START GROUP
LOAD c:/program files (x86)/gnu tools arm embedded/6 2017-q2-update/bin/../lib/gcc/arm-none-eabi/6.3.1/thumb/v6-m\libgcc.a
LOAD c:/program files (x86)/gnu tools arm embedded/6 2017-q2-update/bin/../lib/gcc/arm-none-eabi/6.3.1/../../../../arm-none-eabi/lib/thumb/v6-m\libc_nano.a
LOAD c:/program files (x86)/gnu tools arm embedded/6 2017-q2-update/bin/../lib/gcc/arm-none-eabi/6.3.1/../../../../arm-none-eabi/lib/thumb/v6-m\libnosys.a
END GROUP
LOAD c:/program files (x86)/gnu tools arm embedded/6 2017-q2-update/bin/../lib/gcc/arm-none-eabi/6.3.1/thumb/v6-m/crtend.o
LOAD c:/program files (x86)/gnu tools arm embedded/6 2017-q2-update/bin/../lib/gcc/arm-none-eabi/6.3.1/thumb/v6-m/crtn.o
                0x20008000                _estack = 0x20008000
                0x00000200                _Min_Heap_Size = 0x200
                0x00000400                _Min_Stack_Size = 0x400

.isr_vector     0x08000000       0xbc
                0x08000000                . = ALIGN (0x4)
 *(.isr_vector)
 .isr_vector    0x08000000       0xbc ./Src/startup_stm32f091xc.o
                0x08000000                g_pfnVectors
                0x080000bc                . = ALIGN (0x4)

.text           0x080000c0    0x11da0
                0x080000c0                . = ALIGN (0x4)
 *(.text)
 .text          0x080000c0       0x60 c:/program files (x86)/gnu tools arm embedded/6 2017-q2-update/bin/../lib/gcc/arm-none-eabi/6.3.1/thumb/v6-m/crtbegin.o
 .text          0x08000120      0x114 c:/program files (x86)/gnu tools arm embedded/6 2017-q2-update/bin/../lib/gcc/arm-none-eabi/6.3.1/thumb/v6-m\libgcc.a(_udivsi3.o)
                0x08000120                __aeabi_uidiv
                0x08000120                __udivsi3
                0x0800022c                __aeabi_uidivmod
 .text          0x08000234      0x1d4 c:/program files (x86)/gnu tools arm embedded/6 2017-q2-update/bin/../lib/gcc/arm-none-eabi/6.3.1/thumb/v6-m\libgcc.a(_divsi3.o)
                0x08000234                __divsi3
                0x08000234                __aeabi_idiv
                0x08000400                __aeabi_idivmod
 .text          0x08000408        0x4 c:/program files (x86)/gnu tools arm embedded/6 2017-q2-update/bin/../lib/gcc/arm-none-eabi/6.3.1/thumb/v6-m\libgcc.a(_dvmd_tls.o)
                0x08000408                __aeabi_idiv0
                0x08000408                __aeabi_ldiv0
 *(.text*)
 .text.MX_ADC_Init
                0x0800040c       0xd4 ./Src/adc.o
                0x0800040c                MX_ADC_Init
 .text.HAL_ADC_MspInit
                0x080004e0       0xf0 ./Src/adc.o
                0x080004e0                HAL_ADC_MspInit
 .text.MX_CAN_Init
                0x080005d0       0x7c ./Src/can.o
                0x080005d0                MX_CAN_Init
 .text.HAL_CAN_MspInit
                0x0800064c       0x8c ./Src/can.o
                0x0800064c                HAL_CAN_MspInit
 .text.MX_DMA_Init
                0x080006d8       0x74 ./Src/dma.o
                0x080006d8                MX_DMA_Init
 .text.MX_FREERTOS_Init
                0x0800074c      0x490 ./Src/freertos.o
                0x0800074c                MX_FREERTOS_Init
 .text.StartDefaultTask
                0x08000bdc       0x10 ./Src/freertos.o
                0x08000bdc                StartDefaultTask
 .text.usart1_entry
                0x08000bec     0x2684 ./Src/freertos.o
                0x08000bec                usart1_entry
 .text.usart2_entry
                0x08003270      0xd18 ./Src/freertos.o
                0x08003270                usart2_entry
 .text.usart3_entry
                0x08003f88      0x2ec ./Src/freertos.o
                0x08003f88                usart3_entry
 .text.ignition_entry
                0x08004274      0x598 ./Src/freertos.o
                0x08004274                ignition_entry
 .text.i2c1_entry
                0x0800480c      0x188 ./Src/freertos.o
                0x0800480c                i2c1_entry
 .text.adc_entry
                0x08004994       0x98 ./Src/freertos.o
                0x08004994                adc_entry
 .text.IWDG_entry
                0x08004a2c       0x40 ./Src/freertos.o
                0x08004a2c                IWDG_entry
 .text.cmd_proc_entry
                0x08004a6c       0x4c ./Src/freertos.o
                0x08004a6c                cmd_proc_entry
 .text.gpio_state_entry
                0x08004ab8       0xf8 ./Src/freertos.o
                0x08004ab8                gpio_state_entry
 .text.spi1_entry
                0x08004bb0      0x7cc ./Src/freertos.o
                0x08004bb0                spi1_entry
 .text.can_entry
                0x0800537c      0x13c ./Src/freertos.o
                0x0800537c                can_entry
 .text.aewin_dbg
                0x080054b8       0x8c ./Src/freertos.o
                0x080054b8                aewin_dbg
 .text.HAL_RTC_AlarmAEventCallback
                0x08005544       0x44 ./Src/freertos.o
                0x08005544                HAL_RTC_AlarmAEventCallback
 .text.adc_voltageConversion_int
                0x08005588       0x2c ./Src/freertos.o
                0x08005588                adc_voltageConversion_int
 .text.adc_voltageConversion_float
                0x080055b4       0x38 ./Src/freertos.o
                0x080055b4                adc_voltageConversion_float
 .text.adc_tempConversion_int
                0x080055ec       0x80 ./Src/freertos.o
                0x080055ec                adc_tempConversion_int
 .text.adc_tempConversion_float
                0x0800566c       0x88 ./Src/freertos.o
                0x0800566c                adc_tempConversion_float
 .text.uart2_findCommaIndexNext
                0x080056f4       0x7a ./Src/freertos.o
                0x080056f4                uart2_findCommaIndexNext
 .text.uart_findDataIndex
                0x0800576e       0x9e ./Src/freertos.o
                0x0800576e                uart_findDataIndex
 .text.uart2_isFindString
                0x0800580c       0xb8 ./Src/freertos.o
                0x0800580c                uart2_isFindString
 .text.enable_4GModule
                0x080058c4       0x4c ./Src/freertos.o
                0x080058c4                enable_4GModule
 .text.print_atCommand
                0x08005910       0x60 ./Src/freertos.o
                0x08005910                print_atCommand
 .text.check_lowPower
                0x08005970       0x74 ./Src/freertos.o
                0x08005970                check_lowPower
 .text.check_highPower
                0x080059e4       0x74 ./Src/freertos.o
                0x080059e4                check_highPower
 .text.config_recovery
                0x08005a58       0x40 ./Src/freertos.o
                0x08005a58                config_recovery
 .text.MX_GPIO_Init
                0x08005a98      0x1a4 ./Src/gpio.o
                0x08005a98                MX_GPIO_Init
 .text.MX_I2C1_Init
                0x08005c3c       0x98 ./Src/i2c.o
                0x08005c3c                MX_I2C1_Init
 .text.MX_I2C2_Init
                0x08005cd4       0x98 ./Src/i2c.o
                0x08005cd4                MX_I2C2_Init
 .text.HAL_I2C_MspInit
                0x08005d6c      0x124 ./Src/i2c.o
                0x08005d6c                HAL_I2C_MspInit
 .text.MX_IWDG_Init
                0x08005e90       0x48 ./Src/iwdg.o
                0x08005e90                MX_IWDG_Init
 .text.main     0x08005ed8       0x4e ./Src/main.o
                0x08005ed8                main
 *fill*         0x08005f26        0x2 
 .text.SystemClock_Config
                0x08005f28      0x12c ./Src/main.o
                0x08005f28                SystemClock_Config
 .text.HAL_TIM_PeriodElapsedCallback
                0x08006054       0x24 ./Src/main.o
                0x08006054                HAL_TIM_PeriodElapsedCallback
 .text._Error_Handler
                0x08006078        0xc ./Src/main.o
                0x08006078                _Error_Handler
 .text.MX_RTC_Init
                0x08006084      0x194 ./Src/rtc.o
                0x08006084                MX_RTC_Init
 .text.HAL_RTC_MspInit
                0x08006218       0x40 ./Src/rtc.o
                0x08006218                HAL_RTC_MspInit
 .text.MX_SPI1_Init
                0x08006258       0x88 ./Src/spi.o
                0x08006258                MX_SPI1_Init
 .text.HAL_SPI_MspInit
                0x080062e0       0xb0 ./Src/spi.o
                0x080062e0                HAL_SPI_MspInit
 .text.Reset_Handler
                0x08006390       0x50 ./Src/startup_stm32f091xc.o
                0x08006390                Reset_Handler
 .text.Default_Handler
                0x080063e0        0x2 ./Src/startup_stm32f091xc.o
                0x080063e0                TIM1_CC_IRQHandler
                0x080063e0                TSC_IRQHandler
                0x080063e0                ADC1_COMP_IRQHandler
                0x080063e0                RCC_CRS_IRQHandler
                0x080063e0                SPI1_IRQHandler
                0x080063e0                TIM6_DAC_IRQHandler
                0x080063e0                EXTI2_3_IRQHandler
                0x080063e0                I2C2_IRQHandler
                0x080063e0                TIM17_IRQHandler
                0x080063e0                PVD_VDDIO2_IRQHandler
                0x080063e0                TIM16_IRQHandler
                0x080063e0                TIM3_IRQHandler
                0x080063e0                EXTI4_15_IRQHandler
                0x080063e0                Default_Handler
                0x080063e0                TIM14_IRQHandler
                0x080063e0                TIM7_IRQHandler
                0x080063e0                TIM15_IRQHandler
                0x080063e0                EXTI0_1_IRQHandler
                0x080063e0                SPI2_IRQHandler
                0x080063e0                WWDG_IRQHandler
                0x080063e0                TIM2_IRQHandler
                0x080063e0                FLASH_IRQHandler
 *fill*         0x080063e2        0x2 
 .text.HAL_MspInit
                0x080063e4       0x54 ./Src/stm32f0xx_hal_msp.o
                0x080063e4                HAL_MspInit
 .text.HAL_InitTick
                0x08006438       0xbc ./Src/stm32f0xx_hal_timebase_TIM.o
                0x08006438                HAL_InitTick
 .text.NMI_Handler
                0x080064f4        0xa ./Src/stm32f0xx_it.o
                0x080064f4                NMI_Handler
 .text.HardFault_Handler
                0x080064fe        0x6 ./Src/stm32f0xx_it.o
                0x080064fe                HardFault_Handler
 .text.SysTick_Handler
                0x08006504        0xe ./Src/stm32f0xx_it.o
                0x08006504                SysTick_Handler
 *fill*         0x08006512        0x2 
 .text.RTC_IRQHandler
                0x08006514       0x28 ./Src/stm32f0xx_it.o
                0x08006514                RTC_IRQHandler
 .text.DMA1_Ch1_IRQHandler
                0x0800653c       0x18 ./Src/stm32f0xx_it.o
                0x0800653c                DMA1_Ch1_IRQHandler
 .text.DMA1_Ch2_3_DMA2_Ch1_2_IRQHandler
                0x08006554       0x3c ./Src/stm32f0xx_it.o
                0x08006554                DMA1_Ch2_3_DMA2_Ch1_2_IRQHandler
 .text.DMA1_Ch4_7_DMA2_Ch3_5_IRQHandler
                0x08006590       0x24 ./Src/stm32f0xx_it.o
                0x08006590                DMA1_Ch4_7_DMA2_Ch3_5_IRQHandler
 .text.TIM1_BRK_UP_TRG_COM_IRQHandler
                0x080065b4       0x18 ./Src/stm32f0xx_it.o
                0x080065b4                TIM1_BRK_UP_TRG_COM_IRQHandler
 .text.I2C1_IRQHandler
                0x080065cc       0x30 ./Src/stm32f0xx_it.o
                0x080065cc                I2C1_IRQHandler
 .text.USART1_IRQHandler
                0x080065fc       0x18 ./Src/stm32f0xx_it.o
                0x080065fc                USART1_IRQHandler
 .text.USART2_IRQHandler
                0x08006614       0x18 ./Src/stm32f0xx_it.o
                0x08006614                USART2_IRQHandler
 .text.USART3_8_IRQHandler
                0x0800662c       0x18 ./Src/stm32f0xx_it.o
                0x0800662c                USART3_8_IRQHandler
 .text.CEC_CAN_IRQHandler
                0x08006644       0x18 ./Src/stm32f0xx_it.o
                0x08006644                CEC_CAN_IRQHandler
 .text.SystemInit
                0x0800665c       0x88 ./Src/system_stm32f0xx.o
                0x0800665c                SystemInit
 .text.MX_TIM2_Init
                0x080066e4       0xcc ./Src/tim.o
                0x080066e4                MX_TIM2_Init
 .text.MX_TIM14_Init
                0x080067b0       0xa4 ./Src/tim.o
                0x080067b0                MX_TIM14_Init
 .text.HAL_TIM_Base_MspInit
                0x08006854       0x64 ./Src/tim.o
                0x08006854                HAL_TIM_Base_MspInit
 .text.HAL_TIM_MspPostInit
                0x080068b8       0x58 ./Src/tim.o
                0x080068b8                HAL_TIM_MspPostInit
 .text.MX_USART1_UART_Init
                0x08006910       0x6c ./Src/usart.o
                0x08006910                MX_USART1_UART_Init
 .text.MX_USART2_UART_Init
                0x0800697c       0x6c ./Src/usart.o
                0x0800697c                MX_USART2_UART_Init
 .text.MX_USART3_UART_Init
                0x080069e8       0x7c ./Src/usart.o
                0x080069e8                MX_USART3_UART_Init
 .text.HAL_UART_MspInit
                0x08006a64      0x4b0 ./Src/usart.o
                0x08006a64                HAL_UART_MspInit
 .text.pvPortMalloc
                0x08006f14      0x14c ./Middlewares/Third_Party/FreeRTOS/Source/portable/MemMang/heap_4.o
                0x08006f14                pvPortMalloc
 .text.vPortFree
                0x08007060       0x90 ./Middlewares/Third_Party/FreeRTOS/Source/portable/MemMang/heap_4.o
                0x08007060                vPortFree
 .text.prvHeapInit
                0x080070f0       0xc0 ./Middlewares/Third_Party/FreeRTOS/Source/portable/MemMang/heap_4.o
 .text.prvInsertBlockIntoFreeList
                0x080071b0       0xb0 ./Middlewares/Third_Party/FreeRTOS/Source/portable/MemMang/heap_4.o
 .text.pxPortInitialiseStack
                0x08007260       0x54 ./Middlewares/Third_Party/FreeRTOS/Source/portable/GCC/ARM_CM0/port.o
                0x08007260                pxPortInitialiseStack
 .text.prvTaskExitError
                0x080072b4       0x18 ./Middlewares/Third_Party/FreeRTOS/Source/portable/GCC/ARM_CM0/port.o
 .text.SVC_Handler
                0x080072cc        0xa ./Middlewares/Third_Party/FreeRTOS/Source/portable/GCC/ARM_CM0/port.o
                0x080072cc                SVC_Handler
 *fill*         0x080072d6        0xa 
 .text.vPortStartFirstTask
                0x080072e0       0x38 ./Middlewares/Third_Party/FreeRTOS/Source/portable/GCC/ARM_CM0/port.o
 .text.xPortStartScheduler
                0x08007318       0x44 ./Middlewares/Third_Party/FreeRTOS/Source/portable/GCC/ARM_CM0/port.o
                0x08007318                xPortStartScheduler
 .text.vPortYield
                0x0800735c       0x20 ./Middlewares/Third_Party/FreeRTOS/Source/portable/GCC/ARM_CM0/port.o
                0x0800735c                vPortYield
 .text.vPortEnterCritical
                0x0800737c       0x24 ./Middlewares/Third_Party/FreeRTOS/Source/portable/GCC/ARM_CM0/port.o
                0x0800737c                vPortEnterCritical
 .text.vPortExitCritical
                0x080073a0       0x30 ./Middlewares/Third_Party/FreeRTOS/Source/portable/GCC/ARM_CM0/port.o
                0x080073a0                vPortExitCritical
 .text.ulSetInterruptMaskFromISR
                0x080073d0        0xc ./Middlewares/Third_Party/FreeRTOS/Source/portable/GCC/ARM_CM0/port.o
                0x080073d0                ulSetInterruptMaskFromISR
 .text.vClearInterruptMaskFromISR
                0x080073dc        0x8 ./Middlewares/Third_Party/FreeRTOS/Source/portable/GCC/ARM_CM0/port.o
                0x080073dc                vClearInterruptMaskFromISR
 *fill*         0x080073e4        0xc 
 .text.PendSV_Handler
                0x080073f0       0x48 ./Middlewares/Third_Party/FreeRTOS/Source/portable/GCC/ARM_CM0/port.o
                0x080073f0                PendSV_Handler
 .text.xPortSysTickHandler
                0x08007438       0x34 ./Middlewares/Third_Party/FreeRTOS/Source/portable/GCC/ARM_CM0/port.o
                0x08007438                xPortSysTickHandler
 .text.vPortSetupTimerInterrupt
                0x0800746c       0x34 ./Middlewares/Third_Party/FreeRTOS/Source/portable/GCC/ARM_CM0/port.o
                0x0800746c                vPortSetupTimerInterrupt
 .text.makeFreeRtosPriority
                0x080074a0       0x32 ./Middlewares/Third_Party/FreeRTOS/Source/CMSIS_RTOS/cmsis_os.o
 .text.inHandlerMode
                0x080074d2       0x1c ./Middlewares/Third_Party/FreeRTOS/Source/CMSIS_RTOS/cmsis_os.o
 .text.osKernelStart
                0x080074ee       0x10 ./Middlewares/Third_Party/FreeRTOS/Source/CMSIS_RTOS/cmsis_os.o
                0x080074ee                osKernelStart
 .text.osThreadCreate
                0x080074fe       0x50 ./Middlewares/Third_Party/FreeRTOS/Source/CMSIS_RTOS/cmsis_os.o
                0x080074fe                osThreadCreate
 .text.osDelay  0x0800754e       0x28 ./Middlewares/Third_Party/FreeRTOS/Source/CMSIS_RTOS/cmsis_os.o
                0x0800754e                osDelay
 .text.osMutexCreate
                0x08007576       0x18 ./Middlewares/Third_Party/FreeRTOS/Source/CMSIS_RTOS/cmsis_os.o
                0x08007576                osMutexCreate
 *fill*         0x0800758e        0x2 
 .text.osMutexWait
                0x08007590       0x94 ./Middlewares/Third_Party/FreeRTOS/Source/CMSIS_RTOS/cmsis_os.o
                0x08007590                osMutexWait
 .text.osMutexRelease
                0x08007624       0x64 ./Middlewares/Third_Party/FreeRTOS/Source/CMSIS_RTOS/cmsis_os.o
                0x08007624                osMutexRelease
 .text.osMessageCreate
                0x08007688       0x24 ./Middlewares/Third_Party/FreeRTOS/Source/CMSIS_RTOS/cmsis_os.o
                0x08007688                osMessageCreate
 .text.osMessagePut
                0x080076ac       0x78 ./Middlewares/Third_Party/FreeRTOS/Source/CMSIS_RTOS/cmsis_os.o
                0x080076ac                osMessagePut
 .text.osMessageGet
                0x08007724       0xec ./Middlewares/Third_Party/FreeRTOS/Source/CMSIS_RTOS/cmsis_os.o
                0x08007724                osMessageGet
 .text.osSystickHandler
                0x08007810       0x18 ./Middlewares/Third_Party/FreeRTOS/Source/CMSIS_RTOS/cmsis_os.o
                0x08007810                osSystickHandler
 .text.vListInitialise
                0x08007828       0x3c ./Middlewares/Third_Party/FreeRTOS/Source/list.o
                0x08007828                vListInitialise
 .text.vListInitialiseItem
                0x08007864       0x16 ./Middlewares/Third_Party/FreeRTOS/Source/list.o
                0x08007864                vListInitialiseItem
 .text.vListInsertEnd
                0x0800787a       0x44 ./Middlewares/Third_Party/FreeRTOS/Source/list.o
                0x0800787a                vListInsertEnd
 .text.vListInsert
                0x080078be       0x6c ./Middlewares/Third_Party/FreeRTOS/Source/list.o
                0x080078be                vListInsert
 .text.uxListRemove
                0x0800792a       0x50 ./Middlewares/Third_Party/FreeRTOS/Source/list.o
                0x0800792a                uxListRemove
 .text.xQueueGenericReset
                0x0800797a       0xa8 ./Middlewares/Third_Party/FreeRTOS/Source/queue.o
                0x0800797a                xQueueGenericReset
 .text.xQueueGenericCreate
                0x08007a22       0x64 ./Middlewares/Third_Party/FreeRTOS/Source/queue.o
                0x08007a22                xQueueGenericCreate
 .text.prvInitialiseNewQueue
                0x08007a86       0x44 ./Middlewares/Third_Party/FreeRTOS/Source/queue.o
 .text.prvInitialiseMutex
                0x08007aca       0x34 ./Middlewares/Third_Party/FreeRTOS/Source/queue.o
 .text.xQueueCreateMutex
                0x08007afe       0x38 ./Middlewares/Third_Party/FreeRTOS/Source/queue.o
                0x08007afe                xQueueCreateMutex
 .text.xQueueGenericSend
                0x08007b36      0x188 ./Middlewares/Third_Party/FreeRTOS/Source/queue.o
                0x08007b36                xQueueGenericSend
 .text.xQueueGenericSendFromISR
                0x08007cbe       0xe4 ./Middlewares/Third_Party/FreeRTOS/Source/queue.o
                0x08007cbe                xQueueGenericSendFromISR
 .text.xQueueGiveFromISR
                0x08007da2       0xcc ./Middlewares/Third_Party/FreeRTOS/Source/queue.o
                0x08007da2                xQueueGiveFromISR
 .text.xQueueGenericReceive
                0x08007e6e      0x1c8 ./Middlewares/Third_Party/FreeRTOS/Source/queue.o
                0x08007e6e                xQueueGenericReceive
 .text.xQueueReceiveFromISR
                0x08008036       0xc8 ./Middlewares/Third_Party/FreeRTOS/Source/queue.o
                0x08008036                xQueueReceiveFromISR
 .text.prvCopyDataToQueue
                0x080080fe       0xd6 ./Middlewares/Third_Party/FreeRTOS/Source/queue.o
 .text.prvCopyDataFromQueue
                0x080081d4       0x4c ./Middlewares/Third_Party/FreeRTOS/Source/queue.o
 .text.prvUnlockQueue
                0x08008220       0xc0 ./Middlewares/Third_Party/FreeRTOS/Source/queue.o
 .text.prvIsQueueEmpty
                0x080082e0       0x2c ./Middlewares/Third_Party/FreeRTOS/Source/queue.o
 .text.prvIsQueueFull
                0x0800830c       0x30 ./Middlewares/Third_Party/FreeRTOS/Source/queue.o
 .text.xTaskCreate
                0x0800833c       0x90 ./Middlewares/Third_Party/FreeRTOS/Source/tasks.o
                0x0800833c                xTaskCreate
 .text.prvInitialiseNewTask
                0x080083cc       0xf8 ./Middlewares/Third_Party/FreeRTOS/Source/tasks.o
 .text.prvAddNewTaskToReadyList
                0x080084c4       0xc8 ./Middlewares/Third_Party/FreeRTOS/Source/tasks.o
 .text.vTaskDelay
                0x0800858c       0x4c ./Middlewares/Third_Party/FreeRTOS/Source/tasks.o
                0x0800858c                vTaskDelay
 .text.vTaskStartScheduler
                0x080085d8       0x6c ./Middlewares/Third_Party/FreeRTOS/Source/tasks.o
                0x080085d8                vTaskStartScheduler
 .text.vTaskSuspendAll
                0x08008644       0x18 ./Middlewares/Third_Party/FreeRTOS/Source/tasks.o
                0x08008644                vTaskSuspendAll
 .text.xTaskResumeAll
                0x0800865c      0x118 ./Middlewares/Third_Party/FreeRTOS/Source/tasks.o
                0x0800865c                xTaskResumeAll
 .text.xTaskIncrementTick
                0x08008774      0x168 ./Middlewares/Third_Party/FreeRTOS/Source/tasks.o
                0x08008774                xTaskIncrementTick
 .text.vTaskSwitchContext
                0x080088dc       0xa4 ./Middlewares/Third_Party/FreeRTOS/Source/tasks.o
                0x080088dc                vTaskSwitchContext
 .text.vTaskPlaceOnEventList
                0x08008980       0x3c ./Middlewares/Third_Party/FreeRTOS/Source/tasks.o
                0x08008980                vTaskPlaceOnEventList
 .text.xTaskRemoveFromEventList
                0x080089bc       0xb8 ./Middlewares/Third_Party/FreeRTOS/Source/tasks.o
                0x080089bc                xTaskRemoveFromEventList
 .text.vTaskSetTimeOutState
                0x08008a74       0x34 ./Middlewares/Third_Party/FreeRTOS/Source/tasks.o
                0x08008a74                vTaskSetTimeOutState
 .text.xTaskCheckForTimeOut
                0x08008aa8       0x9c ./Middlewares/Third_Party/FreeRTOS/Source/tasks.o
                0x08008aa8                xTaskCheckForTimeOut
 .text.vTaskMissedYield
                0x08008b44       0x14 ./Middlewares/Third_Party/FreeRTOS/Source/tasks.o
                0x08008b44                vTaskMissedYield
 .text.prvIdleTask
                0x08008b58       0x20 ./Middlewares/Third_Party/FreeRTOS/Source/tasks.o
 .text.prvInitialiseTaskLists
                0x08008b78       0x88 ./Middlewares/Third_Party/FreeRTOS/Source/tasks.o
 .text.prvCheckTasksWaitingTermination
                0x08008c00       0x74 ./Middlewares/Third_Party/FreeRTOS/Source/tasks.o
 .text.prvDeleteTCB
                0x08008c74       0x22 ./Middlewares/Third_Party/FreeRTOS/Source/tasks.o
 *fill*         0x08008c96        0x2 
 .text.prvResetNextTaskUnblockTime
                0x08008c98       0x48 ./Middlewares/Third_Party/FreeRTOS/Source/tasks.o
 .text.xTaskGetSchedulerState
                0x08008ce0       0x38 ./Middlewares/Third_Party/FreeRTOS/Source/tasks.o
                0x08008ce0                xTaskGetSchedulerState
 .text.vTaskPriorityInherit
                0x08008d18       0xbc ./Middlewares/Third_Party/FreeRTOS/Source/tasks.o
                0x08008d18                vTaskPriorityInherit
 .text.xTaskPriorityDisinherit
                0x08008dd4       0xb8 ./Middlewares/Third_Party/FreeRTOS/Source/tasks.o
                0x08008dd4                xTaskPriorityDisinherit
 .text.pvTaskIncrementMutexHeldCount
                0x08008e8c       0x24 ./Middlewares/Third_Party/FreeRTOS/Source/tasks.o
                0x08008e8c                pvTaskIncrementMutexHeldCount
 .text.prvAddCurrentTaskToDelayedList
                0x08008eb0       0xa8 ./Middlewares/Third_Party/FreeRTOS/Source/tasks.o
 .text.HAL_Init
                0x08008f58       0x28 ./Drivers/STM32F0xx_HAL_Driver/Src/stm32f0xx_hal.o
                0x08008f58                HAL_Init
 .text.HAL_IncTick
                0x08008f80       0x18 ./Drivers/STM32F0xx_HAL_Driver/Src/stm32f0xx_hal.o
                0x08008f80                HAL_IncTick
 .text.HAL_GetTick
                0x08008f98       0x14 ./Drivers/STM32F0xx_HAL_Driver/Src/stm32f0xx_hal.o
                0x08008f98                HAL_GetTick
 .text.HAL_Delay
                0x08008fac       0x3a ./Drivers/STM32F0xx_HAL_Driver/Src/stm32f0xx_hal.o
                0x08008fac                HAL_Delay
 *fill*         0x08008fe6        0x2 
 .text.HAL_ADC_Init
                0x08008fe8      0x27c ./Drivers/STM32F0xx_HAL_Driver/Src/stm32f0xx_hal_adc.o
                0x08008fe8                HAL_ADC_Init
 .text.HAL_ADC_Start_DMA
                0x08009264      0x104 ./Drivers/STM32F0xx_HAL_Driver/Src/stm32f0xx_hal_adc.o
                0x08009264                HAL_ADC_Start_DMA
 .text.HAL_ADC_Stop_DMA
                0x08009368       0xe0 ./Drivers/STM32F0xx_HAL_Driver/Src/stm32f0xx_hal_adc.o
                0x08009368                HAL_ADC_Stop_DMA
 .text.HAL_ADC_ConvCpltCallback
                0x08009448       0x10 ./Drivers/STM32F0xx_HAL_Driver/Src/stm32f0xx_hal_adc.o
                0x08009448                HAL_ADC_ConvCpltCallback
 .text.HAL_ADC_ConvHalfCpltCallback
                0x08009458       0x10 ./Drivers/STM32F0xx_HAL_Driver/Src/stm32f0xx_hal_adc.o
                0x08009458                HAL_ADC_ConvHalfCpltCallback
 .text.HAL_ADC_ErrorCallback
                0x08009468       0x10 ./Drivers/STM32F0xx_HAL_Driver/Src/stm32f0xx_hal_adc.o
                0x08009468                HAL_ADC_ErrorCallback
 .text.HAL_ADC_ConfigChannel
                0x08009478      0x21c ./Drivers/STM32F0xx_HAL_Driver/Src/stm32f0xx_hal_adc.o
                0x08009478                HAL_ADC_ConfigChannel
 .text.ADC_Enable
                0x08009694       0xf8 ./Drivers/STM32F0xx_HAL_Driver/Src/stm32f0xx_hal_adc.o
 .text.ADC_Disable
                0x0800978c       0xd2 ./Drivers/STM32F0xx_HAL_Driver/Src/stm32f0xx_hal_adc.o
 .text.ADC_ConversionStop
                0x0800985e       0x8a ./Drivers/STM32F0xx_HAL_Driver/Src/stm32f0xx_hal_adc.o
 .text.ADC_DMAConvCplt
                0x080098e8       0xb4 ./Drivers/STM32F0xx_HAL_Driver/Src/stm32f0xx_hal_adc.o
 .text.ADC_DMAHalfConvCplt
                0x0800999c       0x1e ./Drivers/STM32F0xx_HAL_Driver/Src/stm32f0xx_hal_adc.o
 .text.ADC_DMAError
                0x080099ba       0x36 ./Drivers/STM32F0xx_HAL_Driver/Src/stm32f0xx_hal_adc.o
 .text.HAL_CAN_Init
                0x080099f0      0x246 ./Drivers/STM32F0xx_HAL_Driver/Src/stm32f0xx_hal_can.o
                0x080099f0                HAL_CAN_Init
 *fill*         0x08009c36        0x2 
 .text.HAL_CAN_ConfigFilter
                0x08009c38      0x1f4 ./Drivers/STM32F0xx_HAL_Driver/Src/stm32f0xx_hal_can.o
                0x08009c38                HAL_CAN_ConfigFilter
 .text.HAL_CAN_Transmit
                0x08009e2c      0x384 ./Drivers/STM32F0xx_HAL_Driver/Src/stm32f0xx_hal_can.o
                0x08009e2c                HAL_CAN_Transmit
 .text.HAL_CAN_Receive_IT
                0x0800a1b0      0x182 ./Drivers/STM32F0xx_HAL_Driver/Src/stm32f0xx_hal_can.o
                0x0800a1b0                HAL_CAN_Receive_IT
 *fill*         0x0800a332        0x2 
 .text.HAL_CAN_IRQHandler
                0x0800a334      0x338 ./Drivers/STM32F0xx_HAL_Driver/Src/stm32f0xx_hal_can.o
                0x0800a334                HAL_CAN_IRQHandler
 .text.HAL_CAN_TxCpltCallback
                0x0800a66c       0x10 ./Drivers/STM32F0xx_HAL_Driver/Src/stm32f0xx_hal_can.o
                0x0800a66c                HAL_CAN_TxCpltCallback
 .text.HAL_CAN_RxCpltCallback
                0x0800a67c       0x10 ./Drivers/STM32F0xx_HAL_Driver/Src/stm32f0xx_hal_can.o
                0x0800a67c                HAL_CAN_RxCpltCallback
 .text.HAL_CAN_ErrorCallback
                0x0800a68c       0x10 ./Drivers/STM32F0xx_HAL_Driver/Src/stm32f0xx_hal_can.o
                0x0800a68c                HAL_CAN_ErrorCallback
 .text.CAN_Transmit_IT
                0x0800a69c       0x88 ./Drivers/STM32F0xx_HAL_Driver/Src/stm32f0xx_hal_can.o
 .text.CAN_Receive_IT
                0x0800a724      0x2e0 ./Drivers/STM32F0xx_HAL_Driver/Src/stm32f0xx_hal_can.o
 .text.NVIC_EnableIRQ
                0x0800aa04       0x2c ./Drivers/STM32F0xx_HAL_Driver/Src/stm32f0xx_hal_cortex.o
 .text.NVIC_SetPriority
                0x0800aa30       0xdc ./Drivers/STM32F0xx_HAL_Driver/Src/stm32f0xx_hal_cortex.o
 .text.SysTick_Config
                0x0800ab0c       0x48 ./Drivers/STM32F0xx_HAL_Driver/Src/stm32f0xx_hal_cortex.o
 .text.HAL_NVIC_SetPriority
                0x0800ab54       0x2c ./Drivers/STM32F0xx_HAL_Driver/Src/stm32f0xx_hal_cortex.o
                0x0800ab54                HAL_NVIC_SetPriority
 .text.HAL_NVIC_EnableIRQ
                0x0800ab80       0x20 ./Drivers/STM32F0xx_HAL_Driver/Src/stm32f0xx_hal_cortex.o
                0x0800ab80                HAL_NVIC_EnableIRQ
 .text.HAL_SYSTICK_Config
                0x0800aba0       0x1a ./Drivers/STM32F0xx_HAL_Driver/Src/stm32f0xx_hal_cortex.o
                0x0800aba0                HAL_SYSTICK_Config
 *fill*         0x0800abba        0x2 
 .text.HAL_SYSTICK_CLKSourceConfig
                0x0800abbc       0x34 ./Drivers/STM32F0xx_HAL_Driver/Src/stm32f0xx_hal_cortex.o
                0x0800abbc                HAL_SYSTICK_CLKSourceConfig
 .text.HAL_DMA_Init
                0x0800abf0       0xa8 ./Drivers/STM32F0xx_HAL_Driver/Src/stm32f0xx_hal_dma.o
                0x0800abf0                HAL_DMA_Init
 .text.HAL_DMA_Start_IT
                0x0800ac98       0xcc ./Drivers/STM32F0xx_HAL_Driver/Src/stm32f0xx_hal_dma.o
                0x0800ac98                HAL_DMA_Start_IT
 .text.HAL_DMA_Abort
                0x0800ad64       0x52 ./Drivers/STM32F0xx_HAL_Driver/Src/stm32f0xx_hal_dma.o
                0x0800ad64                HAL_DMA_Abort
 .text.HAL_DMA_Abort_IT
                0x0800adb6       0x8c ./Drivers/STM32F0xx_HAL_Driver/Src/stm32f0xx_hal_dma.o
                0x0800adb6                HAL_DMA_Abort_IT
 .text.HAL_DMA_IRQHandler
                0x0800ae42      0x144 ./Drivers/STM32F0xx_HAL_Driver/Src/stm32f0xx_hal_dma.o
                0x0800ae42                HAL_DMA_IRQHandler
 .text.DMA_SetConfig
                0x0800af86       0x58 ./Drivers/STM32F0xx_HAL_Driver/Src/stm32f0xx_hal_dma.o
 *fill*         0x0800afde        0x2 
 .text.DMA_CalcBaseAndBitshift
                0x0800afe0       0x74 ./Drivers/STM32F0xx_HAL_Driver/Src/stm32f0xx_hal_dma.o
 .text.HAL_GPIO_Init
                0x0800b054      0x2f8 ./Drivers/STM32F0xx_HAL_Driver/Src/stm32f0xx_hal_gpio.o
                0x0800b054                HAL_GPIO_Init
 .text.HAL_GPIO_ReadPin
                0x0800b34c       0x3a ./Drivers/STM32F0xx_HAL_Driver/Src/stm32f0xx_hal_gpio.o
                0x0800b34c                HAL_GPIO_ReadPin
 .text.HAL_GPIO_WritePin
                0x0800b386       0x3a ./Drivers/STM32F0xx_HAL_Driver/Src/stm32f0xx_hal_gpio.o
                0x0800b386                HAL_GPIO_WritePin
 .text.HAL_I2C_Init
                0x0800b3c0      0x12c ./Drivers/STM32F0xx_HAL_Driver/Src/stm32f0xx_hal_i2c.o
                0x0800b3c0                HAL_I2C_Init
 .text.HAL_I2C_Master_Transmit
                0x0800b4ec      0x228 ./Drivers/STM32F0xx_HAL_Driver/Src/stm32f0xx_hal_i2c.o
                0x0800b4ec                HAL_I2C_Master_Transmit
 .text.HAL_I2C_Master_Receive
                0x0800b714      0x228 ./Drivers/STM32F0xx_HAL_Driver/Src/stm32f0xx_hal_i2c.o
                0x0800b714                HAL_I2C_Master_Receive
 .text.HAL_I2C_EV_IRQHandler
                0x0800b93c       0x34 ./Drivers/STM32F0xx_HAL_Driver/Src/stm32f0xx_hal_i2c.o
                0x0800b93c                HAL_I2C_EV_IRQHandler
 .text.HAL_I2C_ER_IRQHandler
                0x0800b970       0xb0 ./Drivers/STM32F0xx_HAL_Driver/Src/stm32f0xx_hal_i2c.o
                0x0800b970                HAL_I2C_ER_IRQHandler
 .text.HAL_I2C_SlaveTxCpltCallback
                0x0800ba20       0x10 ./Drivers/STM32F0xx_HAL_Driver/Src/stm32f0xx_hal_i2c.o
                0x0800ba20                HAL_I2C_SlaveTxCpltCallback
 .text.HAL_I2C_SlaveRxCpltCallback
                0x0800ba30       0x10 ./Drivers/STM32F0xx_HAL_Driver/Src/stm32f0xx_hal_i2c.o
                0x0800ba30                HAL_I2C_SlaveRxCpltCallback
 .text.HAL_I2C_AddrCallback
                0x0800ba40       0x20 ./Drivers/STM32F0xx_HAL_Driver/Src/stm32f0xx_hal_i2c.o
                0x0800ba40                HAL_I2C_AddrCallback
 .text.HAL_I2C_ListenCpltCallback
                0x0800ba60       0x10 ./Drivers/STM32F0xx_HAL_Driver/Src/stm32f0xx_hal_i2c.o
                0x0800ba60                HAL_I2C_ListenCpltCallback
 .text.HAL_I2C_ErrorCallback
                0x0800ba70       0x10 ./Drivers/STM32F0xx_HAL_Driver/Src/stm32f0xx_hal_i2c.o
                0x0800ba70                HAL_I2C_ErrorCallback
 .text.HAL_I2C_AbortCpltCallback
                0x0800ba80       0x10 ./Drivers/STM32F0xx_HAL_Driver/Src/stm32f0xx_hal_i2c.o
                0x0800ba80                HAL_I2C_AbortCpltCallback
 .text.I2C_Slave_ISR_IT
                0x0800ba90      0x1e0 ./Drivers/STM32F0xx_HAL_Driver/Src/stm32f0xx_hal_i2c.o
 .text.I2C_ITAddrCplt
                0x0800bc70      0x16c ./Drivers/STM32F0xx_HAL_Driver/Src/stm32f0xx_hal_i2c.o
 .text.I2C_ITSlaveSequentialCplt
                0x0800bddc       0x82 ./Drivers/STM32F0xx_HAL_Driver/Src/stm32f0xx_hal_i2c.o
 *fill*         0x0800be5e        0x2 
 .text.I2C_ITSlaveCplt
                0x0800be60      0x1b8 ./Drivers/STM32F0xx_HAL_Driver/Src/stm32f0xx_hal_i2c.o
 .text.I2C_ITListenCplt
                0x0800c018       0xa4 ./Drivers/STM32F0xx_HAL_Driver/Src/stm32f0xx_hal_i2c.o
 .text.I2C_ITError
                0x0800c0bc      0x190 ./Drivers/STM32F0xx_HAL_Driver/Src/stm32f0xx_hal_i2c.o
 .text.I2C_Flush_TXDR
                0x0800c24c       0x44 ./Drivers/STM32F0xx_HAL_Driver/Src/stm32f0xx_hal_i2c.o
 .text.I2C_DMAAbort
                0x0800c290       0x5e ./Drivers/STM32F0xx_HAL_Driver/Src/stm32f0xx_hal_i2c.o
 .text.I2C_WaitOnFlagUntilTimeout
                0x0800c2ee       0x72 ./Drivers/STM32F0xx_HAL_Driver/Src/stm32f0xx_hal_i2c.o
 .text.I2C_WaitOnTXISFlagUntilTimeout
                0x0800c360       0x7e ./Drivers/STM32F0xx_HAL_Driver/Src/stm32f0xx_hal_i2c.o
 .text.I2C_WaitOnSTOPFlagUntilTimeout
                0x0800c3de       0x78 ./Drivers/STM32F0xx_HAL_Driver/Src/stm32f0xx_hal_i2c.o
 *fill*         0x0800c456        0x2 
 .text.I2C_WaitOnRXNEFlagUntilTimeout
                0x0800c458       0xbc ./Drivers/STM32F0xx_HAL_Driver/Src/stm32f0xx_hal_i2c.o
 .text.I2C_IsAcknowledgeFailed
                0x0800c514       0xbc ./Drivers/STM32F0xx_HAL_Driver/Src/stm32f0xx_hal_i2c.o
 .text.I2C_TransferConfig
                0x0800c5d0       0x70 ./Drivers/STM32F0xx_HAL_Driver/Src/stm32f0xx_hal_i2c.o
 .text.I2C_Disable_IRQ
                0x0800c640       0xd4 ./Drivers/STM32F0xx_HAL_Driver/Src/stm32f0xx_hal_i2c.o
 .text.HAL_I2CEx_ConfigAnalogFilter
                0x0800c714       0x98 ./Drivers/STM32F0xx_HAL_Driver/Src/stm32f0xx_hal_i2c_ex.o
                0x0800c714                HAL_I2CEx_ConfigAnalogFilter
 .text.HAL_I2CEx_ConfigDigitalFilter
                0x0800c7ac       0x9c ./Drivers/STM32F0xx_HAL_Driver/Src/stm32f0xx_hal_i2c_ex.o
                0x0800c7ac                HAL_I2CEx_ConfigDigitalFilter
 .text.HAL_I2CEx_EnableFastModePlus
                0x0800c848       0x3c ./Drivers/STM32F0xx_HAL_Driver/Src/stm32f0xx_hal_i2c_ex.o
                0x0800c848                HAL_I2CEx_EnableFastModePlus
 .text.HAL_IWDG_Init
                0x0800c884       0x94 ./Drivers/STM32F0xx_HAL_Driver/Src/stm32f0xx_hal_iwdg.o
                0x0800c884                HAL_IWDG_Init
 .text.HAL_IWDG_Refresh
                0x0800c918       0x20 ./Drivers/STM32F0xx_HAL_Driver/Src/stm32f0xx_hal_iwdg.o
                0x0800c918                HAL_IWDG_Refresh
 .text.HAL_PWR_EnableBkUpAccess
                0x0800c938       0x1c ./Drivers/STM32F0xx_HAL_Driver/Src/stm32f0xx_hal_pwr.o
                0x0800c938                HAL_PWR_EnableBkUpAccess
 .text.HAL_RCC_OscConfig
                0x0800c954      0x6bc ./Drivers/STM32F0xx_HAL_Driver/Src/stm32f0xx_hal_rcc.o
                0x0800c954                HAL_RCC_OscConfig
 .text.HAL_RCC_ClockConfig
                0x0800d010      0x210 ./Drivers/STM32F0xx_HAL_Driver/Src/stm32f0xx_hal_rcc.o
                0x0800d010                HAL_RCC_ClockConfig
 .text.HAL_RCC_MCOConfig
                0x0800d220       0x88 ./Drivers/STM32F0xx_HAL_Driver/Src/stm32f0xx_hal_rcc.o
                0x0800d220                HAL_RCC_MCOConfig
 .text.HAL_RCC_GetSysClockFreq
                0x0800d2a8      0x104 ./Drivers/STM32F0xx_HAL_Driver/Src/stm32f0xx_hal_rcc.o
                0x0800d2a8                HAL_RCC_GetSysClockFreq
 .text.HAL_RCC_GetHCLKFreq
                0x0800d3ac       0x14 ./Drivers/STM32F0xx_HAL_Driver/Src/stm32f0xx_hal_rcc.o
                0x0800d3ac                HAL_RCC_GetHCLKFreq
 .text.HAL_RCC_GetPCLK1Freq
                0x0800d3c0       0x2c ./Drivers/STM32F0xx_HAL_Driver/Src/stm32f0xx_hal_rcc.o
                0x0800d3c0                HAL_RCC_GetPCLK1Freq
 .text.HAL_RCC_GetClockConfig
                0x0800d3ec       0x54 ./Drivers/STM32F0xx_HAL_Driver/Src/stm32f0xx_hal_rcc.o
                0x0800d3ec                HAL_RCC_GetClockConfig
 .text.HAL_RCCEx_PeriphCLKConfig
                0x0800d440      0x1fc ./Drivers/STM32F0xx_HAL_Driver/Src/stm32f0xx_hal_rcc_ex.o
                0x0800d440                HAL_RCCEx_PeriphCLKConfig
 .text.HAL_RTC_Init
                0x0800d63c      0x128 ./Drivers/STM32F0xx_HAL_Driver/Src/stm32f0xx_hal_rtc.o
                0x0800d63c                HAL_RTC_Init
 .text.HAL_RTC_SetTime
                0x0800d764      0x188 ./Drivers/STM32F0xx_HAL_Driver/Src/stm32f0xx_hal_rtc.o
                0x0800d764                HAL_RTC_SetTime
 .text.HAL_RTC_GetTime
                0x0800d8ec       0xbc ./Drivers/STM32F0xx_HAL_Driver/Src/stm32f0xx_hal_rtc.o
                0x0800d8ec                HAL_RTC_GetTime
 .text.HAL_RTC_SetDate
                0x0800d9a8      0x168 ./Drivers/STM32F0xx_HAL_Driver/Src/stm32f0xx_hal_rtc.o
                0x0800d9a8                HAL_RTC_SetDate
 .text.HAL_RTC_GetDate
                0x0800db10       0xa4 ./Drivers/STM32F0xx_HAL_Driver/Src/stm32f0xx_hal_rtc.o
                0x0800db10                HAL_RTC_GetDate
 .text.HAL_RTC_SetAlarm_IT
                0x0800dbb4      0x220 ./Drivers/STM32F0xx_HAL_Driver/Src/stm32f0xx_hal_rtc.o
                0x0800dbb4                HAL_RTC_SetAlarm_IT
 .text.HAL_RTC_GetAlarm
                0x0800ddd4      0x100 ./Drivers/STM32F0xx_HAL_Driver/Src/stm32f0xx_hal_rtc.o
                0x0800ddd4                HAL_RTC_GetAlarm
 .text.HAL_RTC_AlarmIRQHandler
                0x0800ded4       0x60 ./Drivers/STM32F0xx_HAL_Driver/Src/stm32f0xx_hal_rtc.o
                0x0800ded4                HAL_RTC_AlarmIRQHandler
 .text.HAL_RTC_WaitForSynchro
                0x0800df34       0x52 ./Drivers/STM32F0xx_HAL_Driver/Src/stm32f0xx_hal_rtc.o
                0x0800df34                HAL_RTC_WaitForSynchro
 .text.RTC_EnterInitMode
                0x0800df86       0x58 ./Drivers/STM32F0xx_HAL_Driver/Src/stm32f0xx_hal_rtc.o
                0x0800df86                RTC_EnterInitMode
 .text.RTC_ByteToBcd2
                0x0800dfde       0x42 ./Drivers/STM32F0xx_HAL_Driver/Src/stm32f0xx_hal_rtc.o
                0x0800dfde                RTC_ByteToBcd2
 .text.RTC_Bcd2ToByte
                0x0800e020       0x40 ./Drivers/STM32F0xx_HAL_Driver/Src/stm32f0xx_hal_rtc.o
                0x0800e020                RTC_Bcd2ToByte
 .text.HAL_RTCEx_SetTimeStamp_IT
                0x0800e060       0xbc ./Drivers/STM32F0xx_HAL_Driver/Src/stm32f0xx_hal_rtc_ex.o
                0x0800e060                HAL_RTCEx_SetTimeStamp_IT
 .text.HAL_RTCEx_TamperTimeStampIRQHandler
                0x0800e11c      0x10c ./Drivers/STM32F0xx_HAL_Driver/Src/stm32f0xx_hal_rtc_ex.o
                0x0800e11c                HAL_RTCEx_TamperTimeStampIRQHandler
 .text.HAL_RTCEx_TimeStampEventCallback
                0x0800e228       0x10 ./Drivers/STM32F0xx_HAL_Driver/Src/stm32f0xx_hal_rtc_ex.o
                0x0800e228                HAL_RTCEx_TimeStampEventCallback
 .text.HAL_RTCEx_Tamper1EventCallback
                0x0800e238       0x10 ./Drivers/STM32F0xx_HAL_Driver/Src/stm32f0xx_hal_rtc_ex.o
                0x0800e238                HAL_RTCEx_Tamper1EventCallback
 .text.HAL_RTCEx_Tamper2EventCallback
                0x0800e248       0x10 ./Drivers/STM32F0xx_HAL_Driver/Src/stm32f0xx_hal_rtc_ex.o
                0x0800e248                HAL_RTCEx_Tamper2EventCallback
 .text.HAL_RTCEx_Tamper3EventCallback
                0x0800e258       0x10 ./Drivers/STM32F0xx_HAL_Driver/Src/stm32f0xx_hal_rtc_ex.o
                0x0800e258                HAL_RTCEx_Tamper3EventCallback
 .text.HAL_RTCEx_SetWakeUpTimer_IT
                0x0800e268      0x17c ./Drivers/STM32F0xx_HAL_Driver/Src/stm32f0xx_hal_rtc_ex.o
                0x0800e268                HAL_RTCEx_SetWakeUpTimer_IT
 .text.HAL_RTCEx_WakeUpTimerIRQHandler
                0x0800e3e4       0x60 ./Drivers/STM32F0xx_HAL_Driver/Src/stm32f0xx_hal_rtc_ex.o
                0x0800e3e4                HAL_RTCEx_WakeUpTimerIRQHandler
 .text.HAL_RTCEx_WakeUpTimerEventCallback
                0x0800e444       0x10 ./Drivers/STM32F0xx_HAL_Driver/Src/stm32f0xx_hal_rtc_ex.o
                0x0800e444                HAL_RTCEx_WakeUpTimerEventCallback
 .text.HAL_RTCEx_BKUPWrite
                0x0800e454       0x30 ./Drivers/STM32F0xx_HAL_Driver/Src/stm32f0xx_hal_rtc_ex.o
                0x0800e454                HAL_RTCEx_BKUPWrite
 .text.HAL_RTCEx_BKUPRead
                0x0800e484       0x2c ./Drivers/STM32F0xx_HAL_Driver/Src/stm32f0xx_hal_rtc_ex.o
                0x0800e484                HAL_RTCEx_BKUPRead
 .text.HAL_SPI_Init
                0x0800e4b0      0x130 ./Drivers/STM32F0xx_HAL_Driver/Src/stm32f0xx_hal_spi.o
                0x0800e4b0                HAL_SPI_Init
 .text.HAL_SPI_Transmit
                0x0800e5e0      0x2d2 ./Drivers/STM32F0xx_HAL_Driver/Src/stm32f0xx_hal_spi.o
                0x0800e5e0                HAL_SPI_Transmit
 *fill*         0x0800e8b2        0x2 
 .text.HAL_SPI_Receive
                0x0800e8b4      0x278 ./Drivers/STM32F0xx_HAL_Driver/Src/stm32f0xx_hal_spi.o
                0x0800e8b4                HAL_SPI_Receive
 .text.HAL_SPI_TransmitReceive
                0x0800eb2c      0x428 ./Drivers/STM32F0xx_HAL_Driver/Src/stm32f0xx_hal_spi.o
                0x0800eb2c                HAL_SPI_TransmitReceive
 .text.SPI_WaitFlagStateUntilTimeout
                0x0800ef54       0xdc ./Drivers/STM32F0xx_HAL_Driver/Src/stm32f0xx_hal_spi.o
 .text.SPI_WaitFifoStateUntilTimeout
                0x0800f030       0xf8 ./Drivers/STM32F0xx_HAL_Driver/Src/stm32f0xx_hal_spi.o
 .text.SPI_EndRxTransaction
                0x0800f128       0xbc ./Drivers/STM32F0xx_HAL_Driver/Src/stm32f0xx_hal_spi.o
 .text.SPI_EndRxTxTransaction
                0x0800f1e4       0x8c ./Drivers/STM32F0xx_HAL_Driver/Src/stm32f0xx_hal_spi.o
 .text.HAL_TIM_Base_Init
                0x0800f270       0x58 ./Drivers/STM32F0xx_HAL_Driver/Src/stm32f0xx_hal_tim.o
                0x0800f270                HAL_TIM_Base_Init
 .text.HAL_TIM_Base_Start_IT
                0x0800f2c8       0x32 ./Drivers/STM32F0xx_HAL_Driver/Src/stm32f0xx_hal_tim.o
                0x0800f2c8                HAL_TIM_Base_Start_IT
 .text.HAL_TIM_PWM_Init
                0x0800f2fa       0x58 ./Drivers/STM32F0xx_HAL_Driver/Src/stm32f0xx_hal_tim.o
                0x0800f2fa                HAL_TIM_PWM_Init
 .text.HAL_TIM_PWM_MspInit
                0x0800f352       0x10 ./Drivers/STM32F0xx_HAL_Driver/Src/stm32f0xx_hal_tim.o
                0x0800f352                HAL_TIM_PWM_MspInit
 .text.HAL_TIM_IRQHandler
                0x0800f362      0x22c ./Drivers/STM32F0xx_HAL_Driver/Src/stm32f0xx_hal_tim.o
                0x0800f362                HAL_TIM_IRQHandler
 *fill*         0x0800f58e        0x2 
 .text.HAL_TIM_PWM_ConfigChannel
                0x0800f590      0x170 ./Drivers/STM32F0xx_HAL_Driver/Src/stm32f0xx_hal_tim.o
                0x0800f590                HAL_TIM_PWM_ConfigChannel
 .text.HAL_TIM_ConfigClockSource
                0x0800f700      0x1c0 ./Drivers/STM32F0xx_HAL_Driver/Src/stm32f0xx_hal_tim.o
                0x0800f700                HAL_TIM_ConfigClockSource
 .text.HAL_TIM_SlaveConfigSynchronization
                0x0800f8c0       0x74 ./Drivers/STM32F0xx_HAL_Driver/Src/stm32f0xx_hal_tim.o
                0x0800f8c0                HAL_TIM_SlaveConfigSynchronization
 .text.HAL_TIM_OC_DelayElapsedCallback
                0x0800f934       0x10 ./Drivers/STM32F0xx_HAL_Driver/Src/stm32f0xx_hal_tim.o
                0x0800f934                HAL_TIM_OC_DelayElapsedCallback
 .text.HAL_TIM_IC_CaptureCallback
                0x0800f944       0x10 ./Drivers/STM32F0xx_HAL_Driver/Src/stm32f0xx_hal_tim.o
                0x0800f944                HAL_TIM_IC_CaptureCallback
 .text.HAL_TIM_PWM_PulseFinishedCallback
                0x0800f954       0x10 ./Drivers/STM32F0xx_HAL_Driver/Src/stm32f0xx_hal_tim.o
                0x0800f954                HAL_TIM_PWM_PulseFinishedCallback
 .text.HAL_TIM_TriggerCallback
                0x0800f964       0x10 ./Drivers/STM32F0xx_HAL_Driver/Src/stm32f0xx_hal_tim.o
                0x0800f964                HAL_TIM_TriggerCallback
 .text.TIM_Base_SetConfig
                0x0800f974      0x104 ./Drivers/STM32F0xx_HAL_Driver/Src/stm32f0xx_hal_tim.o
                0x0800f974                TIM_Base_SetConfig
 .text.TIM_OC1_SetConfig
                0x0800fa78      0x11c ./Drivers/STM32F0xx_HAL_Driver/Src/stm32f0xx_hal_tim.o
 .text.TIM_OC2_SetConfig
                0x0800fb94      0x114 ./Drivers/STM32F0xx_HAL_Driver/Src/stm32f0xx_hal_tim.o
                0x0800fb94                TIM_OC2_SetConfig
 .text.TIM_OC3_SetConfig
                0x0800fca8      0x118 ./Drivers/STM32F0xx_HAL_Driver/Src/stm32f0xx_hal_tim.o
 .text.TIM_OC4_SetConfig
                0x0800fdc0       0xe0 ./Drivers/STM32F0xx_HAL_Driver/Src/stm32f0xx_hal_tim.o
 .text.TIM_SlaveTimer_SetConfig
                0x0800fea0      0x112 ./Drivers/STM32F0xx_HAL_Driver/Src/stm32f0xx_hal_tim.o
 .text.TIM_TI1_ConfigInputStage
                0x0800ffb2       0x64 ./Drivers/STM32F0xx_HAL_Driver/Src/stm32f0xx_hal_tim.o
 *fill*         0x08010016        0x2 
 .text.TIM_TI2_ConfigInputStage
                0x08010018       0x6c ./Drivers/STM32F0xx_HAL_Driver/Src/stm32f0xx_hal_tim.o
 .text.TIM_ITRx_SetConfig
                0x08010084       0x40 ./Drivers/STM32F0xx_HAL_Driver/Src/stm32f0xx_hal_tim.o
 .text.TIM_ETR_SetConfig
                0x080100c4       0x44 ./Drivers/STM32F0xx_HAL_Driver/Src/stm32f0xx_hal_tim.o
                0x080100c4                TIM_ETR_SetConfig
 .text.HAL_TIMEx_MasterConfigSynchronization
                0x08010108       0x86 ./Drivers/STM32F0xx_HAL_Driver/Src/stm32f0xx_hal_tim_ex.o
                0x08010108                HAL_TIMEx_MasterConfigSynchronization
 .text.HAL_TIMEx_CommutationCallback
                0x0801018e       0x10 ./Drivers/STM32F0xx_HAL_Driver/Src/stm32f0xx_hal_tim_ex.o
                0x0801018e                HAL_TIMEx_CommutationCallback
 .text.HAL_TIMEx_BreakCallback
                0x0801019e       0x10 ./Drivers/STM32F0xx_HAL_Driver/Src/stm32f0xx_hal_tim_ex.o
                0x0801019e                HAL_TIMEx_BreakCallback
 *fill*         0x080101ae        0x2 
 .text.HAL_UART_Init
                0x080101b0       0xb0 ./Drivers/STM32F0xx_HAL_Driver/Src/stm32f0xx_hal_uart.o
                0x080101b0                HAL_UART_Init
 .text.HAL_UART_Transmit
                0x08010260      0x146 ./Drivers/STM32F0xx_HAL_Driver/Src/stm32f0xx_hal_uart.o
                0x08010260                HAL_UART_Transmit
 *fill*         0x080103a6        0x2 
 .text.HAL_UART_Transmit_DMA
                0x080103a8      0x100 ./Drivers/STM32F0xx_HAL_Driver/Src/stm32f0xx_hal_uart.o
                0x080103a8                HAL_UART_Transmit_DMA
 .text.HAL_UART_Receive_DMA
                0x080104a8      0x110 ./Drivers/STM32F0xx_HAL_Driver/Src/stm32f0xx_hal_uart.o
                0x080104a8                HAL_UART_Receive_DMA
 .text.HAL_UART_Abort_IT
                0x080105b8      0x150 ./Drivers/STM32F0xx_HAL_Driver/Src/stm32f0xx_hal_uart.o
                0x080105b8                HAL_UART_Abort_IT
 .text.HAL_UART_IRQHandler
                0x08010708      0x22c ./Drivers/STM32F0xx_HAL_Driver/Src/stm32f0xx_hal_uart.o
                0x08010708                HAL_UART_IRQHandler
 .text.HAL_UART_TxCpltCallback
                0x08010934       0x10 ./Drivers/STM32F0xx_HAL_Driver/Src/stm32f0xx_hal_uart.o
                0x08010934                HAL_UART_TxCpltCallback
 .text.HAL_UART_TxHalfCpltCallback
                0x08010944       0x10 ./Drivers/STM32F0xx_HAL_Driver/Src/stm32f0xx_hal_uart.o
                0x08010944                HAL_UART_TxHalfCpltCallback
 .text.HAL_UART_RxCpltCallback
                0x08010954       0x10 ./Drivers/STM32F0xx_HAL_Driver/Src/stm32f0xx_hal_uart.o
                0x08010954                HAL_UART_RxCpltCallback
 .text.HAL_UART_RxHalfCpltCallback
                0x08010964       0x10 ./Drivers/STM32F0xx_HAL_Driver/Src/stm32f0xx_hal_uart.o
                0x08010964                HAL_UART_RxHalfCpltCallback
 .text.HAL_UART_ErrorCallback
                0x08010974       0x10 ./Drivers/STM32F0xx_HAL_Driver/Src/stm32f0xx_hal_uart.o
                0x08010974                HAL_UART_ErrorCallback
 .text.HAL_UART_AbortCpltCallback
                0x08010984       0x10 ./Drivers/STM32F0xx_HAL_Driver/Src/stm32f0xx_hal_uart.o
                0x08010984                HAL_UART_AbortCpltCallback
 .text.UART_SetConfig
                0x08010994      0x434 ./Drivers/STM32F0xx_HAL_Driver/Src/stm32f0xx_hal_uart.o
                0x08010994                UART_SetConfig
 .text.UART_AdvFeatureConfig
                0x08010dc8      0x158 ./Drivers/STM32F0xx_HAL_Driver/Src/stm32f0xx_hal_uart.o
                0x08010dc8                UART_AdvFeatureConfig
 .text.UART_CheckIdleState
                0x08010f20       0xc0 ./Drivers/STM32F0xx_HAL_Driver/Src/stm32f0xx_hal_uart.o
                0x08010f20                UART_CheckIdleState
 .text.UART_WaitOnFlagUntilTimeout
                0x08010fe0       0x98 ./Drivers/STM32F0xx_HAL_Driver/Src/stm32f0xx_hal_uart.o
                0x08010fe0                UART_WaitOnFlagUntilTimeout
 .text.UART_EndTxTransfer
                0x08011078       0x28 ./Drivers/STM32F0xx_HAL_Driver/Src/stm32f0xx_hal_uart.o
 .text.UART_EndRxTransfer
                0x080110a0       0x3c ./Drivers/STM32F0xx_HAL_Driver/Src/stm32f0xx_hal_uart.o
 .text.UART_DMATransmitCplt
                0x080110dc       0x54 ./Drivers/STM32F0xx_HAL_Driver/Src/stm32f0xx_hal_uart.o
 .text.UART_DMATxHalfCplt
                0x08011130       0x1e ./Drivers/STM32F0xx_HAL_Driver/Src/stm32f0xx_hal_uart.o
 *fill*         0x0801114e        0x2 
 .text.UART_DMAReceiveCplt
                0x08011150       0x70 ./Drivers/STM32F0xx_HAL_Driver/Src/stm32f0xx_hal_uart.o
 .text.UART_DMARxHalfCplt
                0x080111c0       0x1e ./Drivers/STM32F0xx_HAL_Driver/Src/stm32f0xx_hal_uart.o
 .text.UART_DMAError
                0x080111de       0x7a ./Drivers/STM32F0xx_HAL_Driver/Src/stm32f0xx_hal_uart.o
 .text.UART_DMAAbortOnError
                0x08011258       0x2e ./Drivers/STM32F0xx_HAL_Driver/Src/stm32f0xx_hal_uart.o
 .text.UART_DMATxAbortCallback
                0x08011286       0x68 ./Drivers/STM32F0xx_HAL_Driver/Src/stm32f0xx_hal_uart.o
 .text.UART_DMARxAbortCallback
                0x080112ee       0x68 ./Drivers/STM32F0xx_HAL_Driver/Src/stm32f0xx_hal_uart.o
 .text.UART_Transmit_IT
                0x08011356       0xae ./Drivers/STM32F0xx_HAL_Driver/Src/stm32f0xx_hal_uart.o
                0x08011356                UART_Transmit_IT
 .text.UART_EndTransmit_IT
                0x08011404       0x32 ./Drivers/STM32F0xx_HAL_Driver/Src/stm32f0xx_hal_uart.o
                0x08011404                UART_EndTransmit_IT
 *fill*         0x08011436        0x2 
 .text.UART_Receive_IT
                0x08011438       0xf4 ./Drivers/STM32F0xx_HAL_Driver/Src/stm32f0xx_hal_uart.o
                0x08011438                UART_Receive_IT
 .text.HAL_UARTEx_WakeupCallback
                0x0801152c       0x10 ./Drivers/STM32F0xx_HAL_Driver/Src/stm32f0xx_hal_uart_ex.o
                0x0801152c                HAL_UARTEx_WakeupCallback
 .text.__libc_init_array
                0x0801153c       0x48 c:/program files (x86)/gnu tools arm embedded/6 2017-q2-update/bin/../lib/gcc/arm-none-eabi/6.3.1/../../../../arm-none-eabi/lib/thumb/v6-m\libg_nano.a(lib_a-init.o)
                0x0801153c                __libc_init_array
 .text.memcpy   0x08011584       0x12 c:/program files (x86)/gnu tools arm embedded/6 2017-q2-update/bin/../lib/gcc/arm-none-eabi/6.3.1/../../../../arm-none-eabi/lib/thumb/v6-m\libg_nano.a(lib_a-memcpy-stub.o)
                0x08011584                memcpy
 .text.memset   0x08011596       0x10 c:/program files (x86)/gnu tools arm embedded/6 2017-q2-update/bin/../lib/gcc/arm-none-eabi/6.3.1/../../../../arm-none-eabi/lib/thumb/v6-m\libg_nano.a(lib_a-memset.o)
                0x08011596                memset
 .text.strncpy  0x080115a6       0x2a c:/program files (x86)/gnu tools arm embedded/6 2017-q2-update/bin/../lib/gcc/arm-none-eabi/6.3.1/../../../../arm-none-eabi/lib/thumb/v6-m\libg_nano.a(lib_a-strncpy.o)
                0x080115a6                strncpy
 .text._vsnprintf_r
                0x080115d0       0x56 c:/program files (x86)/gnu tools arm embedded/6 2017-q2-update/bin/../lib/gcc/arm-none-eabi/6.3.1/../../../../arm-none-eabi/lib/thumb/v6-m\libg_nano.a(lib_a-vsnprintf.o)
                0x080115d0                _vsniprintf_r
                0x080115d0                _vsnprintf_r
 *fill*         0x08011626        0x2 
 .text.vsnprintf
                0x08011628       0x18 c:/program files (x86)/gnu tools arm embedded/6 2017-q2-update/bin/../lib/gcc/arm-none-eabi/6.3.1/../../../../arm-none-eabi/lib/thumb/v6-m\libg_nano.a(lib_a-vsnprintf.o)
                0x08011628                vsniprintf
                0x08011628                vsnprintf
 .text.__ssputs_r
                0x08011640       0xc4 c:/program files (x86)/gnu tools arm embedded/6 2017-q2-update/bin/../lib/gcc/arm-none-eabi/6.3.1/../../../../arm-none-eabi/lib/thumb/v6-m\libg_nano.a(lib_a-nano-svfprintf.o)
                0x08011640                __ssputs_r
 .text._svfprintf_r
                0x08011704      0x208 c:/program files (x86)/gnu tools arm embedded/6 2017-q2-update/bin/../lib/gcc/arm-none-eabi/6.3.1/../../../../arm-none-eabi/lib/thumb/v6-m\libg_nano.a(lib_a-nano-svfprintf.o)
                0x08011704                _svfiprintf_r
                0x08011704                _svfprintf_r
 .text._printf_common
                0x0801190c       0xda c:/program files (x86)/gnu tools arm embedded/6 2017-q2-update/bin/../lib/gcc/arm-none-eabi/6.3.1/../../../../arm-none-eabi/lib/thumb/v6-m\libg_nano.a(lib_a-nano-vfprintf_i.o)
                0x0801190c                _printf_common
 *fill*         0x080119e6        0x2 
 .text._printf_i
                0x080119e8      0x234 c:/program files (x86)/gnu tools arm embedded/6 2017-q2-update/bin/../lib/gcc/arm-none-eabi/6.3.1/../../../../arm-none-eabi/lib/thumb/v6-m\libg_nano.a(lib_a-nano-vfprintf_i.o)
                0x080119e8                _printf_i
 .text.memchr   0x08011c1c       0x16 c:/program files (x86)/gnu tools arm embedded/6 2017-q2-update/bin/../lib/gcc/arm-none-eabi/6.3.1/../../../../arm-none-eabi/lib/thumb/v6-m\libg_nano.a(lib_a-memchr-stub.o)
                0x08011c1c                memchr
 .text.memmove  0x08011c32       0x24 c:/program files (x86)/gnu tools arm embedded/6 2017-q2-update/bin/../lib/gcc/arm-none-eabi/6.3.1/../../../../arm-none-eabi/lib/thumb/v6-m\libg_nano.a(lib_a-memmove.o)
                0x08011c32                memmove
 *fill*         0x08011c56        0x2 
 .text._free_r  0x08011c58       0x94 c:/program files (x86)/gnu tools arm embedded/6 2017-q2-update/bin/../lib/gcc/arm-none-eabi/6.3.1/../../../../arm-none-eabi/lib/thumb/v6-m\libg_nano.a(lib_a-nano-freer.o)
                0x08011c58                _free_r
 .text._malloc_r
                0x08011cec       0xbc c:/program files (x86)/gnu tools arm embedded/6 2017-q2-update/bin/../lib/gcc/arm-none-eabi/6.3.1/../../../../arm-none-eabi/lib/thumb/v6-m\libg_nano.a(lib_a-nano-mallocr.o)
                0x08011cec                _malloc_r
 .text._realloc_r
                0x08011da8       0x4c c:/program files (x86)/gnu tools arm embedded/6 2017-q2-update/bin/../lib/gcc/arm-none-eabi/6.3.1/../../../../arm-none-eabi/lib/thumb/v6-m\libg_nano.a(lib_a-nano-reallocr.o)
                0x08011da8                _realloc_r
 .text._sbrk_r  0x08011df4       0x24 c:/program files (x86)/gnu tools arm embedded/6 2017-q2-update/bin/../lib/gcc/arm-none-eabi/6.3.1/../../../../arm-none-eabi/lib/thumb/v6-m\libg_nano.a(lib_a-sbrkr.o)
                0x08011df4                _sbrk_r
 .text.__malloc_lock
                0x08011e18        0x2 c:/program files (x86)/gnu tools arm embedded/6 2017-q2-update/bin/../lib/gcc/arm-none-eabi/6.3.1/../../../../arm-none-eabi/lib/thumb/v6-m\libg_nano.a(lib_a-mlock.o)
                0x08011e18                __malloc_lock
 .text.__malloc_unlock
                0x08011e1a        0x2 c:/program files (x86)/gnu tools arm embedded/6 2017-q2-update/bin/../lib/gcc/arm-none-eabi/6.3.1/../../../../arm-none-eabi/lib/thumb/v6-m\libg_nano.a(lib_a-mlock.o)
                0x08011e1a                __malloc_unlock
 .text._malloc_usable_size_r
                0x08011e1c       0x10 c:/program files (x86)/gnu tools arm embedded/6 2017-q2-update/bin/../lib/gcc/arm-none-eabi/6.3.1/../../../../arm-none-eabi/lib/thumb/v6-m\libg_nano.a(lib_a-nano-msizer.o)
                0x08011e1c                _malloc_usable_size_r
 .text._sbrk    0x08011e2c       0x1c c:/program files (x86)/gnu tools arm embedded/6 2017-q2-update/bin/../lib/gcc/arm-none-eabi/6.3.1/../../../../arm-none-eabi/lib/thumb/v6-m\libnosys.a(sbrk.o)
                0x08011e2c                _sbrk
 *(.glue_7)
 .glue_7        0x08011e48        0x0 linker stubs
 *(.glue_7t)
 .glue_7t       0x08011e48        0x0 linker stubs
 *(.eh_frame)
 .eh_frame      0x08011e48        0x0 c:/program files (x86)/gnu tools arm embedded/6 2017-q2-update/bin/../lib/gcc/arm-none-eabi/6.3.1/thumb/v6-m/crtbegin.o
 *(.init)
 .init          0x08011e48        0x4 c:/program files (x86)/gnu tools arm embedded/6 2017-q2-update/bin/../lib/gcc/arm-none-eabi/6.3.1/thumb/v6-m/crti.o
                0x08011e48                _init
 .init          0x08011e4c        0x8 c:/program files (x86)/gnu tools arm embedded/6 2017-q2-update/bin/../lib/gcc/arm-none-eabi/6.3.1/thumb/v6-m/crtn.o
 *(.fini)
 .fini          0x08011e54        0x4 c:/program files (x86)/gnu tools arm embedded/6 2017-q2-update/bin/../lib/gcc/arm-none-eabi/6.3.1/thumb/v6-m/crti.o
                0x08011e54                _fini
 .fini          0x08011e58        0x8 c:/program files (x86)/gnu tools arm embedded/6 2017-q2-update/bin/../lib/gcc/arm-none-eabi/6.3.1/thumb/v6-m/crtn.o
                0x08011e60                . = ALIGN (0x4)
                0x08011e60                _etext = .

.vfp11_veneer   0x08011e60        0x0
 .vfp11_veneer  0x08011e60        0x0 linker stubs

.v4_bx          0x08011e60        0x0
 .v4_bx         0x08011e60        0x0 linker stubs

.iplt           0x08011e60        0x0
 .iplt          0x08011e60        0x0 c:/program files (x86)/gnu tools arm embedded/6 2017-q2-update/bin/../lib/gcc/arm-none-eabi/6.3.1/thumb/v6-m/crtbegin.o

.rodata         0x08011e60     0x12bc
                0x08011e60                . = ALIGN (0x4)
 *(.rodata)
 .rodata        0x08011e60        0xd ./Src/adc.o
 *fill*         0x08011e6d        0x3 
 .rodata        0x08011e70        0xd ./Src/can.o
 *fill*         0x08011e7d        0x3 
 .rodata        0x08011e80      0xe58 ./Src/freertos.o
 .rodata        0x08012cd8        0xd ./Src/i2c.o
 *fill*         0x08012ce5        0x3 
 .rodata        0x08012ce8        0xe ./Src/iwdg.o
 *fill*         0x08012cf6        0x2 
 .rodata        0x08012cf8        0xe ./Src/main.o
 *fill*         0x08012d06        0x2 
 .rodata        0x08012d08        0xd ./Src/rtc.o
 *fill*         0x08012d15        0x3 
 .rodata        0x08012d18        0xd ./Src/spi.o
 *fill*         0x08012d25        0x3 
 .rodata        0x08012d28        0xd ./Src/tim.o
 *fill*         0x08012d35        0x3 
 .rodata        0x08012d38        0xf ./Src/usart.o
 *fill*         0x08012d47        0x1 
 .rodata        0x08012d48        0x5 ./Middlewares/Third_Party/FreeRTOS/Source/tasks.o
 *fill*         0x08012d4d        0x3 
 .rodata        0x08012d50       0x20 ./Drivers/STM32F0xx_HAL_Driver/Src/stm32f0xx_hal_rcc.o
 *(.rodata*)
 .rodata.usart1_entry
                0x08012d70      0x30c ./Src/freertos.o
 .rodata.ignition_entry
                0x0801307c       0x54 ./Src/freertos.o
 .rodata.AHBPrescTable
                0x080130d0       0x10 ./Src/system_stm32f0xx.o
                0x080130d0                AHBPrescTable
 .rodata.APBPrescTable
                0x080130e0        0x8 ./Src/system_stm32f0xx.o
                0x080130e0                APBPrescTable
 .rodata._svfprintf_r.str1.1
                0x080130e8       0x11 c:/program files (x86)/gnu tools arm embedded/6 2017-q2-update/bin/../lib/gcc/arm-none-eabi/6.3.1/../../../../arm-none-eabi/lib/thumb/v6-m\libg_nano.a(lib_a-nano-svfprintf.o)
 .rodata._printf_i.str1.1
                0x080130f9       0x22 c:/program files (x86)/gnu tools arm embedded/6 2017-q2-update/bin/../lib/gcc/arm-none-eabi/6.3.1/../../../../arm-none-eabi/lib/thumb/v6-m\libg_nano.a(lib_a-nano-vfprintf_i.o)
                0x0801311c                . = ALIGN (0x4)
 *fill*         0x0801311b        0x1 

.rel.dyn        0x0801311c        0x0
 .rel.iplt      0x0801311c        0x0 c:/program files (x86)/gnu tools arm embedded/6 2017-q2-update/bin/../lib/gcc/arm-none-eabi/6.3.1/thumb/v6-m/crtbegin.o

.ARM.extab
 *(.ARM.extab* .gnu.linkonce.armextab.*)

.ARM            0x0801311c        0x0
                0x0801311c                __exidx_start = .
 *(.ARM.exidx*)
                0x0801311c                __exidx_end = .

.preinit_array  0x0801311c        0x0
                0x0801311c                PROVIDE (__preinit_array_start, .)
 *(.preinit_array*)
                0x0801311c                PROVIDE (__preinit_array_end, .)

.init_array     0x0801311c        0x4
                0x0801311c                PROVIDE (__init_array_start, .)
 *(SORT(.init_array.*))
 *(.init_array*)
 .init_array    0x0801311c        0x4 c:/program files (x86)/gnu tools arm embedded/6 2017-q2-update/bin/../lib/gcc/arm-none-eabi/6.3.1/thumb/v6-m/crtbegin.o
                0x08013120                PROVIDE (__init_array_end, .)

.fini_array     0x08013120        0x4
                [!provide]                PROVIDE (__fini_array_start, .)
 *(SORT(.fini_array.*))
 *(.fini_array*)
 .fini_array    0x08013120        0x4 c:/program files (x86)/gnu tools arm embedded/6 2017-q2-update/bin/../lib/gcc/arm-none-eabi/6.3.1/thumb/v6-m/crtbegin.o
                [!provide]                PROVIDE (__fini_array_end, .)
                0x08013124                _sidata = LOADADDR (.data)

.data           0x20000000      0x27c load address 0x08013124
                0x20000000                . = ALIGN (0x4)
                0x20000000                _sdata = .
 *(.data)
 *(.data*)
 .data.uart2_msg_print_switch
                0x20000000        0x1 ./Src/freertos.o
                0x20000000                uart2_msg_print_switch
 *fill*         0x20000001        0x3 
 .data.ig_var   0x20000004        0x3 ./Src/freertos.o
                0x20000004                ig_var
 *fill*         0x20000007        0x1 
 .data.uart_Tx  0x20000008      0x1d4 ./Src/freertos.o
                0x20000008                uart_Tx
 .data.flash_IgEvent
                0x200001dc       0x32 ./Src/freertos.o
                0x200001dc                flash_IgEvent
 *fill*         0x2000020e        0x2 
 .data.SystemCoreClock
                0x20000210        0x4 ./Src/system_stm32f0xx.o
                0x20000210                SystemCoreClock
 .data.uxCriticalNesting
                0x20000214        0x4 ./Middlewares/Third_Party/FreeRTOS/Source/portable/GCC/ARM_CM0/port.o
 .data._impure_ptr
                0x20000218        0x4 c:/program files (x86)/gnu tools arm embedded/6 2017-q2-update/bin/../lib/gcc/arm-none-eabi/6.3.1/../../../../arm-none-eabi/lib/thumb/v6-m\libg_nano.a(lib_a-impure.o)
                0x20000218                _impure_ptr
 .data.impure_data
                0x2000021c       0x60 c:/program files (x86)/gnu tools arm embedded/6 2017-q2-update/bin/../lib/gcc/arm-none-eabi/6.3.1/../../../../arm-none-eabi/lib/thumb/v6-m\libg_nano.a(lib_a-impure.o)
                0x2000027c                . = ALIGN (0x4)
                0x2000027c                _edata = .

.jcr            0x2000027c        0x0 load address 0x080133a0
 .jcr           0x2000027c        0x0 c:/program files (x86)/gnu tools arm embedded/6 2017-q2-update/bin/../lib/gcc/arm-none-eabi/6.3.1/thumb/v6-m/crtbegin.o

.igot.plt       0x2000027c        0x0 load address 0x080133a0
 .igot.plt      0x2000027c        0x0 c:/program files (x86)/gnu tools arm embedded/6 2017-q2-update/bin/../lib/gcc/arm-none-eabi/6.3.1/thumb/v6-m/crtbegin.o
                0x2000027c                . = ALIGN (0x4)

.bss            0x2000027c     0x3544 load address 0x080133a0
                0x2000027c                _sbss = .
                0x2000027c                __bss_start__ = _sbss
 *(.bss)
 .bss           0x2000027c       0x1c c:/program files (x86)/gnu tools arm embedded/6 2017-q2-update/bin/../lib/gcc/arm-none-eabi/6.3.1/thumb/v6-m/crtbegin.o
 *(.bss*)
 .bss.wwan_command
                0x20000298        0x1 ./Src/freertos.o
                0x20000298                wwan_command
 *fill*         0x20000299        0x3 
 .bss.sva_gpi   0x2000029c        0x1 ./Src/freertos.o
                0x2000029c                sva_gpi
 *fill*         0x2000029d        0x3 
 .bss.sva_gpo   0x200002a0        0x2 ./Src/freertos.o
                0x200002a0                sva_gpo
 *fill*         0x200002a2        0x2 
 .bss.r280_module_state
                0x200002a4        0xc ./Src/freertos.o
                0x200002a4                r280_module_state
 .bss.countdown_timer
                0x200002b0        0x9 ./Src/freertos.o
                0x200002b0                countdown_timer
 *fill*         0x200002b9        0x3 
 .bss.cml_array
                0x200002bc       0x40 ./Src/freertos.o
                0x200002bc                cml_array
 .bss.cml_proc  0x200002fc       0x40 ./Src/freertos.o
                0x200002fc                cml_proc
 .bss.flag_flashWrite
                0x2000033c        0x1 ./Src/freertos.o
                0x2000033c                flag_flashWrite
 *fill*         0x2000033d        0x3 
 .bss.sTime     0x20000340       0x14 ./Src/freertos.o
                0x20000340                sTime
 .bss.sDate     0x20000354        0x4 ./Src/freertos.o
                0x20000354                sDate
 .bss.sAlarm    0x20000358       0x28 ./Src/freertos.o
                0x20000358                sAlarm
 .bss.arg_ptr.9992
                0x20000380        0x4 ./Src/freertos.o
 .bss.ucHeap    0x20000384     0x2c00 ./Middlewares/Third_Party/FreeRTOS/Source/portable/MemMang/heap_4.o
 .bss.xStart    0x20002f84        0x8 ./Middlewares/Third_Party/FreeRTOS/Source/portable/MemMang/heap_4.o
 .bss.pxEnd     0x20002f8c        0x4 ./Middlewares/Third_Party/FreeRTOS/Source/portable/MemMang/heap_4.o
 .bss.xFreeBytesRemaining
                0x20002f90        0x4 ./Middlewares/Third_Party/FreeRTOS/Source/portable/MemMang/heap_4.o
 .bss.xMinimumEverFreeBytesRemaining
                0x20002f94        0x4 ./Middlewares/Third_Party/FreeRTOS/Source/portable/MemMang/heap_4.o
 .bss.xBlockAllocatedBit
                0x20002f98        0x4 ./Middlewares/Third_Party/FreeRTOS/Source/portable/MemMang/heap_4.o
 .bss.pxCurrentTCB
                0x20002f9c        0x4 ./Middlewares/Third_Party/FreeRTOS/Source/tasks.o
                0x20002f9c                pxCurrentTCB
 .bss.pxReadyTasksLists
                0x20002fa0       0x8c ./Middlewares/Third_Party/FreeRTOS/Source/tasks.o
 .bss.xDelayedTaskList1
                0x2000302c       0x14 ./Middlewares/Third_Party/FreeRTOS/Source/tasks.o
 .bss.xDelayedTaskList2
                0x20003040       0x14 ./Middlewares/Third_Party/FreeRTOS/Source/tasks.o
 .bss.pxDelayedTaskList
                0x20003054        0x4 ./Middlewares/Third_Party/FreeRTOS/Source/tasks.o
 .bss.pxOverflowDelayedTaskList
                0x20003058        0x4 ./Middlewares/Third_Party/FreeRTOS/Source/tasks.o
 .bss.xPendingReadyList
                0x2000305c       0x14 ./Middlewares/Third_Party/FreeRTOS/Source/tasks.o
 .bss.xTasksWaitingTermination
                0x20003070       0x14 ./Middlewares/Third_Party/FreeRTOS/Source/tasks.o
 .bss.uxDeletedTasksWaitingCleanUp
                0x20003084        0x4 ./Middlewares/Third_Party/FreeRTOS/Source/tasks.o
 .bss.xSuspendedTaskList
                0x20003088       0x14 ./Middlewares/Third_Party/FreeRTOS/Source/tasks.o
 .bss.uxCurrentNumberOfTasks
                0x2000309c        0x4 ./Middlewares/Third_Party/FreeRTOS/Source/tasks.o
 .bss.xTickCount
                0x200030a0        0x4 ./Middlewares/Third_Party/FreeRTOS/Source/tasks.o
 .bss.uxTopReadyPriority
                0x200030a4        0x4 ./Middlewares/Third_Party/FreeRTOS/Source/tasks.o
 .bss.xSchedulerRunning
                0x200030a8        0x4 ./Middlewares/Third_Party/FreeRTOS/Source/tasks.o
 .bss.uxPendedTicks
                0x200030ac        0x4 ./Middlewares/Third_Party/FreeRTOS/Source/tasks.o
 .bss.xYieldPending
                0x200030b0        0x4 ./Middlewares/Third_Party/FreeRTOS/Source/tasks.o
 .bss.xNumOfOverflows
                0x200030b4        0x4 ./Middlewares/Third_Party/FreeRTOS/Source/tasks.o
 .bss.uxTaskNumber
                0x200030b8        0x4 ./Middlewares/Third_Party/FreeRTOS/Source/tasks.o
 .bss.xNextTaskUnblockTime
                0x200030bc        0x4 ./Middlewares/Third_Party/FreeRTOS/Source/tasks.o
 .bss.xIdleTaskHandle
                0x200030c0        0x4 ./Middlewares/Third_Party/FreeRTOS/Source/tasks.o
 .bss.uxSchedulerSuspended
                0x200030c4        0x4 ./Middlewares/Third_Party/FreeRTOS/Source/tasks.o
 .bss.__malloc_free_list
                0x200030c8        0x4 c:/program files (x86)/gnu tools arm embedded/6 2017-q2-update/bin/../lib/gcc/arm-none-eabi/6.3.1/../../../../arm-none-eabi/lib/thumb/v6-m\libg_nano.a(lib_a-nano-mallocr.o)
                0x200030c8                __malloc_free_list
 .bss.__malloc_sbrk_start
                0x200030cc        0x4 c:/program files (x86)/gnu tools arm embedded/6 2017-q2-update/bin/../lib/gcc/arm-none-eabi/6.3.1/../../../../arm-none-eabi/lib/thumb/v6-m\libg_nano.a(lib_a-nano-mallocr.o)
                0x200030cc                __malloc_sbrk_start
 .bss.heap_end.4116
                0x200030d0        0x4 c:/program files (x86)/gnu tools arm embedded/6 2017-q2-update/bin/../lib/gcc/arm-none-eabi/6.3.1/../../../../arm-none-eabi/lib/thumb/v6-m\libnosys.a(sbrk.o)
 *(COMMON)
 COMMON         0x200030d4       0x90 ./Src/adc.o
                0x200030d4                hdma_adc
                0x20003118                hadc
 COMMON         0x20003164       0x44 ./Src/can.o
                0x20003164                hcan
 COMMON         0x200031a8      0x1c4 ./Src/freertos.o
                0x200031a8                ig_event
                0x200031c8                USART1_TaskHandle
                0x200031cc                defaultTaskHandle
                0x200031d0                I2C1_ZAXIS_QHandle
                0x200031d4                xTimeNow
                0x200031d8                I2C1_GSENSOR_QHandle
                0x200031dc                MUTEX_SPI1Handle
                0x200031e0                USART3_TaskHandle
                0x200031e4                SPI1_TaskHandle
                0x200031e8                ADC_TaskHandle
                0x200031ec                hdma_usart1_tx
                0x20003230                dbg_buff
                0x200032b0                UART2_LAT_QHandle
                0x200032b4                IWDG_TaskHandle
                0x200032b8                hdma_usart1_rx
                0x200032fc                I2C1_XAXIS_QHandle
                0x20003300                current_IgEvent
                0x20003334                I2C1_YAXIS_QHandle
                0x20003338                I2C1_TaskHandle
                0x2000333c                ADC_TEMP_QHandle
                0x20003340                MUTEX_DebugHandle
                0x20003344                CAN_TaskHandle
                0x20003348                IGNITION_TaskHandle
                0x2000334c                ADC_VOLT_QHandle
                0x20003350                UART2_LONG_QHandle
                0x20003354                MUTEX_ADC_QHandle
                0x20003358                GPIO_MISC_QHandle
                0x2000335c                MUTEX_CMD_PROCHandle
                0x20003360                GPIO_STATE_TaskHandle
                0x20003364                USART2_TaskHandle
                0x20003368                CMD_PROC_TaskHandle
 COMMON         0x2000336c       0x98 ./Src/i2c.o
                0x2000336c                hi2c1
                0x200033b8                hi2c2
 COMMON         0x20003404       0x10 ./Src/iwdg.o
                0x20003404                hiwdg
 COMMON         0x20003414       0x20 ./Src/rtc.o
                0x20003414                hrtc
 COMMON         0x20003434       0x64 ./Src/spi.o
                0x20003434                hspi1
 COMMON         0x20003498       0x40 ./Src/stm32f0xx_hal_timebase_TIM.o
                0x20003498                htim1
 COMMON         0x200034d8       0x80 ./Src/tim.o
                0x200034d8                htim2
                0x20003518                htim14
 COMMON         0x20003558      0x260 ./Src/usart.o
                0x20003558                hdma_usart2_rx
                0x2000359c                hdma_usart3_rx
                0x200035e0                huart3
                0x20003650                hdma_usart3_tx
                0x20003694                hdma_usart2_tx
                0x200036d8                huart1
                0x20003748                huart2
 COMMON         0x200037b8        0x4 ./Drivers/STM32F0xx_HAL_Driver/Src/stm32f0xx_hal.o
                0x200037b8                uwTick
 COMMON         0x200037bc        0x4 c:/program files (x86)/gnu tools arm embedded/6 2017-q2-update/bin/../lib/gcc/arm-none-eabi/6.3.1/../../../../arm-none-eabi/lib/thumb/v6-m\libg_nano.a(lib_a-reent.o)
                0x200037bc                errno
                0x200037c0                . = ALIGN (0x4)
                0x200037c0                _ebss = .
                0x200037c0                __bss_end__ = _ebss

._user_heap_stack
                0x200037c0      0x600 load address 0x080133a0
                0x200037c0                . = ALIGN (0x8)
                0x200037c0                PROVIDE (end, .)
                [!provide]                PROVIDE (_end, .)
                0x200039c0                . = (. + _Min_Heap_Size)
 *fill*         0x200037c0      0x200 
                0x20003dc0                . = (. + _Min_Stack_Size)
 *fill*         0x200039c0      0x400 
                0x20003dc0                . = ALIGN (0x8)

/DISCARD/
 libc.a(*)
 libm.a(*)
 libgcc.a(*)

.ARM.attributes
                0x00000000       0x28
 *(.ARM.attributes)
 .ARM.attributes
                0x00000000       0x1e c:/program files (x86)/gnu tools arm embedded/6 2017-q2-update/bin/../lib/gcc/arm-none-eabi/6.3.1/thumb/v6-m/crti.o
 .ARM.attributes
                0x0000001e       0x2c c:/program files (x86)/gnu tools arm embedded/6 2017-q2-update/bin/../lib/gcc/arm-none-eabi/6.3.1/thumb/v6-m/crtbegin.o
 .ARM.attributes
                0x0000004a       0x31 ./Src/adc.o
 .ARM.attributes
                0x0000007b       0x31 ./Src/can.o
 .ARM.attributes
                0x000000ac       0x31 ./Src/dma.o
 .ARM.attributes
                0x000000dd       0x31 ./Src/freertos.o
 .ARM.attributes
                0x0000010e       0x31 ./Src/gpio.o
 .ARM.attributes
                0x0000013f       0x31 ./Src/i2c.o
 .ARM.attributes
                0x00000170       0x31 ./Src/iwdg.o
 .ARM.attributes
                0x000001a1       0x31 ./Src/main.o
 .ARM.attributes
                0x000001d2       0x31 ./Src/rtc.o
 .ARM.attributes
                0x00000203       0x31 ./Src/spi.o
 .ARM.attributes
                0x00000234       0x21 ./Src/startup_stm32f091xc.o
 .ARM.attributes
                0x00000255       0x31 ./Src/stm32f0xx_hal_msp.o
 .ARM.attributes
                0x00000286       0x31 ./Src/stm32f0xx_hal_timebase_TIM.o
 .ARM.attributes
                0x000002b7       0x31 ./Src/stm32f0xx_it.o
 .ARM.attributes
                0x000002e8       0x31 ./Src/system_stm32f0xx.o
 .ARM.attributes
                0x00000319       0x31 ./Src/tim.o
 .ARM.attributes
                0x0000034a       0x31 ./Src/usart.o
 .ARM.attributes
                0x0000037b       0x31 ./Middlewares/Third_Party/FreeRTOS/Source/portable/MemMang/heap_4.o
 .ARM.attributes
                0x000003ac       0x31 ./Middlewares/Third_Party/FreeRTOS/Source/portable/GCC/ARM_CM0/port.o
 .ARM.attributes
                0x000003dd       0x31 ./Middlewares/Third_Party/FreeRTOS/Source/CMSIS_RTOS/cmsis_os.o
 .ARM.attributes
                0x0000040e       0x31 ./Middlewares/Third_Party/FreeRTOS/Source/list.o
 .ARM.attributes
                0x0000043f       0x31 ./Middlewares/Third_Party/FreeRTOS/Source/queue.o
 .ARM.attributes
                0x00000470       0x31 ./Middlewares/Third_Party/FreeRTOS/Source/tasks.o
 .ARM.attributes
                0x000004a1       0x31 ./Drivers/STM32F0xx_HAL_Driver/Src/stm32f0xx_hal.o
 .ARM.attributes
                0x000004d2       0x31 ./Drivers/STM32F0xx_HAL_Driver/Src/stm32f0xx_hal_adc.o
 .ARM.attributes
                0x00000503       0x31 ./Drivers/STM32F0xx_HAL_Driver/Src/stm32f0xx_hal_can.o
 .ARM.attributes
                0x00000534       0x31 ./Drivers/STM32F0xx_HAL_Driver/Src/stm32f0xx_hal_cortex.o
 .ARM.attributes
                0x00000565       0x31 ./Drivers/STM32F0xx_HAL_Driver/Src/stm32f0xx_hal_dma.o
 .ARM.attributes
                0x00000596       0x31 ./Drivers/STM32F0xx_HAL_Driver/Src/stm32f0xx_hal_gpio.o
 .ARM.attributes
                0x000005c7       0x31 ./Drivers/STM32F0xx_HAL_Driver/Src/stm32f0xx_hal_i2c.o
 .ARM.attributes
                0x000005f8       0x31 ./Drivers/STM32F0xx_HAL_Driver/Src/stm32f0xx_hal_i2c_ex.o
 .ARM.attributes
                0x00000629       0x31 ./Drivers/STM32F0xx_HAL_Driver/Src/stm32f0xx_hal_iwdg.o
 .ARM.attributes
                0x0000065a       0x31 ./Drivers/STM32F0xx_HAL_Driver/Src/stm32f0xx_hal_pwr.o
 .ARM.attributes
                0x0000068b       0x31 ./Drivers/STM32F0xx_HAL_Driver/Src/stm32f0xx_hal_rcc.o
 .ARM.attributes
                0x000006bc       0x31 ./Drivers/STM32F0xx_HAL_Driver/Src/stm32f0xx_hal_rcc_ex.o
 .ARM.attributes
                0x000006ed       0x31 ./Drivers/STM32F0xx_HAL_Driver/Src/stm32f0xx_hal_rtc.o
 .ARM.attributes
                0x0000071e       0x31 ./Drivers/STM32F0xx_HAL_Driver/Src/stm32f0xx_hal_rtc_ex.o
 .ARM.attributes
                0x0000074f       0x31 ./Drivers/STM32F0xx_HAL_Driver/Src/stm32f0xx_hal_spi.o
 .ARM.attributes
                0x00000780       0x31 ./Drivers/STM32F0xx_HAL_Driver/Src/stm32f0xx_hal_tim.o
 .ARM.attributes
                0x000007b1       0x31 ./Drivers/STM32F0xx_HAL_Driver/Src/stm32f0xx_hal_tim_ex.o
 .ARM.attributes
                0x000007e2       0x31 ./Drivers/STM32F0xx_HAL_Driver/Src/stm32f0xx_hal_uart.o
 .ARM.attributes
                0x00000813       0x31 ./Drivers/STM32F0xx_HAL_Driver/Src/stm32f0xx_hal_uart_ex.o
 .ARM.attributes
                0x00000844       0x1e c:/program files (x86)/gnu tools arm embedded/6 2017-q2-update/bin/../lib/gcc/arm-none-eabi/6.3.1/thumb/v6-m\libgcc.a(_udivsi3.o)
 .ARM.attributes
                0x00000862       0x1e c:/program files (x86)/gnu tools arm embedded/6 2017-q2-update/bin/../lib/gcc/arm-none-eabi/6.3.1/thumb/v6-m\libgcc.a(_divsi3.o)
 .ARM.attributes
                0x00000880       0x1e c:/program files (x86)/gnu tools arm embedded/6 2017-q2-update/bin/../lib/gcc/arm-none-eabi/6.3.1/thumb/v6-m\libgcc.a(_dvmd_tls.o)
 .ARM.attributes
                0x0000089e       0x2c c:/program files (x86)/gnu tools arm embedded/6 2017-q2-update/bin/../lib/gcc/arm-none-eabi/6.3.1/../../../../arm-none-eabi/lib/thumb/v6-m\libg_nano.a(lib_a-impure.o)
 .ARM.attributes
                0x000008ca       0x2c c:/program files (x86)/gnu tools arm embedded/6 2017-q2-update/bin/../lib/gcc/arm-none-eabi/6.3.1/../../../../arm-none-eabi/lib/thumb/v6-m\libg_nano.a(lib_a-init.o)
 .ARM.attributes
                0x000008f6       0x2c c:/program files (x86)/gnu tools arm embedded/6 2017-q2-update/bin/../lib/gcc/arm-none-eabi/6.3.1/../../../../arm-none-eabi/lib/thumb/v6-m\libg_nano.a(lib_a-memcpy-stub.o)
 .ARM.attributes
                0x00000922       0x2c c:/program files (x86)/gnu tools arm embedded/6 2017-q2-update/bin/../lib/gcc/arm-none-eabi/6.3.1/../../../../arm-none-eabi/lib/thumb/v6-m\libg_nano.a(lib_a-memset.o)
 .ARM.attributes
                0x0000094e       0x2c c:/program files (x86)/gnu tools arm embedded/6 2017-q2-update/bin/../lib/gcc/arm-none-eabi/6.3.1/../../../../arm-none-eabi/lib/thumb/v6-m\libg_nano.a(lib_a-strncpy.o)
 .ARM.attributes
                0x0000097a       0x2c c:/program files (x86)/gnu tools arm embedded/6 2017-q2-update/bin/../lib/gcc/arm-none-eabi/6.3.1/../../../../arm-none-eabi/lib/thumb/v6-m\libg_nano.a(lib_a-vsnprintf.o)
 .ARM.attributes
                0x000009a6       0x2c c:/program files (x86)/gnu tools arm embedded/6 2017-q2-update/bin/../lib/gcc/arm-none-eabi/6.3.1/../../../../arm-none-eabi/lib/thumb/v6-m\libg_nano.a(lib_a-nano-svfprintf.o)
 .ARM.attributes
                0x000009d2       0x2c c:/program files (x86)/gnu tools arm embedded/6 2017-q2-update/bin/../lib/gcc/arm-none-eabi/6.3.1/../../../../arm-none-eabi/lib/thumb/v6-m\libg_nano.a(lib_a-nano-vfprintf_i.o)
 .ARM.attributes
                0x000009fe       0x2c c:/program files (x86)/gnu tools arm embedded/6 2017-q2-update/bin/../lib/gcc/arm-none-eabi/6.3.1/../../../../arm-none-eabi/lib/thumb/v6-m\libg_nano.a(lib_a-memchr-stub.o)
 .ARM.attributes
                0x00000a2a       0x2c c:/program files (x86)/gnu tools arm embedded/6 2017-q2-update/bin/../lib/gcc/arm-none-eabi/6.3.1/../../../../arm-none-eabi/lib/thumb/v6-m\libg_nano.a(lib_a-memmove.o)
 .ARM.attributes
                0x00000a56       0x2c c:/program files (x86)/gnu tools arm embedded/6 2017-q2-update/bin/../lib/gcc/arm-none-eabi/6.3.1/../../../../arm-none-eabi/lib/thumb/v6-m\libg_nano.a(lib_a-nano-freer.o)
 .ARM.attributes
                0x00000a82       0x2c c:/program files (x86)/gnu tools arm embedded/6 2017-q2-update/bin/../lib/gcc/arm-none-eabi/6.3.1/../../../../arm-none-eabi/lib/thumb/v6-m\libg_nano.a(lib_a-nano-mallocr.o)
 .ARM.attributes
                0x00000aae       0x2c c:/program files (x86)/gnu tools arm embedded/6 2017-q2-update/bin/../lib/gcc/arm-none-eabi/6.3.1/../../../../arm-none-eabi/lib/thumb/v6-m\libg_nano.a(lib_a-nano-reallocr.o)
 .ARM.attributes
                0x00000ada       0x2c c:/program files (x86)/gnu tools arm embedded/6 2017-q2-update/bin/../lib/gcc/arm-none-eabi/6.3.1/../../../../arm-none-eabi/lib/thumb/v6-m\libg_nano.a(lib_a-sbrkr.o)
 .ARM.attributes
                0x00000b06       0x2c c:/program files (x86)/gnu tools arm embedded/6 2017-q2-update/bin/../lib/gcc/arm-none-eabi/6.3.1/../../../../arm-none-eabi/lib/thumb/v6-m\libg_nano.a(lib_a-mlock.o)
 .ARM.attributes
                0x00000b32       0x2c c:/program files (x86)/gnu tools arm embedded/6 2017-q2-update/bin/../lib/gcc/arm-none-eabi/6.3.1/../../../../arm-none-eabi/lib/thumb/v6-m\libg_nano.a(lib_a-nano-msizer.o)
 .ARM.attributes
                0x00000b5e       0x2c c:/program files (x86)/gnu tools arm embedded/6 2017-q2-update/bin/../lib/gcc/arm-none-eabi/6.3.1/../../../../arm-none-eabi/lib/thumb/v6-m\libg_nano.a(lib_a-reent.o)
 .ARM.attributes
                0x00000b8a       0x2c c:/program files (x86)/gnu tools arm embedded/6 2017-q2-update/bin/../lib/gcc/arm-none-eabi/6.3.1/../../../../arm-none-eabi/lib/thumb/v6-m\libnosys.a(sbrk.o)
 .ARM.attributes
                0x00000bb6       0x1e c:/program files (x86)/gnu tools arm embedded/6 2017-q2-update/bin/../lib/gcc/arm-none-eabi/6.3.1/thumb/v6-m/crtn.o
OUTPUT(STM32F091RCTx_freeRTOS.elf elf32-littlearm)

.debug_info     0x00000000    0x31e30
 .debug_info    0x00000000     0x1043 ./Src/adc.o
 .debug_info    0x00001043     0x1184 ./Src/can.o
 .debug_info    0x000021c7      0xb17 ./Src/dma.o
 .debug_info    0x00002cde     0x3a40 ./Src/freertos.o
 .debug_info    0x0000671e      0xba4 ./Src/gpio.o
 .debug_info    0x000072c2     0x11db ./Src/i2c.o
 .debug_info    0x0000849d      0xa2d ./Src/iwdg.o
 .debug_info    0x00008eca     0x2408 ./Src/main.o
 .debug_info    0x0000b2d2      0xf0a ./Src/rtc.o
 .debug_info    0x0000c1dc     0x107d ./Src/spi.o
 .debug_info    0x0000d259       0x89 ./Src/startup_stm32f091xc.o
 .debug_info    0x0000d2e2      0xafb ./Src/stm32f0xx_hal_msp.o
 .debug_info    0x0000dddd     0x10a9 ./Src/stm32f0xx_hal_timebase_TIM.o
 .debug_info    0x0000ee86     0x1bf3 ./Src/stm32f0xx_it.o
 .debug_info    0x00010a79      0xa77 ./Src/system_stm32f0xx.o
 .debug_info    0x000114f0     0x1237 ./Src/tim.o
 .debug_info    0x00012727     0x12c0 ./Src/usart.o
 .debug_info    0x000139e7      0xb30 ./Middlewares/Third_Party/FreeRTOS/Source/portable/MemMang/heap_4.o
 .debug_info    0x00014517      0x25c ./Middlewares/Third_Party/FreeRTOS/Source/portable/GCC/ARM_CM0/port.o
 .debug_info    0x00014773     0x1a7c ./Middlewares/Third_Party/FreeRTOS/Source/CMSIS_RTOS/cmsis_os.o
 .debug_info    0x000161ef      0xad7 ./Middlewares/Third_Party/FreeRTOS/Source/list.o
 .debug_info    0x00016cc6     0x1468 ./Middlewares/Third_Party/FreeRTOS/Source/queue.o
 .debug_info    0x0001812e     0x1a5d ./Middlewares/Third_Party/FreeRTOS/Source/tasks.o
 .debug_info    0x00019b8b      0xe02 ./Drivers/STM32F0xx_HAL_Driver/Src/stm32f0xx_hal.o
 .debug_info    0x0001a98d     0x1491 ./Drivers/STM32F0xx_HAL_Driver/Src/stm32f0xx_hal_adc.o
 .debug_info    0x0001be1e     0x12ec ./Drivers/STM32F0xx_HAL_Driver/Src/stm32f0xx_hal_can.o
 .debug_info    0x0001d10a      0xf49 ./Drivers/STM32F0xx_HAL_Driver/Src/stm32f0xx_hal_cortex.o
 .debug_info    0x0001e053      0xf9f ./Drivers/STM32F0xx_HAL_Driver/Src/stm32f0xx_hal_dma.o
 .debug_info    0x0001eff2      0xea6 ./Drivers/STM32F0xx_HAL_Driver/Src/stm32f0xx_hal_gpio.o
 .debug_info    0x0001fe98     0x23ee ./Drivers/STM32F0xx_HAL_Driver/Src/stm32f0xx_hal_i2c.o
 .debug_info    0x00022286     0x1100 ./Drivers/STM32F0xx_HAL_Driver/Src/stm32f0xx_hal_i2c_ex.o
 .debug_info    0x00023386      0xa88 ./Drivers/STM32F0xx_HAL_Driver/Src/stm32f0xx_hal_iwdg.o
 .debug_info    0x00023e0e      0xcc0 ./Drivers/STM32F0xx_HAL_Driver/Src/stm32f0xx_hal_pwr.o
 .debug_info    0x00024ace      0xfbd ./Drivers/STM32F0xx_HAL_Driver/Src/stm32f0xx_hal_rcc.o
 .debug_info    0x00025a8b      0xe1c ./Drivers/STM32F0xx_HAL_Driver/Src/stm32f0xx_hal_rcc_ex.o
 .debug_info    0x000268a7     0x12a1 ./Drivers/STM32F0xx_HAL_Driver/Src/stm32f0xx_hal_rtc.o
 .debug_info    0x00027b48     0x155d ./Drivers/STM32F0xx_HAL_Driver/Src/stm32f0xx_hal_rtc_ex.o
 .debug_info    0x000290a5     0x1dc7 ./Drivers/STM32F0xx_HAL_Driver/Src/stm32f0xx_hal_spi.o
 .debug_info    0x0002ae6c     0x2ad1 ./Drivers/STM32F0xx_HAL_Driver/Src/stm32f0xx_hal_tim.o
 .debug_info    0x0002d93d     0x187d ./Drivers/STM32F0xx_HAL_Driver/Src/stm32f0xx_hal_tim_ex.o
 .debug_info    0x0002f1ba     0x1b93 ./Drivers/STM32F0xx_HAL_Driver/Src/stm32f0xx_hal_uart.o
 .debug_info    0x00030d4d     0x10e3 ./Drivers/STM32F0xx_HAL_Driver/Src/stm32f0xx_hal_uart_ex.o

.debug_abbrev   0x00000000     0x655d
 .debug_abbrev  0x00000000      0x237 ./Src/adc.o
 .debug_abbrev  0x00000237      0x24b ./Src/can.o
 .debug_abbrev  0x00000482      0x204 ./Src/dma.o
 .debug_abbrev  0x00000686      0x33d ./Src/freertos.o
 .debug_abbrev  0x000009c3      0x1fb ./Src/gpio.o
 .debug_abbrev  0x00000bbe      0x23a ./Src/i2c.o
 .debug_abbrev  0x00000df8      0x1e5 ./Src/iwdg.o
 .debug_abbrev  0x00000fdd      0x26f ./Src/main.o