Archive member included to satisfy reference by file (symbol)

c:/program files (x86)/gnu tools arm embedded/6 2017-q2-update/bin/../lib/gcc/arm-none-eabi/6.3.1/thumb/v6-m\libgcc.a(_udivsi3.o)
                              ./Src/main.o (__aeabi_uidiv)
c:/program files (x86)/gnu tools arm embedded/6 2017-q2-update/bin/../lib/gcc/arm-none-eabi/6.3.1/thumb/v6-m\libgcc.a(_dvmd_tls.o)
                              c:/program files (x86)/gnu tools arm embedded/6 2017-q2-update/bin/../lib/gcc/arm-none-eabi/6.3.1/thumb/v6-m\libgcc.a(_udivsi3.o) (__aeabi_idiv0)
c:/program files (x86)/gnu tools arm embedded/6 2017-q2-update/bin/../lib/gcc/arm-none-eabi/6.3.1/../../../../arm-none-eabi/lib/thumb/v6-m\libg_nano.a(lib_a-exit.o)
                              c:/program files (x86)/gnu tools arm embedded/6 2017-q2-update/bin/../lib/gcc/arm-none-eabi/6.3.1/../../../../arm-none-eabi/lib/thumb/v6-m/crt0.o (exit)
c:/program files (x86)/gnu tools arm embedded/6 2017-q2-update/bin/../lib/gcc/arm-none-eabi/6.3.1/../../../../arm-none-eabi/lib/thumb/v6-m\libg_nano.a(lib_a-impure.o)
                              c:/program files (x86)/gnu tools arm embedded/6 2017-q2-update/bin/../lib/gcc/arm-none-eabi/6.3.1/../../../../arm-none-eabi/lib/thumb/v6-m\libg_nano.a(lib_a-exit.o) (_global_impure_ptr)
c:/program files (x86)/gnu tools arm embedded/6 2017-q2-update/bin/../lib/gcc/arm-none-eabi/6.3.1/../../../../arm-none-eabi/lib/thumb/v6-m\libg_nano.a(lib_a-init.o)
                              c:/program files (x86)/gnu tools arm embedded/6 2017-q2-update/bin/../lib/gcc/arm-none-eabi/6.3.1/../../../../arm-none-eabi/lib/thumb/v6-m/crt0.o (__libc_init_array)
c:/program files (x86)/gnu tools arm embedded/6 2017-q2-update/bin/../lib/gcc/arm-none-eabi/6.3.1/../../../../arm-none-eabi/lib/thumb/v6-m\libg_nano.a(lib_a-memcpy-stub.o)
                              ./Middlewares/Third_Party/FreeRTOS/Source/queue.o (memcpy)
c:/program files (x86)/gnu tools arm embedded/6 2017-q2-update/bin/../lib/gcc/arm-none-eabi/6.3.1/../../../../arm-none-eabi/lib/thumb/v6-m\libg_nano.a(lib_a-memset.o)
                              c:/program files (x86)/gnu tools arm embedded/6 2017-q2-update/bin/../lib/gcc/arm-none-eabi/6.3.1/../../../../arm-none-eabi/lib/thumb/v6-m/crt0.o (memset)
c:/program files (x86)/gnu tools arm embedded/6 2017-q2-update/bin/../lib/gcc/arm-none-eabi/6.3.1/../../../../arm-none-eabi/lib/thumb/v6-m\libg_nano.a(lib_a-strncpy.o)
                              ./Src/freertos.o (strncpy)
c:/program files (x86)/gnu tools arm embedded/6 2017-q2-update/bin/../lib/gcc/arm-none-eabi/6.3.1/../../../../arm-none-eabi/lib/thumb/v6-m\libg_nano.a(lib_a-vsnprintf.o)
                              ./Src/freertos.o (vsnprintf)
c:/program files (x86)/gnu tools arm embedded/6 2017-q2-update/bin/../lib/gcc/arm-none-eabi/6.3.1/../../../../arm-none-eabi/lib/thumb/v6-m\libg_nano.a(lib_a-nano-svfprintf.o)
                              c:/program files (x86)/gnu tools arm embedded/6 2017-q2-update/bin/../lib/gcc/arm-none-eabi/6.3.1/../../../../arm-none-eabi/lib/thumb/v6-m\libg_nano.a(lib_a-vsnprintf.o) (_svfprintf_r)
c:/program files (x86)/gnu tools arm embedded/6 2017-q2-update/bin/../lib/gcc/arm-none-eabi/6.3.1/../../../../arm-none-eabi/lib/thumb/v6-m\libg_nano.a(lib_a-nano-vfprintf_i.o)
                              c:/program files (x86)/gnu tools arm embedded/6 2017-q2-update/bin/../lib/gcc/arm-none-eabi/6.3.1/../../../../arm-none-eabi/lib/thumb/v6-m\libg_nano.a(lib_a-nano-svfprintf.o) (_printf_i)
c:/program files (x86)/gnu tools arm embedded/6 2017-q2-update/bin/../lib/gcc/arm-none-eabi/6.3.1/../../../../arm-none-eabi/lib/thumb/v6-m\libg_nano.a(lib_a-memchr-stub.o)
                              c:/program files (x86)/gnu tools arm embedded/6 2017-q2-update/bin/../lib/gcc/arm-none-eabi/6.3.1/../../../../arm-none-eabi/lib/thumb/v6-m\libg_nano.a(lib_a-nano-svfprintf.o) (memchr)
c:/program files (x86)/gnu tools arm embedded/6 2017-q2-update/bin/../lib/gcc/arm-none-eabi/6.3.1/../../../../arm-none-eabi/lib/thumb/v6-m\libg_nano.a(lib_a-memmove.o)
                              c:/program files (x86)/gnu tools arm embedded/6 2017-q2-update/bin/../lib/gcc/arm-none-eabi/6.3.1/../../../../arm-none-eabi/lib/thumb/v6-m\libg_nano.a(lib_a-nano-svfprintf.o) (memmove)
c:/program files (x86)/gnu tools arm embedded/6 2017-q2-update/bin/../lib/gcc/arm-none-eabi/6.3.1/../../../../arm-none-eabi/lib/thumb/v6-m\libg_nano.a(lib_a-nano-freer.o)
                              c:/program files (x86)/gnu tools arm embedded/6 2017-q2-update/bin/../lib/gcc/arm-none-eabi/6.3.1/../../../../arm-none-eabi/lib/thumb/v6-m\libg_nano.a(lib_a-nano-svfprintf.o) (_free_r)
c:/program files (x86)/gnu tools arm embedded/6 2017-q2-update/bin/../lib/gcc/arm-none-eabi/6.3.1/../../../../arm-none-eabi/lib/thumb/v6-m\libg_nano.a(lib_a-nano-mallocr.o)
[...]
Memory Configuration

Name             Origin             Length             Attributes
RAM              0x20000000         0x00008000         xrw
FLASH            0x08000000         0x00040000         xr
*default*        0x00000000         0xffffffff

Linker script and memory map

LOAD c:/program files (x86)/gnu tools arm embedded/6 2017-q2-update/bin/../lib/gcc/arm-none-eabi/6.3.1/thumb/v6-m/crti.o
LOAD c:/program files (x86)/gnu tools arm embedded/6 2017-q2-update/bin/../lib/gcc/arm-none-eabi/6.3.1/thumb/v6-m/crtbegin.o
LOAD c:/program files (x86)/gnu tools arm embedded/6 2017-q2-update/bin/../lib/gcc/arm-none-eabi/6.3.1/../../../../arm-none-eabi/lib/thumb/v6-m/crt0.o
LOAD ./Src/adc.o
LOAD ./Src/aewin_def.o
LOAD ./Src/can.o
LOAD ./Src/dma.o
LOAD ./Src/freertos.o
LOAD ./Src/gpio.o
LOAD ./Src/i2c.o
LOAD ./Src/iwdg.o
LOAD ./Src/main.o
LOAD ./Src/rtc.o
LOAD ./Src/spi.o
LOAD ./Src/startup_stm32f091xc.o
LOAD ./Src/stm32f0xx_hal_msp.o
LOAD ./Src/stm32f0xx_hal_timebase_TIM.o
LOAD ./Src/stm32f0xx_it.o
LOAD ./Src/system_stm32f0xx.o
LOAD ./Src/tim.o
LOAD ./Src/usart.o
LOAD ./Middlewares/Third_Party/FreeRTOS/Source/portable/MemMang/heap_4.o
LOAD ./Middlewares/Third_Party/FreeRTOS/Source/portable/GCC/ARM_CM0/port.o
LOAD ./Middlewares/Third_Party/FreeRTOS/Source/CMSIS_RTOS/cmsis_os.o
LOAD ./Middlewares/Third_Party/FreeRTOS/Source/croutine.o
LOAD ./Middlewares/Third_Party/FreeRTOS/Source/event_groups.o
LOAD ./Middlewares/Third_Party/FreeRTOS/Source/list.o
LOAD ./Middlewares/Third_Party/FreeRTOS/Source/queue.o
LOAD ./Middlewares/Third_Party/FreeRTOS/Source/tasks.o
LOAD ./Middlewares/Third_Party/FreeRTOS/Source/timers.o
LOAD ./Drivers/STM32F0xx_HAL_Driver/Src/stm32f0xx_hal.o
LOAD ./Drivers/STM32F0xx_HAL_Driver/Src/stm32f0xx_hal_adc.o
LOAD ./Drivers/STM32F0xx_HAL_Driver/Src/stm32f0xx_hal_adc_ex.o
LOAD ./Drivers/STM32F0xx_HAL_Driver/Src/stm32f0xx_hal_can.o
LOAD ./Drivers/STM32F0xx_HAL_Driver/Src/stm32f0xx_hal_cortex.o
LOAD ./Drivers/STM32F0xx_HAL_Driver/Src/stm32f0xx_hal_dma.o
LOAD ./Drivers/STM32F0xx_HAL_Driver/Src/stm32f0xx_hal_flash.o
LOAD ./Drivers/STM32F0xx_HAL_Driver/Src/stm32f0xx_hal_flash_ex.o
LOAD ./Drivers/STM32F0xx_HAL_Driver/Src/stm32f0xx_hal_gpio.o
LOAD ./Drivers/STM32F0xx_HAL_Driver/Src/stm32f0xx_hal_i2c.o
LOAD ./Drivers/STM32F0xx_HAL_Driver/Src/stm32f0xx_hal_i2c_ex.o
LOAD ./Drivers/STM32F0xx_HAL_Driver/Src/stm32f0xx_hal_iwdg.o
LOAD ./Drivers/STM32F0xx_HAL_Driver/Src/stm32f0xx_hal_pwr.o
LOAD ./Drivers/STM32F0xx_HAL_Driver/Src/stm32f0xx_hal_pwr_ex.o
LOAD ./Drivers/STM32F0xx_HAL_Driver/Src/stm32f0xx_hal_rcc.o
LOAD ./Drivers/STM32F0xx_HAL_Driver/Src/stm32f0xx_hal_rcc_ex.o
LOAD ./Drivers/STM32F0xx_HAL_Driver/Src/stm32f0xx_hal_rtc.o
LOAD ./Drivers/STM32F0xx_HAL_Driver/Src/stm32f0xx_hal_rtc_ex.o
LOAD ./Drivers/STM32F0xx_HAL_Driver/Src/stm32f0xx_hal_smbus.o
LOAD ./Drivers/STM32F0xx_HAL_Driver/Src/stm32f0xx_hal_spi.o
LOAD ./Drivers/STM32F0xx_HAL_Driver/Src/stm32f0xx_hal_spi_ex.o
LOAD ./Drivers/STM32F0xx_HAL_Driver/Src/stm32f0xx_hal_tim.o
LOAD ./Drivers/STM32F0xx_HAL_Driver/Src/stm32f0xx_hal_tim_ex.o
LOAD ./Drivers/STM32F0xx_HAL_Driver/Src/stm32f0xx_hal_uart.o
LOAD ./Drivers/STM32F0xx_HAL_Driver/Src/stm32f0xx_hal_uart_ex.o
START GROUP
LOAD c:/program files (x86)/gnu tools arm embedded/6 2017-q2-update/bin/../lib/gcc/arm-none-eabi/6.3.1/thumb/v6-m\libgcc.a
LOAD c:/program files (x86)/gnu tools arm embedded/6 2017-q2-update/bin/../lib/gcc/arm-none-eabi/6.3.1/../../../../arm-none-eabi/lib/thumb/v6-m\libg_nano.a
LOAD c:/program files (x86)/gnu tools arm embedded/6 2017-q2-update/bin/../lib/gcc/arm-none-eabi/6.3.1/../../../../arm-none-eabi/lib/thumb/v6-m\libc_nano.a
END GROUP
START GROUP
LOAD c:/program files (x86)/gnu tools arm embedded/6 2017-q2-update/bin/../lib/gcc/arm-none-eabi/6.3.1/thumb/v6-m\libgcc.a
LOAD c:/program files (x86)/gnu tools arm embedded/6 2017-q2-update/bin/../lib/gcc/arm-none-eabi/6.3.1/../../../../arm-none-eabi/lib/thumb/v6-m\libc_nano.a
LOAD c:/program files (x86)/gnu tools arm embedded/6 2017-q2-update/bin/../lib/gcc/arm-none-eabi/6.3.1/../../../../arm-none-eabi/lib/thumb/v6-m\libnosys.a
END GROUP
START GROUP
LOAD c:/program files (x86)/gnu tools arm embedded/6 2017-q2-update/bin/../lib/gcc/arm-none-eabi/6.3.1/thumb/v6-m\libgcc.a
LOAD c:/program files (x86)/gnu tools arm embedded/6 2017-q2-update/bin/../lib/gcc/arm-none-eabi/6.3.1/../../../../arm-none-eabi/lib/thumb/v6-m\libc_nano.a
LOAD c:/program files (x86)/gnu tools arm embedded/6 2017-q2-update/bin/../lib/gcc/arm-none-eabi/6.3.1/../../../../arm-none-eabi/lib/thumb/v6-m\libnosys.a
END GROUP
LOAD c:/program files (x86)/gnu tools arm embedded/6 2017-q2-update/bin/../lib/gcc/arm-none-eabi/6.3.1/thumb/v6-m/crtend.o
LOAD c:/program files (x86)/gnu tools arm embedded/6 2017-q2-update/bin/../lib/gcc/arm-none-eabi/6.3.1/thumb/v6-m/crtn.o
                0x20008000                _estack = 0x20008000
                0x00000200                _Min_Heap_Size = 0x200
                0x00000400                _Min_Stack_Size = 0x400

.isr_vector     0x08000000       0xbc
                0x08000000                . = ALIGN (0x4)
 *(.isr_vector)
 .isr_vector    0x08000000       0xbc ./Src/startup_stm32f091xc.o
                0x08000000                g_pfnVectors
                0x080000bc                . = ALIGN (0x4)

.text           0x080000c0     0xbd10
                0x080000c0                . = ALIGN (0x4)
 *(.text)
 .text          0x080000c0       0x60 c:/program files (x86)/gnu tools arm embedded/6 2017-q2-update/bin/../lib/gcc/arm-none-eabi/6.3.1/thumb/v6-m/crtbegin.o
 .text          0x08000120      0x114 c:/program files (x86)/gnu tools arm embedded/6 2017-q2-update/bin/../lib/gcc/arm-none-eabi/6.3.1/thumb/v6-m\libgcc.a(_udivsi3.o)
                0x08000120                __aeabi_uidiv
                0x08000120                __udivsi3
                0x0800022c                __aeabi_uidivmod
 .text          0x08000234        0x4 c:/program files (x86)/gnu tools arm embedded/6 2017-q2-update/bin/../lib/gcc/arm-none-eabi/6.3.1/thumb/v6-m\libgcc.a(_dvmd_tls.o)
                0x08000234                __aeabi_idiv0
                0x08000234                __aeabi_ldiv0
 *(.text*)
 .text.MX_ADC_Init
                0x08000238       0xd4 ./Src/adc.o
                0x08000238                MX_ADC_Init
 .text.HAL_ADC_MspInit
                0x0800030c       0xf0 ./Src/adc.o
                0x0800030c                HAL_ADC_MspInit
 .text.MX_CAN_Init
                0x080003fc       0x74 ./Src/can.o
                0x080003fc                MX_CAN_Init
 .text.HAL_CAN_MspInit
                0x08000470       0x8c ./Src/can.o
                0x08000470                HAL_CAN_MspInit
 .text.MX_DMA_Init
                0x080004fc       0x5c ./Src/dma.o
                0x080004fc                MX_DMA_Init
 .text.MX_FREERTOS_Init
                0x08000558      0x338 ./Src/freertos.o
                0x08000558                MX_FREERTOS_Init
 .text.StartDefaultTask
                0x08000890       0x10 ./Src/freertos.o
                0x08000890                StartDefaultTask
 .text.usart1_entry
                0x080008a0       0x54 ./Src/freertos.o
                0x080008a0                usart1_entry
 .text.usart2_entry
                0x080008f4       0x68 ./Src/freertos.o
                0x080008f4                usart2_entry
 .text.usart3_entry
                0x0800095c      0x364 ./Src/freertos.o
                0x0800095c                usart3_entry
 .text.ignition_entry
                0x08000cc0      0x510 ./Src/freertos.o
                0x08000cc0                ignition_entry
 .text.i2c1_entry
                0x080011d0       0x10 ./Src/freertos.o
                0x080011d0                i2c1_entry
 .text.adc_entry
                0x080011e0       0x98 ./Src/freertos.o
                0x080011e0                adc_entry
 .text.IWDG_entry
                0x08001278       0x1c ./Src/freertos.o
                0x08001278                IWDG_entry
 .text.cmd_proc_entry
                0x08001294       0x10 ./Src/freertos.o
                0x08001294                cmd_proc_entry
 .text.gpio_state_entry
                0x080012a4       0xc8 ./Src/freertos.o
                0x080012a4                gpio_state_entry
 .text.aewin_dbg
                0x0800136c       0x94 ./Src/freertos.o
                0x0800136c                aewin_dbg
 .text.MX_GPIO_Init
                0x08001400      0x154 ./Src/gpio.o
                0x08001400                MX_GPIO_Init
 .text.MX_I2C1_SMBUS_Init
                0x08001554       0x98 ./Src/i2c.o
                0x08001554                MX_I2C1_SMBUS_Init
 .text.MX_I2C2_Init
                0x080015ec       0x98 ./Src/i2c.o
                0x080015ec                MX_I2C2_Init
 .text.HAL_SMBUS_MspInit
                0x08001684       0xc0 ./Src/i2c.o
                0x08001684                HAL_SMBUS_MspInit
 .text.HAL_I2C_MspInit
                0x08001744       0x7c ./Src/i2c.o
                0x08001744                HAL_I2C_MspInit
 .text.MX_IWDG_Init
                0x080017c0       0x48 ./Src/iwdg.o
                0x080017c0                MX_IWDG_Init
 .text.main     0x08001808       0x4e ./Src/main.o
                0x08001808                main
 *fill*         0x08001856        0x2 
 .text.SystemClock_Config
                0x08001858      0x12c ./Src/main.o
                0x08001858                SystemClock_Config
 .text.HAL_TIM_PeriodElapsedCallback
                0x08001984       0x24 ./Src/main.o
                0x08001984                HAL_TIM_PeriodElapsedCallback
 .text._Error_Handler
                0x080019a8        0xc ./Src/main.o
                0x080019a8                _Error_Handler
 .text.MX_RTC_Init
                0x080019b4      0x194 ./Src/rtc.o
                0x080019b4                MX_RTC_Init
 .text.HAL_RTC_MspInit
                0x08001b48       0x30 ./Src/rtc.o
                0x08001b48                HAL_RTC_MspInit
 .text.MX_SPI1_Init
                0x08001b78       0x88 ./Src/spi.o
                0x08001b78                MX_SPI1_Init
 .text.HAL_SPI_MspInit
                0x08001c00       0xb0 ./Src/spi.o
                0x08001c00                HAL_SPI_MspInit
 .text.Reset_Handler
                0x08001cb0       0x50 ./Src/startup_stm32f091xc.o
                0x08001cb0                Reset_Handler
 .text.Default_Handler
                0x08001d00        0x2 ./Src/startup_stm32f091xc.o
                0x08001d00                TIM1_CC_IRQHandler
                0x08001d00                TSC_IRQHandler
                0x08001d00                ADC1_COMP_IRQHandler
                0x08001d00                RCC_CRS_IRQHandler
                0x08001d00                SPI1_IRQHandler
                0x08001d00                TIM6_DAC_IRQHandler
                0x08001d00                EXTI2_3_IRQHandler
                0x08001d00                I2C2_IRQHandler
                0x08001d00                TIM17_IRQHandler
                0x08001d00                RTC_IRQHandler
                0x08001d00                PVD_VDDIO2_IRQHandler
                0x08001d00                TIM16_IRQHandler
                0x08001d00                TIM3_IRQHandler
                0x08001d00                EXTI4_15_IRQHandler
                0x08001d00                USART3_8_IRQHandler
                0x08001d00                Default_Handler
                0x08001d00                TIM14_IRQHandler
                0x08001d00                TIM7_IRQHandler
                0x08001d00                TIM15_IRQHandler
                0x08001d00                EXTI0_1_IRQHandler
                0x08001d00                SPI2_IRQHandler
                0x08001d00                WWDG_IRQHandler
                0x08001d00                TIM2_IRQHandler
                0x08001d00                FLASH_IRQHandler
 *fill*         0x08001d02        0x2 
 .text.HAL_MspInit
                0x08001d04       0x54 ./Src/stm32f0xx_hal_msp.o
                0x08001d04                HAL_MspInit
 .text.HAL_InitTick
                0x08001d58       0xbc ./Src/stm32f0xx_hal_timebase_TIM.o
                0x08001d58                HAL_InitTick
 .text.NMI_Handler
                0x08001e14        0xa ./Src/stm32f0xx_it.o
                0x08001e14                NMI_Handler
 .text.HardFault_Handler
                0x08001e1e        0x6 ./Src/stm32f0xx_it.o
                0x08001e1e                HardFault_Handler
 .text.SysTick_Handler
                0x08001e24        0xe ./Src/stm32f0xx_it.o
                0x08001e24                SysTick_Handler
 *fill*         0x08001e32        0x2 
 .text.DMA1_Ch1_IRQHandler
                0x08001e34       0x18 ./Src/stm32f0xx_it.o
                0x08001e34                DMA1_Ch1_IRQHandler
 .text.DMA1_Ch2_3_DMA2_Ch1_2_IRQHandler
                0x08001e4c       0x24 ./Src/stm32f0xx_it.o
                0x08001e4c                DMA1_Ch2_3_DMA2_Ch1_2_IRQHandler
 .text.DMA1_Ch4_7_DMA2_Ch3_5_IRQHandler
                0x08001e70       0x24 ./Src/stm32f0xx_it.o
                0x08001e70                DMA1_Ch4_7_DMA2_Ch3_5_IRQHandler
 .text.TIM1_BRK_UP_TRG_COM_IRQHandler
                0x08001e94       0x18 ./Src/stm32f0xx_it.o
                0x08001e94                TIM1_BRK_UP_TRG_COM_IRQHandler
 .text.I2C1_IRQHandler
                0x08001eac       0x30 ./Src/stm32f0xx_it.o
                0x08001eac                I2C1_IRQHandler
 .text.USART1_IRQHandler
                0x08001edc       0x18 ./Src/stm32f0xx_it.o
                0x08001edc                USART1_IRQHandler
 .text.USART2_IRQHandler
                0x08001ef4       0x18 ./Src/stm32f0xx_it.o
                0x08001ef4                USART2_IRQHandler
 .text.CEC_CAN_IRQHandler
                0x08001f0c       0x18 ./Src/stm32f0xx_it.o
                0x08001f0c                CEC_CAN_IRQHandler
 .text.SystemInit
                0x08001f24       0x88 ./Src/system_stm32f0xx.o
                0x08001f24                SystemInit
 .text.MX_TIM2_Init
                0x08001fac       0xcc ./Src/tim.o
                0x08001fac                MX_TIM2_Init
 .text.MX_TIM14_Init
                0x08002078       0xa4 ./Src/tim.o
                0x08002078                MX_TIM14_Init
 .text.HAL_TIM_Base_MspInit
                0x0800211c       0x64 ./Src/tim.o
                0x0800211c                HAL_TIM_Base_MspInit
 .text.HAL_TIM_MspPostInit
                0x08002180       0x58 ./Src/tim.o
                0x08002180                HAL_TIM_MspPostInit
 .text.MX_USART1_UART_Init
                0x080021d8       0x7c ./Src/usart.o
                0x080021d8                MX_USART1_UART_Init
 .text.MX_USART2_UART_Init
                0x08002254       0x7c ./Src/usart.o
                0x08002254                MX_USART2_UART_Init
 .text.MX_USART3_UART_Init
                0x080022d0       0x7c ./Src/usart.o
                0x080022d0                MX_USART3_UART_Init
 .text.HAL_UART_MspInit
                0x0800234c      0x38c ./Src/usart.o
                0x0800234c                HAL_UART_MspInit
 .text.pvPortMalloc
                0x080026d8      0x14c ./Middlewares/Third_Party/FreeRTOS/Source/portable/MemMang/heap_4.o
                0x080026d8                pvPortMalloc
 .text.vPortFree
                0x08002824       0x90 ./Middlewares/Third_Party/FreeRTOS/Source/portable/MemMang/heap_4.o
                0x08002824                vPortFree
 .text.prvHeapInit
                0x080028b4       0xc0 ./Middlewares/Third_Party/FreeRTOS/Source/portable/MemMang/heap_4.o
 .text.prvInsertBlockIntoFreeList
                0x08002974       0xb0 ./Middlewares/Third_Party/FreeRTOS/Source/portable/MemMang/heap_4.o
 .text.pxPortInitialiseStack
                0x08002a24       0x54 ./Middlewares/Third_Party/FreeRTOS/Source/portable/GCC/ARM_CM0/port.o
                0x08002a24                pxPortInitialiseStack
 .text.prvTaskExitError
                0x08002a78       0x18 ./Middlewares/Third_Party/FreeRTOS/Source/portable/GCC/ARM_CM0/port.o
 .text.SVC_Handler
                0x08002a90        0xa ./Middlewares/Third_Party/FreeRTOS/Source/portable/GCC/ARM_CM0/port.o
                0x08002a90                SVC_Handler
 *fill*         0x08002a9a        0x6 
 .text.vPortStartFirstTask
                0x08002aa0       0x38 ./Middlewares/Third_Party/FreeRTOS/Source/portable/GCC/ARM_CM0/port.o
 .text.xPortStartScheduler
                0x08002ad8       0x44 ./Middlewares/Third_Party/FreeRTOS/Source/portable/GCC/ARM_CM0/port.o
                0x08002ad8                xPortStartScheduler
 .text.vPortYield
                0x08002b1c       0x20 ./Middlewares/Third_Party/FreeRTOS/Source/portable/GCC/ARM_CM0/port.o
                0x08002b1c                vPortYield
 .text.vPortEnterCritical
                0x08002b3c       0x24 ./Middlewares/Third_Party/FreeRTOS/Source/portable/GCC/ARM_CM0/port.o
                0x08002b3c                vPortEnterCritical
 .text.vPortExitCritical
                0x08002b60       0x30 ./Middlewares/Third_Party/FreeRTOS/Source/portable/GCC/ARM_CM0/port.o
                0x08002b60                vPortExitCritical
 .text.ulSetInterruptMaskFromISR
                0x08002b90        0xc ./Middlewares/Third_Party/FreeRTOS/Source/portable/GCC/ARM_CM0/port.o
                0x08002b90                ulSetInterruptMaskFromISR
 .text.vClearInterruptMaskFromISR
                0x08002b9c        0x8 ./Middlewares/Third_Party/FreeRTOS/Source/portable/GCC/ARM_CM0/port.o
                0x08002b9c                vClearInterruptMaskFromISR
 *fill*         0x08002ba4        0xc 
 .text.PendSV_Handler
                0x08002bb0       0x48 ./Middlewares/Third_Party/FreeRTOS/Source/portable/GCC/ARM_CM0/port.o
                0x08002bb0                PendSV_Handler
 .text.xPortSysTickHandler
                0x08002bf8       0x34 ./Middlewares/Third_Party/FreeRTOS/Source/portable/GCC/ARM_CM0/port.o
                0x08002bf8                xPortSysTickHandler
 .text.vPortSetupTimerInterrupt
                0x08002c2c       0x34 ./Middlewares/Third_Party/FreeRTOS/Source/portable/GCC/ARM_CM0/port.o
                0x08002c2c                vPortSetupTimerInterrupt
 .text.makeFreeRtosPriority
                0x08002c60       0x32 ./Middlewares/Third_Party/FreeRTOS/Source/CMSIS_RTOS/cmsis_os.o
 .text.inHandlerMode
                0x08002c92       0x1c ./Middlewares/Third_Party/FreeRTOS/Source/CMSIS_RTOS/cmsis_os.o
 .text.osKernelStart
                0x08002cae       0x10 ./Middlewares/Third_Party/FreeRTOS/Source/CMSIS_RTOS/cmsis_os.o
                0x08002cae                osKernelStart
 .text.osThreadCreate
                0x08002cbe       0x50 ./Middlewares/Third_Party/FreeRTOS/Source/CMSIS_RTOS/cmsis_os.o
                0x08002cbe                osThreadCreate
 .text.osDelay  0x08002d0e       0x28 ./Middlewares/Third_Party/FreeRTOS/Source/CMSIS_RTOS/cmsis_os.o
                0x08002d0e                osDelay
 .text.osMutexCreate
                0x08002d36       0x18 ./Middlewares/Third_Party/FreeRTOS/Source/CMSIS_RTOS/cmsis_os.o
                0x08002d36                osMutexCreate
 *fill*         0x08002d4e        0x2 
 .text.osMutexWait
                0x08002d50       0x94 ./Middlewares/Third_Party/FreeRTOS/Source/CMSIS_RTOS/cmsis_os.o
                0x08002d50                osMutexWait
 .text.osMutexRelease
                0x08002de4       0x64 ./Middlewares/Third_Party/FreeRTOS/Source/CMSIS_RTOS/cmsis_os.o
                0x08002de4                osMutexRelease
 .text.osMessageCreate
                0x08002e48       0x24 ./Middlewares/Third_Party/FreeRTOS/Source/CMSIS_RTOS/cmsis_os.o
                0x08002e48                osMessageCreate
 .text.osMessagePut
                0x08002e6c       0x78 ./Middlewares/Third_Party/FreeRTOS/Source/CMSIS_RTOS/cmsis_os.o
                0x08002e6c                osMessagePut
 .text.osMessageGet
                0x08002ee4       0xec ./Middlewares/Third_Party/FreeRTOS/Source/CMSIS_RTOS/cmsis_os.o
                0x08002ee4                osMessageGet
 .text.osSystickHandler
                0x08002fd0       0x18 ./Middlewares/Third_Party/FreeRTOS/Source/CMSIS_RTOS/cmsis_os.o
                0x08002fd0                osSystickHandler
 .text.vListInitialise
                0x08002fe8       0x3c ./Middlewares/Third_Party/FreeRTOS/Source/list.o
                0x08002fe8                vListInitialise
 .text.vListInitialiseItem
                0x08003024       0x16 ./Middlewares/Third_Party/FreeRTOS/Source/list.o
                0x08003024                vListInitialiseItem
 .text.vListInsertEnd
                0x0800303a       0x44 ./Middlewares/Third_Party/FreeRTOS/Source/list.o
                0x0800303a                vListInsertEnd
 .text.vListInsert
                0x0800307e       0x6c ./Middlewares/Third_Party/FreeRTOS/Source/list.o
                0x0800307e                vListInsert
 .text.uxListRemove
                0x080030ea       0x50 ./Middlewares/Third_Party/FreeRTOS/Source/list.o
                0x080030ea                uxListRemove
 .text.xQueueGenericReset
                0x0800313a       0xa8 ./Middlewares/Third_Party/FreeRTOS/Source/queue.o
                0x0800313a                xQueueGenericReset
 .text.xQueueGenericCreate
                0x080031e2       0x64 ./Middlewares/Third_Party/FreeRTOS/Source/queue.o
                0x080031e2                xQueueGenericCreate
 .text.prvInitialiseNewQueue
                0x08003246       0x44 ./Middlewares/Third_Party/FreeRTOS/Source/queue.o
 .text.prvInitialiseMutex
                0x0800328a       0x34 ./Middlewares/Third_Party/FreeRTOS/Source/queue.o
 .text.xQueueCreateMutex
                0x080032be       0x38 ./Middlewares/Third_Party/FreeRTOS/Source/queue.o
                0x080032be                xQueueCreateMutex
 .text.xQueueGenericSend
                0x080032f6      0x188 ./Middlewares/Third_Party/FreeRTOS/Source/queue.o
                0x080032f6                xQueueGenericSend
 .text.xQueueGenericSendFromISR
                0x0800347e       0xe4 ./Middlewares/Third_Party/FreeRTOS/Source/queue.o
                0x0800347e                xQueueGenericSendFromISR
 .text.xQueueGiveFromISR
                0x08003562       0xcc ./Middlewares/Third_Party/FreeRTOS/Source/queue.o
                0x08003562                xQueueGiveFromISR
 .text.xQueueGenericReceive
                0x0800362e      0x1c8 ./Middlewares/Third_Party/FreeRTOS/Source/queue.o
                0x0800362e                xQueueGenericReceive
 .text.xQueueReceiveFromISR
                0x080037f6       0xc8 ./Middlewares/Third_Party/FreeRTOS/Source/queue.o
                0x080037f6                xQueueReceiveFromISR
 .text.prvCopyDataToQueue
                0x080038be       0xd6 ./Middlewares/Third_Party/FreeRTOS/Source/queue.o
 .text.prvCopyDataFromQueue
                0x08003994       0x4c ./Middlewares/Third_Party/FreeRTOS/Source/queue.o
 .text.prvUnlockQueue
                0x080039e0       0xc0 ./Middlewares/Third_Party/FreeRTOS/Source/queue.o
 .text.prvIsQueueEmpty
                0x08003aa0       0x2c ./Middlewares/Third_Party/FreeRTOS/Source/queue.o
 .text.prvIsQueueFull
                0x08003acc       0x30 ./Middlewares/Third_Party/FreeRTOS/Source/queue.o
 .text.xTaskCreate
                0x08003afc       0x90 ./Middlewares/Third_Party/FreeRTOS/Source/tasks.o
                0x08003afc                xTaskCreate
 .text.prvInitialiseNewTask
                0x08003b8c       0xf8 ./Middlewares/Third_Party/FreeRTOS/Source/tasks.o
 .text.prvAddNewTaskToReadyList
                0x08003c84       0xc8 ./Middlewares/Third_Party/FreeRTOS/Source/tasks.o
 .text.vTaskDelay
                0x08003d4c       0x4c ./Middlewares/Third_Party/FreeRTOS/Source/tasks.o
                0x08003d4c                vTaskDelay
 .text.vTaskStartScheduler
                0x08003d98       0x6c ./Middlewares/Third_Party/FreeRTOS/Source/tasks.o
                0x08003d98                vTaskStartScheduler
 .text.vTaskSuspendAll
                0x08003e04       0x18 ./Middlewares/Third_Party/FreeRTOS/Source/tasks.o
                0x08003e04                vTaskSuspendAll
 .text.xTaskResumeAll
                0x08003e1c      0x118 ./Middlewares/Third_Party/FreeRTOS/Source/tasks.o
                0x08003e1c                xTaskResumeAll
 .text.xTaskIncrementTick
                0x08003f34      0x168 ./Middlewares/Third_Party/FreeRTOS/Source/tasks.o
                0x08003f34                xTaskIncrementTick
 .text.vTaskSwitchContext
                0x0800409c       0xa4 ./Middlewares/Third_Party/FreeRTOS/Source/tasks.o
                0x0800409c                vTaskSwitchContext
 .text.vTaskPlaceOnEventList
                0x08004140       0x3c ./Middlewares/Third_Party/FreeRTOS/Source/tasks.o
                0x08004140                vTaskPlaceOnEventList
 .text.xTaskRemoveFromEventList
                0x0800417c       0xb8 ./Middlewares/Third_Party/FreeRTOS/Source/tasks.o
                0x0800417c                xTaskRemoveFromEventList
 .text.vTaskSetTimeOutState
                0x08004234       0x34 ./Middlewares/Third_Party/FreeRTOS/Source/tasks.o
                0x08004234                vTaskSetTimeOutState
 .text.xTaskCheckForTimeOut
                0x08004268       0x9c ./Middlewares/Third_Party/FreeRTOS/Source/tasks.o
                0x08004268                xTaskCheckForTimeOut
 .text.vTaskMissedYield
                0x08004304       0x14 ./Middlewares/Third_Party/FreeRTOS/Source/tasks.o
                0x08004304                vTaskMissedYield
 .text.prvIdleTask
                0x08004318       0x20 ./Middlewares/Third_Party/FreeRTOS/Source/tasks.o
 .text.prvInitialiseTaskLists
                0x08004338       0x88 ./Middlewares/Third_Party/FreeRTOS/Source/tasks.o
 .text.prvCheckTasksWaitingTermination
                0x080043c0       0x74 ./Middlewares/Third_Party/FreeRTOS/Source/tasks.o
 .text.prvDeleteTCB
                0x08004434       0x22 ./Middlewares/Third_Party/FreeRTOS/Source/tasks.o
 *fill*         0x08004456        0x2 
 .text.prvResetNextTaskUnblockTime
                0x08004458       0x48 ./Middlewares/Third_Party/FreeRTOS/Source/tasks.o
 .text.xTaskGetSchedulerState
                0x080044a0       0x38 ./Middlewares/Third_Party/FreeRTOS/Source/tasks.o
                0x080044a0                xTaskGetSchedulerState
 .text.vTaskPriorityInherit
                0x080044d8       0xbc ./Middlewares/Third_Party/FreeRTOS/Source/tasks.o
                0x080044d8                vTaskPriorityInherit
 .text.xTaskPriorityDisinherit
                0x08004594       0xb8 ./Middlewares/Third_Party/FreeRTOS/Source/tasks.o
                0x08004594                xTaskPriorityDisinherit
 .text.pvTaskIncrementMutexHeldCount
                0x0800464c       0x24 ./Middlewares/Third_Party/FreeRTOS/Source/tasks.o
                0x0800464c                pvTaskIncrementMutexHeldCount
 .text.prvAddCurrentTaskToDelayedList
                0x08004670       0xa8 ./Middlewares/Third_Party/FreeRTOS/Source/tasks.o
 .text.HAL_Init
                0x08004718       0x28 ./Drivers/STM32F0xx_HAL_Driver/Src/stm32f0xx_hal.o
                0x08004718                HAL_Init
 .text.HAL_IncTick
                0x08004740       0x18 ./Drivers/STM32F0xx_HAL_Driver/Src/stm32f0xx_hal.o
                0x08004740                HAL_IncTick
 .text.HAL_GetTick
                0x08004758       0x14 ./Drivers/STM32F0xx_HAL_Driver/Src/stm32f0xx_hal.o
                0x08004758                HAL_GetTick
 .text.HAL_ADC_Init
                0x0800476c      0x27c ./Drivers/STM32F0xx_HAL_Driver/Src/stm32f0xx_hal_adc.o
                0x0800476c                HAL_ADC_Init
 .text.HAL_ADC_Start_DMA
                0x080049e8      0x104 ./Drivers/STM32F0xx_HAL_Driver/Src/stm32f0xx_hal_adc.o
                0x080049e8                HAL_ADC_Start_DMA
 .text.HAL_ADC_Stop_DMA
                0x08004aec       0xe0 ./Drivers/STM32F0xx_HAL_Driver/Src/stm32f0xx_hal_adc.o
                0x08004aec                HAL_ADC_Stop_DMA
 .text.HAL_ADC_ConvCpltCallback
                0x08004bcc       0x10 ./Drivers/STM32F0xx_HAL_Driver/Src/stm32f0xx_hal_adc.o
                0x08004bcc                HAL_ADC_ConvCpltCallback
 .text.HAL_ADC_ConvHalfCpltCallback
                0x08004bdc       0x10 ./Drivers/STM32F0xx_HAL_Driver/Src/stm32f0xx_hal_adc.o
                0x08004bdc                HAL_ADC_ConvHalfCpltCallback
 .text.HAL_ADC_ErrorCallback
                0x08004bec       0x10 ./Drivers/STM32F0xx_HAL_Driver/Src/stm32f0xx_hal_adc.o
                0x08004bec                HAL_ADC_ErrorCallback
 .text.HAL_ADC_ConfigChannel
                0x08004bfc      0x21c ./Drivers/STM32F0xx_HAL_Driver/Src/stm32f0xx_hal_adc.o
                0x08004bfc                HAL_ADC_ConfigChannel
 .text.ADC_Enable
                0x08004e18       0xf8 ./Drivers/STM32F0xx_HAL_Driver/Src/stm32f0xx_hal_adc.o
 .text.ADC_Disable
                0x08004f10       0xd2 ./Drivers/STM32F0xx_HAL_Driver/Src/stm32f0xx_hal_adc.o
 .text.ADC_ConversionStop
                0x08004fe2       0x8a ./Drivers/STM32F0xx_HAL_Driver/Src/stm32f0xx_hal_adc.o
 .text.ADC_DMAConvCplt
                0x0800506c       0xb4 ./Drivers/STM32F0xx_HAL_Driver/Src/stm32f0xx_hal_adc.o
 .text.ADC_DMAHalfConvCplt
                0x08005120       0x1e ./Drivers/STM32F0xx_HAL_Driver/Src/stm32f0xx_hal_adc.o
 .text.ADC_DMAError
                0x0800513e       0x36 ./Drivers/STM32F0xx_HAL_Driver/Src/stm32f0xx_hal_adc.o
 .text.HAL_CAN_Init
                0x08005174      0x246 ./Drivers/STM32F0xx_HAL_Driver/Src/stm32f0xx_hal_can.o
                0x08005174                HAL_CAN_Init
 *fill*         0x080053ba        0x2 
 .text.HAL_CAN_IRQHandler
                0x080053bc      0x338 ./Drivers/STM32F0xx_HAL_Driver/Src/stm32f0xx_hal_can.o
                0x080053bc                HAL_CAN_IRQHandler
 .text.HAL_CAN_TxCpltCallback
                0x080056f4       0x10 ./Drivers/STM32F0xx_HAL_Driver/Src/stm32f0xx_hal_can.o
                0x080056f4                HAL_CAN_TxCpltCallback
 .text.HAL_CAN_RxCpltCallback
                0x08005704       0x10 ./Drivers/STM32F0xx_HAL_Driver/Src/stm32f0xx_hal_can.o
                0x08005704                HAL_CAN_RxCpltCallback
 .text.HAL_CAN_ErrorCallback
                0x08005714       0x10 ./Drivers/STM32F0xx_HAL_Driver/Src/stm32f0xx_hal_can.o
                0x08005714                HAL_CAN_ErrorCallback
 .text.CAN_Transmit_IT
                0x08005724       0x88 ./Drivers/STM32F0xx_HAL_Driver/Src/stm32f0xx_hal_can.o
 .text.CAN_Receive_IT
                0x080057ac      0x2e0 ./Drivers/STM32F0xx_HAL_Driver/Src/stm32f0xx_hal_can.o
 .text.NVIC_EnableIRQ
                0x08005a8c       0x2c ./Drivers/STM32F0xx_HAL_Driver/Src/stm32f0xx_hal_cortex.o
 .text.NVIC_SetPriority
                0x08005ab8       0xdc ./Drivers/STM32F0xx_HAL_Driver/Src/stm32f0xx_hal_cortex.o
 .text.SysTick_Config
                0x08005b94       0x48 ./Drivers/STM32F0xx_HAL_Driver/Src/stm32f0xx_hal_cortex.o
 .text.HAL_NVIC_SetPriority
                0x08005bdc       0x2c ./Drivers/STM32F0xx_HAL_Driver/Src/stm32f0xx_hal_cortex.o
                0x08005bdc                HAL_NVIC_SetPriority
 .text.HAL_NVIC_EnableIRQ
                0x08005c08       0x20 ./Drivers/STM32F0xx_HAL_Driver/Src/stm32f0xx_hal_cortex.o
                0x08005c08                HAL_NVIC_EnableIRQ
 .text.HAL_SYSTICK_Config
                0x08005c28       0x1a ./Drivers/STM32F0xx_HAL_Driver/Src/stm32f0xx_hal_cortex.o
                0x08005c28                HAL_SYSTICK_Config
 *fill*         0x08005c42        0x2 
 .text.HAL_SYSTICK_CLKSourceConfig
                0x08005c44       0x34 ./Drivers/STM32F0xx_HAL_Driver/Src/stm32f0xx_hal_cortex.o
                0x08005c44                HAL_SYSTICK_CLKSourceConfig
 .text.HAL_DMA_Init
                0x08005c78       0xa8 ./Drivers/STM32F0xx_HAL_Driver/Src/stm32f0xx_hal_dma.o
                0x08005c78                HAL_DMA_Init
 .text.HAL_DMA_Start_IT
                0x08005d20       0xcc ./Drivers/STM32F0xx_HAL_Driver/Src/stm32f0xx_hal_dma.o
                0x08005d20                HAL_DMA_Start_IT
 .text.HAL_DMA_Abort
                0x08005dec       0x52 ./Drivers/STM32F0xx_HAL_Driver/Src/stm32f0xx_hal_dma.o
                0x08005dec                HAL_DMA_Abort
 .text.HAL_DMA_Abort_IT
                0x08005e3e       0x8c ./Drivers/STM32F0xx_HAL_Driver/Src/stm32f0xx_hal_dma.o
                0x08005e3e                HAL_DMA_Abort_IT
 .text.HAL_DMA_IRQHandler
                0x08005eca      0x144 ./Drivers/STM32F0xx_HAL_Driver/Src/stm32f0xx_hal_dma.o
                0x08005eca                HAL_DMA_IRQHandler
 .text.DMA_SetConfig
                0x0800600e       0x58 ./Drivers/STM32F0xx_HAL_Driver/Src/stm32f0xx_hal_dma.o
 *fill*         0x08006066        0x2 
 .text.DMA_CalcBaseAndBitshift
                0x08006068       0x74 ./Drivers/STM32F0xx_HAL_Driver/Src/stm32f0xx_hal_dma.o
 .text.HAL_FLASH_Program
                0x080060dc      0x138 ./Drivers/STM32F0xx_HAL_Driver/Src/stm32f0xx_hal_flash.o
                0x080060dc                HAL_FLASH_Program
 .text.FLASH_Program_HalfWord
                0x08006214       0x38 ./Drivers/STM32F0xx_HAL_Driver/Src/stm32f0xx_hal_flash.o
 .text.FLASH_WaitForLastOperation
                0x0800624c       0x80 ./Drivers/STM32F0xx_HAL_Driver/Src/stm32f0xx_hal_flash.o
                0x0800624c                FLASH_WaitForLastOperation
 .text.FLASH_SetErrorCode
                0x080062cc       0x60 ./Drivers/STM32F0xx_HAL_Driver/Src/stm32f0xx_hal_flash.o
 .text.HAL_FLASHEx_Erase
                0x0800632c       0xf0 ./Drivers/STM32F0xx_HAL_Driver/Src/stm32f0xx_hal_flash_ex.o
                0x0800632c                HAL_FLASHEx_Erase
 .text.FLASH_MassErase
                0x0800641c       0x30 ./Drivers/STM32F0xx_HAL_Driver/Src/stm32f0xx_hal_flash_ex.o
 .text.FLASH_PageErase
                0x0800644c       0x3c ./Drivers/STM32F0xx_HAL_Driver/Src/stm32f0xx_hal_flash_ex.o
                0x0800644c                FLASH_PageErase
 .text.HAL_GPIO_Init
                0x08006488      0x2f8 ./Drivers/STM32F0xx_HAL_Driver/Src/stm32f0xx_hal_gpio.o
                0x08006488                HAL_GPIO_Init
 .text.HAL_GPIO_ReadPin
                0x08006780       0x3a ./Drivers/STM32F0xx_HAL_Driver/Src/stm32f0xx_hal_gpio.o
                0x08006780                HAL_GPIO_ReadPin
 .text.HAL_GPIO_WritePin
                0x080067ba       0x3a ./Drivers/STM32F0xx_HAL_Driver/Src/stm32f0xx_hal_gpio.o
                0x080067ba                HAL_GPIO_WritePin
 .text.HAL_I2C_Init
                0x080067f4      0x12c ./Drivers/STM32F0xx_HAL_Driver/Src/stm32f0xx_hal_i2c.o
                0x080067f4                HAL_I2C_Init
 .text.HAL_I2CEx_ConfigAnalogFilter
                0x08006920       0x98 ./Drivers/STM32F0xx_HAL_Driver/Src/stm32f0xx_hal_i2c_ex.o
                0x08006920                HAL_I2CEx_ConfigAnalogFilter
 .text.HAL_I2CEx_ConfigDigitalFilter
                0x080069b8       0x9c ./Drivers/STM32F0xx_HAL_Driver/Src/stm32f0xx_hal_i2c_ex.o
                0x080069b8                HAL_I2CEx_ConfigDigitalFilter
 .text.HAL_I2CEx_EnableFastModePlus
                0x08006a54       0x3c ./Drivers/STM32F0xx_HAL_Driver/Src/stm32f0xx_hal_i2c_ex.o
                0x08006a54                HAL_I2CEx_EnableFastModePlus
 .text.HAL_IWDG_Init
                0x08006a90       0x94 ./Drivers/STM32F0xx_HAL_Driver/Src/stm32f0xx_hal_iwdg.o
                0x08006a90                HAL_IWDG_Init
 .text.HAL_IWDG_Refresh
                0x08006b24       0x20 ./Drivers/STM32F0xx_HAL_Driver/Src/stm32f0xx_hal_iwdg.o
                0x08006b24                HAL_IWDG_Refresh
 .text.HAL_PWR_EnableBkUpAccess
                0x08006b44       0x1c ./Drivers/STM32F0xx_HAL_Driver/Src/stm32f0xx_hal_pwr.o
                0x08006b44                HAL_PWR_EnableBkUpAccess
 .text.HAL_RCC_OscConfig
                0x08006b60      0x6bc ./Drivers/STM32F0xx_HAL_Driver/Src/stm32f0xx_hal_rcc.o
                0x08006b60                HAL_RCC_OscConfig
 .text.HAL_RCC_ClockConfig
                0x0800721c      0x210 ./Drivers/STM32F0xx_HAL_Driver/Src/stm32f0xx_hal_rcc.o
                0x0800721c                HAL_RCC_ClockConfig
 .text.HAL_RCC_MCOConfig
                0x0800742c       0x88 ./Drivers/STM32F0xx_HAL_Driver/Src/stm32f0xx_hal_rcc.o
                0x0800742c                HAL_RCC_MCOConfig
 .text.HAL_RCC_GetSysClockFreq
                0x080074b4      0x104 ./Drivers/STM32F0xx_HAL_Driver/Src/stm32f0xx_hal_rcc.o
                0x080074b4                HAL_RCC_GetSysClockFreq
 .text.HAL_RCC_GetHCLKFreq
                0x080075b8       0x14 ./Drivers/STM32F0xx_HAL_Driver/Src/stm32f0xx_hal_rcc.o
                0x080075b8                HAL_RCC_GetHCLKFreq
 .text.HAL_RCC_GetPCLK1Freq
                0x080075cc       0x2c ./Drivers/STM32F0xx_HAL_Driver/Src/stm32f0xx_hal_rcc.o
                0x080075cc                HAL_RCC_GetPCLK1Freq
 .text.HAL_RCC_GetClockConfig
                0x080075f8       0x54 ./Drivers/STM32F0xx_HAL_Driver/Src/stm32f0xx_hal_rcc.o
                0x080075f8                HAL_RCC_GetClockConfig
 .text.HAL_RCCEx_PeriphCLKConfig
                0x0800764c      0x1fc ./Drivers/STM32F0xx_HAL_Driver/Src/stm32f0xx_hal_rcc_ex.o
                0x0800764c                HAL_RCCEx_PeriphCLKConfig
 .text.HAL_RTC_Init
                0x08007848      0x128 ./Drivers/STM32F0xx_HAL_Driver/Src/stm32f0xx_hal_rtc.o
                0x08007848                HAL_RTC_Init
 .text.HAL_RTC_SetTime
                0x08007970      0x188 ./Drivers/STM32F0xx_HAL_Driver/Src/stm32f0xx_hal_rtc.o
                0x08007970                HAL_RTC_SetTime
 .text.HAL_RTC_SetDate
                0x08007af8      0x168 ./Drivers/STM32F0xx_HAL_Driver/Src/stm32f0xx_hal_rtc.o
                0x08007af8                HAL_RTC_SetDate
 .text.HAL_RTC_SetAlarm
                0x08007c60      0x1e8 ./Drivers/STM32F0xx_HAL_Driver/Src/stm32f0xx_hal_rtc.o
                0x08007c60                HAL_RTC_SetAlarm
 .text.HAL_RTC_WaitForSynchro
                0x08007e48       0x52 ./Drivers/STM32F0xx_HAL_Driver/Src/stm32f0xx_hal_rtc.o
                0x08007e48                HAL_RTC_WaitForSynchro
 .text.RTC_EnterInitMode
                0x08007e9a       0x58 ./Drivers/STM32F0xx_HAL_Driver/Src/stm32f0xx_hal_rtc.o
                0x08007e9a                RTC_EnterInitMode
 .text.RTC_ByteToBcd2
                0x08007ef2       0x42 ./Drivers/STM32F0xx_HAL_Driver/Src/stm32f0xx_hal_rtc.o
                0x08007ef2                RTC_ByteToBcd2
 .text.RTC_Bcd2ToByte
                0x08007f34       0x40 ./Drivers/STM32F0xx_HAL_Driver/Src/stm32f0xx_hal_rtc.o
                0x08007f34                RTC_Bcd2ToByte
 .text.HAL_RTCEx_SetTimeStamp
                0x08007f74       0x88 ./Drivers/STM32F0xx_HAL_Driver/Src/stm32f0xx_hal_rtc_ex.o
                0x08007f74                HAL_RTCEx_SetTimeStamp
 .text.HAL_RTCEx_SetWakeUpTimer
                0x08007ffc      0x134 ./Drivers/STM32F0xx_HAL_Driver/Src/stm32f0xx_hal_rtc_ex.o
                0x08007ffc                HAL_RTCEx_SetWakeUpTimer
 .text.HAL_RTCEx_BKUPWrite
                0x08008130       0x30 ./Drivers/STM32F0xx_HAL_Driver/Src/stm32f0xx_hal_rtc_ex.o
                0x08008130                HAL_RTCEx_BKUPWrite
 .text.HAL_RTCEx_BKUPRead
                0x08008160       0x2c ./Drivers/STM32F0xx_HAL_Driver/Src/stm32f0xx_hal_rtc_ex.o
                0x08008160                HAL_RTCEx_BKUPRead
 .text.HAL_SMBUS_Init
                0x0800818c      0x180 ./Drivers/STM32F0xx_HAL_Driver/Src/stm32f0xx_hal_smbus.o
                0x0800818c                HAL_SMBUS_Init
 .text.HAL_SMBUS_EnableAlert_IT
                0x0800830c       0x38 ./Drivers/STM32F0xx_HAL_Driver/Src/stm32f0xx_hal_smbus.o
                0x0800830c                HAL_SMBUS_EnableAlert_IT
 .text.HAL_SMBUS_EV_IRQHandler
                0x08008344      0x12e ./Drivers/STM32F0xx_HAL_Driver/Src/stm32f0xx_hal_smbus.o
                0x08008344                HAL_SMBUS_EV_IRQHandler
 .text.HAL_SMBUS_ER_IRQHandler
                0x08008472       0x18 ./Drivers/STM32F0xx_HAL_Driver/Src/stm32f0xx_hal_smbus.o
                0x08008472                HAL_SMBUS_ER_IRQHandler
 .text.HAL_SMBUS_MasterTxCpltCallback
                0x0800848a       0x10 ./Drivers/STM32F0xx_HAL_Driver/Src/stm32f0xx_hal_smbus.o
                0x0800848a                HAL_SMBUS_MasterTxCpltCallback
 .text.HAL_SMBUS_MasterRxCpltCallback
                0x0800849a       0x10 ./Drivers/STM32F0xx_HAL_Driver/Src/stm32f0xx_hal_smbus.o
                0x0800849a                HAL_SMBUS_MasterRxCpltCallback
 .text.HAL_SMBUS_SlaveTxCpltCallback
                0x080084aa       0x10 ./Drivers/STM32F0xx_HAL_Driver/Src/stm32f0xx_hal_smbus.o
                0x080084aa                HAL_SMBUS_SlaveTxCpltCallback
 .text.HAL_SMBUS_SlaveRxCpltCallback
                0x080084ba       0x10 ./Drivers/STM32F0xx_HAL_Driver/Src/stm32f0xx_hal_smbus.o
                0x080084ba                HAL_SMBUS_SlaveRxCpltCallback
 .text.HAL_SMBUS_AddrCallback
                0x080084ca       0x20 ./Drivers/STM32F0xx_HAL_Driver/Src/stm32f0xx_hal_smbus.o
                0x080084ca                HAL_SMBUS_AddrCallback
 .text.HAL_SMBUS_ListenCpltCallback
                0x080084ea       0x10 ./Drivers/STM32F0xx_HAL_Driver/Src/stm32f0xx_hal_smbus.o
                0x080084ea                HAL_SMBUS_ListenCpltCallback
 .text.HAL_SMBUS_ErrorCallback
                0x080084fa       0x10 ./Drivers/STM32F0xx_HAL_Driver/Src/stm32f0xx_hal_smbus.o
                0x080084fa                HAL_SMBUS_ErrorCallback
 *fill*         0x0800850a        0x2 
 .text.SMBUS_Master_ISR
                0x0800850c      0x3ec ./Drivers/STM32F0xx_HAL_Driver/Src/stm32f0xx_hal_smbus.o
 .text.SMBUS_Slave_ISR
                0x080088f8      0x40c ./Drivers/STM32F0xx_HAL_Driver/Src/stm32f0xx_hal_smbus.o
 .text.SMBUS_Enable_IRQ
                0x08008d04       0x7a ./Drivers/STM32F0xx_HAL_Driver/Src/stm32f0xx_hal_smbus.o
 .text.SMBUS_Disable_IRQ
                0x08008d7e      0x106 ./Drivers/STM32F0xx_HAL_Driver/Src/stm32f0xx_hal_smbus.o
 .text.SMBUS_ITErrorHandler
                0x08008e84      0x158 ./Drivers/STM32F0xx_HAL_Driver/Src/stm32f0xx_hal_smbus.o
 .text.SMBUS_TransferConfig
                0x08008fdc       0x70 ./Drivers/STM32F0xx_HAL_Driver/Src/stm32f0xx_hal_smbus.o
 .text.HAL_SPI_Init
                0x0800904c      0x130 ./Drivers/STM32F0xx_HAL_Driver/Src/stm32f0xx_hal_spi.o
                0x0800904c                HAL_SPI_Init
 .text.HAL_TIM_Base_Init
                0x0800917c       0x58 ./Drivers/STM32F0xx_HAL_Driver/Src/stm32f0xx_hal_tim.o
                0x0800917c                HAL_TIM_Base_Init
 .text.HAL_TIM_Base_Start_IT
                0x080091d4       0x32 ./Drivers/STM32F0xx_HAL_Driver/Src/stm32f0xx_hal_tim.o
                0x080091d4                HAL_TIM_Base_Start_IT
 .text.HAL_TIM_PWM_Init
                0x08009206       0x58 ./Drivers/STM32F0xx_HAL_Driver/Src/stm32f0xx_hal_tim.o
                0x08009206                HAL_TIM_PWM_Init
 .text.HAL_TIM_PWM_MspInit
                0x0800925e       0x10 ./Drivers/STM32F0xx_HAL_Driver/Src/stm32f0xx_hal_tim.o
                0x0800925e                HAL_TIM_PWM_MspInit
 .text.HAL_TIM_IRQHandler
                0x0800926e      0x22c ./Drivers/STM32F0xx_HAL_Driver/Src/stm32f0xx_hal_tim.o
                0x0800926e                HAL_TIM_IRQHandler
 *fill*         0x0800949a        0x2 
 .text.HAL_TIM_PWM_ConfigChannel
                0x0800949c      0x170 ./Drivers/STM32F0xx_HAL_Driver/Src/stm32f0xx_hal_tim.o
                0x0800949c                HAL_TIM_PWM_ConfigChannel
 .text.HAL_TIM_ConfigClockSource
                0x0800960c      0x1c0 ./Drivers/STM32F0xx_HAL_Driver/Src/stm32f0xx_hal_tim.o
                0x0800960c                HAL_TIM_ConfigClockSource
 .text.HAL_TIM_SlaveConfigSynchronization
                0x080097cc       0x74 ./Drivers/STM32F0xx_HAL_Driver/Src/stm32f0xx_hal_tim.o
                0x080097cc                HAL_TIM_SlaveConfigSynchronization
 .text.HAL_TIM_OC_DelayElapsedCallback
                0x08009840       0x10 ./Drivers/STM32F0xx_HAL_Driver/Src/stm32f0xx_hal_tim.o
                0x08009840                HAL_TIM_OC_DelayElapsedCallback
 .text.HAL_TIM_IC_CaptureCallback
                0x08009850       0x10 ./Drivers/STM32F0xx_HAL_Driver/Src/stm32f0xx_hal_tim.o
                0x08009850                HAL_TIM_IC_CaptureCallback
 .text.HAL_TIM_PWM_PulseFinishedCallback
                0x08009860       0x10 ./Drivers/STM32F0xx_HAL_Driver/Src/stm32f0xx_hal_tim.o
                0x08009860                HAL_TIM_PWM_PulseFinishedCallback
 .text.HAL_TIM_TriggerCallback
                0x08009870       0x10 ./Drivers/STM32F0xx_HAL_Driver/Src/stm32f0xx_hal_tim.o
                0x08009870                HAL_TIM_TriggerCallback
 .text.TIM_Base_SetConfig
                0x08009880      0x104 ./Drivers/STM32F0xx_HAL_Driver/Src/stm32f0xx_hal_tim.o
                0x08009880                TIM_Base_SetConfig
 .text.TIM_OC1_SetConfig
                0x08009984      0x11c ./Drivers/STM32F0xx_HAL_Driver/Src/stm32f0xx_hal_tim.o
 .text.TIM_OC2_SetConfig
                0x08009aa0      0x114 ./Drivers/STM32F0xx_HAL_Driver/Src/stm32f0xx_hal_tim.o
                0x08009aa0                TIM_OC2_SetConfig
 .text.TIM_OC3_SetConfig
                0x08009bb4      0x118 ./Drivers/STM32F0xx_HAL_Driver/Src/stm32f0xx_hal_tim.o
 .text.TIM_OC4_SetConfig
                0x08009ccc       0xe0 ./Drivers/STM32F0xx_HAL_Driver/Src/stm32f0xx_hal_tim.o
 .text.TIM_SlaveTimer_SetConfig
                0x08009dac      0x112 ./Drivers/STM32F0xx_HAL_Driver/Src/stm32f0xx_hal_tim.o
 .text.TIM_TI1_ConfigInputStage
                0x08009ebe       0x64 ./Drivers/STM32F0xx_HAL_Driver/Src/stm32f0xx_hal_tim.o
 *fill*         0x08009f22        0x2 
 .text.TIM_TI2_ConfigInputStage
                0x08009f24       0x6c ./Drivers/STM32F0xx_HAL_Driver/Src/stm32f0xx_hal_tim.o
 .text.TIM_ITRx_SetConfig
                0x08009f90       0x40 ./Drivers/STM32F0xx_HAL_Driver/Src/stm32f0xx_hal_tim.o
 .text.TIM_ETR_SetConfig
                0x08009fd0       0x44 ./Drivers/STM32F0xx_HAL_Driver/Src/stm32f0xx_hal_tim.o
                0x08009fd0                TIM_ETR_SetConfig
 .text.HAL_TIMEx_MasterConfigSynchronization
                0x0800a014       0x86 ./Drivers/STM32F0xx_HAL_Driver/Src/stm32f0xx_hal_tim_ex.o
                0x0800a014                HAL_TIMEx_MasterConfigSynchronization
 .text.HAL_TIMEx_CommutationCallback
                0x0800a09a       0x10 ./Drivers/STM32F0xx_HAL_Driver/Src/stm32f0xx_hal_tim_ex.o
                0x0800a09a                HAL_TIMEx_CommutationCallback
 .text.HAL_TIMEx_BreakCallback
                0x0800a0aa       0x10 ./Drivers/STM32F0xx_HAL_Driver/Src/stm32f0xx_hal_tim_ex.o
                0x0800a0aa                HAL_TIMEx_BreakCallback
 *fill*         0x0800a0ba        0x2 
 .text.HAL_UART_Init
                0x0800a0bc       0xb0 ./Drivers/STM32F0xx_HAL_Driver/Src/stm32f0xx_hal_uart.o
                0x0800a0bc                HAL_UART_Init
 .text.HAL_UART_Transmit
                0x0800a16c      0x146 ./Drivers/STM32F0xx_HAL_Driver/Src/stm32f0xx_hal_uart.o
                0x0800a16c                HAL_UART_Transmit
 *fill*         0x0800a2b2        0x2 
 .text.HAL_UART_Receive
                0x0800a2b4      0x1c4 ./Drivers/STM32F0xx_HAL_Driver/Src/stm32f0xx_hal_uart.o
                0x0800a2b4                HAL_UART_Receive
 .text.HAL_UART_Transmit_DMA
                0x0800a478      0x100 ./Drivers/STM32F0xx_HAL_Driver/Src/stm32f0xx_hal_uart.o
                0x0800a478                HAL_UART_Transmit_DMA
 .text.HAL_UART_Receive_DMA
                0x0800a578      0x110 ./Drivers/STM32F0xx_HAL_Driver/Src/stm32f0xx_hal_uart.o
                0x0800a578                HAL_UART_Receive_DMA
 .text.HAL_UART_Abort
                0x0800a688       0xd0 ./Drivers/STM32F0xx_HAL_Driver/Src/stm32f0xx_hal_uart.o
                0x0800a688                HAL_UART_Abort
 .text.HAL_UART_IRQHandler
                0x0800a758      0x22c ./Drivers/STM32F0xx_HAL_Driver/Src/stm32f0xx_hal_uart.o
                0x0800a758                HAL_UART_IRQHandler
 .text.HAL_UART_TxCpltCallback
                0x0800a984       0x10 ./Drivers/STM32F0xx_HAL_Driver/Src/stm32f0xx_hal_uart.o
                0x0800a984                HAL_UART_TxCpltCallback
 .text.HAL_UART_TxHalfCpltCallback
                0x0800a994       0x10 ./Drivers/STM32F0xx_HAL_Driver/Src/stm32f0xx_hal_uart.o
                0x0800a994                HAL_UART_TxHalfCpltCallback
 .text.HAL_UART_RxCpltCallback
                0x0800a9a4       0x10 ./Drivers/STM32F0xx_HAL_Driver/Src/stm32f0xx_hal_uart.o
                0x0800a9a4                HAL_UART_RxCpltCallback
 .text.HAL_UART_RxHalfCpltCallback
                0x0800a9b4       0x10 ./Drivers/STM32F0xx_HAL_Driver/Src/stm32f0xx_hal_uart.o
                0x0800a9b4                HAL_UART_RxHalfCpltCallback
 .text.HAL_UART_ErrorCallback
                0x0800a9c4       0x10 ./Drivers/STM32F0xx_HAL_Driver/Src/stm32f0xx_hal_uart.o
                0x0800a9c4                HAL_UART_ErrorCallback
 .text.UART_SetConfig
                0x0800a9d4      0x434 ./Drivers/STM32F0xx_HAL_Driver/Src/stm32f0xx_hal_uart.o
                0x0800a9d4                UART_SetConfig
 .text.UART_AdvFeatureConfig
                0x0800ae08      0x158 ./Drivers/STM32F0xx_HAL_Driver/Src/stm32f0xx_hal_uart.o
                0x0800ae08                UART_AdvFeatureConfig
 .text.UART_CheckIdleState
                0x0800af60       0xc0 ./Drivers/STM32F0xx_HAL_Driver/Src/stm32f0xx_hal_uart.o
                0x0800af60                UART_CheckIdleState
 .text.UART_WaitOnFlagUntilTimeout
                0x0800b020       0x98 ./Drivers/STM32F0xx_HAL_Driver/Src/stm32f0xx_hal_uart.o
                0x0800b020                UART_WaitOnFlagUntilTimeout
 .text.UART_EndTxTransfer
                0x0800b0b8       0x28 ./Drivers/STM32F0xx_HAL_Driver/Src/stm32f0xx_hal_uart.o
 .text.UART_EndRxTransfer
                0x0800b0e0       0x3c ./Drivers/STM32F0xx_HAL_Driver/Src/stm32f0xx_hal_uart.o
 .text.UART_DMATransmitCplt
                0x0800b11c       0x54 ./Drivers/STM32F0xx_HAL_Driver/Src/stm32f0xx_hal_uart.o
 .text.UART_DMATxHalfCplt
                0x0800b170       0x1e ./Drivers/STM32F0xx_HAL_Driver/Src/stm32f0xx_hal_uart.o
 *fill*         0x0800b18e        0x2 
 .text.UART_DMAReceiveCplt
                0x0800b190       0x70 ./Drivers/STM32F0xx_HAL_Driver/Src/stm32f0xx_hal_uart.o
 .text.UART_DMARxHalfCplt
                0x0800b200       0x1e ./Drivers/STM32F0xx_HAL_Driver/Src/stm32f0xx_hal_uart.o
 .text.UART_DMAError
                0x0800b21e       0x7a ./Drivers/STM32F0xx_HAL_Driver/Src/stm32f0xx_hal_uart.o
 .text.UART_DMAAbortOnError
                0x0800b298       0x2e ./Drivers/STM32F0xx_HAL_Driver/Src/stm32f0xx_hal_uart.o
 .text.UART_Transmit_IT
                0x0800b2c6       0xae ./Drivers/STM32F0xx_HAL_Driver/Src/stm32f0xx_hal_uart.o
                0x0800b2c6                UART_Transmit_IT
 .text.UART_EndTransmit_IT
                0x0800b374       0x32 ./Drivers/STM32F0xx_HAL_Driver/Src/stm32f0xx_hal_uart.o
                0x0800b374                UART_EndTransmit_IT
 *fill*         0x0800b3a6        0x2 
 .text.UART_Receive_IT
                0x0800b3a8       0xf4 ./Drivers/STM32F0xx_HAL_Driver/Src/stm32f0xx_hal_uart.o
                0x0800b3a8                UART_Receive_IT
 .text.HAL_UARTEx_WakeupCallback
                0x0800b49c       0x10 ./Drivers/STM32F0xx_HAL_Driver/Src/stm32f0xx_hal_uart_ex.o
                0x0800b49c                HAL_UARTEx_WakeupCallback
 .text.__libc_init_array
                0x0800b4ac       0x48 c:/program files (x86)/gnu tools arm embedded/6 2017-q2-update/bin/../lib/gcc/arm-none-eabi/6.3.1/../../../../arm-none-eabi/lib/thumb/v6-m\libg_nano.a(lib_a-init.o)
                0x0800b4ac                __libc_init_array
 .text.memcpy   0x0800b4f4       0x12 c:/program files (x86)/gnu tools arm embedded/6 2017-q2-update/bin/../lib/gcc/arm-none-eabi/6.3.1/../../../../arm-none-eabi/lib/thumb/v6-m\libg_nano.a(lib_a-memcpy-stub.o)
                0x0800b4f4                memcpy
 .text.memset   0x0800b506       0x10 c:/program files (x86)/gnu tools arm embedded/6 2017-q2-update/bin/../lib/gcc/arm-none-eabi/6.3.1/../../../../arm-none-eabi/lib/thumb/v6-m\libg_nano.a(lib_a-memset.o)
                0x0800b506                memset
 .text.strncpy  0x0800b516       0x2a c:/program files (x86)/gnu tools arm embedded/6 2017-q2-update/bin/../lib/gcc/arm-none-eabi/6.3.1/../../../../arm-none-eabi/lib/thumb/v6-m\libg_nano.a(lib_a-strncpy.o)
                0x0800b516                strncpy
 .text._vsnprintf_r
                0x0800b540       0x56 c:/program files (x86)/gnu tools arm embedded/6 2017-q2-update/bin/../lib/gcc/arm-none-eabi/6.3.1/../../../../arm-none-eabi/lib/thumb/v6-m\libg_nano.a(lib_a-vsnprintf.o)
                0x0800b540                _vsniprintf_r
                0x0800b540                _vsnprintf_r
 *fill*         0x0800b596        0x2 
 .text.vsnprintf
                0x0800b598       0x18 c:/program files (x86)/gnu tools arm embedded/6 2017-q2-update/bin/../lib/gcc/arm-none-eabi/6.3.1/../../../../arm-none-eabi/lib/thumb/v6-m\libg_nano.a(lib_a-vsnprintf.o)
                0x0800b598                vsniprintf
                0x0800b598                vsnprintf
 .text.__ssputs_r
                0x0800b5b0       0xc4 c:/program files (x86)/gnu tools arm embedded/6 2017-q2-update/bin/../lib/gcc/arm-none-eabi/6.3.1/../../../../arm-none-eabi/lib/thumb/v6-m\libg_nano.a(lib_a-nano-svfprintf.o)
                0x0800b5b0                __ssputs_r
 .text._svfprintf_r
                0x0800b674      0x208 c:/program files (x86)/gnu tools arm embedded/6 2017-q2-update/bin/../lib/gcc/arm-none-eabi/6.3.1/../../../../arm-none-eabi/lib/thumb/v6-m\libg_nano.a(lib_a-nano-svfprintf.o)
                0x0800b674                _svfiprintf_r
                0x0800b674                _svfprintf_r
 .text._printf_common
                0x0800b87c       0xda c:/program files (x86)/gnu tools arm embedded/6 2017-q2-update/bin/../lib/gcc/arm-none-eabi/6.3.1/../../../../arm-none-eabi/lib/thumb/v6-m\libg_nano.a(lib_a-nano-vfprintf_i.o)
                0x0800b87c                _printf_common
 *fill*         0x0800b956        0x2 
 .text._printf_i
                0x0800b958      0x234 c:/program files (x86)/gnu tools arm embedded/6 2017-q2-update/bin/../lib/gcc/arm-none-eabi/6.3.1/../../../../arm-none-eabi/lib/thumb/v6-m\libg_nano.a(lib_a-nano-vfprintf_i.o)
                0x0800b958                _printf_i
 .text.memchr   0x0800bb8c       0x16 c:/program files (x86)/gnu tools arm embedded/6 2017-q2-update/bin/../lib/gcc/arm-none-eabi/6.3.1/../../../../arm-none-eabi/lib/thumb/v6-m\libg_nano.a(lib_a-memchr-stub.o)
                0x0800bb8c                memchr
 .text.memmove  0x0800bba2       0x24 c:/program files (x86)/gnu tools arm embedded/6 2017-q2-update/bin/../lib/gcc/arm-none-eabi/6.3.1/../../../../arm-none-eabi/lib/thumb/v6-m\libg_nano.a(lib_a-memmove.o)
                0x0800bba2                memmove
 *fill*         0x0800bbc6        0x2 
 .text._free_r  0x0800bbc8       0x94 c:/program files (x86)/gnu tools arm embedded/6 2017-q2-update/bin/../lib/gcc/arm-none-eabi/6.3.1/../../../../arm-none-eabi/lib/thumb/v6-m\libg_nano.a(lib_a-nano-freer.o)
                0x0800bbc8                _free_r
 .text._malloc_r
                0x0800bc5c       0xbc c:/program files (x86)/gnu tools arm embedded/6 2017-q2-update/bin/../lib/gcc/arm-none-eabi/6.3.1/../../../../arm-none-eabi/lib/thumb/v6-m\libg_nano.a(lib_a-nano-mallocr.o)
                0x0800bc5c                _malloc_r
 .text._realloc_r
                0x0800bd18       0x4c c:/program files (x86)/gnu tools arm embedded/6 2017-q2-update/bin/../lib/gcc/arm-none-eabi/6.3.1/../../../../arm-none-eabi/lib/thumb/v6-m\libg_nano.a(lib_a-nano-reallocr.o)
                0x0800bd18                _realloc_r
 .text._sbrk_r  0x0800bd64       0x24 c:/program files (x86)/gnu tools arm embedded/6 2017-q2-update/bin/../lib/gcc/arm-none-eabi/6.3.1/../../../../arm-none-eabi/lib/thumb/v6-m\libg_nano.a(lib_a-sbrkr.o)
                0x0800bd64                _sbrk_r
 .text.__malloc_lock
                0x0800bd88        0x2 c:/program files (x86)/gnu tools arm embedded/6 2017-q2-update/bin/../lib/gcc/arm-none-eabi/6.3.1/../../../../arm-none-eabi/lib/thumb/v6-m\libg_nano.a(lib_a-mlock.o)
                0x0800bd88                __malloc_lock
 .text.__malloc_unlock
                0x0800bd8a        0x2 c:/program files (x86)/gnu tools arm embedded/6 2017-q2-update/bin/../lib/gcc/arm-none-eabi/6.3.1/../../../../arm-none-eabi/lib/thumb/v6-m\libg_nano.a(lib_a-mlock.o)
                0x0800bd8a                __malloc_unlock
 .text._malloc_usable_size_r
                0x0800bd8c       0x10 c:/program files (x86)/gnu tools arm embedded/6 2017-q2-update/bin/../lib/gcc/arm-none-eabi/6.3.1/../../../../arm-none-eabi/lib/thumb/v6-m\libg_nano.a(lib_a-nano-msizer.o)
                0x0800bd8c                _malloc_usable_size_r
 .text._sbrk    0x0800bd9c       0x1c c:/program files (x86)/gnu tools arm embedded/6 2017-q2-update/bin/../lib/gcc/arm-none-eabi/6.3.1/../../../../arm-none-eabi/lib/thumb/v6-m\libnosys.a(sbrk.o)
                0x0800bd9c                _sbrk
 *(.glue_7)
 .glue_7        0x0800bdb8        0x0 linker stubs
 *(.glue_7t)
 .glue_7t       0x0800bdb8        0x0 linker stubs
 *(.eh_frame)
 .eh_frame      0x0800bdb8        0x0 c:/program files (x86)/gnu tools arm embedded/6 2017-q2-update/bin/../lib/gcc/arm-none-eabi/6.3.1/thumb/v6-m/crtbegin.o
 *(.init)
 .init          0x0800bdb8        0x4 c:/program files (x86)/gnu tools arm embedded/6 2017-q2-update/bin/../lib/gcc/arm-none-eabi/6.3.1/thumb/v6-m/crti.o
                0x0800bdb8                _init
 .init          0x0800bdbc        0x8 c:/program files (x86)/gnu tools arm embedded/6 2017-q2-update/bin/../lib/gcc/arm-none-eabi/6.3.1/thumb/v6-m/crtn.o
 *(.fini)
 .fini          0x0800bdc4        0x4 c:/program files (x86)/gnu tools arm embedded/6 2017-q2-update/bin/../lib/gcc/arm-none-eabi/6.3.1/thumb/v6-m/crti.o
                0x0800bdc4                _fini
 .fini          0x0800bdc8        0x8 c:/program files (x86)/gnu tools arm embedded/6 2017-q2-update/bin/../lib/gcc/arm-none-eabi/6.3.1/thumb/v6-m/crtn.o
                0x0800bdd0                . = ALIGN (0x4)
                0x0800bdd0                _etext = .

.vfp11_veneer   0x0800bdd0        0x0
 .vfp11_veneer  0x0800bdd0        0x0 linker stubs

.v4_bx          0x0800bdd0        0x0
 .v4_bx         0x0800bdd0        0x0 linker stubs

.iplt           0x0800bdd0        0x0
 .iplt          0x0800bdd0        0x0 c:/program files (x86)/gnu tools arm embedded/6 2017-q2-update/bin/../lib/gcc/arm-none-eabi/6.3.1/thumb/v6-m/crtbegin.o

.rodata         0x0800bdd0      0x75c
                0x0800bdd0                . = ALIGN (0x4)
 *(.rodata)
 .rodata        0x0800bdd0        0xd ./Src/adc.o
 *fill*         0x0800bddd        0x3 
 .rodata        0x0800bde0        0xd ./Src/can.o
 *fill*         0x0800bded        0x3 
 .rodata        0x0800bdf0      0x633 ./Src/freertos.o
 *fill*         0x0800c423        0x1 
 .rodata        0x0800c424        0xd ./Src/i2c.o
 *fill*         0x0800c431        0x3 
 .rodata        0x0800c434        0xe ./Src/iwdg.o
 *fill*         0x0800c442        0x2 
 .rodata        0x0800c444        0xe ./Src/main.o
 *fill*         0x0800c452        0x2 
 .rodata        0x0800c454        0xd ./Src/rtc.o
 *fill*         0x0800c461        0x3 
 .rodata        0x0800c464        0xd ./Src/spi.o
 *fill*         0x0800c471        0x3 
 .rodata        0x0800c474        0xd ./Src/tim.o
 *fill*         0x0800c481        0x3 
 .rodata        0x0800c484        0xf ./Src/usart.o
 *fill*         0x0800c493        0x1 
 .rodata        0x0800c494        0x5 ./Middlewares/Third_Party/FreeRTOS/Source/tasks.o
 *fill*         0x0800c499        0x3 
 .rodata        0x0800c49c       0x20 ./Drivers/STM32F0xx_HAL_Driver/Src/stm32f0xx_hal_rcc.o
 *(.rodata*)
 .rodata.ignition_entry
                0x0800c4bc       0x24 ./Src/freertos.o
 .rodata.AHBPrescTable
                0x0800c4e0       0x10 ./Src/system_stm32f0xx.o
                0x0800c4e0                AHBPrescTable
 .rodata.APBPrescTable
                0x0800c4f0        0x8 ./Src/system_stm32f0xx.o
                0x0800c4f0                APBPrescTable
 .rodata._svfprintf_r.str1.1
                0x0800c4f8       0x11 c:/program files (x86)/gnu tools arm embedded/6 2017-q2-update/bin/../lib/gcc/arm-none-eabi/6.3.1/../../../../arm-none-eabi/lib/thumb/v6-m\libg_nano.a(lib_a-nano-svfprintf.o)
 .rodata._printf_i.str1.1
                0x0800c509       0x22 c:/program files (x86)/gnu tools arm embedded/6 2017-q2-update/bin/../lib/gcc/arm-none-eabi/6.3.1/../../../../arm-none-eabi/lib/thumb/v6-m\libg_nano.a(lib_a-nano-vfprintf_i.o)
                0x0800c52c                . = ALIGN (0x4)
 *fill*         0x0800c52b        0x1 

.rel.dyn        0x0800c52c        0x0
 .rel.iplt      0x0800c52c        0x0 c:/program files (x86)/gnu tools arm embedded/6 2017-q2-update/bin/../lib/gcc/arm-none-eabi/6.3.1/thumb/v6-m/crtbegin.o

.ARM.extab
 *(.ARM.extab* .gnu.linkonce.armextab.*)

.ARM            0x0800c52c        0x0
                0x0800c52c                __exidx_start = .
 *(.ARM.exidx*)
                0x0800c52c                __exidx_end = .

.preinit_array  0x0800c52c        0x0
                0x0800c52c                PROVIDE (__preinit_array_start, .)
 *(.preinit_array*)
                0x0800c52c                PROVIDE (__preinit_array_end, .)

.init_array     0x0800c52c        0x4
                0x0800c52c                PROVIDE (__init_array_start, .)
 *(SORT(.init_array.*))
 *(.init_array*)
 .init_array    0x0800c52c        0x4 c:/program files (x86)/gnu tools arm embedded/6 2017-q2-update/bin/../lib/gcc/arm-none-eabi/6.3.1/thumb/v6-m/crtbegin.o
                0x0800c530                PROVIDE (__init_array_end, .)

.fini_array     0x0800c530        0x4
                [!provide]                PROVIDE (__fini_array_start, .)
 *(SORT(.fini_array.*))
 *(.fini_array*)
 .fini_array    0x0800c530        0x4 c:/program files (x86)/gnu tools arm embedded/6 2017-q2-update/bin/../lib/gcc/arm-none-eabi/6.3.1/thumb/v6-m/crtbegin.o
                [!provide]                PROVIDE (__fini_array_end, .)
                0x0800c534                _sidata = LOADADDR (.data)

.data           0x20000000       0xe0 load address 0x0800c534
                0x20000000                . = ALIGN (0x4)
                0x20000000                _sdata = .
 *(.data)
 *(.data*)
 .data.gIG_Event
                0x20000000       0x1c ./Src/freertos.o
                0x20000000                gIG_Event
 .data.gIG_Event_temp
                0x2000001c       0x58 ./Src/freertos.o
                0x2000001c                gIG_Event_temp
 .data.SystemCoreClock
                0x20000074        0x4 ./Src/system_stm32f0xx.o
                0x20000074                SystemCoreClock
 .data.uxCriticalNesting
                0x20000078        0x4 ./Middlewares/Third_Party/FreeRTOS/Source/portable/GCC/ARM_CM0/port.o
 .data._impure_ptr
                0x2000007c        0x4 c:/program files (x86)/gnu tools arm embedded/6 2017-q2-update/bin/../lib/gcc/arm-none-eabi/6.3.1/../../../../arm-none-eabi/lib/thumb/v6-m\libg_nano.a(lib_a-impure.o)
                0x2000007c                _impure_ptr
 .data.impure_data
                0x20000080       0x60 c:/program files (x86)/gnu tools arm embedded/6 2017-q2-update/bin/../lib/gcc/arm-none-eabi/6.3.1/../../../../arm-none-eabi/lib/thumb/v6-m\libg_nano.a(lib_a-impure.o)
                0x200000e0                . = ALIGN (0x4)
                0x200000e0                _edata = .

.jcr            0x200000e0        0x0 load address 0x0800c614
 .jcr           0x200000e0        0x0 c:/program files (x86)/gnu tools arm embedded/6 2017-q2-update/bin/../lib/gcc/arm-none-eabi/6.3.1/thumb/v6-m/crtbegin.o

.igot.plt       0x200000e0        0x0 load address 0x0800c614
 .igot.plt      0x200000e0        0x0 c:/program files (x86)/gnu tools arm embedded/6 2017-q2-update/bin/../lib/gcc/arm-none-eabi/6.3.1/thumb/v6-m/crtbegin.o
                0x200000e0                . = ALIGN (0x4)

.bss            0x200000e0     0x274c load address 0x0800c614
                0x200000e0                _sbss = .
                0x200000e0                __bss_start__ = _sbss
 *(.bss)
 .bss           0x200000e0       0x1c c:/program files (x86)/gnu tools arm embedded/6 2017-q2-update/bin/../lib/gcc/arm-none-eabi/6.3.1/thumb/v6-m/crtbegin.o
 *(.bss*)
 .bss.sva_gpi   0x200000fc        0x1 ./Src/freertos.o
                0x200000fc                sva_gpi
 *fill*         0x200000fd        0x3 
 .bss.EraseInitStruct
                0x20000100        0xc ./Src/freertos.o
 .bss.PageError
                0x2000010c        0x4 ./Src/freertos.o
                0x2000010c                PageError
 .bss.arg_ptr.9170
                0x20000110        0x4 ./Src/freertos.o
 .bss.ucHeap    0x20000114     0x2000 ./Middlewares/Third_Party/FreeRTOS/Source/portable/MemMang/heap_4.o
 .bss.xStart    0x20002114        0x8 ./Middlewares/Third_Party/FreeRTOS/Source/portable/MemMang/heap_4.o
 .bss.pxEnd     0x2000211c        0x4 ./Middlewares/Third_Party/FreeRTOS/Source/portable/MemMang/heap_4.o
 .bss.xFreeBytesRemaining
                0x20002120        0x4 ./Middlewares/Third_Party/FreeRTOS/Source/portable/MemMang/heap_4.o
 .bss.xMinimumEverFreeBytesRemaining
                0x20002124        0x4 ./Middlewares/Third_Party/FreeRTOS/Source/portable/MemMang/heap_4.o
 .bss.xBlockAllocatedBit
                0x20002128        0x4 ./Middlewares/Third_Party/FreeRTOS/Source/portable/MemMang/heap_4.o
 .bss.pxCurrentTCB
                0x2000212c        0x4 ./Middlewares/Third_Party/FreeRTOS/Source/tasks.o
                0x2000212c                pxCurrentTCB
 .bss.pxReadyTasksLists
                0x20002130       0x8c ./Middlewares/Third_Party/FreeRTOS/Source/tasks.o
 .bss.xDelayedTaskList1
                0x200021bc       0x14 ./Middlewares/Third_Party/FreeRTOS/Source/tasks.o
 .bss.xDelayedTaskList2
                0x200021d0       0x14 ./Middlewares/Third_Party/FreeRTOS/Source/tasks.o
 .bss.pxDelayedTaskList
                0x200021e4        0x4 ./Middlewares/Third_Party/FreeRTOS/Source/tasks.o
 .bss.pxOverflowDelayedTaskList
                0x200021e8        0x4 ./Middlewares/Third_Party/FreeRTOS/Source/tasks.o
 .bss.xPendingReadyList
                0x200021ec       0x14 ./Middlewares/Third_Party/FreeRTOS/Source/tasks.o
 .bss.xTasksWaitingTermination
                0x20002200       0x14 ./Middlewares/Third_Party/FreeRTOS/Source/tasks.o
 .bss.uxDeletedTasksWaitingCleanUp
                0x20002214        0x4 ./Middlewares/Third_Party/FreeRTOS/Source/tasks.o
 .bss.xSuspendedTaskList
                0x20002218       0x14 ./Middlewares/Third_Party/FreeRTOS/Source/tasks.o
 .bss.uxCurrentNumberOfTasks
                0x2000222c        0x4 ./Middlewares/Third_Party/FreeRTOS/Source/tasks.o
 .bss.xTickCount
                0x20002230        0x4 ./Middlewares/Third_Party/FreeRTOS/Source/tasks.o
 .bss.uxTopReadyPriority
                0x20002234        0x4 ./Middlewares/Third_Party/FreeRTOS/Source/tasks.o
 .bss.xSchedulerRunning
                0x20002238        0x4 ./Middlewares/Third_Party/FreeRTOS/Source/tasks.o
 .bss.uxPendedTicks
                0x2000223c        0x4 ./Middlewares/Third_Party/FreeRTOS/Source/tasks.o
 .bss.xYieldPending
                0x20002240        0x4 ./Middlewares/Third_Party/FreeRTOS/Source/tasks.o
 .bss.xNumOfOverflows
                0x20002244        0x4 ./Middlewares/Third_Party/FreeRTOS/Source/tasks.o
 .bss.uxTaskNumber
                0x20002248        0x4 ./Middlewares/Third_Party/FreeRTOS/Source/tasks.o
 .bss.xNextTaskUnblockTime
                0x2000224c        0x4 ./Middlewares/Third_Party/FreeRTOS/Source/tasks.o
 .bss.xIdleTaskHandle
                0x20002250        0x4 ./Middlewares/Third_Party/FreeRTOS/Source/tasks.o
 .bss.uxSchedulerSuspended
                0x20002254        0x4 ./Middlewares/Third_Party/FreeRTOS/Source/tasks.o
 .bss.__malloc_free_list
                0x20002258        0x4 c:/program files (x86)/gnu tools arm embedded/6 2017-q2-update/bin/../lib/gcc/arm-none-eabi/6.3.1/../../../../arm-none-eabi/lib/thumb/v6-m\libg_nano.a(lib_a-nano-mallocr.o)
                0x20002258                __malloc_free_list
 .bss.__malloc_sbrk_start
                0x2000225c        0x4 c:/program files (x86)/gnu tools arm embedded/6 2017-q2-update/bin/../lib/gcc/arm-none-eabi/6.3.1/../../../../arm-none-eabi/lib/thumb/v6-m\libg_nano.a(lib_a-nano-mallocr.o)
                0x2000225c                __malloc_sbrk_start
 .bss.heap_end.4116
                0x20002260        0x4 c:/program files (x86)/gnu tools arm embedded/6 2017-q2-update/bin/../lib/gcc/arm-none-eabi/6.3.1/../../../../arm-none-eabi/lib/thumb/v6-m\libnosys.a(sbrk.o)
 *(COMMON)
 COMMON         0x20002264       0x90 ./Src/adc.o
                0x20002264                hdma_adc
                0x200022a8                hadc
 COMMON         0x200022f4       0x44 ./Src/can.o
                0x200022f4                hcan
 COMMON         0x20002338       0x7c ./Src/freertos.o
                0x20002338                USART1_TaskHandle
                0x2000233c                defaultTaskHandle
                0x20002340                USART3_TaskHandle
                0x20002344                ADC_TaskHandle
                0x20002348                dbg_buff
                0x20002388                IWDG_TaskHandle
                0x2000238c                I2C1_TaskHandle
                0x20002390                ADC_TEMP_QHandle
                0x20002394                MUTEX_DebugHandle
                0x20002398                IGNITION_TaskHandle
                0x2000239c                ADC_VOLT_QHandle
                0x200023a0                MUTEX_ADC_QHandle
                0x200023a4                GPIO_MISC_QHandle
                0x200023a8                GPIO_STATE_TaskHandle
                0x200023ac                USART2_TaskHandle
                0x200023b0                CMD_PROC_TaskHandle
 COMMON         0x200023b4       0x9c ./Src/i2c.o
                0x200023b4                hi2c2
                0x20002400                hsmbus1
 COMMON         0x20002450       0x10 ./Src/iwdg.o
                0x20002450                hiwdg
 COMMON         0x20002460       0x20 ./Src/rtc.o
                0x20002460                hrtc
 COMMON         0x20002480       0x64 ./Src/spi.o
                0x20002480                hspi1
 COMMON         0x200024e4       0x40 ./Src/stm32f0xx_hal_timebase_TIM.o
                0x200024e4                htim1
 COMMON         0x20002524       0x80 ./Src/tim.o
                0x20002524                htim2
                0x20002564                htim14
 COMMON         0x200025a4      0x260 ./Src/usart.o
                0x200025a4                hdma_usart2_rx
                0x200025e8                huart3
                0x20002658                hdma_usart1_tx
                0x2000269c                hdma_usart1_rx
                0x200026e0                hdma_usart2_tx
                0x20002724                huart1
                0x20002794                huart2
 COMMON         0x20002804        0x4 ./Drivers/STM32F0xx_HAL_Driver/Src/stm32f0xx_hal.o
                0x20002804                uwTick
 COMMON         0x20002808       0x20 ./Drivers/STM32F0xx_HAL_Driver/Src/stm32f0xx_hal_flash.o
                0x20002808                pFlash
 COMMON         0x20002828        0x4 c:/program files (x86)/gnu tools arm embedded/6 2017-q2-update/bin/../lib/gcc/arm-none-eabi/6.3.1/../../../../arm-none-eabi/lib/thumb/v6-m\libg_nano.a(lib_a-reent.o)
                0x20002828                errno
                0x2000282c                . = ALIGN (0x4)
                0x2000282c                _ebss = .
                0x2000282c                __bss_end__ = _ebss

._user_heap_stack
                0x2000282c      0x604 load address 0x0800c614
                0x20002830                . = ALIGN (0x8)
 *fill*         0x2000282c        0x4 
                0x20002830                PROVIDE (end, .)
                [!provide]                PROVIDE (_end, .)
                0x20002a30                . = (. + _Min_Heap_Size)
 *fill*         0x20002830      0x200 
                0x20002e30                . = (. + _Min_Stack_Size)
 *fill*         0x20002a30      0x400 
                0x20002e30                . = ALIGN (0x8)

/DISCARD/
 libc.a(*)
 libm.a(*)
 libgcc.a(*)

.ARM.attributes
                0x00000000       0x28
 *(.ARM.attributes)
 .ARM.attributes
                0x00000000       0x1e c:/program files (x86)/gnu tools arm embedded/6 2017-q2-update/bin/../lib/gcc/arm-none-eabi/6.3.1/thumb/v6-m/crti.o
 .ARM.attributes
                0x0000001e       0x2c c:/program files (x86)/gnu tools arm embedded/6 2017-q2-update/bin/../lib/gcc/arm-none-eabi/6.3.1/thumb/v6-m/crtbegin.o
 .ARM.attributes
                0x0000004a       0x31 ./Src/adc.o
 .ARM.attributes
                0x0000007b       0x31 ./Src/can.o
 .ARM.attributes
                0x000000ac       0x31 ./Src/dma.o
 .ARM.attributes
                0x000000dd       0x31 ./Src/freertos.o
 .ARM.attributes
                0x0000010e       0x31 ./Src/gpio.o
 .ARM.attributes
                0x0000013f       0x31 ./Src/i2c.o
 .ARM.attributes
                0x00000170       0x31 ./Src/iwdg.o
 .ARM.attributes
                0x000001a1       0x31 ./Src/main.o
 .ARM.attributes
                0x000001d2       0x31 ./Src/rtc.o
 .ARM.attributes
                0x00000203       0x31 ./Src/spi.o
 .ARM.attributes
                0x00000234       0x21 ./Src/startup_stm32f091xc.o
 .ARM.attributes
                0x00000255       0x31 ./Src/stm32f0xx_hal_msp.o
 .ARM.attributes
                0x00000286       0x31 ./Src/stm32f0xx_hal_timebase_TIM.o
 .ARM.attributes
                0x000002b7       0x31 ./Src/stm32f0xx_it.o
 .ARM.attributes
                0x000002e8       0x31 ./Src/system_stm32f0xx.o
 .ARM.attributes
                0x00000319       0x31 ./Src/tim.o
 .ARM.attributes
                0x0000034a       0x31 ./Src/usart.o
 .ARM.attributes
                0x0000037b       0x31 ./Middlewares/Third_Party/FreeRTOS/Source/portable/MemMang/heap_4.o
 .ARM.attributes
                0x000003ac       0x31 ./Middlewares/Third_Party/FreeRTOS/Source/portable/GCC/ARM_CM0/port.o
 .ARM.attributes
                0x000003dd       0x31 ./Middlewares/Third_Party/FreeRTOS/Source/CMSIS_RTOS/cmsis_os.o
 .ARM.attributes
                0x0000040e       0x31 ./Middlewares/Third_Party/FreeRTOS/Source/list.o
 .ARM.attributes
                0x0000043f       0x31 ./Middlewares/Third_Party/FreeRTOS/Source/queue.o
 .ARM.attributes
                0x00000470       0x31 ./Middlewares/Third_Party/FreeRTOS/Source/tasks.o
 .ARM.attributes
                0x000004a1       0x31 ./Drivers/STM32F0xx_HAL_Driver/Src/stm32f0xx_hal.o
 .ARM.attributes
                0x000004d2       0x31 ./Drivers/STM32F0xx_HAL_Driver/Src/stm32f0xx_hal_adc.o
 .ARM.attributes
                0x00000503       0x31 ./Drivers/STM32F0xx_HAL_Driver/Src/stm32f0xx_hal_can.o
 .ARM.attributes
                0x00000534       0x31 ./Drivers/STM32F0xx_HAL_Driver/Src/stm32f0xx_hal_cortex.o
 .ARM.attributes
                0x00000565       0x31 ./Drivers/STM32F0xx_HAL_Driver/Src/stm32f0xx_hal_dma.o
 .ARM.attributes
                0x00000596       0x31 ./Drivers/STM32F0xx_HAL_Driver/Src/stm32f0xx_hal_flash.o
 .ARM.attributes
                0x000005c7       0x31 ./Drivers/STM32F0xx_HAL_Driver/Src/stm32f0xx_hal_flash_ex.o
 .ARM.attributes
                0x000005f8       0x31 ./Drivers/STM32F0xx_HAL_Driver/Src/stm32f0xx_hal_gpio.o
 .ARM.attributes
                0x00000629       0x31 ./Drivers/STM32F0xx_HAL_Driver/Src/stm32f0xx_hal_i2c.o
 .ARM.attributes
                0x0000065a       0x31 ./Drivers/STM32F0xx_HAL_Driver/Src/stm32f0xx_hal_i2c_ex.o
 .ARM.attributes
                0x0000068b       0x31 ./Drivers/STM32F0xx_HAL_Driver/Src/stm32f0xx_hal_iwdg.o
 .ARM.attributes
                0x000006bc       0x31 ./Drivers/STM32F0xx_HAL_Driver/Src/stm32f0xx_hal_pwr.o
 .ARM.attributes
                0x000006ed       0x31 ./Drivers/STM32F0xx_HAL_Driver/Src/stm32f0xx_hal_rcc.o
 .ARM.attributes
                0x0000071e       0x31 ./Drivers/STM32F0xx_HAL_Driver/Src/stm32f0xx_hal_rcc_ex.o
 .ARM.attributes
                0x0000074f       0x31 ./Drivers/STM32F0xx_HAL_Driver/Src/stm32f0xx_hal_rtc.o
 .ARM.attributes
                0x00000780       0x31 ./Drivers/STM32F0xx_HAL_Driver/Src/stm32f0xx_hal_rtc_ex.o
 .ARM.attributes
                0x000007b1       0x31 ./Drivers/STM32F0xx_HAL_Driver/Src/stm32f0xx_hal_smbus.o
 .ARM.attributes
                0x000007e2       0x31 ./Drivers/STM32F0xx_HAL_Driver/Src/stm32f0xx_hal_spi.o
 .ARM.attributes
                0x00000813       0x31 ./Drivers/STM32F0xx_HAL_Driver/Src/stm32f0xx_hal_tim.o
 .ARM.attributes
                0x00000844       0x31 ./Drivers/STM32F0xx_HAL_Driver/Src/stm32f0xx_hal_tim_ex.o
 .ARM.attributes
                0x00000875       0x31 ./Drivers/STM32F0xx_HAL_Driver/Src/stm32f0xx_hal_uart.o
 .ARM.attributes
                0x000008a6       0x31 ./Drivers/STM32F0xx_HAL_Driver/Src/stm32f0xx_hal_uart_ex.o
 .ARM.attributes
                0x000008d7       0x1e c:/program files (x86)/gnu tools arm embedded/6 2017-q2-update/bin/../lib/gcc/arm-none-eabi/6.3.1/thumb/v6-m\libgcc.a(_udivsi3.o)
 .ARM.attributes
                0x000008f5       0x1e c:/program files (x86)/gnu tools arm embedded/6 2017-q2-update/bin/../lib/gcc/arm-none-eabi/6.3.1/thumb/v6-m\libgcc.a(_dvmd_tls.o)
 .ARM.attributes
                0x00000913       0x2c c:/program files (x86)/gnu tools arm embedded/6 2017-q2-update/bin/../lib/gcc/arm-none-eabi/6.3.1/../../../../arm-none-eabi/lib/thumb/v6-m\libg_nano.a(lib_a-impure.o)
 .ARM.attributes
                0x0000093f       0x2c c:/program files (x86)/gnu tools arm embedded/6 2017-q2-update/bin/../lib/gcc/arm-none-eabi/6.3.1/../../../../arm-none-eabi/lib/thumb/v6-m\libg_nano.a(lib_a-init.o)
 .ARM.attributes
                0x0000096b       0x2c c:/program files (x86)/gnu tools arm embedded/6 2017-q2-update/bin/../lib/gcc/arm-none-eabi/6.3.1/../../../../arm-none-eabi/lib/thumb/v6-m\libg_nano.a(lib_a-memcpy-stub.o)
 .ARM.attributes
                0x00000997       0x2c c:/program files (x86)/gnu tools arm embedded/6 2017-q2-update/bin/../lib/gcc/arm-none-eabi/6.3.1/../../../../arm-none-eabi/lib/thumb/v6-m\libg_nano.a(lib_a-memset.o)
 .ARM.attributes
                0x000009c3       0x2c c:/program files (x86)/gnu tools arm embedded/6 2017-q2-update/bin/../lib/gcc/arm-none-eabi/6.3.1/../../../../arm-none-eabi/lib/thumb/v6-m\libg_nano.a(lib_a-strncpy.o)
 .ARM.attributes
                0x000009ef       0x2c c:/program files (x86)/gnu tools arm embedded/6 2017-q2-update/bin/../lib/gcc/arm-none-eabi/6.3.1/../../../../arm-none-eabi/lib/thumb/v6-m\libg_nano.a(lib_a-vsnprintf.o)
 .ARM.attributes
                0x00000a1b       0x2c c:/program files (x86)/gnu tools arm embedded/6 2017-q2-update/bin/../lib/gcc/arm-none-eabi/6.3.1/../../../../arm-none-eabi/lib/thumb/v6-m\libg_nano.a(lib_a-nano-svfprintf.o)
 .ARM.attributes
                0x00000a47       0x2c c:/program files (x86)/gnu tools arm embedded/6 2017-q2-update/bin/../lib/gcc/arm-none-eabi/6.3.1/../../../../arm-none-eabi/lib/thumb/v6-m\libg_nano.a(lib_a-nano-vfprintf_i.o)
 .ARM.attributes
                0x00000a73       0x2c c:/program files (x86)/gnu tools arm embedded/6 2017-q2-update/bin/../lib/gcc/arm-none-eabi/6.3.1/../../../../arm-none-eabi/lib/thumb/v6-m\libg_nano.a(lib_a-memchr-stub.o)
 .ARM.attributes
                0x00000a9f       0x2c c:/program files (x86)/gnu tools arm embedded/6 2017-q2-update/bin/../lib/gcc/arm-none-eabi/6.3.1/../../../../arm-none-eabi/lib/thumb/v6-m\libg_nano.a(lib_a-memmove.o)
 .ARM.attributes
                0x00000acb       0x2c c:/program files (x86)/gnu tools arm embedded/6 2017-q2-update/bin/../lib/gcc/arm-none-eabi/6.3.1/../../../../arm-none-eabi/lib/thumb/v6-m\libg_nano.a(lib_a-nano-freer.o)
 .ARM.attributes
                0x00000af7       0x2c c:/program files (x86)/gnu tools arm embedded/6 2017-q2-update/bin/../lib/gcc/arm-none-eabi/6.3.1/../../../../arm-none-eabi/lib/thumb/v6-m\libg_nano.a(lib_a-nano-mallocr.o)
 .ARM.attributes
                0x00000b23       0x2c c:/program files (x86)/gnu tools arm embedded/6 2017-q2-update/bin/../lib/gcc/arm-none-eabi/6.3.1/../../../../arm-none-eabi/lib/thumb/v6-m\libg_nano.a(lib_a-nano-reallocr.o)
 .ARM.attributes
                0x00000b4f       0x2c c:/program files (x86)/gnu tools arm embedded/6 2017-q2-update/bin/../lib/gcc/arm-none-eabi/6.3.1/../../../../arm-none-eabi/lib/thumb/v6-m\libg_nano.a(lib_a-sbrkr.o)
 .ARM.attributes
                0x00000b7b       0x2c c:/program files (x86)/gnu tools arm embedded/6 2017-q2-update/bin/../lib/gcc/arm-none-eabi/6.3.1/../../../../arm-none-eabi/lib/thumb/v6-m\libg_nano.a(lib_a-mlock.o)
 .ARM.attributes
                0x00000ba7       0x2c c:/program files (x86)/gnu tools arm embedded/6 2017-q2-update/bin/../lib/gcc/arm-none-eabi/6.3.1/../../../../arm-none-eabi/lib/thumb/v6-m\libg_nano.a(lib_a-nano-msizer.o)
 .ARM.attributes
                0x00000bd3       0x2c c:/program files (x86)/gnu tools arm embedded/6 2017-q2-update/bin/../lib/gcc/arm-none-eabi/6.3.1/../../../../arm-none-eabi/lib/thumb/v6-m\libg_nano.a(lib_a-reent.o)
 .ARM.attributes
                0x00000bff       0x2c c:/program files (x86)/gnu tools arm embedded/6 2017-q2-update/bin/../lib/gcc/arm-none-eabi/6.3.1/../../../../arm-none-eabi/lib/thumb/v6-m\libnosys.a(sbrk.o)
 .ARM.attributes
                0x00000c2b       0x1e c:/program files (x86)/gnu tools arm embedded/6 2017-q2-update/bin/../lib/gcc/arm-none-eabi/6.3.1/thumb/v6-m/crtn.o
OUTPUT(STM32F091RCTx_freeRTOS.elf elf32-littlearm)

.debug_info     0x00000000    0x33009
 .debug_info    0x00000000     0x1043 ./Src/adc.o
 .debug_info    0x00001043     0x1184 ./Src/can.o
 .debug_info    0x000021c7      0xafb ./Src/dma.o
 .debug_info    0x00002cc2     0x1d80 ./Src/freertos.o
 .debug_info    0x00004a42      0xba4 ./Src/gpio.o
 .debug_info    0x000055e6     0x1363 ./Src/i2c.o
 .debug_info    0x00006949      0xa2d ./Src/iwdg.o
 .debug_info    0x00007376     0x2538 ./Src/main.o
 .debug_info    0x000098ae      0xe25 ./Src/rtc.o
 .debug_info    0x0000a6d3     0x107d ./Src/spi.o
 .debug_info    0x0000b750       0x89 ./Src/startup_stm32f091xc.o
 .debug_info    0x0000b7d9      0xafb ./Src/stm32f0xx_hal_msp.o
 .debug_info    0x0000c2d4     0x10a9 ./Src/stm32f0xx_hal_timebase_TIM.o
 .debug_info    0x0000d37d     0x1873 ./Src/stm32f0xx_it.o
 .debug_info    0x0000ebf0      0xa77 ./Src/system_stm32f0xx.o
 .debug_info    0x0000f667     0x1237 ./Src/tim.o
 .debug_info    0x0001089e     0x129e ./Src/usart.o
 .debug_info    0x00011b3c      0xb30 ./Middlewares/Third_Party/FreeRTOS/Source/portable/MemMang/heap_4.o
 .debug_info    0x0001266c      0x25c ./Middlewares/Third_Party/FreeRTOS/Source/portable/GCC/ARM_CM0/port.o
 .debug_info    0x000128c8     0x1a7c ./Middlewares/Third_Party/FreeRTOS/Source/CMSIS_RTOS/cmsis_os.o
 .debug_info    0x00014344      0xad7 ./Middlewares/Third_Party/FreeRTOS/Source/list.o
 .debug_info    0x00014e1b     0x1468 ./Middlewares/Third_Party/FreeRTOS/Source/queue.o
 .debug_info    0x00016283     0x1a5d ./Middlewares/Third_Party/FreeRTOS/Source/tasks.o
 .debug_info    0x00017ce0      0xe02 ./Drivers/STM32F0xx_HAL_Driver/Src/stm32f0xx_hal.o
 .debug_info    0x00018ae2     0x1491 ./Drivers/STM32F0xx_HAL_Driver/Src/stm32f0xx_hal_adc.o
 .debug_info    0x00019f73     0x12ec ./Drivers/STM32F0xx_HAL_Driver/Src/stm32f0xx_hal_can.o
 .debug_info    0x0001b25f      0xf49 ./Drivers/STM32F0xx_HAL_Driver/Src/stm32f0xx_hal_cortex.o
 .debug_info    0x0001c1a8      0xf9f ./Drivers/STM32F0xx_HAL_Driver/Src/stm32f0xx_hal_dma.o
 .debug_info    0x0001d147      0xd3c ./Drivers/STM32F0xx_HAL_Driver/Src/stm32f0xx_hal_flash.o
 .debug_info    0x0001de83      0xf99 ./Drivers/STM32F0xx_HAL_Driver/Src/stm32f0xx_hal_flash_ex.o
 .debug_info    0x0001ee1c      0xea6 ./Drivers/STM32F0xx_HAL_Driver/Src/stm32f0xx_hal_gpio.o
 .debug_info    0x0001fcc2     0x23ee ./Drivers/STM32F0xx_HAL_Driver/Src/stm32f0xx_hal_i2c.o
 .debug_info    0x000220b0     0x1100 ./Drivers/STM32F0xx_HAL_Driver/Src/stm32f0xx_hal_i2c_ex.o
 .debug_info    0x000231b0      0xa88 ./Drivers/STM32F0xx_HAL_Driver/Src/stm32f0xx_hal_iwdg.o
 .debug_info    0x00023c38      0xcc0 ./Drivers/STM32F0xx_HAL_Driver/Src/stm32f0xx_hal_pwr.o
 .debug_info    0x000248f8      0xfbd ./Drivers/STM32F0xx_HAL_Driver/Src/stm32f0xx_hal_rcc.o
 .debug_info    0x000258b5      0xe1c ./Drivers/STM32F0xx_HAL_Driver/Src/stm32f0xx_hal_rcc_ex.o
 .debug_info    0x000266d1     0x12a1 ./Drivers/STM32F0xx_HAL_Driver/Src/stm32f0xx_hal_rtc.o
 .debug_info    0x00027972     0x155d ./Drivers/STM32F0xx_HAL_Driver/Src/stm32f0xx_hal_rtc_ex.o
 .debug_info    0x00028ecf     0x13af ./Drivers/STM32F0xx_HAL_Driver/Src/stm32f0xx_hal_smbus.o
 .debug_info    0x0002a27e     0x1dc7 ./Drivers/STM32F0xx_HAL_Driver/Src/stm32f0xx_hal_spi.o
 .debug_info    0x0002c045     0x2ad1 ./Drivers/STM32F0xx_HAL_Driver/Src/stm32f0xx_hal_tim.o
 .debug_info    0x0002eb16     0x187d ./Drivers/STM32F0xx_HAL_Driver/Src/stm32f0xx_hal_tim_ex.o
 .debug_info    0x00030393     0x1b93 ./Drivers/STM32F0xx_HAL_Driver/Src/stm32f0xx_hal_uart.o
 .debug_info    0x00031f26     0x10e3 ./Drivers/STM32F0xx_HAL_Driver/Src/stm32f0xx_hal_uart_ex.o

.debug_abbrev   0x00000000     0x6d48
 .debug_abbrev  0x00000000      0x237 ./Src/adc.o
 .debug_abbrev  0x00000237      0x24b ./Src/can.o
 .debug_abbrev  0x00000482      0x1f9 ./Src/dma.o
 .debug_abbrev  0x0000067b      0x299 ./Src/freertos.o
 .debug_abbrev  0x00000914      0x1fb ./Src/gpio.o
 .debug_abbrev  0x00000b0f      0x22f ./Src/i2c.o
 .debug_abbrev  0x00000d3e      0x1e5 ./Src/iwdg.o
 .debug_abbrev  0x00000f23      0x26f ./Src/main.o
 .debug_abbrev  0x00001192      0x21d ./Src/rtc.o
 .debug_abbrev  0x000013af      0x226 ./Src/spi.o
 .debug_abbrev  0x000015d5       0x12 ./Src/startup_stm32f091xc.o
 .debug_abbrev  0x000015e7      0x1f9 ./Src/stm32f0xx_hal_msp.o
 .debug_abbrev  0x000017e0      0x242 ./Src/stm32f0xx_hal_timebase_TIM.o
 .debug_abbrev  0x00001a22      0x21b ./Src/stm32f0xx_it.o
 .debug_abbrev  0x00001c3d      0x205 ./Src/system_stm32f0xx.o
 .debug_abbrev  0x00001e42      0x25a ./Src/tim.o
 .debug_abbrev  0x0000209c      0x283 ./Src/usart.o
 .debug_abbrev  0x0000231f      0x273 ./Middlewares/Third_Party/FreeRTOS/Source/portable/MemMang/heap_4.o
 .debug_abbrev  0x00002592      0x187 ./Middlewares/Third_Party/FreeRTOS/Source/portable/GCC/ARM_CM0/port.o
 .debug_abbrev  0x00002719      0x330 ./Middlewares/Third_Party/FreeRTOS/Source/CMSIS_RTOS/cmsis_os.o
 .debug_abbrev  0x00002a49      0x1fe ./Middlewares/Third_Party/FreeRTOS/Source/list.o
 .debug_abbrev  0x00002c47      0x2a8 ./Middlewares/Third_Party/FreeRTOS/Source/queue.o
 .debug_abbrev  0x00002eef      0x312 ./Middlewares/Third_Party/FreeRTOS/Source/tasks.o
 .debug_abbrev  0x00003201      0x2a1 ./Drivers/STM32F0xx_HAL_Driver/Src/stm32f0xx_hal.o
 .debug_abbrev  0x000034a2      0x29f ./Drivers/STM32F0xx_HAL_Driver/Src/stm32f0xx_hal_adc.o
 .debug_abbrev  0x00003741      0x2b2 ./Drivers/STM32F0xx_HAL_Driver/Src/stm32f0xx_hal_can.o
 .debug_abbrev  0x000039f3      0x33b ./Drivers/STM32F0xx_HAL_Driver/Src/stm32f0xx_hal_cortex.o
 .debug_abbrev  0x00003d2e      0x2bd ./Drivers/STM32F0xx_HAL_Driver/Src/stm32f0xx_hal_dma.o
 .debug_abbrev  0x00003feb      0x2e8 ./Drivers/STM32F0xx_HAL_Driver/Src/stm32f0xx_hal_flash.o
 .debug_abbrev  0x000042d3      0x2e6 ./Drivers/STM32F0xx_HAL_Driver/Src/stm32f0xx_hal_flash_ex.o
 .debug_abbrev  0x000045b9      0x294 ./Drivers/STM32F0xx_HAL_Driver/Src/stm32f0xx_hal_gpio.o
 .debug_abbrev  0x0000484d      0x2e0 ./Drivers/STM32F0xx_HAL_Driver/Src/stm32f0xx_hal_i2c.o
 .debug_abbrev  0x00004b2d      0x262 ./Drivers/STM32F0xx_HAL_Driver/Src/stm32f0xx_hal_i2c_ex.o
 .debug_abbrev  0x00004d8f      0x21d ./Drivers/STM32F0xx_HAL_Driver/Src/stm32f0xx_hal_iwdg.o
 .debug_abbrev  0x00004fac      0x257 ./Drivers/STM32F0xx_HAL_Driver/Src/stm32f0xx_hal_pwr.o
 .debug_abbrev  0x00005203      0x2bc ./Drivers/STM32F0xx_HAL_Driver/Src/stm32f0xx_hal_rcc.o
 .debug_abbrev  0x000054bf      0x290 ./Drivers/STM32F0xx_HAL_Driver/Src/stm32f0xx_hal_rcc_ex.o
 .debug_abbrev  0x0000574f      0x2b6 ./Drivers/STM32F0xx_HAL_Driver/Src/stm32f0xx_hal_rtc.o
 .debug_abbrev  0x00005a05      0x2b6 ./Drivers/STM32F0xx_HAL_Driver/Src/stm32f0xx_hal_rtc_ex.o
 .debug_abbrev  0x00005cbb      0x2e0 ./Drivers/STM32F0xx_HAL_Driver/Src/stm32f0xx_hal_smbus.o
 .debug_abbrev  0x00005f9b      0x2cf ./Drivers/STM32F0xx_HAL_Driver/Src/stm32f0xx_hal_spi.o
 .debug_abbrev  0x0000626a      0x2e6 ./Drivers/STM32F0xx_HAL_Driver/Src/stm32f0xx_hal_tim.o
 .debug_abbrev  0x00006550      0x2c3 ./Drivers/STM32F0xx_HAL_Driver/Src/stm32f0xx_hal_tim_ex.o
 .debug_abbrev  0x00006813      0x2ac ./Drivers/STM32F0xx_HAL_Driver/Src/stm32f0xx_hal_uart.o
 .debug_abbrev  0x00006abf      0x289 ./Drivers/STM32F0xx_HAL_Driver/Src/stm32f0xx_hal_uart_ex.o

.debug_aranges  0x00000000     0x1e40
 .debug_aranges
                0x00000000       0x30 ./Src/adc.o
 .debug_aranges
                0x00000030       0x30 ./Src/can.o
 .debug_aranges
                0x00000060       0x20 ./Src/dma.o
 .debug_aranges
                0x00000080       0x78 ./Src/freertos.o
 .debug_aranges
                0x000000f8       0x20 ./Src/gpio.o
 .debug_aranges
                0x00000118       0x48 ./Src/i2c.o
 .debug_aranges
                0x00000160       0x20 ./Src/iwdg.o
 .debug_aranges
                0x00000180       0x38 ./Src/main.o
 .debug_aranges
                0x000001b8       0x30 ./Src/rtc.o
 .debug_aranges
                0x000001e8       0x30 ./Src/spi.o
 .debug_aranges
                0x00000218       0x28 ./Src/startup_stm32f091xc.o
 .debug_aranges
                0x00000240       0x20 ./Src/stm32f0xx_hal_msp.o
 .debug_aranges
                0x00000260       0x30 ./Src/stm32f0xx_hal_timebase_TIM.o
 .debug_aranges
                0x00000290       0x70 ./Src/stm32f0xx_it.o
 .debug_aranges
                0x00000300       0x28 ./Src/system_stm32f0xx.o
 .debug_aranges
                0x00000328       0x40 ./Src/tim.o
 .debug_aranges
                0x00000368       0x40 ./Src/usart.o
 .debug_aranges
                0x000003a8       0x50 ./Middlewares/Third_Party/FreeRTOS/Source/portable/MemMang/heap_4.o
 .debug_aranges
                0x000003f8       0x88 ./Middlewares/Third_Party/FreeRTOS/Source/portable/GCC/ARM_CM0/port.o
 .debug_aranges
                0x00000480      0x1d8 ./Middlewares/Third_Party/FreeRTOS/Source/CMSIS_RTOS/cmsis_os.o
 .debug_aranges
                0x00000658       0x40 ./Middlewares/Third_Party/FreeRTOS/Source/list.o
 .debug_aranges
                0x00000698       0xe0 ./Middlewares/Third_Party/FreeRTOS/Source/queue.o
 .debug_aranges
                0x00000778      0x190 ./Middlewares/Third_Party/FreeRTOS/Source/tasks.o
 .debug_aranges
                0x00000908       0xb8 ./Drivers/STM32F0xx_HAL_Driver/Src/stm32f0xx_hal.o
 .debug_aranges
                0x000009c0       0xf8 ./Drivers/STM32F0xx_HAL_Driver/Src/stm32f0xx_hal_adc.o
 .debug_aranges
                0x00000ab8       0xb0 ./Drivers/STM32F0xx_HAL_Driver/Src/stm32f0xx_hal_can.o
 .debug_aranges
                0x00000b68       0xc0 ./Drivers/STM32F0xx_HAL_Driver/Src/stm32f0xx_hal_cortex.o
 .debug_aranges
                0x00000c28       0x88 ./Drivers/STM32F0xx_HAL_Driver/Src/stm32f0xx_hal_dma.o
 .debug_aranges
                0x00000cb0       0x88 ./Drivers/STM32F0xx_HAL_Driver/Src/stm32f0xx_hal_flash.o
 .debug_aranges
                0x00000d38       0x98 ./Drivers/STM32F0xx_HAL_Driver/Src/stm32f0xx_hal_flash_ex.o
 .debug_aranges
                0x00000dd0       0x58 ./Drivers/STM32F0xx_HAL_Driver/Src/stm32f0xx_hal_gpio.o
 .debug_aranges
                0x00000e28      0x260 ./Drivers/STM32F0xx_HAL_Driver/Src/stm32f0xx_hal_i2c.o
 .debug_aranges
                0x00001088       0x48 ./Drivers/STM32F0xx_HAL_Driver/Src/stm32f0xx_hal_i2c_ex.o
 .debug_aranges
                0x000010d0       0x28 ./Drivers/STM32F0xx_HAL_Driver/Src/stm32f0xx_hal_iwdg.o
 .debug_aranges
                0x000010f8       0x78 ./Drivers/STM32F0xx_HAL_Driver/Src/stm32f0xx_hal_pwr.o
 .debug_aranges
                0x00001170       0x80 ./Drivers/STM32F0xx_HAL_Driver/Src/stm32f0xx_hal_rcc.o
 .debug_aranges
                0x000011f0       0x78 ./Drivers/STM32F0xx_HAL_Driver/Src/stm32f0xx_hal_rcc_ex.o
 .debug_aranges
                0x00001268       0xb8 ./Drivers/STM32F0xx_HAL_Driver/Src/stm32f0xx_hal_rtc.o
 .debug_aranges
                0x00001320      0x120 ./Drivers/STM32F0xx_HAL_Driver/Src/stm32f0xx_hal_rtc_ex.o
 .debug_aranges
                0x00001440      0x130 ./Drivers/STM32F0xx_HAL_Driver/Src/stm32f0xx_hal_smbus.o
 .debug_aranges
                0x00001570      0x1d8 ./Drivers/STM32F0xx_HAL_Driver/Src/stm32f0xx_hal_spi.o
 .debug_aranges
                0x00001748      0x378 ./Drivers/STM32F0xx_HAL_Driver/Src/stm32f0xx_hal_tim.o
 .debug_aranges
                0x00001ac0      0x148 ./Drivers/STM32F0xx_HAL_Driver/Src/stm32f0xx_hal_tim_ex.o
 .debug_aranges
                0x00001c08      0x1d8 ./Drivers/STM32F0xx_HAL_Driver/Src/stm32f0xx_hal_uart.o
 .debug_aranges
                0x00001de0       0x60 ./Drivers/STM32F0xx_HAL_Driver/Src/stm32f0xx_hal_uart_ex.o

.debug_ranges   0x00000000     0x1b78
 .debug_ranges  0x00000000       0x20 ./Src/adc.o
 .debug_ranges  0x00000020       0x20 ./Src/can.o
 .debug_ranges  0x00000040       0x10 ./Src/dma.o
 .debug_ranges  0x00000050       0x68 ./Src/freertos.o
 .debug_ranges  0x000000b8       0x10 ./Src/gpio.o
 .debug_ranges  0x000000c8       0x38 ./Src/i2c.o
 .debug_ranges  0x00000100       0x10 ./Src/iwdg.o
 .debug_ranges  0x00000110       0x28 ./Src/main.o
 .debug_ranges  0x00000138       0x20 ./Src/rtc.o
 .debug_ranges  0x00000158       0x20 ./Src/spi.o
 .debug_ranges  0x00000178       0x20 ./Src/startup_stm32f091xc.o
 .debug_ranges  0x00000198       0x10 ./Src/stm32f0xx_hal_msp.o
 .debug_ranges  0x000001a8       0x20 ./Src/stm32f0xx_hal_timebase_TIM.o
 .debug_ranges  0x000001c8       0x60 ./Src/stm32f0xx_it.o