Archive member included to satisfy reference by file (symbol)

c:/program files (x86)/gnu tools arm embedded/6 2017-q2-update/bin/../lib/gcc/arm-none-eabi/6.3.1/thumb/v6-m\libgcc.a(_thumb1_case_sqi.o)
                              ./Drivers/STM32F0xx_HAL_Driver/Src/stm32f0xx_hal_uart.o (__gnu_thumb1_case_sqi)
c:/program files (x86)/gnu tools arm embedded/6 2017-q2-update/bin/../lib/gcc/arm-none-eabi/6.3.1/thumb/v6-m\libgcc.a(_thumb1_case_uqi.o)
                              ./Middlewares/Third_Party/FreeRTOS/Source/tasks.o (__gnu_thumb1_case_uqi)
c:/program files (x86)/gnu tools arm embedded/6 2017-q2-update/bin/../lib/gcc/arm-none-eabi/6.3.1/thumb/v6-m\libgcc.a(_udivsi3.o)
                              ./Src/main.o (__aeabi_uidiv)
c:/program files (x86)/gnu tools arm embedded/6 2017-q2-update/bin/../lib/gcc/arm-none-eabi/6.3.1/thumb/v6-m\libgcc.a(_dvmd_tls.o)
                              c:/program files (x86)/gnu tools arm embedded/6 2017-q2-update/bin/../lib/gcc/arm-none-eabi/6.3.1/thumb/v6-m\libgcc.a(_udivsi3.o) (__aeabi_idiv0)
c:/program files (x86)/gnu tools arm embedded/6 2017-q2-update/bin/../lib/gcc/arm-none-eabi/6.3.1/thumb/v6-m\libgcc.a(_lshrdi3.o)
                              ./Drivers/STM32F0xx_HAL_Driver/Src/stm32f0xx_hal_flash.o (__aeabi_llsr)
c:/program files (x86)/gnu tools arm embedded/6 2017-q2-update/bin/../lib/gcc/arm-none-eabi/6.3.1/../../../../arm-none-eabi/lib/thumb/v6-m\libg_nano.a(lib_a-exit.o)
                              c:/program files (x86)/gnu tools arm embedded/6 2017-q2-update/bin/../lib/gcc/arm-none-eabi/6.3.1/../../../../arm-none-eabi/lib/thumb/v6-m/crt0.o (exit)
c:/program files (x86)/gnu tools arm embedded/6 2017-q2-update/bin/../lib/gcc/arm-none-eabi/6.3.1/../../../../arm-none-eabi/lib/thumb/v6-m\libg_nano.a(lib_a-impure.o)
                              c:/program files (x86)/gnu tools arm embedded/6 2017-q2-update/bin/../lib/gcc/arm-none-eabi/6.3.1/../../../../arm-none-eabi/lib/thumb/v6-m\libg_nano.a(lib_a-exit.o) (_global_impure_ptr)
c:/program files (x86)/gnu tools arm embedded/6 2017-q2-update/bin/../lib/gcc/arm-none-eabi/6.3.1/../../../../arm-none-eabi/lib/thumb/v6-m\libg_nano.a(lib_a-init.o)
                              c:/program files (x86)/gnu tools arm embedded/6 2017-q2-update/bin/../lib/gcc/arm-none-eabi/6.3.1/../../../../arm-none-eabi/lib/thumb/v6-m/crt0.o (__libc_init_array)
c:/program files (x86)/gnu tools arm embedded/6 2017-q2-update/bin/../lib/gcc/arm-none-eabi/6.3.1/../../../../arm-none-eabi/lib/thumb/v6-m\libg_nano.a(lib_a-memcpy-stub.o)
                              ./Src/freertos.o (memcpy)
c:/program files (x86)/gnu tools arm embedded/6 2017-q2-update/bin/../lib/gcc/arm-none-eabi/6.3.1/../../../../arm-none-eabi/lib/thumb/v6-m\libg_nano.a(lib_a-memset.o)
                              c:/program files (x86)/gnu tools arm embedded/6 2017-q2-update/bin/../lib/gcc/arm-none-eabi/6.3.1/../../../../arm-none-eabi/lib/thumb/v6-m/crt0.o (memset)
c:/program files (x86)/gnu tools arm embedded/6 2017-q2-update/bin/../lib/gcc/arm-none-eabi/6.3.1/../../../../arm-none-eabi/lib/thumb/v6-m\libg_nano.a(lib_a-strncpy.o)
                              ./Src/freertos.o (strncpy)
c:/program files (x86)/gnu tools arm embedded/6 2017-q2-update/bin/../lib/gcc/arm-none-eabi/6.3.1/../../../../arm-none-eabi/lib/thumb/v6-m\libg_nano.a(lib_a-vsnprintf.o)
                              ./Src/aewin_def.o (vsnprintf)
c:/program files (x86)/gnu tools arm embedded/6 2017-q2-update/bin/../lib/gcc/arm-none-eabi/6.3.1/../../../../arm-none-eabi/lib/thumb/v6-m\libg_nano.a(lib_a-nano-svfprintf.o)
                              c:/program files (x86)/gnu tools arm embedded/6 2017-q2-update/bin/../lib/gcc/arm-none-eabi/6.3.1/../../../../arm-none-eabi/lib/thumb/v6-m\libg_nano.a(lib_a-vsnprintf.o) (_svfprintf_r)
c:/program files (x86)/gnu tools arm embedded/6 2017-q2-update/bin/../lib/gcc/arm-none-eabi/6.3.1/../../../../arm-none-eabi/lib/thumb/v6-m\libg_nano.a(lib_a-nano-vfprintf_i.o)
                              c:/program files (x86)/gnu tools arm embedded/6 2017-q2-update/bin/../lib/gcc/arm-none-eabi/6.3.1/../../../../arm-none-eabi/lib/thumb/v6-m\libg_nano.a(lib_a-nano-svfprintf.o) (_printf_i)
c:/program files (x86)/gnu tools arm embedded/6 2017-q2-update/bin/../lib/gcc/arm-none-eabi/6.3.1/../../../../arm-none-eabi/lib/thumb/v6-m\libg_nano.a(lib_a-memchr-stub.o)
                              c:/program files (x86)/gnu tools arm embedded/6 2017-q2-update/bin/../lib/gcc/arm-none-eabi/6.3.1/../../../../arm-none-eabi/lib/thumb/v6-m\libg_nano.a(lib_a-nano-svfprintf.o) (memchr)
c:/program files (x86)/gnu tools arm embedded/6 2017-q2-update/bin/../lib/gcc/arm-none-eabi/6.3.1/../../../../arm-none-eabi/lib/thumb/v6-m\libg_nano.a(lib_a-memmove.o)
                              c:/program files (x86)/gnu tools arm embedded/6 2017-q2-update/bin/../lib/gcc/arm-none-eabi/6.3.1/../../../../arm-none-eabi/lib/thumb/v6-m\libg_nano.a(lib_a-nano-svfprintf.o) (memmove)
[...]
Memory Configuration

Name             Origin             Length             Attributes
RAM              0x20000000         0x00008000         xrw
FLASH            0x08000000         0x00040000         xr
*default*        0x00000000         0xffffffff

Linker script and memory map

LOAD c:/program files (x86)/gnu tools arm embedded/6 2017-q2-update/bin/../lib/gcc/arm-none-eabi/6.3.1/thumb/v6-m/crti.o
LOAD c:/program files (x86)/gnu tools arm embedded/6 2017-q2-update/bin/../lib/gcc/arm-none-eabi/6.3.1/thumb/v6-m/crtbegin.o
LOAD c:/program files (x86)/gnu tools arm embedded/6 2017-q2-update/bin/../lib/gcc/arm-none-eabi/6.3.1/../../../../arm-none-eabi/lib/thumb/v6-m/crt0.o
LOAD ./Src/adc.o
LOAD ./Src/aewin_def.o
LOAD ./Src/can.o
LOAD ./Src/dma.o
LOAD ./Src/freertos.o
LOAD ./Src/gpio.o
LOAD ./Src/i2c.o
LOAD ./Src/iwdg.o
LOAD ./Src/main.o
LOAD ./Src/rtc.o
LOAD ./Src/spi.o
LOAD ./Src/startup_stm32f091xc.o
LOAD ./Src/stm32f0xx_hal_msp.o
LOAD ./Src/stm32f0xx_hal_timebase_TIM.o
LOAD ./Src/stm32f0xx_it.o
LOAD ./Src/system_stm32f0xx.o
LOAD ./Src/tim.o
LOAD ./Src/usart.o
LOAD ./Middlewares/Third_Party/FreeRTOS/Source/portable/MemMang/heap_4.o
LOAD ./Middlewares/Third_Party/FreeRTOS/Source/portable/GCC/ARM_CM0/port.o
LOAD ./Middlewares/Third_Party/FreeRTOS/Source/CMSIS_RTOS/cmsis_os.o
LOAD ./Middlewares/Third_Party/FreeRTOS/Source/croutine.o
LOAD ./Middlewares/Third_Party/FreeRTOS/Source/event_groups.o
LOAD ./Middlewares/Third_Party/FreeRTOS/Source/list.o
LOAD ./Middlewares/Third_Party/FreeRTOS/Source/queue.o
LOAD ./Middlewares/Third_Party/FreeRTOS/Source/tasks.o
LOAD ./Middlewares/Third_Party/FreeRTOS/Source/timers.o
LOAD ./Drivers/STM32F0xx_HAL_Driver/Src/stm32f0xx_hal.o
LOAD ./Drivers/STM32F0xx_HAL_Driver/Src/stm32f0xx_hal_adc.o
LOAD ./Drivers/STM32F0xx_HAL_Driver/Src/stm32f0xx_hal_adc_ex.o
LOAD ./Drivers/STM32F0xx_HAL_Driver/Src/stm32f0xx_hal_can.o
LOAD ./Drivers/STM32F0xx_HAL_Driver/Src/stm32f0xx_hal_cortex.o
LOAD ./Drivers/STM32F0xx_HAL_Driver/Src/stm32f0xx_hal_dma.o
LOAD ./Drivers/STM32F0xx_HAL_Driver/Src/stm32f0xx_hal_flash.o
LOAD ./Drivers/STM32F0xx_HAL_Driver/Src/stm32f0xx_hal_flash_ex.o
LOAD ./Drivers/STM32F0xx_HAL_Driver/Src/stm32f0xx_hal_gpio.o
LOAD ./Drivers/STM32F0xx_HAL_Driver/Src/stm32f0xx_hal_i2c.o
LOAD ./Drivers/STM32F0xx_HAL_Driver/Src/stm32f0xx_hal_i2c_ex.o
LOAD ./Drivers/STM32F0xx_HAL_Driver/Src/stm32f0xx_hal_iwdg.o
LOAD ./Drivers/STM32F0xx_HAL_Driver/Src/stm32f0xx_hal_pwr.o
LOAD ./Drivers/STM32F0xx_HAL_Driver/Src/stm32f0xx_hal_pwr_ex.o
LOAD ./Drivers/STM32F0xx_HAL_Driver/Src/stm32f0xx_hal_rcc.o
LOAD ./Drivers/STM32F0xx_HAL_Driver/Src/stm32f0xx_hal_rcc_ex.o
LOAD ./Drivers/STM32F0xx_HAL_Driver/Src/stm32f0xx_hal_rtc.o
LOAD ./Drivers/STM32F0xx_HAL_Driver/Src/stm32f0xx_hal_rtc_ex.o
LOAD ./Drivers/STM32F0xx_HAL_Driver/Src/stm32f0xx_hal_smbus.o
LOAD ./Drivers/STM32F0xx_HAL_Driver/Src/stm32f0xx_hal_spi.o
LOAD ./Drivers/STM32F0xx_HAL_Driver/Src/stm32f0xx_hal_spi_ex.o
LOAD ./Drivers/STM32F0xx_HAL_Driver/Src/stm32f0xx_hal_tim.o
LOAD ./Drivers/STM32F0xx_HAL_Driver/Src/stm32f0xx_hal_tim_ex.o
LOAD ./Drivers/STM32F0xx_HAL_Driver/Src/stm32f0xx_hal_uart.o
LOAD ./Drivers/STM32F0xx_HAL_Driver/Src/stm32f0xx_hal_uart_ex.o
START GROUP
LOAD c:/program files (x86)/gnu tools arm embedded/6 2017-q2-update/bin/../lib/gcc/arm-none-eabi/6.3.1/thumb/v6-m\libgcc.a
LOAD c:/program files (x86)/gnu tools arm embedded/6 2017-q2-update/bin/../lib/gcc/arm-none-eabi/6.3.1/../../../../arm-none-eabi/lib/thumb/v6-m\libg_nano.a
LOAD c:/program files (x86)/gnu tools arm embedded/6 2017-q2-update/bin/../lib/gcc/arm-none-eabi/6.3.1/../../../../arm-none-eabi/lib/thumb/v6-m\libc_nano.a
END GROUP
START GROUP
LOAD c:/program files (x86)/gnu tools arm embedded/6 2017-q2-update/bin/../lib/gcc/arm-none-eabi/6.3.1/thumb/v6-m\libgcc.a
LOAD c:/program files (x86)/gnu tools arm embedded/6 2017-q2-update/bin/../lib/gcc/arm-none-eabi/6.3.1/../../../../arm-none-eabi/lib/thumb/v6-m\libc_nano.a
LOAD c:/program files (x86)/gnu tools arm embedded/6 2017-q2-update/bin/../lib/gcc/arm-none-eabi/6.3.1/../../../../arm-none-eabi/lib/thumb/v6-m\libnosys.a
END GROUP
START GROUP
LOAD c:/program files (x86)/gnu tools arm embedded/6 2017-q2-update/bin/../lib/gcc/arm-none-eabi/6.3.1/thumb/v6-m\libgcc.a
LOAD c:/program files (x86)/gnu tools arm embedded/6 2017-q2-update/bin/../lib/gcc/arm-none-eabi/6.3.1/../../../../arm-none-eabi/lib/thumb/v6-m\libc_nano.a
LOAD c:/program files (x86)/gnu tools arm embedded/6 2017-q2-update/bin/../lib/gcc/arm-none-eabi/6.3.1/../../../../arm-none-eabi/lib/thumb/v6-m\libnosys.a
END GROUP
LOAD c:/program files (x86)/gnu tools arm embedded/6 2017-q2-update/bin/../lib/gcc/arm-none-eabi/6.3.1/thumb/v6-m/crtend.o
LOAD c:/program files (x86)/gnu tools arm embedded/6 2017-q2-update/bin/../lib/gcc/arm-none-eabi/6.3.1/thumb/v6-m/crtn.o
                0x20008000                _estack = 0x20008000
                0x00000200                _Min_Heap_Size = 0x200
                0x00000400                _Min_Stack_Size = 0x400

.isr_vector     0x08000000       0xbc
                0x08000000                . = ALIGN (0x4)
 *(.isr_vector)
 .isr_vector    0x08000000       0xbc ./Src/startup_stm32f091xc.o
                0x08000000                g_pfnVectors
                0x080000bc                . = ALIGN (0x4)

.text           0x080000c0     0x544c
                0x080000c0                . = ALIGN (0x4)
 *(.text)
 .text          0x080000c0       0x60 c:/program files (x86)/gnu tools arm embedded/6 2017-q2-update/bin/../lib/gcc/arm-none-eabi/6.3.1/thumb/v6-m/crtbegin.o
 .text          0x08000120       0x14 c:/program files (x86)/gnu tools arm embedded/6 2017-q2-update/bin/../lib/gcc/arm-none-eabi/6.3.1/thumb/v6-m\libgcc.a(_thumb1_case_sqi.o)
                0x08000120                __gnu_thumb1_case_sqi
 .text          0x08000134       0x14 c:/program files (x86)/gnu tools arm embedded/6 2017-q2-update/bin/../lib/gcc/arm-none-eabi/6.3.1/thumb/v6-m\libgcc.a(_thumb1_case_uqi.o)
                0x08000134                __gnu_thumb1_case_uqi
 .text          0x08000148      0x114 c:/program files (x86)/gnu tools arm embedded/6 2017-q2-update/bin/../lib/gcc/arm-none-eabi/6.3.1/thumb/v6-m\libgcc.a(_udivsi3.o)
                0x08000148                __aeabi_uidiv
                0x08000148                __udivsi3
                0x08000254                __aeabi_uidivmod
 .text          0x0800025c        0x4 c:/program files (x86)/gnu tools arm embedded/6 2017-q2-update/bin/../lib/gcc/arm-none-eabi/6.3.1/thumb/v6-m\libgcc.a(_dvmd_tls.o)
                0x0800025c                __aeabi_idiv0
                0x0800025c                __aeabi_ldiv0
 *(.text*)
 .text.MX_ADC_Init
                0x08000260       0xb8 ./Src/adc.o
                0x08000260                MX_ADC_Init
 .text.HAL_ADC_MspInit
                0x08000318       0xd4 ./Src/adc.o
                0x08000318                HAL_ADC_MspInit
 .text.MX_CAN_Init
                0x080003ec       0x40 ./Src/can.o
                0x080003ec                MX_CAN_Init
 .text.HAL_CAN_MspInit
                0x0800042c       0x60 ./Src/can.o
                0x0800042c                HAL_CAN_MspInit
 .text.MX_DMA_Init
                0x0800048c       0x4c ./Src/dma.o
                0x0800048c                MX_DMA_Init
 .text.adc_entry
                0x080004d8        0xa ./Src/freertos.o
                0x080004d8                adc_entry
 *fill*         0x080004e2        0x2 
 .text.usart1_entry
                0x080004e4       0x34 ./Src/freertos.o
                0x080004e4                usart1_entry
 .text.usart3_entry
                0x08000518      0x1ac ./Src/freertos.o
                0x08000518                usart3_entry
 .text.IWDG_entry
                0x080006c4       0x14 ./Src/freertos.o
                0x080006c4                IWDG_entry
 .text.ignition_entry
                0x080006d8        0xa ./Src/freertos.o
                0x080006d8                ignition_entry
 .text.i2c1_entry
                0x080006e2        0xa ./Src/freertos.o
                0x080006e2                i2c1_entry
 .text.StartDefaultTask
                0x080006ec        0xa ./Src/freertos.o
                0x080006ec                StartDefaultTask
 .text.usart2_entry
                0x080006f6        0xa ./Src/freertos.o
                0x080006f6                usart2_entry
 .text.MX_FREERTOS_Init
                0x08000700      0x170 ./Src/freertos.o
                0x08000700                MX_FREERTOS_Init
 .text.MX_GPIO_Init
                0x08000870       0xa8 ./Src/gpio.o
                0x08000870                MX_GPIO_Init
 .text.MX_I2C1_SMBUS_Init
                0x08000918       0x64 ./Src/i2c.o
                0x08000918                MX_I2C1_SMBUS_Init
 .text.MX_I2C2_Init
                0x0800097c       0x6c ./Src/i2c.o
                0x0800097c                MX_I2C2_Init
 .text.HAL_SMBUS_MspInit
                0x080009e8       0x70 ./Src/i2c.o
                0x080009e8                HAL_SMBUS_MspInit
 .text.HAL_I2C_MspInit
                0x08000a58       0x4c ./Src/i2c.o
                0x08000a58                HAL_I2C_MspInit
 .text.MX_IWDG_Init
                0x08000aa4       0x34 ./Src/iwdg.o
                0x08000aa4                MX_IWDG_Init
 .text.SystemClock_Config
                0x08000ad8       0x9c ./Src/main.o
                0x08000ad8                SystemClock_Config
 .text.startup.main
                0x08000b74       0x48 ./Src/main.o
                0x08000b74                main
 .text.HAL_TIM_PeriodElapsedCallback
                0x08000bbc       0x14 ./Src/main.o
                0x08000bbc                HAL_TIM_PeriodElapsedCallback
 .text._Error_Handler
                0x08000bd0        0x2 ./Src/main.o
                0x08000bd0                _Error_Handler
 *fill*         0x08000bd2        0x2 
 .text.MX_RTC_Init
                0x08000bd4      0x100 ./Src/rtc.o
                0x08000bd4                MX_RTC_Init
 .text.HAL_RTC_MspInit
                0x08000cd4       0x20 ./Src/rtc.o
                0x08000cd4                HAL_RTC_MspInit
 .text.MX_SPI1_Init
                0x08000cf4       0x54 ./Src/spi.o
                0x08000cf4                MX_SPI1_Init
 .text.HAL_SPI_MspInit
                0x08000d48       0x60 ./Src/spi.o
                0x08000d48                HAL_SPI_MspInit
 .text.Reset_Handler
                0x08000da8       0x50 ./Src/startup_stm32f091xc.o
                0x08000da8                Reset_Handler
 .text.Default_Handler
                0x08000df8        0x2 ./Src/startup_stm32f091xc.o
                0x08000df8                TIM1_CC_IRQHandler
                0x08000df8                TSC_IRQHandler
                0x08000df8                SPI1_IRQHandler
                0x08000df8                TIM6_DAC_IRQHandler
                0x08000df8                EXTI2_3_IRQHandler
                0x08000df8                I2C2_IRQHandler
                0x08000df8                TIM17_IRQHandler
                0x08000df8                RTC_IRQHandler
                0x08000df8                PVD_VDDIO2_IRQHandler
                0x08000df8                TIM16_IRQHandler
                0x08000df8                TIM3_IRQHandler
                0x08000df8                EXTI4_15_IRQHandler
                0x08000df8                USART3_8_IRQHandler
                0x08000df8                Default_Handler
                0x08000df8                TIM14_IRQHandler
                0x08000df8                TIM7_IRQHandler
                0x08000df8                TIM15_IRQHandler
                0x08000df8                EXTI0_1_IRQHandler
                0x08000df8                SPI2_IRQHandler
                0x08000df8                WWDG_IRQHandler
                0x08000df8                TIM2_IRQHandler
                0x08000df8                FLASH_IRQHandler
 *fill*         0x08000dfa        0x2 
 .text.HAL_MspInit
                0x08000dfc       0x4c ./Src/stm32f0xx_hal_msp.o
                0x08000dfc                HAL_MspInit
 .text.HAL_InitTick
                0x08000e48       0x7c ./Src/stm32f0xx_hal_timebase_TIM.o
                0x08000e48                HAL_InitTick
 .text.NMI_Handler
                0x08000ec4        0x2 ./Src/stm32f0xx_it.o
                0x08000ec4                NMI_Handler
 .text.HardFault_Handler
                0x08000ec6        0x2 ./Src/stm32f0xx_it.o
                0x08000ec6                HardFault_Handler
 .text.SysTick_Handler
                0x08000ec8        0x8 ./Src/stm32f0xx_it.o
                0x08000ec8                SysTick_Handler
 .text.RCC_CRS_IRQHandler
                0x08000ed0        0x2 ./Src/stm32f0xx_it.o
                0x08000ed0                RCC_CRS_IRQHandler
 *fill*         0x08000ed2        0x2 
 .text.DMA1_Ch1_IRQHandler
                0x08000ed4       0x10 ./Src/stm32f0xx_it.o
                0x08000ed4                DMA1_Ch1_IRQHandler
 .text.DMA1_Ch2_3_DMA2_Ch1_2_IRQHandler
                0x08000ee4       0x18 ./Src/stm32f0xx_it.o
                0x08000ee4                DMA1_Ch2_3_DMA2_Ch1_2_IRQHandler
 .text.DMA1_Ch4_7_DMA2_Ch3_5_IRQHandler
                0x08000efc       0x18 ./Src/stm32f0xx_it.o
                0x08000efc                DMA1_Ch4_7_DMA2_Ch3_5_IRQHandler
 .text.ADC1_COMP_IRQHandler
                0x08000f14       0x10 ./Src/stm32f0xx_it.o
                0x08000f14                ADC1_COMP_IRQHandler
 .text.TIM1_BRK_UP_TRG_COM_IRQHandler
                0x08000f24       0x10 ./Src/stm32f0xx_it.o
                0x08000f24                TIM1_BRK_UP_TRG_COM_IRQHandler
 .text.I2C1_IRQHandler
                0x08000f34       0x20 ./Src/stm32f0xx_it.o
                0x08000f34                I2C1_IRQHandler
 .text.USART1_IRQHandler
                0x08000f54       0x10 ./Src/stm32f0xx_it.o
                0x08000f54                USART1_IRQHandler
 .text.USART2_IRQHandler
                0x08000f64       0x10 ./Src/stm32f0xx_it.o
                0x08000f64                USART2_IRQHandler
 .text.CEC_CAN_IRQHandler
                0x08000f74       0x10 ./Src/stm32f0xx_it.o
                0x08000f74                CEC_CAN_IRQHandler
 .text.SystemInit
                0x08000f84       0x60 ./Src/system_stm32f0xx.o
                0x08000f84                SystemInit
 .text.HAL_TIM_Base_MspInit
                0x08000fe4       0x2c ./Src/tim.o
                0x08000fe4                HAL_TIM_Base_MspInit
 .text.HAL_TIM_MspPostInit
                0x08001010       0x30 ./Src/tim.o
                0x08001010                HAL_TIM_MspPostInit
 .text.MX_TIM14_Init
                0x08001040       0x70 ./Src/tim.o
                0x08001040                MX_TIM14_Init
 .text.MX_USART1_UART_Init
                0x080010b0       0x54 ./Src/usart.o
                0x080010b0                MX_USART1_UART_Init
 .text.MX_USART2_UART_Init
                0x08001104       0x58 ./Src/usart.o
                0x08001104                MX_USART2_UART_Init
 .text.MX_USART3_UART_Init
                0x0800115c       0x50 ./Src/usart.o
                0x0800115c                MX_USART3_UART_Init
 .text.HAL_UART_MspInit
                0x080011ac      0x234 ./Src/usart.o
                0x080011ac                HAL_UART_MspInit
 .text.unlikely.prvInsertBlockIntoFreeList
                0x080013e0       0x48 ./Middlewares/Third_Party/FreeRTOS/Source/portable/MemMang/heap_4.o
 .text.pvPortMalloc
                0x08001428      0x104 ./Middlewares/Third_Party/FreeRTOS/Source/portable/MemMang/heap_4.o
                0x08001428                pvPortMalloc
 .text.vPortFree
                0x0800152c       0x48 ./Middlewares/Third_Party/FreeRTOS/Source/portable/MemMang/heap_4.o
                0x0800152c                vPortFree
 .text.prvTaskExitError
                0x08001574       0x14 ./Middlewares/Third_Party/FreeRTOS/Source/portable/GCC/ARM_CM0/port.o
 *fill*         0x08001588        0x8 
 .text.vPortStartFirstTask
                0x08001590       0x34 ./Middlewares/Third_Party/FreeRTOS/Source/portable/GCC/ARM_CM0/port.o
 .text.pxPortInitialiseStack
                0x080015c4       0x20 ./Middlewares/Third_Party/FreeRTOS/Source/portable/GCC/ARM_CM0/port.o
                0x080015c4                pxPortInitialiseStack
 .text.SVC_Handler
                0x080015e4        0x2 ./Middlewares/Third_Party/FreeRTOS/Source/portable/GCC/ARM_CM0/port.o
                0x080015e4                SVC_Handler
 *fill*         0x080015e6        0x2 
 .text.vPortYield
                0x080015e8       0x18 ./Middlewares/Third_Party/FreeRTOS/Source/portable/GCC/ARM_CM0/port.o
                0x080015e8                vPortYield
 .text.vPortEnterCritical
                0x08001600       0x18 ./Middlewares/Third_Party/FreeRTOS/Source/portable/GCC/ARM_CM0/port.o
                0x08001600                vPortEnterCritical
 .text.vPortExitCritical
                0x08001618       0x1c ./Middlewares/Third_Party/FreeRTOS/Source/portable/GCC/ARM_CM0/port.o
                0x08001618                vPortExitCritical
 .text.ulSetInterruptMaskFromISR
                0x08001634        0xa ./Middlewares/Third_Party/FreeRTOS/Source/portable/GCC/ARM_CM0/port.o
                0x08001634                ulSetInterruptMaskFromISR
 .text.vClearInterruptMaskFromISR
                0x0800163e        0x6 ./Middlewares/Third_Party/FreeRTOS/Source/portable/GCC/ARM_CM0/port.o
                0x0800163e                vClearInterruptMaskFromISR
 *fill*         0x08001644        0xc 
 .text.PendSV_Handler
                0x08001650       0x44 ./Middlewares/Third_Party/FreeRTOS/Source/portable/GCC/ARM_CM0/port.o
                0x08001650                PendSV_Handler
 .text.xPortSysTickHandler
                0x08001694       0x24 ./Middlewares/Third_Party/FreeRTOS/Source/portable/GCC/ARM_CM0/port.o
                0x08001694                xPortSysTickHandler
 .text.vPortSetupTimerInterrupt
                0x080016b8       0x28 ./Middlewares/Third_Party/FreeRTOS/Source/portable/GCC/ARM_CM0/port.o
                0x080016b8                vPortSetupTimerInterrupt
 .text.xPortStartScheduler
                0x080016e0       0x34 ./Middlewares/Third_Party/FreeRTOS/Source/portable/GCC/ARM_CM0/port.o
                0x080016e0                xPortStartScheduler
 .text.osKernelStart
                0x08001714        0xa ./Middlewares/Third_Party/FreeRTOS/Source/CMSIS_RTOS/cmsis_os.o
                0x08001714                osKernelStart
 .text.osThreadCreate
                0x0800171e       0x30 ./Middlewares/Third_Party/FreeRTOS/Source/CMSIS_RTOS/cmsis_os.o
                0x0800171e                osThreadCreate
 .text.osDelay  0x0800174e       0x10 ./Middlewares/Third_Party/FreeRTOS/Source/CMSIS_RTOS/cmsis_os.o
                0x0800174e                osDelay
 .text.osMutexCreate
                0x0800175e        0xa ./Middlewares/Third_Party/FreeRTOS/Source/CMSIS_RTOS/cmsis_os.o
                0x0800175e                osMutexCreate
 .text.osMessageCreate
                0x08001768        0xe ./Middlewares/Third_Party/FreeRTOS/Source/CMSIS_RTOS/cmsis_os.o
                0x08001768                osMessageCreate
 .text.osSystickHandler
                0x08001776       0x10 ./Middlewares/Third_Party/FreeRTOS/Source/CMSIS_RTOS/cmsis_os.o
                0x08001776                osSystickHandler
 .text.vListInitialise
                0x08001786       0x16 ./Middlewares/Third_Party/FreeRTOS/Source/list.o
                0x08001786                vListInitialise
 .text.vListInitialiseItem
                0x0800179c        0x6 ./Middlewares/Third_Party/FreeRTOS/Source/list.o
                0x0800179c                vListInitialiseItem
 .text.vListInsertEnd
                0x080017a2       0x18 ./Middlewares/Third_Party/FreeRTOS/Source/list.o
                0x080017a2                vListInsertEnd
 .text.vListInsert
                0x080017ba       0x2e ./Middlewares/Third_Party/FreeRTOS/Source/list.o
                0x080017ba                vListInsert
 .text.uxListRemove
                0x080017e8       0x20 ./Middlewares/Third_Party/FreeRTOS/Source/list.o
                0x080017e8                uxListRemove
 .text.unlikely.prvCopyDataToQueue
                0x08001808       0x70 ./Middlewares/Third_Party/FreeRTOS/Source/queue.o
 .text.prvUnlockQueue
                0x08001878       0x6a ./Middlewares/Third_Party/FreeRTOS/Source/queue.o
 .text.xQueueGenericReset
                0x080018e2       0x68 ./Middlewares/Third_Party/FreeRTOS/Source/queue.o
                0x080018e2                xQueueGenericReset
 .text.xQueueGenericCreate
                0x0800194a       0x3a ./Middlewares/Third_Party/FreeRTOS/Source/queue.o
                0x0800194a                xQueueGenericCreate
 .text.xQueueGenericSend
                0x08001984      0x11e ./Middlewares/Third_Party/FreeRTOS/Source/queue.o
                0x08001984                xQueueGenericSend
 .text.xQueueCreateMutex
                0x08001aa2       0x24 ./Middlewares/Third_Party/FreeRTOS/Source/queue.o
                0x08001aa2                xQueueCreateMutex
 *fill*         0x08001ac6        0x2 
 .text.prvResetNextTaskUnblockTime
                0x08001ac8       0x28 ./Middlewares/Third_Party/FreeRTOS/Source/tasks.o
 .text.prvAddCurrentTaskToDelayedList
                0x08001af0       0x70 ./Middlewares/Third_Party/FreeRTOS/Source/tasks.o
 .text.xTaskCreate
                0x08001b60      0x188 ./Middlewares/Third_Party/FreeRTOS/Source/tasks.o
                0x08001b60                xTaskCreate
 .text.vTaskStartScheduler
                0x08001ce8       0x54 ./Middlewares/Third_Party/FreeRTOS/Source/tasks.o
                0x08001ce8                vTaskStartScheduler
 .text.vTaskSuspendAll
                0x08001d3c       0x10 ./Middlewares/Third_Party/FreeRTOS/Source/tasks.o
                0x08001d3c                vTaskSuspendAll
 .text.xTaskIncrementTick
                0x08001d4c       0xfc ./Middlewares/Third_Party/FreeRTOS/Source/tasks.o
                0x08001d4c                xTaskIncrementTick
 .text.xTaskResumeAll
                0x08001e48       0xd0 ./Middlewares/Third_Party/FreeRTOS/Source/tasks.o
                0x08001e48                xTaskResumeAll
 .text.vTaskDelay
                0x08001f18       0x34 ./Middlewares/Third_Party/FreeRTOS/Source/tasks.o
                0x08001f18                vTaskDelay
 .text.prvIdleTask
                0x08001f4c       0x68 ./Middlewares/Third_Party/FreeRTOS/Source/tasks.o
 .text.vTaskSwitchContext
                0x08001fb4       0x6c ./Middlewares/Third_Party/FreeRTOS/Source/tasks.o
                0x08001fb4                vTaskSwitchContext
 .text.vTaskPlaceOnEventList
                0x08002020       0x24 ./Middlewares/Third_Party/FreeRTOS/Source/tasks.o
                0x08002020                vTaskPlaceOnEventList
 .text.xTaskRemoveFromEventList
                0x08002044       0x78 ./Middlewares/Third_Party/FreeRTOS/Source/tasks.o
                0x08002044                xTaskRemoveFromEventList
 .text.vTaskSetTimeOutState
                0x080020bc       0x20 ./Middlewares/Third_Party/FreeRTOS/Source/tasks.o
                0x080020bc                vTaskSetTimeOutState
 .text.xTaskCheckForTimeOut
                0x080020dc       0x60 ./Middlewares/Third_Party/FreeRTOS/Source/tasks.o
                0x080020dc                xTaskCheckForTimeOut
 .text.vTaskMissedYield
                0x0800213c        0xc ./Middlewares/Third_Party/FreeRTOS/Source/tasks.o
                0x0800213c                vTaskMissedYield
 .text.xTaskGetSchedulerState
                0x08002148       0x20 ./Middlewares/Third_Party/FreeRTOS/Source/tasks.o
                0x08002148                xTaskGetSchedulerState
 .text.xTaskPriorityDisinherit
                0x08002168       0x6c ./Middlewares/Third_Party/FreeRTOS/Source/tasks.o
                0x08002168                xTaskPriorityDisinherit
 .text.HAL_Init
                0x080021d4       0x20 ./Drivers/STM32F0xx_HAL_Driver/Src/stm32f0xx_hal.o
                0x080021d4                HAL_Init
 .text.HAL_IncTick
                0x080021f4       0x10 ./Drivers/STM32F0xx_HAL_Driver/Src/stm32f0xx_hal.o
                0x080021f4                HAL_IncTick
 .text.HAL_GetTick
                0x08002204        0xc ./Drivers/STM32F0xx_HAL_Driver/Src/stm32f0xx_hal.o
                0x08002204                HAL_GetTick
 .text.HAL_ADC_Init
                0x08002210      0x14c ./Drivers/STM32F0xx_HAL_Driver/Src/stm32f0xx_hal_adc.o
                0x08002210                HAL_ADC_Init
 .text.HAL_ADC_ConvCpltCallback
                0x0800235c        0x2 ./Drivers/STM32F0xx_HAL_Driver/Src/stm32f0xx_hal_adc.o
                0x0800235c                HAL_ADC_ConvCpltCallback
 .text.HAL_ADC_LevelOutOfWindowCallback
                0x0800235e        0x2 ./Drivers/STM32F0xx_HAL_Driver/Src/stm32f0xx_hal_adc.o
                0x0800235e                HAL_ADC_LevelOutOfWindowCallback
 .text.HAL_ADC_ErrorCallback
                0x08002360        0x2 ./Drivers/STM32F0xx_HAL_Driver/Src/stm32f0xx_hal_adc.o
                0x08002360                HAL_ADC_ErrorCallback
 *fill*         0x08002362        0x2 
 .text.HAL_ADC_IRQHandler
                0x08002364       0xe0 ./Drivers/STM32F0xx_HAL_Driver/Src/stm32f0xx_hal_adc.o
                0x08002364                HAL_ADC_IRQHandler
 .text.HAL_ADC_ConfigChannel
                0x08002444      0x100 ./Drivers/STM32F0xx_HAL_Driver/Src/stm32f0xx_hal_adc.o
                0x08002444                HAL_ADC_ConfigChannel
 .text.HAL_CAN_Init
                0x08002544      0x13c ./Drivers/STM32F0xx_HAL_Driver/Src/stm32f0xx_hal_can.o
                0x08002544                HAL_CAN_Init
 .text.HAL_CAN_TxCpltCallback
                0x08002680        0x2 ./Drivers/STM32F0xx_HAL_Driver/Src/stm32f0xx_hal_can.o
                0x08002680                HAL_CAN_TxCpltCallback
 .text.HAL_CAN_RxCpltCallback
                0x08002682        0x2 ./Drivers/STM32F0xx_HAL_Driver/Src/stm32f0xx_hal_can.o
                0x08002682                HAL_CAN_RxCpltCallback
 .text.CAN_Receive_IT
                0x08002684      0x10c ./Drivers/STM32F0xx_HAL_Driver/Src/stm32f0xx_hal_can.o
 .text.HAL_CAN_ErrorCallback
                0x08002790        0x2 ./Drivers/STM32F0xx_HAL_Driver/Src/stm32f0xx_hal_can.o
                0x08002790                HAL_CAN_ErrorCallback
 *fill*         0x08002792        0x2 
 .text.HAL_CAN_IRQHandler
                0x08002794      0x1e4 ./Drivers/STM32F0xx_HAL_Driver/Src/stm32f0xx_hal_can.o
                0x08002794                HAL_CAN_IRQHandler
 .text.HAL_NVIC_SetPriority
                0x08002978       0x60 ./Drivers/STM32F0xx_HAL_Driver/Src/stm32f0xx_hal_cortex.o
                0x08002978                HAL_NVIC_SetPriority
 .text.HAL_NVIC_EnableIRQ
                0x080029d8       0x14 ./Drivers/STM32F0xx_HAL_Driver/Src/stm32f0xx_hal_cortex.o
                0x080029d8                HAL_NVIC_EnableIRQ
 .text.HAL_SYSTICK_Config
                0x080029ec       0x34 ./Drivers/STM32F0xx_HAL_Driver/Src/stm32f0xx_hal_cortex.o
                0x080029ec                HAL_SYSTICK_Config
 .text.HAL_SYSTICK_CLKSourceConfig
                0x08002a20       0x1c ./Drivers/STM32F0xx_HAL_Driver/Src/stm32f0xx_hal_cortex.o
                0x08002a20                HAL_SYSTICK_CLKSourceConfig
 .text.DMA_CalcBaseAndBitshift
                0x08002a3c       0x48 ./Drivers/STM32F0xx_HAL_Driver/Src/stm32f0xx_hal_dma.o
 .text.HAL_DMA_Init
                0x08002a84       0x58 ./Drivers/STM32F0xx_HAL_Driver/Src/stm32f0xx_hal_dma.o
                0x08002a84                HAL_DMA_Init
 .text.HAL_DMA_Start_IT
                0x08002adc       0x76 ./Drivers/STM32F0xx_HAL_Driver/Src/stm32f0xx_hal_dma.o
                0x08002adc                HAL_DMA_Start_IT
 .text.HAL_DMA_Abort
                0x08002b52       0x2a ./Drivers/STM32F0xx_HAL_Driver/Src/stm32f0xx_hal_dma.o
                0x08002b52                HAL_DMA_Abort
 .text.HAL_DMA_Abort_IT
                0x08002b7c       0x46 ./Drivers/STM32F0xx_HAL_Driver/Src/stm32f0xx_hal_dma.o
                0x08002b7c                HAL_DMA_Abort_IT
 .text.HAL_DMA_IRQHandler
                0x08002bc2       0x92 ./Drivers/STM32F0xx_HAL_Driver/Src/stm32f0xx_hal_dma.o
                0x08002bc2                HAL_DMA_IRQHandler
 .text.HAL_GPIO_Init
                0x08002c54      0x178 ./Drivers/STM32F0xx_HAL_Driver/Src/stm32f0xx_hal_gpio.o
                0x08002c54                HAL_GPIO_Init
 .text.HAL_GPIO_WritePin
                0x08002dcc        0xc ./Drivers/STM32F0xx_HAL_Driver/Src/stm32f0xx_hal_gpio.o
                0x08002dcc                HAL_GPIO_WritePin
 .text.HAL_I2C_Init
                0x08002dd8       0xac ./Drivers/STM32F0xx_HAL_Driver/Src/stm32f0xx_hal_i2c.o
                0x08002dd8                HAL_I2C_Init
 .text.HAL_I2CEx_ConfigAnalogFilter
                0x08002e84       0x4c ./Drivers/STM32F0xx_HAL_Driver/Src/stm32f0xx_hal_i2c_ex.o
                0x08002e84                HAL_I2CEx_ConfigAnalogFilter
 .text.HAL_I2CEx_ConfigDigitalFilter
                0x08002ed0       0x48 ./Drivers/STM32F0xx_HAL_Driver/Src/stm32f0xx_hal_i2c_ex.o
                0x08002ed0                HAL_I2CEx_ConfigDigitalFilter
 .text.HAL_IWDG_Init
                0x08002f18       0x58 ./Drivers/STM32F0xx_HAL_Driver/Src/stm32f0xx_hal_iwdg.o
                0x08002f18                HAL_IWDG_Init
 .text.HAL_IWDG_Refresh
                0x08002f70       0x10 ./Drivers/STM32F0xx_HAL_Driver/Src/stm32f0xx_hal_iwdg.o
                0x08002f70                HAL_IWDG_Refresh
 .text.HAL_PWR_EnableBkUpAccess
                0x08002f80       0x14 ./Drivers/STM32F0xx_HAL_Driver/Src/stm32f0xx_hal_pwr.o
                0x08002f80                HAL_PWR_EnableBkUpAccess
 .text.HAL_RCC_OscConfig
                0x08002f94      0x464 ./Drivers/STM32F0xx_HAL_Driver/Src/stm32f0xx_hal_rcc.o
                0x08002f94                HAL_RCC_OscConfig
 .text.HAL_RCC_GetSysClockFreq
                0x080033f8       0x78 ./Drivers/STM32F0xx_HAL_Driver/Src/stm32f0xx_hal_rcc.o
                0x080033f8                HAL_RCC_GetSysClockFreq
 .text.HAL_RCC_ClockConfig
                0x08003470      0x15c ./Drivers/STM32F0xx_HAL_Driver/Src/stm32f0xx_hal_rcc.o
                0x08003470                HAL_RCC_ClockConfig
 .text.HAL_RCC_GetHCLKFreq
                0x080035cc        0xc ./Drivers/STM32F0xx_HAL_Driver/Src/stm32f0xx_hal_rcc.o
                0x080035cc                HAL_RCC_GetHCLKFreq
 .text.HAL_RCC_GetPCLK1Freq
                0x080035d8       0x20 ./Drivers/STM32F0xx_HAL_Driver/Src/stm32f0xx_hal_rcc.o
                0x080035d8                HAL_RCC_GetPCLK1Freq
 .text.HAL_RCC_GetClockConfig
                0x080035f8       0x38 ./Drivers/STM32F0xx_HAL_Driver/Src/stm32f0xx_hal_rcc.o
                0x080035f8                HAL_RCC_GetClockConfig
 .text.HAL_RCCEx_PeriphCLKConfig
                0x08003630      0x144 ./Drivers/STM32F0xx_HAL_Driver/Src/stm32f0xx_hal_rcc_ex.o
                0x08003630                HAL_RCCEx_PeriphCLKConfig
 .text.HAL_RTC_WaitForSynchro
                0x08003774       0x34 ./Drivers/STM32F0xx_HAL_Driver/Src/stm32f0xx_hal_rtc.o
                0x08003774                HAL_RTC_WaitForSynchro
 .text.RTC_EnterInitMode
                0x080037a8       0x38 ./Drivers/STM32F0xx_HAL_Driver/Src/stm32f0xx_hal_rtc.o
                0x080037a8                RTC_EnterInitMode
 .text.HAL_RTC_Init
                0x080037e0       0xa8 ./Drivers/STM32F0xx_HAL_Driver/Src/stm32f0xx_hal_rtc.o
                0x080037e0                HAL_RTC_Init
 .text.RTC_ByteToBcd2
                0x08003888       0x16 ./Drivers/STM32F0xx_HAL_Driver/Src/stm32f0xx_hal_rtc.o
                0x08003888                RTC_ByteToBcd2
 *fill*         0x0800389e        0x2 
 .text.HAL_RTC_SetTime
                0x080038a0       0xe8 ./Drivers/STM32F0xx_HAL_Driver/Src/stm32f0xx_hal_rtc.o
                0x080038a0                HAL_RTC_SetTime
 .text.HAL_RTC_SetDate
                0x08003988       0xc8 ./Drivers/STM32F0xx_HAL_Driver/Src/stm32f0xx_hal_rtc.o
                0x08003988                HAL_RTC_SetDate
 .text.HAL_RTC_SetAlarm
                0x08003a50      0x108 ./Drivers/STM32F0xx_HAL_Driver/Src/stm32f0xx_hal_rtc.o
                0x08003a50                HAL_RTC_SetAlarm
 .text.HAL_RTCEx_SetTimeStamp
                0x08003b58       0x40 ./Drivers/STM32F0xx_HAL_Driver/Src/stm32f0xx_hal_rtc_ex.o
                0x08003b58                HAL_RTCEx_SetTimeStamp
 .text.HAL_RTCEx_SetWakeUpTimer
                0x08003b98       0xbc ./Drivers/STM32F0xx_HAL_Driver/Src/stm32f0xx_hal_rtc_ex.o
                0x08003b98                HAL_RTCEx_SetWakeUpTimer
 .text.HAL_RTCEx_BKUPWrite
                0x08003c54        0xc ./Drivers/STM32F0xx_HAL_Driver/Src/stm32f0xx_hal_rtc_ex.o
                0x08003c54                HAL_RTCEx_BKUPWrite
 .text.HAL_RTCEx_BKUPRead
                0x08003c60        0xc ./Drivers/STM32F0xx_HAL_Driver/Src/stm32f0xx_hal_rtc_ex.o
                0x08003c60                HAL_RTCEx_BKUPRead
 .text.SMBUS_Disable_IRQ
                0x08003c6c       0x80 ./Drivers/STM32F0xx_HAL_Driver/Src/stm32f0xx_hal_smbus.o
 .text.SMBUS_TransferConfig
                0x08003cec       0x24 ./Drivers/STM32F0xx_HAL_Driver/Src/stm32f0xx_hal_smbus.o
 .text.HAL_SMBUS_Init
                0x08003d10       0xd8 ./Drivers/STM32F0xx_HAL_Driver/Src/stm32f0xx_hal_smbus.o
                0x08003d10                HAL_SMBUS_Init
 .text.HAL_SMBUS_EnableAlert_IT
                0x08003de8       0x1e ./Drivers/STM32F0xx_HAL_Driver/Src/stm32f0xx_hal_smbus.o
                0x08003de8                HAL_SMBUS_EnableAlert_IT
 .text.HAL_SMBUS_MasterTxCpltCallback
                0x08003e06        0x2 ./Drivers/STM32F0xx_HAL_Driver/Src/stm32f0xx_hal_smbus.o
                0x08003e06                HAL_SMBUS_MasterTxCpltCallback
 .text.HAL_SMBUS_MasterRxCpltCallback
                0x08003e08        0x2 ./Drivers/STM32F0xx_HAL_Driver/Src/stm32f0xx_hal_smbus.o
                0x08003e08                HAL_SMBUS_MasterRxCpltCallback
 .text.HAL_SMBUS_SlaveTxCpltCallback
                0x08003e0a        0x2 ./Drivers/STM32F0xx_HAL_Driver/Src/stm32f0xx_hal_smbus.o
                0x08003e0a                HAL_SMBUS_SlaveTxCpltCallback
 .text.HAL_SMBUS_SlaveRxCpltCallback
                0x08003e0c        0x2 ./Drivers/STM32F0xx_HAL_Driver/Src/stm32f0xx_hal_smbus.o
                0x08003e0c                HAL_SMBUS_SlaveRxCpltCallback
 .text.HAL_SMBUS_AddrCallback
                0x08003e0e        0x2 ./Drivers/STM32F0xx_HAL_Driver/Src/stm32f0xx_hal_smbus.o
                0x08003e0e                HAL_SMBUS_AddrCallback
 .text.HAL_SMBUS_ListenCpltCallback
                0x08003e10        0x2 ./Drivers/STM32F0xx_HAL_Driver/Src/stm32f0xx_hal_smbus.o
                0x08003e10                HAL_SMBUS_ListenCpltCallback
 .text.HAL_SMBUS_ErrorCallback
                0x08003e12        0x2 ./Drivers/STM32F0xx_HAL_Driver/Src/stm32f0xx_hal_smbus.o
                0x08003e12                HAL_SMBUS_ErrorCallback
 .text.SMBUS_ITErrorHandler
                0x08003e14       0xc0 ./Drivers/STM32F0xx_HAL_Driver/Src/stm32f0xx_hal_smbus.o
 .text.HAL_SMBUS_ER_IRQHandler
                0x08003ed4        0x8 ./Drivers/STM32F0xx_HAL_Driver/Src/stm32f0xx_hal_smbus.o
                0x08003ed4                HAL_SMBUS_ER_IRQHandler
 .text.SMBUS_Master_ISR.part.1
                0x08003edc      0x1c4 ./Drivers/STM32F0xx_HAL_Driver/Src/stm32f0xx_hal_smbus.o
 .text.SMBUS_Slave_ISR
                0x080040a0      0x264 ./Drivers/STM32F0xx_HAL_Driver/Src/stm32f0xx_hal_smbus.o
 .text.HAL_SMBUS_EV_IRQHandler
                0x08004304       0xa6 ./Drivers/STM32F0xx_HAL_Driver/Src/stm32f0xx_hal_smbus.o
                0x08004304                HAL_SMBUS_EV_IRQHandler
 *fill*         0x080043aa        0x2 
 .text.HAL_SPI_Init
                0x080043ac       0xbc ./Drivers/STM32F0xx_HAL_Driver/Src/stm32f0xx_hal_spi.o
                0x080043ac                HAL_SPI_Init
 .text.TIM_OC1_SetConfig
                0x08004468       0x88 ./Drivers/STM32F0xx_HAL_Driver/Src/stm32f0xx_hal_tim.o
 .text.TIM_OC3_SetConfig
                0x080044f0       0x88 ./Drivers/STM32F0xx_HAL_Driver/Src/stm32f0xx_hal_tim.o
 .text.TIM_OC4_SetConfig
                0x08004578       0x74 ./Drivers/STM32F0xx_HAL_Driver/Src/stm32f0xx_hal_tim.o
 .text.HAL_TIM_Base_Start_IT
                0x080045ec       0x14 ./Drivers/STM32F0xx_HAL_Driver/Src/stm32f0xx_hal_tim.o
                0x080045ec                HAL_TIM_Base_Start_IT
 .text.HAL_TIM_PWM_MspInit
                0x08004600        0x2 ./Drivers/STM32F0xx_HAL_Driver/Src/stm32f0xx_hal_tim.o
                0x08004600                HAL_TIM_PWM_MspInit
 .text.HAL_TIM_OC_DelayElapsedCallback
                0x08004602        0x2 ./Drivers/STM32F0xx_HAL_Driver/Src/stm32f0xx_hal_tim.o
                0x08004602                HAL_TIM_OC_DelayElapsedCallback
 .text.HAL_TIM_IC_CaptureCallback
                0x08004604        0x2 ./Drivers/STM32F0xx_HAL_Driver/Src/stm32f0xx_hal_tim.o
                0x08004604                HAL_TIM_IC_CaptureCallback
 .text.HAL_TIM_PWM_PulseFinishedCallback
                0x08004606        0x2 ./Drivers/STM32F0xx_HAL_Driver/Src/stm32f0xx_hal_tim.o
                0x08004606                HAL_TIM_PWM_PulseFinishedCallback
 .text.HAL_TIM_TriggerCallback
                0x08004608        0x2 ./Drivers/STM32F0xx_HAL_Driver/Src/stm32f0xx_hal_tim.o
                0x08004608                HAL_TIM_TriggerCallback
 .text.HAL_TIM_IRQHandler
                0x0800460a      0x148 ./Drivers/STM32F0xx_HAL_Driver/Src/stm32f0xx_hal_tim.o
                0x0800460a                HAL_TIM_IRQHandler
 *fill*         0x08004752        0x2 
 .text.TIM_Base_SetConfig
                0x08004754       0xa0 ./Drivers/STM32F0xx_HAL_Driver/Src/stm32f0xx_hal_tim.o
                0x08004754                TIM_Base_SetConfig
 .text.HAL_TIM_Base_Init
                0x080047f4       0x36 ./Drivers/STM32F0xx_HAL_Driver/Src/stm32f0xx_hal_tim.o
                0x080047f4                HAL_TIM_Base_Init
 .text.HAL_TIM_PWM_Init
                0x0800482a       0x36 ./Drivers/STM32F0xx_HAL_Driver/Src/stm32f0xx_hal_tim.o
                0x0800482a                HAL_TIM_PWM_Init
 .text.TIM_OC2_SetConfig
                0x08004860       0x80 ./Drivers/STM32F0xx_HAL_Driver/Src/stm32f0xx_hal_tim.o
                0x08004860                TIM_OC2_SetConfig
 .text.HAL_TIM_PWM_ConfigChannel
                0x080048e0       0xd4 ./Drivers/STM32F0xx_HAL_Driver/Src/stm32f0xx_hal_tim.o
                0x080048e0                HAL_TIM_PWM_ConfigChannel
 .text.HAL_TIMEx_CommutationCallback
                0x080049b4        0x2 ./Drivers/STM32F0xx_HAL_Driver/Src/stm32f0xx_hal_tim_ex.o
                0x080049b4                HAL_TIMEx_CommutationCallback
 .text.HAL_TIMEx_BreakCallback
                0x080049b6        0x2 ./Drivers/STM32F0xx_HAL_Driver/Src/stm32f0xx_hal_tim_ex.o
                0x080049b6                HAL_TIMEx_BreakCallback
 .text.UART_EndRxTransfer
                0x080049b8       0x20 ./Drivers/STM32F0xx_HAL_Driver/Src/stm32f0xx_hal_uart.o
 .text.HAL_UART_Transmit_DMA
                0x080049d8       0x8c ./Drivers/STM32F0xx_HAL_Driver/Src/stm32f0xx_hal_uart.o
                0x080049d8                HAL_UART_Transmit_DMA
 .text.HAL_UART_Receive_DMA
                0x08004a64       0x9c ./Drivers/STM32F0xx_HAL_Driver/Src/stm32f0xx_hal_uart.o
                0x08004a64                HAL_UART_Receive_DMA
 .text.HAL_UART_Abort
                0x08004b00       0x74 ./Drivers/STM32F0xx_HAL_Driver/Src/stm32f0xx_hal_uart.o
                0x08004b00                HAL_UART_Abort
 .text.HAL_UART_TxCpltCallback
                0x08004b74        0x2 ./Drivers/STM32F0xx_HAL_Driver/Src/stm32f0xx_hal_uart.o
                0x08004b74                HAL_UART_TxCpltCallback
 .text.UART_DMATransmitCplt
                0x08004b76       0x30 ./Drivers/STM32F0xx_HAL_Driver/Src/stm32f0xx_hal_uart.o
 .text.HAL_UART_TxHalfCpltCallback
                0x08004ba6        0x2 ./Drivers/STM32F0xx_HAL_Driver/Src/stm32f0xx_hal_uart.o
                0x08004ba6                HAL_UART_TxHalfCpltCallback
 .text.UART_DMATxHalfCplt
                0x08004ba8        0xa ./Drivers/STM32F0xx_HAL_Driver/Src/stm32f0xx_hal_uart.o
 .text.HAL_UART_RxCpltCallback
                0x08004bb2        0x2 ./Drivers/STM32F0xx_HAL_Driver/Src/stm32f0xx_hal_uart.o
                0x08004bb2                HAL_UART_RxCpltCallback
 .text.UART_DMAReceiveCplt
                0x08004bb4       0x44 ./Drivers/STM32F0xx_HAL_Driver/Src/stm32f0xx_hal_uart.o
 .text.HAL_UART_RxHalfCpltCallback
                0x08004bf8        0x2 ./Drivers/STM32F0xx_HAL_Driver/Src/stm32f0xx_hal_uart.o
                0x08004bf8                HAL_UART_RxHalfCpltCallback
 .text.UART_DMARxHalfCplt
                0x08004bfa        0xa ./Drivers/STM32F0xx_HAL_Driver/Src/stm32f0xx_hal_uart.o
 .text.HAL_UART_ErrorCallback
                0x08004c04        0x2 ./Drivers/STM32F0xx_HAL_Driver/Src/stm32f0xx_hal_uart.o
                0x08004c04                HAL_UART_ErrorCallback
 .text.UART_DMAError
                0x08004c06       0x5a ./Drivers/STM32F0xx_HAL_Driver/Src/stm32f0xx_hal_uart.o
 .text.UART_DMAAbortOnError
                0x08004c60       0x16 ./Drivers/STM32F0xx_HAL_Driver/Src/stm32f0xx_hal_uart.o
 *fill*         0x08004c76        0x2 
 .text.UART_SetConfig
                0x08004c78      0x1c0 ./Drivers/STM32F0xx_HAL_Driver/Src/stm32f0xx_hal_uart.o
                0x08004c78                UART_SetConfig
 .text.UART_AdvFeatureConfig
                0x08004e38       0xd0 ./Drivers/STM32F0xx_HAL_Driver/Src/stm32f0xx_hal_uart.o
                0x08004e38                UART_AdvFeatureConfig
 .text.UART_WaitOnFlagUntilTimeout
                0x08004f08       0x64 ./Drivers/STM32F0xx_HAL_Driver/Src/stm32f0xx_hal_uart.o
                0x08004f08                UART_WaitOnFlagUntilTimeout
 .text.HAL_UART_Transmit
                0x08004f6c       0xcc ./Drivers/STM32F0xx_HAL_Driver/Src/stm32f0xx_hal_uart.o
                0x08004f6c                HAL_UART_Transmit
 .text.HAL_UART_Receive
                0x08005038      0x100 ./Drivers/STM32F0xx_HAL_Driver/Src/stm32f0xx_hal_uart.o
                0x08005038                HAL_UART_Receive
 .text.UART_CheckIdleState
                0x08005138       0x84 ./Drivers/STM32F0xx_HAL_Driver/Src/stm32f0xx_hal_uart.o
                0x08005138                UART_CheckIdleState
 .text.HAL_UART_Init
                0x080051bc       0x6c ./Drivers/STM32F0xx_HAL_Driver/Src/stm32f0xx_hal_uart.o
                0x080051bc                HAL_UART_Init
 .text.UART_Transmit_IT
                0x08005228       0x64 ./Drivers/STM32F0xx_HAL_Driver/Src/stm32f0xx_hal_uart.o
                0x08005228                UART_Transmit_IT
 .text.UART_EndTransmit_IT
                0x0800528c       0x1c ./Drivers/STM32F0xx_HAL_Driver/Src/stm32f0xx_hal_uart.o
                0x0800528c                UART_EndTransmit_IT
 .text.UART_Receive_IT
                0x080052a8       0x7c ./Drivers/STM32F0xx_HAL_Driver/Src/stm32f0xx_hal_uart.o
                0x080052a8                UART_Receive_IT
 .text.HAL_UART_IRQHandler
                0x08005324      0x138 ./Drivers/STM32F0xx_HAL_Driver/Src/stm32f0xx_hal_uart.o
                0x08005324                HAL_UART_IRQHandler
 .text.HAL_UARTEx_WakeupCallback
                0x0800545c        0x2 ./Drivers/STM32F0xx_HAL_Driver/Src/stm32f0xx_hal_uart_ex.o
                0x0800545c                HAL_UARTEx_WakeupCallback
 *fill*         0x0800545e        0x2 
 .text.__libc_init_array
                0x08005460       0x48 c:/program files (x86)/gnu tools arm embedded/6 2017-q2-update/bin/../lib/gcc/arm-none-eabi/6.3.1/../../../../arm-none-eabi/lib/thumb/v6-m\libg_nano.a(lib_a-init.o)
                0x08005460                __libc_init_array
 .text.memcpy   0x080054a8       0x12 c:/program files (x86)/gnu tools arm embedded/6 2017-q2-update/bin/../lib/gcc/arm-none-eabi/6.3.1/../../../../arm-none-eabi/lib/thumb/v6-m\libg_nano.a(lib_a-memcpy-stub.o)
                0x080054a8                memcpy
 .text.memset   0x080054ba       0x10 c:/program files (x86)/gnu tools arm embedded/6 2017-q2-update/bin/../lib/gcc/arm-none-eabi/6.3.1/../../../../arm-none-eabi/lib/thumb/v6-m\libg_nano.a(lib_a-memset.o)
                0x080054ba                memset
 .text.strncpy  0x080054ca       0x2a c:/program files (x86)/gnu tools arm embedded/6 2017-q2-update/bin/../lib/gcc/arm-none-eabi/6.3.1/../../../../arm-none-eabi/lib/thumb/v6-m\libg_nano.a(lib_a-strncpy.o)
                0x080054ca                strncpy
 *(.glue_7)
 .glue_7        0x080054f4        0x0 linker stubs
 *(.glue_7t)
 .glue_7t       0x080054f4        0x0 linker stubs
 *(.eh_frame)
 .eh_frame      0x080054f4        0x0 c:/program files (x86)/gnu tools arm embedded/6 2017-q2-update/bin/../lib/gcc/arm-none-eabi/6.3.1/thumb/v6-m/crtbegin.o
 *(.init)
 .init          0x080054f4        0x4 c:/program files (x86)/gnu tools arm embedded/6 2017-q2-update/bin/../lib/gcc/arm-none-eabi/6.3.1/thumb/v6-m/crti.o
                0x080054f4                _init
 .init          0x080054f8        0x8 c:/program files (x86)/gnu tools arm embedded/6 2017-q2-update/bin/../lib/gcc/arm-none-eabi/6.3.1/thumb/v6-m/crtn.o
 *(.fini)
 .fini          0x08005500        0x4 c:/program files (x86)/gnu tools arm embedded/6 2017-q2-update/bin/../lib/gcc/arm-none-eabi/6.3.1/thumb/v6-m/crti.o
                0x08005500                _fini
 .fini          0x08005504        0x8 c:/program files (x86)/gnu tools arm embedded/6 2017-q2-update/bin/../lib/gcc/arm-none-eabi/6.3.1/thumb/v6-m/crtn.o
                0x0800550c                . = ALIGN (0x4)
                0x0800550c                _etext = .

.vfp11_veneer   0x0800550c        0x0
 .vfp11_veneer  0x0800550c        0x0 linker stubs

.v4_bx          0x0800550c        0x0
 .v4_bx         0x0800550c        0x0 linker stubs

.iplt           0x0800550c        0x0
 .iplt          0x0800550c        0x0 c:/program files (x86)/gnu tools arm embedded/6 2017-q2-update/bin/../lib/gcc/arm-none-eabi/6.3.1/thumb/v6-m/crtbegin.o

.rodata         0x0800550c      0x24c
                0x0800550c                . = ALIGN (0x4)
 *(.rodata)
 .rodata        0x0800550c      0x130 ./Src/freertos.o
 .rodata        0x0800563c       0x20 ./Drivers/STM32F0xx_HAL_Driver/Src/stm32f0xx_hal_rcc.o
 *(.rodata*)
 .rodata.MX_ADC_Init.str1.1
                0x0800565c        0xd ./Src/adc.o
 .rodata.MX_CAN_Init.str1.1
                0x08005669        0xd ./Src/can.o
 .rodata.MX_FREERTOS_Init.str1.1
                0x08005676        0xe ./Src/freertos.o
 .rodata.str1.1
                0x08005684       0x5b ./Src/freertos.o
 .rodata.usart3_entry.str1.1
                0x080056df        0x5 ./Src/freertos.o
 .rodata.MX_I2C1_SMBUS_Init.str1.1
                0x080056e4        0xd ./Src/i2c.o
 .rodata.MX_IWDG_Init.str1.1
                0x080056f1        0xe ./Src/iwdg.o
 .rodata.MX_RTC_Init.str1.1
                0x080056ff        0xd ./Src/rtc.o
 .rodata.MX_SPI1_Init.str1.1
                0x0800570c        0xd ./Src/spi.o
 .rodata.AHBPrescTable
                0x08005719       0x10 ./Src/system_stm32f0xx.o
                0x08005719                AHBPrescTable
 .rodata.APBPrescTable
                0x08005729        0x8 ./Src/system_stm32f0xx.o
                0x08005729                APBPrescTable
 .rodata.MX_TIM14_Init.str1.1
                0x08005731        0xd ./Src/tim.o
 .rodata.MX_USART1_UART_Init.str1.1
                0x0800573e        0xf ./Src/usart.o
 .rodata.vTaskStartScheduler.str1.1
                0x0800574d        0x5 ./Middlewares/Third_Party/FreeRTOS/Source/tasks.o
 .rodata.CSWTCH.50
                0x08005752        0x4 ./Drivers/STM32F0xx_HAL_Driver/Src/stm32f0xx_hal_uart.o
                0x08005758                . = ALIGN (0x4)
 *fill*         0x08005756        0x2 

.rel.dyn        0x08005758        0x0
 .rel.iplt      0x08005758        0x0 c:/program files (x86)/gnu tools arm embedded/6 2017-q2-update/bin/../lib/gcc/arm-none-eabi/6.3.1/thumb/v6-m/crtbegin.o

.ARM.extab
 *(.ARM.extab* .gnu.linkonce.armextab.*)

.ARM            0x08005758        0x0
                0x08005758                __exidx_start = .
 *(.ARM.exidx*)
                0x08005758                __exidx_end = .

.preinit_array  0x08005758        0x0
                0x08005758                PROVIDE (__preinit_array_start, .)
 *(.preinit_array*)
                0x08005758                PROVIDE (__preinit_array_end, .)

.init_array     0x08005758        0x4
                0x08005758                PROVIDE (__init_array_start, .)
 *(SORT(.init_array.*))
 *(.init_array*)
 .init_array    0x08005758        0x4 c:/program files (x86)/gnu tools arm embedded/6 2017-q2-update/bin/../lib/gcc/arm-none-eabi/6.3.1/thumb/v6-m/crtbegin.o
                0x0800575c                PROVIDE (__init_array_end, .)

.fini_array     0x0800575c        0x4
                [!provide]                PROVIDE (__fini_array_start, .)
 *(SORT(.fini_array.*))
 *(.fini_array*)
 .fini_array    0x0800575c        0x4 c:/program files (x86)/gnu tools arm embedded/6 2017-q2-update/bin/../lib/gcc/arm-none-eabi/6.3.1/thumb/v6-m/crtbegin.o
                [!provide]                PROVIDE (__fini_array_end, .)
                0x08005760                _sidata = LOADADDR (.data)

.data           0x20000000        0x8 load address 0x08005760
                0x20000000                . = ALIGN (0x4)
                0x20000000                _sdata = .
 *(.data)
 *(.data*)
 .data.SystemCoreClock
                0x20000000        0x4 ./Src/system_stm32f0xx.o
                0x20000000                SystemCoreClock
 .data.uxCriticalNesting
                0x20000004        0x4 ./Middlewares/Third_Party/FreeRTOS/Source/portable/GCC/ARM_CM0/port.o
                0x20000008                . = ALIGN (0x4)
                0x20000008                _edata = .

.jcr            0x20000008        0x0 load address 0x08005768
 .jcr           0x20000008        0x0 c:/program files (x86)/gnu tools arm embedded/6 2017-q2-update/bin/../lib/gcc/arm-none-eabi/6.3.1/thumb/v6-m/crtbegin.o

.igot.plt       0x20000008        0x0 load address 0x08005768
 .igot.plt      0x20000008        0x0 c:/program files (x86)/gnu tools arm embedded/6 2017-q2-update/bin/../lib/gcc/arm-none-eabi/6.3.1/thumb/v6-m/crtbegin.o
                0x20000008                . = ALIGN (0x4)

.bss            0x20000008     0x2678 load address 0x08005768
                0x20000008                _sbss = .
                0x20000008                __bss_start__ = _sbss
 *(.bss)
 .bss           0x20000008       0x1c c:/program files (x86)/gnu tools arm embedded/6 2017-q2-update/bin/../lib/gcc/arm-none-eabi/6.3.1/thumb/v6-m/crtbegin.o
 *(.bss*)
 .bss.pxEnd     0x20000024        0x4 ./Middlewares/Third_Party/FreeRTOS/Source/portable/MemMang/heap_4.o
 .bss.ucHeap    0x20000028     0x2000 ./Middlewares/Third_Party/FreeRTOS/Source/portable/MemMang/heap_4.o
 .bss.xBlockAllocatedBit
                0x20002028        0x4 ./Middlewares/Third_Party/FreeRTOS/Source/portable/MemMang/heap_4.o
 .bss.xFreeBytesRemaining
                0x2000202c        0x4 ./Middlewares/Third_Party/FreeRTOS/Source/portable/MemMang/heap_4.o
 .bss.xMinimumEverFreeBytesRemaining
                0x20002030        0x4 ./Middlewares/Third_Party/FreeRTOS/Source/portable/MemMang/heap_4.o
 .bss.xStart    0x20002034        0x8 ./Middlewares/Third_Party/FreeRTOS/Source/portable/MemMang/heap_4.o
 .bss.pxCurrentTCB
                0x2000203c        0x4 ./Middlewares/Third_Party/FreeRTOS/Source/tasks.o
                0x2000203c                pxCurrentTCB
 .bss.pxDelayedTaskList
                0x20002040        0x4 ./Middlewares/Third_Party/FreeRTOS/Source/tasks.o
 .bss.pxOverflowDelayedTaskList
                0x20002044        0x4 ./Middlewares/Third_Party/FreeRTOS/Source/tasks.o
 .bss.pxReadyTasksLists
                0x20002048       0x8c ./Middlewares/Third_Party/FreeRTOS/Source/tasks.o
 .bss.uxCurrentNumberOfTasks
                0x200020d4        0x4 ./Middlewares/Third_Party/FreeRTOS/Source/tasks.o
 .bss.uxDeletedTasksWaitingCleanUp
                0x200020d8        0x4 ./Middlewares/Third_Party/FreeRTOS/Source/tasks.o
 .bss.uxPendedTicks
                0x200020dc        0x4 ./Middlewares/Third_Party/FreeRTOS/Source/tasks.o
 .bss.uxSchedulerSuspended
                0x200020e0        0x4 ./Middlewares/Third_Party/FreeRTOS/Source/tasks.o
 .bss.uxTaskNumber
                0x200020e4        0x4 ./Middlewares/Third_Party/FreeRTOS/Source/tasks.o
 .bss.uxTopReadyPriority
                0x200020e8        0x4 ./Middlewares/Third_Party/FreeRTOS/Source/tasks.o
 .bss.xDelayedTaskList1
                0x200020ec       0x14 ./Middlewares/Third_Party/FreeRTOS/Source/tasks.o
 .bss.xDelayedTaskList2
                0x20002100       0x14 ./Middlewares/Third_Party/FreeRTOS/Source/tasks.o
 .bss.xIdleTaskHandle
                0x20002114        0x4 ./Middlewares/Third_Party/FreeRTOS/Source/tasks.o
 .bss.xNextTaskUnblockTime
                0x20002118        0x4 ./Middlewares/Third_Party/FreeRTOS/Source/tasks.o
 .bss.xNumOfOverflows
                0x2000211c        0x4 ./Middlewares/Third_Party/FreeRTOS/Source/tasks.o
 .bss.xPendingReadyList
                0x20002120       0x14 ./Middlewares/Third_Party/FreeRTOS/Source/tasks.o
 .bss.xSchedulerRunning
                0x20002134        0x4 ./Middlewares/Third_Party/FreeRTOS/Source/tasks.o
 .bss.xSuspendedTaskList
                0x20002138       0x14 ./Middlewares/Third_Party/FreeRTOS/Source/tasks.o
 .bss.xTasksWaitingTermination
                0x2000214c       0x14 ./Middlewares/Third_Party/FreeRTOS/Source/tasks.o
 .bss.xTickCount
                0x20002160        0x4 ./Middlewares/Third_Party/FreeRTOS/Source/tasks.o
 .bss.xYieldPending
                0x20002164        0x4 ./Middlewares/Third_Party/FreeRTOS/Source/tasks.o
 *(COMMON)
 COMMON         0x20002168       0x90 ./Src/adc.o
                0x20002168                hdma_adc
                0x200021ac                hadc
 COMMON         0x200021f8       0x44 ./Src/can.o
                0x200021f8                hcan
 COMMON         0x2000223c       0x30 ./Src/freertos.o
                0x2000223c                USART1_TaskHandle
                0x20002240                defaultTaskHandle
                0x20002244                MUTEX_GPIO_QHandle
                0x20002248                USART3_TaskHandle
                0x2000224c                ADC_QHandle
                0x20002250                ADC_TaskHandle
                0x20002254                IWDG_TaskHandle
                0x20002258                I2C1_TaskHandle
                0x2000225c                IGNITION_TaskHandle
                0x20002260                MUTEX_ADC_QHandle
                0x20002264                GPIO_MISC_QHandle
                0x20002268                USART2_TaskHandle
 COMMON         0x2000226c       0x9c ./Src/i2c.o
                0x2000226c                hi2c2
                0x200022b8                hsmbus1
 COMMON         0x20002308       0x10 ./Src/iwdg.o
                0x20002308                hiwdg
 COMMON         0x20002318       0x20 ./Src/rtc.o
                0x20002318                hrtc
 COMMON         0x20002338       0x64 ./Src/spi.o
                0x20002338                hspi1
 COMMON         0x2000239c       0x40 ./Src/stm32f0xx_hal_timebase_TIM.o
                0x2000239c                htim1
 COMMON         0x200023dc       0x40 ./Src/tim.o
                0x200023dc                htim14
 COMMON         0x2000241c      0x260 ./Src/usart.o
                0x2000241c                hdma_usart2_rx
                0x20002460                huart3
                0x200024d0                hdma_usart1_tx
                0x20002514                hdma_usart1_rx
                0x20002558                hdma_usart2_tx
                0x2000259c                huart1
                0x2000260c                huart2
 COMMON         0x2000267c        0x4 ./Drivers/STM32F0xx_HAL_Driver/Src/stm32f0xx_hal.o
                0x2000267c                uwTick
                0x20002680                . = ALIGN (0x4)
                0x20002680                _ebss = .
                0x20002680                __bss_end__ = _ebss

._user_heap_stack
                0x20002680      0x600 load address 0x08005768
                0x20002680                . = ALIGN (0x8)
                0x20002680                PROVIDE (end, .)
                [!provide]                PROVIDE (_end, .)
                0x20002880                . = (. + _Min_Heap_Size)
 *fill*         0x20002680      0x200 
                0x20002c80                . = (. + _Min_Stack_Size)
 *fill*         0x20002880      0x400 
                0x20002c80                . = ALIGN (0x8)

/DISCARD/
 libc.a(*)
 libm.a(*)
 libgcc.a(*)

.ARM.attributes
                0x00000000       0x28
 *(.ARM.attributes)
 .ARM.attributes
                0x00000000       0x1e c:/program files (x86)/gnu tools arm embedded/6 2017-q2-update/bin/../lib/gcc/arm-none-eabi/6.3.1/thumb/v6-m/crti.o
 .ARM.attributes
                0x0000001e       0x2c c:/program files (x86)/gnu tools arm embedded/6 2017-q2-update/bin/../lib/gcc/arm-none-eabi/6.3.1/thumb/v6-m/crtbegin.o
 .ARM.attributes
                0x0000004a       0x31 ./Src/adc.o
 .ARM.attributes
                0x0000007b       0x31 ./Src/can.o
 .ARM.attributes
                0x000000ac       0x31 ./Src/dma.o
 .ARM.attributes
                0x000000dd       0x31 ./Src/freertos.o
 .ARM.attributes
                0x0000010e       0x31 ./Src/gpio.o
 .ARM.attributes
                0x0000013f       0x31 ./Src/i2c.o
 .ARM.attributes
                0x00000170       0x31 ./Src/iwdg.o
 .ARM.attributes
                0x000001a1       0x31 ./Src/main.o
 .ARM.attributes
                0x000001d2       0x31 ./Src/rtc.o
 .ARM.attributes
                0x00000203       0x31 ./Src/spi.o
 .ARM.attributes
                0x00000234       0x21 ./Src/startup_stm32f091xc.o
 .ARM.attributes
                0x00000255       0x31 ./Src/stm32f0xx_hal_msp.o
 .ARM.attributes
                0x00000286       0x31 ./Src/stm32f0xx_hal_timebase_TIM.o
 .ARM.attributes
                0x000002b7       0x31 ./Src/stm32f0xx_it.o
 .ARM.attributes
                0x000002e8       0x31 ./Src/system_stm32f0xx.o
 .ARM.attributes
                0x00000319       0x31 ./Src/tim.o
 .ARM.attributes
                0x0000034a       0x31 ./Src/usart.o
 .ARM.attributes
                0x0000037b       0x31 ./Middlewares/Third_Party/FreeRTOS/Source/portable/MemMang/heap_4.o
 .ARM.attributes
                0x000003ac       0x31 ./Middlewares/Third_Party/FreeRTOS/Source/portable/GCC/ARM_CM0/port.o
 .ARM.attributes
                0x000003dd       0x31 ./Middlewares/Third_Party/FreeRTOS/Source/CMSIS_RTOS/cmsis_os.o
 .ARM.attributes
                0x0000040e       0x31 ./Middlewares/Third_Party/FreeRTOS/Source/list.o
 .ARM.attributes
                0x0000043f       0x31 ./Middlewares/Third_Party/FreeRTOS/Source/queue.o
 .ARM.attributes
                0x00000470       0x31 ./Middlewares/Third_Party/FreeRTOS/Source/tasks.o
 .ARM.attributes
                0x000004a1       0x31 ./Drivers/STM32F0xx_HAL_Driver/Src/stm32f0xx_hal.o
 .ARM.attributes
                0x000004d2       0x31 ./Drivers/STM32F0xx_HAL_Driver/Src/stm32f0xx_hal_adc.o
 .ARM.attributes
                0x00000503       0x31 ./Drivers/STM32F0xx_HAL_Driver/Src/stm32f0xx_hal_can.o
 .ARM.attributes
                0x00000534       0x31 ./Drivers/STM32F0xx_HAL_Driver/Src/stm32f0xx_hal_cortex.o
 .ARM.attributes
                0x00000565       0x31 ./Drivers/STM32F0xx_HAL_Driver/Src/stm32f0xx_hal_dma.o
 .ARM.attributes
                0x00000596       0x31 ./Drivers/STM32F0xx_HAL_Driver/Src/stm32f0xx_hal_gpio.o
 .ARM.attributes
                0x000005c7       0x31 ./Drivers/STM32F0xx_HAL_Driver/Src/stm32f0xx_hal_i2c.o
 .ARM.attributes
                0x000005f8       0x31 ./Drivers/STM32F0xx_HAL_Driver/Src/stm32f0xx_hal_i2c_ex.o
 .ARM.attributes
                0x00000629       0x31 ./Drivers/STM32F0xx_HAL_Driver/Src/stm32f0xx_hal_iwdg.o
 .ARM.attributes
                0x0000065a       0x31 ./Drivers/STM32F0xx_HAL_Driver/Src/stm32f0xx_hal_pwr.o
 .ARM.attributes
                0x0000068b       0x31 ./Drivers/STM32F0xx_HAL_Driver/Src/stm32f0xx_hal_rcc.o
 .ARM.attributes
                0x000006bc       0x31 ./Drivers/STM32F0xx_HAL_Driver/Src/stm32f0xx_hal_rcc_ex.o
 .ARM.attributes
                0x000006ed       0x31 ./Drivers/STM32F0xx_HAL_Driver/Src/stm32f0xx_hal_rtc.o
 .ARM.attributes
                0x0000071e       0x31 ./Drivers/STM32F0xx_HAL_Driver/Src/stm32f0xx_hal_rtc_ex.o
 .ARM.attributes
                0x0000074f       0x31 ./Drivers/STM32F0xx_HAL_Driver/Src/stm32f0xx_hal_smbus.o
 .ARM.attributes
                0x00000780       0x31 ./Drivers/STM32F0xx_HAL_Driver/Src/stm32f0xx_hal_spi.o
 .ARM.attributes
                0x000007b1       0x31 ./Drivers/STM32F0xx_HAL_Driver/Src/stm32f0xx_hal_tim.o
 .ARM.attributes
                0x000007e2       0x31 ./Drivers/STM32F0xx_HAL_Driver/Src/stm32f0xx_hal_tim_ex.o
 .ARM.attributes
                0x00000813       0x31 ./Drivers/STM32F0xx_HAL_Driver/Src/stm32f0xx_hal_uart.o
 .ARM.attributes
                0x00000844       0x31 ./Drivers/STM32F0xx_HAL_Driver/Src/stm32f0xx_hal_uart_ex.o
 .ARM.attributes
                0x00000875       0x1e c:/program files (x86)/gnu tools arm embedded/6 2017-q2-update/bin/../lib/gcc/arm-none-eabi/6.3.1/thumb/v6-m\libgcc.a(_thumb1_case_sqi.o)
 .ARM.attributes
                0x00000893       0x1e c:/program files (x86)/gnu tools arm embedded/6 2017-q2-update/bin/../lib/gcc/arm-none-eabi/6.3.1/thumb/v6-m\libgcc.a(_thumb1_case_uqi.o)
 .ARM.attributes
                0x000008b1       0x1e c:/program files (x86)/gnu tools arm embedded/6 2017-q2-update/bin/../lib/gcc/arm-none-eabi/6.3.1/thumb/v6-m\libgcc.a(_udivsi3.o)
 .ARM.attributes
                0x000008cf       0x1e c:/program files (x86)/gnu tools arm embedded/6 2017-q2-update/bin/../lib/gcc/arm-none-eabi/6.3.1/thumb/v6-m\libgcc.a(_dvmd_tls.o)
 .ARM.attributes
                0x000008ed       0x2c c:/program files (x86)/gnu tools arm embedded/6 2017-q2-update/bin/../lib/gcc/arm-none-eabi/6.3.1/../../../../arm-none-eabi/lib/thumb/v6-m\libg_nano.a(lib_a-init.o)
 .ARM.attributes
                0x00000919       0x2c c:/program files (x86)/gnu tools arm embedded/6 2017-q2-update/bin/../lib/gcc/arm-none-eabi/6.3.1/../../../../arm-none-eabi/lib/thumb/v6-m\libg_nano.a(lib_a-memcpy-stub.o)
 .ARM.attributes
                0x00000945       0x2c c:/program files (x86)/gnu tools arm embedded/6 2017-q2-update/bin/../lib/gcc/arm-none-eabi/6.3.1/../../../../arm-none-eabi/lib/thumb/v6-m\libg_nano.a(lib_a-memset.o)
 .ARM.attributes
                0x00000971       0x2c c:/program files (x86)/gnu tools arm embedded/6 2017-q2-update/bin/../lib/gcc/arm-none-eabi/6.3.1/../../../../arm-none-eabi/lib/thumb/v6-m\libg_nano.a(lib_a-strncpy.o)
 .ARM.attributes
                0x0000099d       0x1e c:/program files (x86)/gnu tools arm embedded/6 2017-q2-update/bin/../lib/gcc/arm-none-eabi/6.3.1/thumb/v6-m/crtn.o
OUTPUT(STM32F091RCTx_freeRTOS.elf elf32-littlearm)

.debug_info     0x00000000    0x38c07
 .debug_info    0x00000000     0x13c5 ./Src/adc.o
 .debug_info    0x000013c5     0x127f ./Src/can.o
 .debug_info    0x00002644      0xb9d ./Src/dma.o
 .debug_info    0x000031e1     0x190c ./Src/freertos.o
 .debug_info    0x00004aed      0xc1c ./Src/gpio.o
 .debug_info    0x00005709     0x15ac ./Src/i2c.o
 .debug_info    0x00006cb5      0xa74 ./Src/iwdg.o
 .debug_info    0x00007729     0x278d ./Src/main.o
 .debug_info    0x00009eb6     0x1020 ./Src/rtc.o
 .debug_info    0x0000aed6     0x1146 ./Src/spi.o
 .debug_info    0x0000c01c       0x87 ./Src/startup_stm32f091xc.o
 .debug_info    0x0000c0a3      0xb97 ./Src/stm32f0xx_hal_msp.o
 .debug_info    0x0000cc3a     0x116b ./Src/stm32f0xx_hal_timebase_TIM.o
 .debug_info    0x0000dda5     0x1b7a ./Src/stm32f0xx_it.o
 .debug_info    0x0000f91f      0xa77 ./Src/system_stm32f0xx.o
 .debug_info    0x00010396     0x123a ./Src/tim.o
 .debug_info    0x000115d0     0x156f ./Src/usart.o
 .debug_info    0x00012b3f      0xbb8 ./Middlewares/Third_Party/FreeRTOS/Source/portable/MemMang/heap_4.o
 .debug_info    0x000136f7      0x2ac ./Middlewares/Third_Party/FreeRTOS/Source/portable/GCC/ARM_CM0/port.o
 .debug_info    0x000139a3     0x24dd ./Middlewares/Third_Party/FreeRTOS/Source/CMSIS_RTOS/cmsis_os.o
 .debug_info    0x00015e80      0xad0 ./Middlewares/Third_Party/FreeRTOS/Source/list.o
 .debug_info    0x00016950     0x1b37 ./Middlewares/Third_Party/FreeRTOS/Source/queue.o
 .debug_info    0x00018487     0x23dc ./Middlewares/Third_Party/FreeRTOS/Source/tasks.o
 .debug_info    0x0001a863      0xe8e ./Drivers/STM32F0xx_HAL_Driver/Src/stm32f0xx_hal.o
 .debug_info    0x0001b6f1     0x16b6 ./Drivers/STM32F0xx_HAL_Driver/Src/stm32f0xx_hal_adc.o
 .debug_info    0x0001cda7     0x13ef ./Drivers/STM32F0xx_HAL_Driver/Src/stm32f0xx_hal_can.o
 .debug_info    0x0001e196     0x102d ./Drivers/STM32F0xx_HAL_Driver/Src/stm32f0xx_hal_cortex.o
 .debug_info    0x0001f1c3     0x1057 ./Drivers/STM32F0xx_HAL_Driver/Src/stm32f0xx_hal_dma.o
 .debug_info    0x0002021a      0xeab ./Drivers/STM32F0xx_HAL_Driver/Src/stm32f0xx_hal_gpio.o
 .debug_info    0x000210c5     0x3980 ./Drivers/STM32F0xx_HAL_Driver/Src/stm32f0xx_hal_i2c.o
 .debug_info    0x00024a45     0x10fb ./Drivers/STM32F0xx_HAL_Driver/Src/stm32f0xx_hal_i2c_ex.o
 .debug_info    0x00025b40      0xaa9 ./Drivers/STM32F0xx_HAL_Driver/Src/stm32f0xx_hal_iwdg.o
 .debug_info    0x000265e9      0xcbf ./Drivers/STM32F0xx_HAL_Driver/Src/stm32f0xx_hal_pwr.o
 .debug_info    0x000272a8     0x11c6 ./Drivers/STM32F0xx_HAL_Driver/Src/stm32f0xx_hal_rcc.o
 .debug_info    0x0002846e      0xeaa ./Drivers/STM32F0xx_HAL_Driver/Src/stm32f0xx_hal_rcc_ex.o
 .debug_info    0x00029318     0x1585 ./Drivers/STM32F0xx_HAL_Driver/Src/stm32f0xx_hal_rtc.o
 .debug_info    0x0002a89d     0x1758 ./Drivers/STM32F0xx_HAL_Driver/Src/stm32f0xx_hal_rtc_ex.o
 .debug_info    0x0002bff5     0x1ab6 ./Drivers/STM32F0xx_HAL_Driver/Src/stm32f0xx_hal_smbus.o
 .debug_info    0x0002daab     0x27b2 ./Drivers/STM32F0xx_HAL_Driver/Src/stm32f0xx_hal_spi.o
 .debug_info    0x0003025d     0x3c43 ./Drivers/STM32F0xx_HAL_Driver/Src/stm32f0xx_hal_tim.o
 .debug_info    0x00033ea0     0x1a3c ./Drivers/STM32F0xx_HAL_Driver/Src/stm32f0xx_hal_tim_ex.o
 .debug_info    0x000358dc     0x210a ./Drivers/STM32F0xx_HAL_Driver/Src/stm32f0xx_hal_uart.o
 .debug_info    0x000379e6     0x1221 ./Drivers/STM32F0xx_HAL_Driver/Src/stm32f0xx_hal_uart_ex.o

.debug_abbrev   0x00000000     0x77aa
 .debug_abbrev  0x00000000      0x276 ./Src/adc.o
 .debug_abbrev  0x00000276      0x276 ./Src/can.o
 .debug_abbrev  0x000004ec      0x22d ./Src/dma.o
 .debug_abbrev  0x00000719      0x314 ./Src/freertos.o
 .debug_abbrev  0x00000a2d      0x224 ./Src/gpio.o
 .debug_abbrev  0x00000c51      0x265 ./Src/i2c.o
 .debug_abbrev  0x00000eb6      0x219 ./Src/iwdg.o
 .debug_abbrev  0x000010cf      0x2eb ./Src/main.o
 .debug_abbrev  0x000013ba      0x248 ./Src/rtc.o
 .debug_abbrev  0x00001602      0x251 ./Src/spi.o
 .debug_abbrev  0x00001853       0x12 ./Src/startup_stm32f091xc.o
 .debug_abbrev  0x00001865      0x22d ./Src/stm32f0xx_hal_msp.o
 .debug_abbrev  0x00001a92      0x2a1 ./Src/stm32f0xx_hal_timebase_TIM.o
 .debug_abbrev  0x00001d33      0x266 ./Src/stm32f0xx_it.o
 .debug_abbrev  0x00001f99      0x202 ./Src/system_stm32f0xx.o
 .debug_abbrev  0x0000219b      0x2c7 ./Src/tim.o
 .debug_abbrev  0x00002462      0x2ae ./Src/usart.o
 .debug_abbrev  0x00002710      0x304 ./Middlewares/Third_Party/FreeRTOS/Source/portable/MemMang/heap_4.o
 .debug_abbrev  0x00002a14      0x194 ./Middlewares/Third_Party/FreeRTOS/Source/portable/GCC/ARM_CM0/port.o
 .debug_abbrev  0x00002ba8      0x436 ./Middlewares/Third_Party/FreeRTOS/Source/CMSIS_RTOS/cmsis_os.o
 .debug_abbrev  0x00002fde      0x219 ./Middlewares/Third_Party/FreeRTOS/Source/list.o
 .debug_abbrev  0x000031f7      0x357 ./Middlewares/Third_Party/FreeRTOS/Source/queue.o
 .debug_abbrev  0x0000354e      0x3f5 ./Middlewares/Third_Party/FreeRTOS/Source/tasks.o
 .debug_abbrev  0x00003943      0x309 ./Drivers/STM32F0xx_HAL_Driver/Src/stm32f0xx_hal.o
 .debug_abbrev  0x00003c4c      0x382 ./Drivers/STM32F0xx_HAL_Driver/Src/stm32f0xx_hal_adc.o
 .debug_abbrev  0x00003fce      0x334 ./Drivers/STM32F0xx_HAL_Driver/Src/stm32f0xx_hal_can.o
 .debug_abbrev  0x00004302      0x333 ./Drivers/STM32F0xx_HAL_Driver/Src/stm32f0xx_hal_cortex.o
 .debug_abbrev  0x00004635      0x2ed ./Drivers/STM32F0xx_HAL_Driver/Src/stm32f0xx_hal_dma.o
 .debug_abbrev  0x00004922      0x2ad ./Drivers/STM32F0xx_HAL_Driver/Src/stm32f0xx_hal_gpio.o
 .debug_abbrev  0x00004bcf      0x3c4 ./Drivers/STM32F0xx_HAL_Driver/Src/stm32f0xx_hal_i2c.o
 .debug_abbrev  0x00004f93      0x26c ./Drivers/STM32F0xx_HAL_Driver/Src/stm32f0xx_hal_i2c_ex.o
 .debug_abbrev  0x000051ff      0x21c ./Drivers/STM32F0xx_HAL_Driver/Src/stm32f0xx_hal_iwdg.o
 .debug_abbrev  0x0000541b      0x263 ./Drivers/STM32F0xx_HAL_Driver/Src/stm32f0xx_hal_pwr.o
 .debug_abbrev  0x0000567e      0x322 ./Drivers/STM32F0xx_HAL_Driver/Src/stm32f0xx_hal_rcc.o
 .debug_abbrev  0x000059a0      0x2e8 ./Drivers/STM32F0xx_HAL_Driver/Src/stm32f0xx_hal_rcc_ex.o
 .debug_abbrev  0x00005c88      0x2ef ./Drivers/STM32F0xx_HAL_Driver/Src/stm32f0xx_hal_rtc.o
 .debug_abbrev  0x00005f77      0x2fe ./Drivers/STM32F0xx_HAL_Driver/Src/stm32f0xx_hal_rtc_ex.o
 .debug_abbrev  0x00006275      0x3be ./Drivers/STM32F0xx_HAL_Driver/Src/stm32f0xx_hal_smbus.o
 .debug_abbrev  0x00006633      0x3ea ./Drivers/STM32F0xx_HAL_Driver/Src/stm32f0xx_hal_spi.o
 .debug_abbrev  0x00006a1d      0x3dd ./Drivers/STM32F0xx_HAL_Driver/Src/stm32f0xx_hal_tim.o
 .debug_abbrev  0x00006dfa      0x345 ./Drivers/STM32F0xx_HAL_Driver/Src/stm32f0xx_hal_tim_ex.o
 .debug_abbrev  0x0000713f      0x390 ./Drivers/STM32F0xx_HAL_Driver/Src/stm32f0xx_hal_uart.o
 .debug_abbrev  0x000074cf      0x2db ./Drivers/STM32F0xx_HAL_Driver/Src/stm32f0xx_hal_uart_ex.o

.debug_loc      0x00000000    0x13a8a
 .debug_loc     0x00000000       0x58 ./Src/adc.o
 .debug_loc     0x00000058       0x42 ./Src/can.o
 .debug_loc     0x0000009a      0x1df ./Src/freertos.o
 .debug_loc     0x00000279       0x84 ./Src/i2c.o
 .debug_loc     0x000002fd       0x21 ./Src/main.o
 .debug_loc     0x0000031e       0x42 ./Src/spi.o
 .debug_loc     0x00000360       0x7a ./Src/stm32f0xx_hal_timebase_TIM.o
 .debug_loc     0x000003da       0xe7 ./Src/system_stm32f0xx.o
 .debug_loc     0x000004c1       0x63 ./Src/tim.o
 .debug_loc     0x00000524       0xb0 ./Src/usart.o
 .debug_loc     0x000005d4      0x2de ./Middlewares/Third_Party/FreeRTOS/Source/portable/MemMang/heap_4.o
 .debug_loc     0x000008b2       0xb4 ./Middlewares/Third_Party/FreeRTOS/Source/portable/GCC/ARM_CM0/port.o
 .debug_loc     0x00000966      0xffa ./Middlewares/Third_Party/FreeRTOS/Source/CMSIS_RTOS/cmsis_os.o
 .debug_loc     0x00001960       0x94 ./Middlewares/Third_Party/FreeRTOS/Source/list.o
 .debug_loc     0x000019f4     0x12f3 ./Middlewares/Third_Party/FreeRTOS/Source/queue.o
 .debug_loc     0x00002ce7     0x127f ./Middlewares/Third_Party/FreeRTOS/Source/tasks.o
 .debug_loc     0x00003f66       0x7c ./Drivers/STM32F0xx_HAL_Driver/Src/stm32f0xx_hal.o
 .debug_loc     0x00003fe2      0xaad ./Drivers/STM32F0xx_HAL_Driver/Src/stm32f0xx_hal_adc.o
 .debug_loc     0x00004a8f      0x7a3 ./Drivers/STM32F0xx_HAL_Driver/Src/stm32f0xx_hal_can.o
 .debug_loc     0x00005232      0x3cc ./Drivers/STM32F0xx_HAL_Driver/Src/stm32f0xx_hal_cortex.o
 .debug_loc     0x000055fe      0x7c2 ./Drivers/STM32F0xx_HAL_Driver/Src/stm32f0xx_hal_dma.o
 .debug_loc     0x00005dc0      0x322 ./Drivers/STM32F0xx_HAL_Driver/Src/stm32f0xx_hal_gpio.o
 .debug_loc     0x000060e2     0x329e ./Drivers/STM32F0xx_HAL_Driver/Src/stm32f0xx_hal_i2c.o
 .debug_loc     0x00009380      0x1c8 ./Drivers/STM32F0xx_HAL_Driver/Src/stm32f0xx_hal_i2c_ex.o
 .debug_loc     0x00009548       0x76 ./Drivers/STM32F0xx_HAL_Driver/Src/stm32f0xx_hal_iwdg.o
 .debug_loc     0x000095be       0xc8 ./Drivers/STM32F0xx_HAL_Driver/Src/stm32f0xx_hal_pwr.o
 .debug_loc     0x00009686      0x4cb ./Drivers/STM32F0xx_HAL_Driver/Src/stm32f0xx_hal_rcc.o
 .debug_loc     0x00009b51      0x4c3 ./Drivers/STM32F0xx_HAL_Driver/Src/stm32f0xx_hal_rcc_ex.o
 .debug_loc     0x0000a014      0xa44 ./Drivers/STM32F0xx_HAL_Driver/Src/stm32f0xx_hal_rtc.o
 .debug_loc     0x0000aa58      0xc4c ./Drivers/STM32F0xx_HAL_Driver/Src/stm32f0xx_hal_rtc_ex.o
 .debug_loc     0x0000b6a4      0xbab ./Drivers/STM32F0xx_HAL_Driver/Src/stm32f0xx_hal_smbus.o
 .debug_loc     0x0000c24f     0x1916 ./Drivers/STM32F0xx_HAL_Driver/Src/stm32f0xx_hal_spi.o
 .debug_loc     0x0000db65     0x3b44 ./Drivers/STM32F0xx_HAL_Driver/Src/stm32f0xx_hal_tim.o
 .debug_loc     0x000116a9      0xcc7 ./Drivers/STM32F0xx_HAL_Driver/Src/stm32f0xx_hal_tim_ex.o
 .debug_loc     0x00012370     0x13bf ./Drivers/STM32F0xx_HAL_Driver/Src/stm32f0xx_hal_uart.o
 .debug_loc     0x0001372f      0x35b ./Drivers/STM32F0xx_HAL_Driver/Src/stm32f0xx_hal_uart_ex.o

.debug_aranges  0x00000000     0x18c8
 .debug_aranges
                0x00000000       0x30 ./Src/adc.o
 .debug_aranges
                0x00000030       0x30 ./Src/can.o
 .debug_aranges
                0x00000060       0x20 ./Src/dma.o
 .debug_aranges
                0x00000080       0x40 ./Src/freertos.o
 .debug_aranges
                0x000000c0       0x20 ./Src/gpio.o
 .debug_aranges
                0x000000e0       0x48 ./Src/i2c.o
 .debug_aranges
                0x00000128       0x20 ./Src/iwdg.o
 .debug_aranges
                0x00000148       0x38 ./Src/main.o
 .debug_aranges
                0x00000180       0x30 ./Src/rtc.o
 .debug_aranges
                0x000001b0       0x30 ./Src/spi.o
 .debug_aranges
                0x000001e0       0x28 ./Src/startup_stm32f091xc.o
 .debug_aranges
                0x00000208       0x20 ./Src/stm32f0xx_hal_msp.o
 .debug_aranges
                0x00000228       0x30 ./Src/stm32f0xx_hal_timebase_TIM.o
 .debug_aranges
                0x00000258       0x78 ./Src/stm32f0xx_it.o
 .debug_aranges
                0x000002d0       0x28 ./Src/system_stm32f0xx.o
 .debug_aranges
                0x000002f8       0x38 ./Src/tim.o
 .debug_aranges
                0x00000330       0x40 ./Src/usart.o
 .debug_aranges
                0x00000370       0x48 ./Middlewares/Third_Party/FreeRTOS/Source/portable/MemMang/heap_4.o
 .debug_aranges
                0x000003b8       0x88 ./Middlewares/Third_Party/FreeRTOS/Source/portable/GCC/ARM_CM0/port.o
 .debug_aranges
                0x00000440      0x190 ./Middlewares/Third_Party/FreeRTOS/Source/CMSIS_RTOS/cmsis_os.o
 .debug_aranges
                0x000005d0       0x40 ./Middlewares/Third_Party/FreeRTOS/Source/list.o
 .debug_aranges
                0x00000610       0xc0 ./Middlewares/Third_Party/FreeRTOS/Source/queue.o
 .debug_aranges
                0x000006d0      0x160 ./Middlewares/Third_Party/FreeRTOS/Source/tasks.o
 .debug_aranges
                0x00000830       0xb0 ./Drivers/STM32F0xx_HAL_Driver/Src/stm32f0xx_hal.o
 .debug_aranges
                0x000008e0       0xd0 ./Drivers/STM32F0xx_HAL_Driver/Src/stm32f0xx_hal_adc.o
 .debug_aranges
                0x000009b0       0x88 ./Drivers/STM32F0xx_HAL_Driver/Src/stm32f0xx_hal_can.o
 .debug_aranges
                0x00000a38       0x78 ./Drivers/STM32F0xx_HAL_Driver/Src/stm32f0xx_hal_cortex.o
 .debug_aranges
                0x00000ab0       0x80 ./Drivers/STM32F0xx_HAL_Driver/Src/stm32f0xx_hal_dma.o
 .debug_aranges
                0x00000b30       0x58 ./Drivers/STM32F0xx_HAL_Driver/Src/stm32f0xx_hal_gpio.o
 .debug_aranges
                0x00000b88      0x200 ./Drivers/STM32F0xx_HAL_Driver/Src/stm32f0xx_hal_i2c.o
 .debug_aranges
                0x00000d88       0x48 ./Drivers/STM32F0xx_HAL_Driver/Src/stm32f0xx_hal_i2c_ex.o
 .debug_aranges
                0x00000dd0       0x28 ./Drivers/STM32F0xx_HAL_Driver/Src/stm32f0xx_hal_iwdg.o
 .debug_aranges
                0x00000df8       0x78 ./Drivers/STM32F0xx_HAL_Driver/Src/stm32f0xx_hal_pwr.o
 .debug_aranges
                0x00000e70       0x80 ./Drivers/STM32F0xx_HAL_Driver/Src/stm32f0xx_hal_rcc.o
 .debug_aranges
                0x00000ef0       0x68 ./Drivers/STM32F0xx_HAL_Driver/Src/stm32f0xx_hal_rcc_ex.o
 .debug_aranges
                0x00000f58       0xa8 ./Drivers/STM32F0xx_HAL_Driver/Src/stm32f0xx_hal_rtc.o
 .debug_aranges
                0x00001000      0x100 ./Drivers/STM32F0xx_HAL_Driver/Src/stm32f0xx_hal_rtc_ex.o
 .debug_aranges
                0x00001100       0xf0 ./Drivers/STM32F0xx_HAL_Driver/Src/stm32f0xx_hal_smbus.o
 .debug_aranges
                0x000011f0      0x198 ./Drivers/STM32F0xx_HAL_Driver/Src/stm32f0xx_hal_spi.o
 .debug_aranges
                0x00001388      0x268 ./Drivers/STM32F0xx_HAL_Driver/Src/stm32f0xx_hal_tim.o
 .debug_aranges
                0x000015f0       0xf8 ./Drivers/STM32F0xx_HAL_Driver/Src/stm32f0xx_hal_tim_ex.o
 .debug_aranges
                0x000016e8      0x188 ./Drivers/STM32F0xx_HAL_Driver/Src/stm32f0xx_hal_uart.o
 .debug_aranges
                0x00001870       0x58 ./Drivers/STM32F0xx_HAL_Driver/Src/stm32f0xx_hal_uart_ex.o

.debug_ranges   0x00000000     0x20b8
 .debug_ranges  0x00000000       0x48 ./Src/adc.o
 .debug_ranges  0x00000048       0x40 ./Src/can.o
 .debug_ranges  0x00000088       0x40 ./Src/dma.o
 .debug_ranges  0x000000c8       0x30 ./Src/freertos.o
 .debug_ranges  0x000000f8       0xc0 ./Src/gpio.o
 .debug_ranges  0x000001b8       0x58 ./Src/i2c.o
 .debug_ranges  0x00000210       0x10 ./Src/iwdg.o
 .debug_ranges  0x00000220       0x28 ./Src/main.o
 .debug_ranges  0x00000248       0x20 ./Src/rtc.o
 .debug_ranges  0x00000268       0x48 ./Src/spi.o
 .debug_ranges  0x000002b0       0x20 ./Src/startup_stm32f091xc.o
 .debug_ranges  0x000002d0       0x40 ./Src/stm32f0xx_hal_msp.o
 .debug_ranges  0x00000310       0x40 ./Src/stm32f0xx_hal_timebase_TIM.o
 .debug_ranges  0x00000350       0x68 ./Src/stm32f0xx_it.o
 .debug_ranges  0x000003b8       0x18 ./Src/system_stm32f0xx.o
 .debug_ranges  0x000003d0       0x28 ./Src/tim.o
 .debug_ranges  0x000003f8       0x88 ./Src/usart.o
 .debug_ranges  0x00000480       0x50 ./Middlewares/Third_Party/FreeRTOS/Source/portable/MemMang/heap_4.o
 .debug_ranges  0x000004d0       0x78 ./Middlewares/Third_Party/FreeRTOS/Source/portable/GCC/ARM_CM0/port.o
 .debug_ranges  0x00000548      0x180 ./Middlewares/Third_Party/FreeRTOS/Source/CMSIS_RTOS/cmsis_os.o
 .debug_ranges  0x000006c8       0x30 ./Middlewares/Third_Party/FreeRTOS/Source/list.o
 .debug_ranges  0x000006f8      0x1c8 ./Middlewares/Third_Party/FreeRTOS/Source/queue.o
 .debug_ranges  0x000008c0      0x240 ./Middlewares/Third_Party/FreeRTOS/Source/tasks.o
 .debug_ranges  0x00000b00       0xa0 ./Drivers/STM32F0xx_HAL_Driver/Src/stm32f0xx_hal.o
 .debug_ranges  0x00000ba0       0xc0 ./Drivers/STM32F0xx_HAL_Driver/Src/stm32f0xx_hal_adc.o
 .debug_ranges  0x00000c60       0x90 ./Drivers/STM32F0xx_HAL_Driver/Src/stm32f0xx_hal_can.o
 .debug_ranges  0x00000cf0      0x120 ./Drivers/STM32F0xx_HAL_Driver/Src/stm32f0xx_hal_cortex.o
 .debug_ranges  0x00000e10       0xc0 ./Drivers/STM32F0xx_HAL_Driver/Src/stm32f0xx_hal_dma.o
 .debug_ranges  0x00000ed0       0x68 ./Drivers/STM32F0xx_HAL_Driver/Src/stm32f0xx_hal_gpio.o
 .debug_ranges  0x00000f38      0x280 ./Drivers/STM32F0xx_HAL_Driver/Src/stm32f0xx_hal_i2c.o
 .debug_ranges  0x000011b8       0x78 ./Drivers/STM32F0xx_HAL_Driver/Src/stm32f0xx_hal_i2c_ex.o
 .debug_ranges  0x00001230       0x18 ./Drivers/STM32F0xx_HAL_Driver/Src/stm32f0xx_hal_iwdg.o
 .debug_ranges  0x00001248       0x68 ./Drivers/STM32F0xx_HAL_Driver/Src/stm32f0xx_hal_pwr.o
 .debug_ranges  0x000012b0       0xa0 ./Drivers/STM32F0xx_HAL_Driver/Src/stm32f0xx_hal_rcc.o
 .debug_ranges  0x00001350       0x78 ./Drivers/STM32F0xx_HAL_Driver/Src/stm32f0xx_hal_rcc_ex.o
 .debug_ranges  0x000013c8       0x98 ./Drivers/STM32F0xx_HAL_Driver/Src/stm32f0xx_hal_rtc.o
 .debug_ranges  0x00001460       0xf0 ./Drivers/STM32F0xx_HAL_Driver/Src/stm32f0xx_hal_rtc_ex.o
 .debug_ranges  0x00001550      0x1d8 ./Drivers/STM32F0xx_HAL_Driver/Src/stm32f0xx_hal_smbus.o
 .debug_ranges  0x00001728      0x278 ./Drivers/STM32F0xx_HAL_Driver/Src/stm32f0xx_hal_spi.o
 .debug_ranges  0x000019a0      0x470 ./Drivers/STM32F0xx_HAL_Driver/Src/stm32f0xx_hal_tim.o
 .debug_ranges  0x00001e10       0xe8 ./Drivers/STM32F0xx_HAL_Driver/Src/stm32f0xx_hal_tim_ex.o
 .debug_ranges  0x00001ef8      0x178 ./Drivers/STM32F0xx_HAL_Driver/Src/stm32f0xx_hal_uart.o
 .debug_ranges  0x00002070       0x48 ./Drivers/STM32F0xx_HAL_Driver/Src/stm32f0xx_hal_uart_ex.o

.debug_line     0x00000000    0x1127c
 .debug_line    0x00000000      0x40d ./Src/adc.o
 .debug_line    0x0000040d      0x396 ./Src/can.o
 .debug_line    0x000007a3      0x2b6 ./Src/dma.o
 .debug_line    0x00000a59      0x5d2 ./Src/freertos.o
 .debug_line    0x0000102b      0x2d3 ./Src/gpio.o
 .debug_line    0x000012fe      0x444 ./Src/i2c.o
 .debug_line    0x00001742      0x307 ./Src/iwdg.o
 .debug_line    0x00001a49      0x58b ./Src/main.o
 .debug_line    0x00001fd4      0x37c ./Src/rtc.o
 .debug_line    0x00002350      0x39e ./Src/spi.o
 .debug_line    0x000026ee       0x84 ./Src/startup_stm32f091xc.o
 .debug_line    0x00002772      0x2c2 ./Src/stm32f0xx_hal_msp.o
 .debug_line    0x00002a34      0x360 ./Src/stm32f0xx_hal_timebase_TIM.o
 .debug_line    0x00002d94      0x47c ./Src/stm32f0xx_it.o
 .debug_line    0x00003210      0x289 ./Src/system_stm32f0xx.o
 .debug_line    0x00003499      0x389 ./Src/tim.o
 .debug_line    0x00003822      0x4b1 ./Src/usart.o
 .debug_line    0x00003cd3      0x406 ./Middlewares/Third_Party/FreeRTOS/Source/portable/MemMang/heap_4.o
 .debug_line    0x000040d9      0x3ca ./Middlewares/Third_Party/FreeRTOS/Source/portable/GCC/ARM_CM0/port.o
 .debug_line    0x000044a3      0x977 ./Middlewares/Third_Party/FreeRTOS/Source/CMSIS_RTOS/cmsis_os.o
 .debug_line    0x00004e1a      0x403 ./Middlewares/Third_Party/FreeRTOS/Source/list.o
 .debug_line    0x0000521d      0x823 ./Middlewares/Third_Party/FreeRTOS/Source/queue.o
 .debug_line    0x00005a40      0xc24 ./Middlewares/Third_Party/FreeRTOS/Source/tasks.o
 .debug_line    0x00006664      0x4cd ./Drivers/STM32F0xx_HAL_Driver/Src/stm32f0xx_hal.o
 .debug_line    0x00006b31      0x8bb ./Drivers/STM32F0xx_HAL_Driver/Src/stm32f0xx_hal_adc.o
 .debug_line    0x000073ec      0x87e ./Drivers/STM32F0xx_HAL_Driver/Src/stm32f0xx_hal_can.o
 .debug_line    0x00007c6a      0x46a ./Drivers/STM32F0xx_HAL_Driver/Src/stm32f0xx_hal_cortex.o
 .debug_line    0x000080d4      0x5c4 ./Drivers/STM32F0xx_HAL_Driver/Src/stm32f0xx_hal_dma.o
 .debug_line    0x00008698      0x47f ./Drivers/STM32F0xx_HAL_Driver/Src/stm32f0xx_hal_gpio.o
 .debug_line    0x00008b17     0x1684 ./Drivers/STM32F0xx_HAL_Driver/Src/stm32f0xx_hal_i2c.o
 .debug_line    0x0000a19b      0x459 ./Drivers/STM32F0xx_HAL_Driver/Src/stm32f0xx_hal_i2c_ex.o
 .debug_line    0x0000a5f4      0x332 ./Drivers/STM32F0xx_HAL_Driver/Src/stm32f0xx_hal_iwdg.o
 .debug_line    0x0000a926      0x3df ./Drivers/STM32F0xx_HAL_Driver/Src/stm32f0xx_hal_pwr.o
 .debug_line    0x0000ad05      0x6a3 ./Drivers/STM32F0xx_HAL_Driver/Src/stm32f0xx_hal_rcc.o
 .debug_line    0x0000b3a8      0x57f ./Drivers/STM32F0xx_HAL_Driver/Src/stm32f0xx_hal_rcc_ex.o
 .debug_line    0x0000b927      0x735 ./Drivers/STM32F0xx_HAL_Driver/Src/stm32f0xx_hal_rtc.o
 .debug_line    0x0000c05c      0xa66 ./Drivers/STM32F0xx_HAL_Driver/Src/stm32f0xx_hal_rtc_ex.o
 .debug_line    0x0000cac2      0xa89 ./Drivers/STM32F0xx_HAL_Driver/Src/stm32f0xx_hal_smbus.o
 .debug_line    0x0000d54b      0xe2e ./Drivers/STM32F0xx_HAL_Driver/Src/stm32f0xx_hal_spi.o
 .debug_line    0x0000e379     0x13be ./Drivers/STM32F0xx_HAL_Driver/Src/stm32f0xx_hal_tim.o
 .debug_line    0x0000f737      0x85b ./Drivers/STM32F0xx_HAL_Driver/Src/stm32f0xx_hal_tim_ex.o
 .debug_line    0x0000ff92      0xe49 ./Drivers/STM32F0xx_HAL_Driver/Src/stm32f0xx_hal_uart.o
 .debug_line    0x00010ddb      0x4a1 ./Drivers/STM32F0xx_HAL_Driver/Src/stm32f0xx_hal_uart_ex.o

.debug_str      0x00000000     0x82b7
 .debug_str     0x00000000      0xca6 ./Src/adc.o
                                0xd74 (size before relaxing)
 .debug_str     0x00000ca6      0x2ce ./Src/can.o
                                0xccf (size before relaxing)
 .debug_str     0x00000f74       0x19 ./Src/dma.o
                                0x892 (size before relaxing)
 .debug_str     0x00000f8d      0x7c8 ./Src/freertos.o
                               0x104a (size before relaxing)
 .debug_str     0x00001755       0x49 ./Src/gpio.o
                                0x74c (size before relaxing)
 .debug_str     0x0000179e      0x3b7 ./Src/i2c.o
                                0xf5d (size before relaxing)
 .debug_str     0x00001b55       0x29 ./Src/iwdg.o
                                0x6da (size before relaxing)
 .debug_str     0x00001b7e      0x7ed ./Src/main.o
                               0x1ce1 (size before relaxing)
 .debug_str     0x0000236b      0x1ba ./Src/rtc.o
                                0xa37 (size before relaxing)
 .debug_str     0x00002525       0x46 ./Src/spi.o
                                0xb7a (size before relaxing)
 .debug_str     0x0000256b       0x27 ./Src/stm32f0xx_hal_msp.o
                                0x8a0 (size before relaxing)
 .debug_str     0x00002592       0xf8 ./Src/stm32f0xx_hal_timebase_TIM.o
                                0xdb2 (size before relaxing)
 .debug_str     0x0000268a      0x205 ./Src/stm32f0xx_it.o
                               0x13ac (size before relaxing)
 .debug_str     0x0000288f       0x5a ./Src/system_stm32f0xx.o
                                0x6c7 (size before relaxing)
 .debug_str     0x000028e9       0xf6 ./Src/tim.o
                                0xc12 (size before relaxing)
 .debug_str     0x000029df       0x4c ./Src/usart.o
                                0xeb9 (size before relaxing)
 .debug_str     0x00002a2b      0x233 ./Middlewares/Third_Party/FreeRTOS/Source/portable/MemMang/heap_4.o
                                0x831 (size before relaxing)
 .debug_str     0x00002c5e      0x1e3 ./Middlewares/Third_Party/FreeRTOS/Source/portable/GCC/ARM_CM0/port.o
                                0x3fe (size before relaxing)
 .debug_str     0x00002e41      0x891 ./Middlewares/Third_Party/FreeRTOS/Source/CMSIS_RTOS/cmsis_os.o
                               0x1210 (size before relaxing)
 .debug_str     0x000036d2      0x144 ./Middlewares/Third_Party/FreeRTOS/Source/list.o
                                0x767 (size before relaxing)
 .debug_str     0x00003816      0x466 ./Middlewares/Third_Party/FreeRTOS/Source/queue.o
                                0xd1e (size before relaxing)
 .debug_str     0x00003c7c      0x6c9 ./Middlewares/Third_Party/FreeRTOS/Source/tasks.o
                               0x11f6 (size before relaxing)
 .debug_str     0x00004345      0x1ad ./Drivers/STM32F0xx_HAL_Driver/Src/stm32f0xx_hal.o
                                0xad0 (size before relaxing)
 .debug_str     0x000044f2      0x2dc ./Drivers/STM32F0xx_HAL_Driver/Src/stm32f0xx_hal_adc.o
                                0xd57 (size before relaxing)
 .debug_str     0x000047ce      0x204 ./Drivers/STM32F0xx_HAL_Driver/Src/stm32f0xx_hal_can.o
                                0xc03 (size before relaxing)
 .debug_str     0x000049d2      0x16a ./Drivers/STM32F0xx_HAL_Driver/Src/stm32f0xx_hal_cortex.o
                                0xad8 (size before relaxing)
 .debug_str     0x00004b3c      0x1fa ./Drivers/STM32F0xx_HAL_Driver/Src/stm32f0xx_hal_dma.o
                                0xac0 (size before relaxing)
 .debug_str     0x00004d36      0x116 ./Drivers/STM32F0xx_HAL_Driver/Src/stm32f0xx_hal_gpio.o
                                0x8b6 (size before relaxing)
 .debug_str     0x00004e4c      0x78a ./Drivers/STM32F0xx_HAL_Driver/Src/stm32f0xx_hal_i2c.o
                               0x1314 (size before relaxing)
 .debug_str     0x000055d6       0xb8 ./Drivers/STM32F0xx_HAL_Driver/Src/stm32f0xx_hal_i2c_ex.o
                                0xc8f (size before relaxing)
 .debug_str     0x0000568e       0x39 ./Drivers/STM32F0xx_HAL_Driver/Src/stm32f0xx_hal_iwdg.o
                                0x728 (size before relaxing)
 .debug_str     0x000056c7      0x186 ./Drivers/STM32F0xx_HAL_Driver/Src/stm32f0xx_hal_pwr.o
                                0x847 (size before relaxing)
 .debug_str     0x0000584d      0x153 ./Drivers/STM32F0xx_HAL_Driver/Src/stm32f0xx_hal_rcc.o
                                0xa8c (size before relaxing)
 .debug_str     0x000059a0      0x260 ./Drivers/STM32F0xx_HAL_Driver/Src/stm32f0xx_hal_rcc_ex.o
                                0xa8c (size before relaxing)
 .debug_str     0x00005c00      0x16e ./Drivers/STM32F0xx_HAL_Driver/Src/stm32f0xx_hal_rtc.o
                                0xb30 (size before relaxing)
 .debug_str     0x00005d6e      0x4ca ./Drivers/STM32F0xx_HAL_Driver/Src/stm32f0xx_hal_rtc_ex.o
                                0xe5a (size before relaxing)
 .debug_str     0x00006238      0x33a ./Drivers/STM32F0xx_HAL_Driver/Src/stm32f0xx_hal_smbus.o
                                0xc6a (size before relaxing)
 .debug_str     0x00006572      0x4fb ./Drivers/STM32F0xx_HAL_Driver/Src/stm32f0xx_hal_spi.o
                                0xffe (size before relaxing)
 .debug_str     0x00006a6d      0xc63 ./Drivers/STM32F0xx_HAL_Driver/Src/stm32f0xx_hal_tim.o
                               0x182c (size before relaxing)
 .debug_str     0x000076d0      0x50d ./Drivers/STM32F0xx_HAL_Driver/Src/stm32f0xx_hal_tim_ex.o
                               0x1158 (size before relaxing)
 .debug_str     0x00007bdd      0x563 ./Drivers/STM32F0xx_HAL_Driver/Src/stm32f0xx_hal_uart.o
                               0x1219 (size before relaxing)
 .debug_str     0x00008140      0x177 ./Drivers/STM32F0xx_HAL_Driver/Src/stm32f0xx_hal_uart_ex.o
                                0xd04 (size before relaxing)

.comment        0x00000000       0x7f
 .comment       0x00000000       0x7f ./Src/adc.o
                                 0x80 (size before relaxing)
 .comment       0x0000007f       0x80 ./Src/can.o
 .comment       0x0000007f       0x80 ./Src/dma.o
 .comment       0x0000007f       0x80 ./Src/freertos.o
 .comment       0x0000007f       0x80 ./Src/gpio.o
 .comment       0x0000007f       0x80 ./Src/i2c.o
 .comment       0x0000007f       0x80 ./Src/iwdg.o
 .comment       0x0000007f       0x80 ./Src/main.o
 .comment       0x0000007f       0x80 ./Src/rtc.o
 .comment       0x0000007f       0x80 ./Src/spi.o
 .comment       0x0000007f       0x80 ./Src/stm32f0xx_hal_msp.o
 .comment       0x0000007f       0x80 ./Src/stm32f0xx_hal_timebase_TIM.o
 .comment       0x0000007f       0x80 ./Src/stm32f0xx_it.o
 .comment       0x0000007f       0x80 ./Src/system_stm32f0xx.o
 .comment       0x0000007f       0x80 ./Src/tim.o
 .comment       0x0000007f       0x80 ./Src/usart.o
 .comment       0x0000007f       0x80 ./Middlewares/Third_Party/FreeRTOS/Source/portable/MemMang/heap_4.o
 .comment       0x0000007f       0x80 ./Middlewares/Third_Party/FreeRTOS/Source/portable/GCC/ARM_CM0/port.o
 .comment       0x0000007f       0x80 ./Middlewares/Third_Party/FreeRTOS/Source/CMSIS_RTOS/cmsis_os.o
 .comment       0x0000007f       0x80 ./Middlewares/Third_Party/FreeRTOS/Source/list.o
 .comment       0x0000007f       0x80 ./Middlewares/Third_Party/FreeRTOS/Source/queue.o
 .comment       0x0000007f       0x80 ./Middlewares/Third_Party/FreeRTOS/Source/tasks.o
 .comment       0x0000007f       0x80 ./Drivers/STM32F0xx_HAL_Driver/Src/stm32f0xx_hal.o
 .comment       0x0000007f       0x80 ./Drivers/STM32F0xx_HAL_Driver/Src/stm32f0xx_hal_adc.o
 .comment       0x0000007f       0x80 ./Drivers/STM32F0xx_HAL_Driver/Src/stm32f0xx_hal_can.o
 .comment       0x0000007f       0x80 ./Drivers/STM32F0xx_HAL_Driver/Src/stm32f0xx_hal_cortex.o
 .comment       0x0000007f       0x80 ./Drivers/STM32F0xx_HAL_Driver/Src/stm32f0xx_hal_dma.o
 .comment       0x0000007f       0x80 ./Drivers/STM32F0xx_HAL_Driver/Src/stm32f0xx_hal_gpio.o
 .comment       0x0000007f       0x80 ./Drivers/STM32F0xx_HAL_Driver/Src/stm32f0xx_hal_i2c.o
 .comment       0x0000007f       0x80 ./Drivers/STM32F0xx_HAL_Driver/Src/stm32f0xx_hal_i2c_ex.o
 .comment       0x0000007f       0x80 ./Drivers/STM32F0xx_HAL_Driver/Src/stm32f0xx_hal_iwdg.o
 .comment       0x0000007f       0x80 ./Drivers/STM32F0xx_HAL_Driver/Src/stm32f0xx_hal_pwr.o
 .comment       0x0000007f       0x80 ./Drivers/STM32F0xx_HAL_Driver/Src/stm32f0xx_hal_rcc.o
 .comment       0x0000007f       0x80 ./Drivers/STM32F0xx_HAL_Driver/Src/stm32f0xx_hal_rcc_ex.o
 .comment       0x0000007f       0x80 ./Drivers/STM32F0xx_HAL_Driver/Src/stm32f0xx_hal_rtc.o
 .comment       0x0000007f       0x80 ./Drivers/STM32F0xx_HAL_Driver/Src/stm32f0xx_hal_rtc_ex.o
 .comment       0x0000007f       0x80 ./Drivers/STM32F0xx_HAL_Driver/Src/stm32f0xx_hal_smbus.o
 .comment       0x0000007f       0x80 ./Drivers/STM32F0xx_HAL_Driver/Src/stm32f0xx_hal_spi.o
 .comment       0x0000007f       0x80 ./Drivers/STM32F0xx_HAL_Driver/Src/stm32f0xx_hal_tim.o
 .comment       0x0000007f       0x80 ./Drivers/STM32F0xx_HAL_Driver/Src/stm32f0xx_hal_tim_ex.o
 .comment       0x0000007f       0x80 ./Drivers/STM32F0xx_HAL_Driver/Src/stm32f0xx_hal_uart.o
 .comment       0x0000007f       0x80 ./Drivers/STM32F0xx_HAL_Driver/Src/stm32f0xx_hal_uart_ex.o

.debug_frame    0x00000000     0x4bc8
 .debug_frame   0x00000000       0x68 ./Src/adc.o
 .debug_frame   0x00000068       0x5c ./Src/can.o
 .debug_frame   0x000000c4       0x2c ./Src/dma.o
 .debug_frame   0x000000f0      0x108 ./Src/freertos.o
 .debug_frame   0x000001f8       0x2c ./Src/gpio.o
 .debug_frame   0x00000224       0xb4 ./Src/i2c.o
 .debug_frame   0x000002d8       0x28 ./Src/iwdg.o
 .debug_frame   0x00000300       0x70 ./Src/main.o
 .debug_frame   0x00000370       0x4c ./Src/rtc.o
 .debug_frame   0x000003bc       0x60 ./Src/spi.o
 .debug_frame   0x0000041c       0x2c ./Src/stm32f0xx_hal_msp.o
 .debug_frame   0x00000448       0x4c ./Src/stm32f0xx_hal_timebase_TIM.o
 .debug_frame   0x00000494      0x130 ./Src/stm32f0xx_it.o
 .debug_frame   0x000005c4       0x3c ./Src/system_stm32f0xx.o
 .debug_frame   0x00000600       0x74 ./Src/tim.o
 .debug_frame   0x00000674       0x90 ./Src/usart.o
 .debug_frame   0x00000704       0x90 ./Middlewares/Third_Party/FreeRTOS/Source/portable/MemMang/heap_4.o