Archive member included to satisfy reference by file (symbol)

c:/program files (x86)/gnu tools arm embedded/6 2017-q2-update/bin/../lib/gcc/arm-none-eabi/6.3.1/thumb/v6-m\libgcc.a(_thumb1_case_sqi.o)
                              ./Drivers/STM32F0xx_HAL_Driver/Src/stm32f0xx_hal_uart.o (__gnu_thumb1_case_sqi)
c:/program files (x86)/gnu tools arm embedded/6 2017-q2-update/bin/../lib/gcc/arm-none-eabi/6.3.1/thumb/v6-m\libgcc.a(_thumb1_case_uqi.o)
                              ./Src/freertos.o (__gnu_thumb1_case_uqi)
c:/program files (x86)/gnu tools arm embedded/6 2017-q2-update/bin/../lib/gcc/arm-none-eabi/6.3.1/thumb/v6-m\libgcc.a(_thumb1_case_shi.o)
                              ./Src/freertos.o (__gnu_thumb1_case_shi)
c:/program files (x86)/gnu tools arm embedded/6 2017-q2-update/bin/../lib/gcc/arm-none-eabi/6.3.1/thumb/v6-m\libgcc.a(_thumb1_case_uhi.o)
                              ./Src/freertos.o (__gnu_thumb1_case_uhi)
c:/program files (x86)/gnu tools arm embedded/6 2017-q2-update/bin/../lib/gcc/arm-none-eabi/6.3.1/thumb/v6-m\libgcc.a(_udivsi3.o)
                              ./Src/freertos.o (__aeabi_uidiv)
c:/program files (x86)/gnu tools arm embedded/6 2017-q2-update/bin/../lib/gcc/arm-none-eabi/6.3.1/thumb/v6-m\libgcc.a(_dvmd_tls.o)
                              c:/program files (x86)/gnu tools arm embedded/6 2017-q2-update/bin/../lib/gcc/arm-none-eabi/6.3.1/thumb/v6-m\libgcc.a(_udivsi3.o) (__aeabi_idiv0)
c:/program files (x86)/gnu tools arm embedded/6 2017-q2-update/bin/../lib/gcc/arm-none-eabi/6.3.1/thumb/v6-m\libgcc.a(_lshrdi3.o)
                              ./Drivers/STM32F0xx_HAL_Driver/Src/stm32f0xx_hal_flash.o (__aeabi_llsr)
c:/program files (x86)/gnu tools arm embedded/6 2017-q2-update/bin/../lib/gcc/arm-none-eabi/6.3.1/../../../../arm-none-eabi/lib/thumb/v6-m\libg_nano.a(lib_a-exit.o)
                              c:/program files (x86)/gnu tools arm embedded/6 2017-q2-update/bin/../lib/gcc/arm-none-eabi/6.3.1/../../../../arm-none-eabi/lib/thumb/v6-m/crt0.o (exit)
c:/program files (x86)/gnu tools arm embedded/6 2017-q2-update/bin/../lib/gcc/arm-none-eabi/6.3.1/../../../../arm-none-eabi/lib/thumb/v6-m\libg_nano.a(lib_a-impure.o)
                              c:/program files (x86)/gnu tools arm embedded/6 2017-q2-update/bin/../lib/gcc/arm-none-eabi/6.3.1/../../../../arm-none-eabi/lib/thumb/v6-m\libg_nano.a(lib_a-exit.o) (_global_impure_ptr)
c:/program files (x86)/gnu tools arm embedded/6 2017-q2-update/bin/../lib/gcc/arm-none-eabi/6.3.1/../../../../arm-none-eabi/lib/thumb/v6-m\libg_nano.a(lib_a-init.o)
                              c:/program files (x86)/gnu tools arm embedded/6 2017-q2-update/bin/../lib/gcc/arm-none-eabi/6.3.1/../../../../arm-none-eabi/lib/thumb/v6-m/crt0.o (__libc_init_array)
c:/program files (x86)/gnu tools arm embedded/6 2017-q2-update/bin/../lib/gcc/arm-none-eabi/6.3.1/../../../../arm-none-eabi/lib/thumb/v6-m\libg_nano.a(lib_a-memcpy-stub.o)
                              ./Src/freertos.o (memcpy)
c:/program files (x86)/gnu tools arm embedded/6 2017-q2-update/bin/../lib/gcc/arm-none-eabi/6.3.1/../../../../arm-none-eabi/lib/thumb/v6-m\libg_nano.a(lib_a-memset.o)
                              c:/program files (x86)/gnu tools arm embedded/6 2017-q2-update/bin/../lib/gcc/arm-none-eabi/6.3.1/../../../../arm-none-eabi/lib/thumb/v6-m/crt0.o (memset)
c:/program files (x86)/gnu tools arm embedded/6 2017-q2-update/bin/../lib/gcc/arm-none-eabi/6.3.1/../../../../arm-none-eabi/lib/thumb/v6-m\libg_nano.a(lib_a-strncpy.o)
                              ./Src/freertos.o (strncpy)
c:/program files (x86)/gnu tools arm embedded/6 2017-q2-update/bin/../lib/gcc/arm-none-eabi/6.3.1/../../../../arm-none-eabi/lib/thumb/v6-m\libg_nano.a(lib_a-vsnprintf.o)
                              ./Src/freertos.o (vsnprintf)
c:/program files (x86)/gnu tools arm embedded/6 2017-q2-update/bin/../lib/gcc/arm-none-eabi/6.3.1/../../../../arm-none-eabi/lib/thumb/v6-m\libg_nano.a(lib_a-nano-svfprintf.o)
                              c:/program files (x86)/gnu tools arm embedded/6 2017-q2-update/bin/../lib/gcc/arm-none-eabi/6.3.1/../../../../arm-none-eabi/lib/thumb/v6-m\libg_nano.a(lib_a-vsnprintf.o) (_svfprintf_r)
c:/program files (x86)/gnu tools arm embedded/6 2017-q2-update/bin/../lib/gcc/arm-none-eabi/6.3.1/../../../../arm-none-eabi/lib/thumb/v6-m\libg_nano.a(lib_a-nano-vfprintf_i.o)
                              c:/program files (x86)/gnu tools arm embedded/6 2017-q2-update/bin/../lib/gcc/arm-none-eabi/6.3.1/../../../../arm-none-eabi/lib/thumb/v6-m\libg_nano.a(lib_a-nano-svfprintf.o) (_printf_i)
c:/program files (x86)/gnu tools arm embedded/6 2017-q2-update/bin/../lib/gcc/arm-none-eabi/6.3.1/../../../../arm-none-eabi/lib/thumb/v6-m\libg_nano.a(lib_a-memchr-stub.o)
                              c:/program files (x86)/gnu tools arm embedded/6 2017-q2-update/bin/../lib/gcc/arm-none-eabi/6.3.1/../../../../arm-none-eabi/lib/thumb/v6-m\libg_nano.a(lib_a-nano-svfprintf.o) (memchr)
[...]
Memory Configuration

Name             Origin             Length             Attributes
RAM              0x20000000         0x00008000         xrw
FLASH            0x08000000         0x00040000         xr
*default*        0x00000000         0xffffffff

Linker script and memory map

LOAD c:/program files (x86)/gnu tools arm embedded/6 2017-q2-update/bin/../lib/gcc/arm-none-eabi/6.3.1/thumb/v6-m/crti.o
LOAD c:/program files (x86)/gnu tools arm embedded/6 2017-q2-update/bin/../lib/gcc/arm-none-eabi/6.3.1/thumb/v6-m/crtbegin.o
LOAD c:/program files (x86)/gnu tools arm embedded/6 2017-q2-update/bin/../lib/gcc/arm-none-eabi/6.3.1/../../../../arm-none-eabi/lib/thumb/v6-m/crt0.o
LOAD ./Src/adc.o
LOAD ./Src/aewin_def.o
LOAD ./Src/can.o
LOAD ./Src/dma.o
LOAD ./Src/freertos.o
LOAD ./Src/gpio.o
LOAD ./Src/i2c.o
LOAD ./Src/iwdg.o
LOAD ./Src/main.o
LOAD ./Src/rtc.o
LOAD ./Src/spi.o
LOAD ./Src/startup_stm32f091xc.o
LOAD ./Src/stm32f0xx_hal_msp.o
LOAD ./Src/stm32f0xx_hal_timebase_TIM.o
LOAD ./Src/stm32f0xx_it.o
LOAD ./Src/system_stm32f0xx.o
LOAD ./Src/tim.o
LOAD ./Src/usart.o
LOAD ./Middlewares/Third_Party/FreeRTOS/Source/portable/MemMang/heap_4.o
LOAD ./Middlewares/Third_Party/FreeRTOS/Source/portable/GCC/ARM_CM0/port.o
LOAD ./Middlewares/Third_Party/FreeRTOS/Source/CMSIS_RTOS/cmsis_os.o
LOAD ./Middlewares/Third_Party/FreeRTOS/Source/croutine.o
LOAD ./Middlewares/Third_Party/FreeRTOS/Source/event_groups.o
LOAD ./Middlewares/Third_Party/FreeRTOS/Source/list.o
LOAD ./Middlewares/Third_Party/FreeRTOS/Source/queue.o
LOAD ./Middlewares/Third_Party/FreeRTOS/Source/tasks.o
LOAD ./Middlewares/Third_Party/FreeRTOS/Source/timers.o
LOAD ./Drivers/STM32F0xx_HAL_Driver/Src/stm32f0xx_hal.o
LOAD ./Drivers/STM32F0xx_HAL_Driver/Src/stm32f0xx_hal_adc.o
LOAD ./Drivers/STM32F0xx_HAL_Driver/Src/stm32f0xx_hal_adc_ex.o
LOAD ./Drivers/STM32F0xx_HAL_Driver/Src/stm32f0xx_hal_can.o
LOAD ./Drivers/STM32F0xx_HAL_Driver/Src/stm32f0xx_hal_cortex.o
LOAD ./Drivers/STM32F0xx_HAL_Driver/Src/stm32f0xx_hal_dma.o
LOAD ./Drivers/STM32F0xx_HAL_Driver/Src/stm32f0xx_hal_flash.o
LOAD ./Drivers/STM32F0xx_HAL_Driver/Src/stm32f0xx_hal_flash_ex.o
LOAD ./Drivers/STM32F0xx_HAL_Driver/Src/stm32f0xx_hal_gpio.o
LOAD ./Drivers/STM32F0xx_HAL_Driver/Src/stm32f0xx_hal_i2c.o
LOAD ./Drivers/STM32F0xx_HAL_Driver/Src/stm32f0xx_hal_i2c_ex.o
LOAD ./Drivers/STM32F0xx_HAL_Driver/Src/stm32f0xx_hal_iwdg.o
LOAD ./Drivers/STM32F0xx_HAL_Driver/Src/stm32f0xx_hal_pwr.o
LOAD ./Drivers/STM32F0xx_HAL_Driver/Src/stm32f0xx_hal_pwr_ex.o
LOAD ./Drivers/STM32F0xx_HAL_Driver/Src/stm32f0xx_hal_rcc.o
LOAD ./Drivers/STM32F0xx_HAL_Driver/Src/stm32f0xx_hal_rcc_ex.o
LOAD ./Drivers/STM32F0xx_HAL_Driver/Src/stm32f0xx_hal_rtc.o
LOAD ./Drivers/STM32F0xx_HAL_Driver/Src/stm32f0xx_hal_rtc_ex.o
LOAD ./Drivers/STM32F0xx_HAL_Driver/Src/stm32f0xx_hal_spi.o
LOAD ./Drivers/STM32F0xx_HAL_Driver/Src/stm32f0xx_hal_spi_ex.o
LOAD ./Drivers/STM32F0xx_HAL_Driver/Src/stm32f0xx_hal_tim.o
LOAD ./Drivers/STM32F0xx_HAL_Driver/Src/stm32f0xx_hal_tim_ex.o
LOAD ./Drivers/STM32F0xx_HAL_Driver/Src/stm32f0xx_hal_uart.o
LOAD ./Drivers/STM32F0xx_HAL_Driver/Src/stm32f0xx_hal_uart_ex.o
START GROUP
LOAD c:/program files (x86)/gnu tools arm embedded/6 2017-q2-update/bin/../lib/gcc/arm-none-eabi/6.3.1/thumb/v6-m\libgcc.a
LOAD c:/program files (x86)/gnu tools arm embedded/6 2017-q2-update/bin/../lib/gcc/arm-none-eabi/6.3.1/../../../../arm-none-eabi/lib/thumb/v6-m\libg_nano.a
LOAD c:/program files (x86)/gnu tools arm embedded/6 2017-q2-update/bin/../lib/gcc/arm-none-eabi/6.3.1/../../../../arm-none-eabi/lib/thumb/v6-m\libc_nano.a
END GROUP
START GROUP
LOAD c:/program files (x86)/gnu tools arm embedded/6 2017-q2-update/bin/../lib/gcc/arm-none-eabi/6.3.1/thumb/v6-m\libgcc.a
LOAD c:/program files (x86)/gnu tools arm embedded/6 2017-q2-update/bin/../lib/gcc/arm-none-eabi/6.3.1/../../../../arm-none-eabi/lib/thumb/v6-m\libc_nano.a
LOAD c:/program files (x86)/gnu tools arm embedded/6 2017-q2-update/bin/../lib/gcc/arm-none-eabi/6.3.1/../../../../arm-none-eabi/lib/thumb/v6-m\libnosys.a
END GROUP
START GROUP
LOAD c:/program files (x86)/gnu tools arm embedded/6 2017-q2-update/bin/../lib/gcc/arm-none-eabi/6.3.1/thumb/v6-m\libgcc.a
LOAD c:/program files (x86)/gnu tools arm embedded/6 2017-q2-update/bin/../lib/gcc/arm-none-eabi/6.3.1/../../../../arm-none-eabi/lib/thumb/v6-m\libc_nano.a
LOAD c:/program files (x86)/gnu tools arm embedded/6 2017-q2-update/bin/../lib/gcc/arm-none-eabi/6.3.1/../../../../arm-none-eabi/lib/thumb/v6-m\libnosys.a
END GROUP
LOAD c:/program files (x86)/gnu tools arm embedded/6 2017-q2-update/bin/../lib/gcc/arm-none-eabi/6.3.1/thumb/v6-m/crtend.o
LOAD c:/program files (x86)/gnu tools arm embedded/6 2017-q2-update/bin/../lib/gcc/arm-none-eabi/6.3.1/thumb/v6-m/crtn.o
                0x20008000                _estack = 0x20008000
                0x00000200                _Min_Heap_Size = 0x200
                0x00000400                _Min_Stack_Size = 0x400

.isr_vector     0x08000000       0xbc
                0x08000000                . = ALIGN (0x4)
 *(.isr_vector)
 .isr_vector    0x08000000       0xbc ./Src/startup_stm32f091xc.o
                0x08000000                g_pfnVectors
                0x080000bc                . = ALIGN (0x4)

.text           0x080000c0     0x9fd8
                0x080000c0                . = ALIGN (0x4)
 *(.text)
 .text          0x080000c0       0x60 c:/program files (x86)/gnu tools arm embedded/6 2017-q2-update/bin/../lib/gcc/arm-none-eabi/6.3.1/thumb/v6-m/crtbegin.o
 .text          0x08000120       0x14 c:/program files (x86)/gnu tools arm embedded/6 2017-q2-update/bin/../lib/gcc/arm-none-eabi/6.3.1/thumb/v6-m\libgcc.a(_thumb1_case_sqi.o)
                0x08000120                __gnu_thumb1_case_sqi
 .text          0x08000134       0x14 c:/program files (x86)/gnu tools arm embedded/6 2017-q2-update/bin/../lib/gcc/arm-none-eabi/6.3.1/thumb/v6-m\libgcc.a(_thumb1_case_uqi.o)
                0x08000134                __gnu_thumb1_case_uqi
 .text          0x08000148       0x14 c:/program files (x86)/gnu tools arm embedded/6 2017-q2-update/bin/../lib/gcc/arm-none-eabi/6.3.1/thumb/v6-m\libgcc.a(_thumb1_case_shi.o)
                0x08000148                __gnu_thumb1_case_shi
 .text          0x0800015c       0x14 c:/program files (x86)/gnu tools arm embedded/6 2017-q2-update/bin/../lib/gcc/arm-none-eabi/6.3.1/thumb/v6-m\libgcc.a(_thumb1_case_uhi.o)
                0x0800015c                __gnu_thumb1_case_uhi
 .text          0x08000170      0x114 c:/program files (x86)/gnu tools arm embedded/6 2017-q2-update/bin/../lib/gcc/arm-none-eabi/6.3.1/thumb/v6-m\libgcc.a(_udivsi3.o)
                0x08000170                __aeabi_uidiv
                0x08000170                __udivsi3
                0x0800027c                __aeabi_uidivmod
 .text          0x08000284        0x4 c:/program files (x86)/gnu tools arm embedded/6 2017-q2-update/bin/../lib/gcc/arm-none-eabi/6.3.1/thumb/v6-m\libgcc.a(_dvmd_tls.o)
                0x08000284                __aeabi_idiv0
                0x08000284                __aeabi_ldiv0
 *(.text*)
 .text.MX_ADC_Init
                0x08000288       0x88 ./Src/adc.o
                0x08000288                MX_ADC_Init
 .text.HAL_ADC_MspInit
                0x08000310       0x9c ./Src/adc.o
                0x08000310                HAL_ADC_MspInit
 .text.MX_CAN_Init
                0x080003ac       0x4c ./Src/can.o
                0x080003ac                MX_CAN_Init
 .text.HAL_CAN_MspInit
                0x080003f8       0x60 ./Src/can.o
                0x080003f8                HAL_CAN_MspInit
 .text.MX_DMA_Init
                0x08000458       0x5c ./Src/dma.o
                0x08000458                MX_DMA_Init
 .text.StartDefaultTask
                0x080004b4        0xa ./Src/freertos.o
                0x080004b4                StartDefaultTask
 *fill*         0x080004be        0x2 
 .text.usart3_entry
                0x080004c0      0x1b4 ./Src/freertos.o
                0x080004c0                usart3_entry
 .text.IWDG_entry
                0x08000674       0x34 ./Src/freertos.o
                0x08000674                IWDG_entry
 .text.gpio_state_entry
                0x080006a8       0x88 ./Src/freertos.o
                0x080006a8                gpio_state_entry
 .text.spi1_entry
                0x08000730      0x560 ./Src/freertos.o
                0x08000730                spi1_entry
 .text.can_entry
                0x08000c90       0xac ./Src/freertos.o
                0x08000c90                can_entry
 .text.aewin_dbg
                0x08000d3c       0x60 ./Src/freertos.o
                0x08000d3c                aewin_dbg
 .text.i2c1_entry
                0x08000d9c      0x108 ./Src/freertos.o
                0x08000d9c                i2c1_entry
 .text.adc_entry
                0x08000ea4       0x78 ./Src/freertos.o
                0x08000ea4                adc_entry
 .text.cmd_proc_entry
                0x08000f1c       0x78 ./Src/freertos.o
                0x08000f1c                cmd_proc_entry
 .text.HAL_RTC_AlarmAEventCallback
                0x08000f94       0x34 ./Src/freertos.o
                0x08000f94                HAL_RTC_AlarmAEventCallback
 .text.adc_voltageConversion_float
                0x08000fc8       0x20 ./Src/freertos.o
                0x08000fc8                adc_voltageConversion_float
 .text.adc_tempConversion_int
                0x08000fe8       0x24 ./Src/freertos.o
                0x08000fe8                adc_tempConversion_int
 .text.adc_tempConversion_float
                0x0800100c       0x28 ./Src/freertos.o
                0x0800100c                adc_tempConversion_float
 .text.usart1_entry
                0x08001034      0xf34 ./Src/freertos.o
                0x08001034                usart1_entry
 .text.uart2_findCommaIndexNext
                0x08001f68       0x28 ./Src/freertos.o
                0x08001f68                uart2_findCommaIndexNext
 .text.uart_findDataIndex
                0x08001f90       0x32 ./Src/freertos.o
                0x08001f90                uart_findDataIndex
 .text.uart2_isFindString
                0x08001fc2       0x4e ./Src/freertos.o
                0x08001fc2                uart2_isFindString
 .text.enable_4GModule
                0x08002010       0x40 ./Src/freertos.o
                0x08002010                enable_4GModule
 .text.print_atCommand
                0x08002050       0x34 ./Src/freertos.o
                0x08002050                print_atCommand
 .text.usart2_entry
                0x08002084      0x804 ./Src/freertos.o
                0x08002084                usart2_entry
 .text.check_lowPower
                0x08002888       0x4c ./Src/freertos.o
                0x08002888                check_lowPower
 .text.check_highPower
                0x080028d4       0x4c ./Src/freertos.o
                0x080028d4                check_highPower
 .text.ignition_entry
                0x08002920      0x3b0 ./Src/freertos.o
                0x08002920                ignition_entry
 .text.config_recovery
                0x08002cd0       0x1c ./Src/freertos.o
                0x08002cd0                config_recovery
 .text.MX_FREERTOS_Init
                0x08002cec      0x2f8 ./Src/freertos.o
                0x08002cec                MX_FREERTOS_Init
 .text.MX_GPIO_Init
                0x08002fe4       0xf4 ./Src/gpio.o
                0x08002fe4                MX_GPIO_Init
 .text.MX_I2C1_Init
                0x080030d8       0x6c ./Src/i2c.o
                0x080030d8                MX_I2C1_Init
 .text.MX_I2C2_Init
                0x08003144       0x6c ./Src/i2c.o
                0x08003144                MX_I2C2_Init
 .text.HAL_I2C_MspInit
                0x080031b0       0xac ./Src/i2c.o
                0x080031b0                HAL_I2C_MspInit
 .text.MX_IWDG_Init
                0x0800325c       0x34 ./Src/iwdg.o
                0x0800325c                MX_IWDG_Init
 .text.SystemClock_Config
                0x08003290       0xa4 ./Src/main.o
                0x08003290                SystemClock_Config
 .text.startup.main
                0x08003334       0x4c ./Src/main.o
                0x08003334                main
 .text.HAL_TIM_PeriodElapsedCallback
                0x08003380       0x14 ./Src/main.o
                0x08003380                HAL_TIM_PeriodElapsedCallback
 .text._Error_Handler
                0x08003394        0x2 ./Src/main.o
                0x08003394                _Error_Handler
 *fill*         0x08003396        0x2 
 .text.MX_RTC_Init
                0x08003398      0x108 ./Src/rtc.o
                0x08003398                MX_RTC_Init
 .text.HAL_RTC_MspInit
                0x080034a0       0x30 ./Src/rtc.o
                0x080034a0                HAL_RTC_MspInit
 .text.MX_SPI1_Init
                0x080034d0       0x54 ./Src/spi.o
                0x080034d0                MX_SPI1_Init
 .text.HAL_SPI_MspInit
                0x08003524       0x60 ./Src/spi.o
                0x08003524                HAL_SPI_MspInit
 .text.Reset_Handler
                0x08003584       0x50 ./Src/startup_stm32f091xc.o
                0x08003584                Reset_Handler
 .text.Default_Handler
                0x080035d4        0x2 ./Src/startup_stm32f091xc.o
                0x080035d4                TIM1_CC_IRQHandler
                0x080035d4                TSC_IRQHandler
                0x080035d4                ADC1_COMP_IRQHandler
                0x080035d4                RCC_CRS_IRQHandler
                0x080035d4                SPI1_IRQHandler
                0x080035d4                TIM6_DAC_IRQHandler
                0x080035d4                EXTI2_3_IRQHandler
                0x080035d4                I2C2_IRQHandler
                0x080035d4                TIM17_IRQHandler
                0x080035d4                PVD_VDDIO2_IRQHandler
                0x080035d4                TIM16_IRQHandler
                0x080035d4                TIM3_IRQHandler
                0x080035d4                EXTI4_15_IRQHandler
                0x080035d4                Default_Handler
                0x080035d4                TIM14_IRQHandler
                0x080035d4                TIM7_IRQHandler
                0x080035d4                TIM15_IRQHandler
                0x080035d4                EXTI0_1_IRQHandler
                0x080035d4                SPI2_IRQHandler
                0x080035d4                WWDG_IRQHandler
                0x080035d4                TIM2_IRQHandler
                0x080035d4                FLASH_IRQHandler
 *fill*         0x080035d6        0x2 
 .text.HAL_MspInit
                0x080035d8       0x3c ./Src/stm32f0xx_hal_msp.o
                0x080035d8                HAL_MspInit
 .text.HAL_InitTick
                0x08003614       0x7c ./Src/stm32f0xx_hal_timebase_TIM.o
                0x08003614                HAL_InitTick
 .text.NMI_Handler
                0x08003690        0x2 ./Src/stm32f0xx_it.o
                0x08003690                NMI_Handler
 .text.HardFault_Handler
                0x08003692        0x2 ./Src/stm32f0xx_it.o
                0x08003692                HardFault_Handler
 .text.SysTick_Handler
                0x08003694        0x8 ./Src/stm32f0xx_it.o
                0x08003694                SysTick_Handler
 .text.RTC_IRQHandler
                0x0800369c       0x1c ./Src/stm32f0xx_it.o
                0x0800369c                RTC_IRQHandler
 .text.DMA1_Ch1_IRQHandler
                0x080036b8       0x10 ./Src/stm32f0xx_it.o
                0x080036b8                DMA1_Ch1_IRQHandler
 .text.DMA1_Ch2_3_DMA2_Ch1_2_IRQHandler
                0x080036c8       0x2c ./Src/stm32f0xx_it.o
                0x080036c8                DMA1_Ch2_3_DMA2_Ch1_2_IRQHandler
 .text.DMA1_Ch4_7_DMA2_Ch3_5_IRQHandler
                0x080036f4       0x18 ./Src/stm32f0xx_it.o
                0x080036f4                DMA1_Ch4_7_DMA2_Ch3_5_IRQHandler
 .text.TIM1_BRK_UP_TRG_COM_IRQHandler
                0x0800370c       0x10 ./Src/stm32f0xx_it.o
                0x0800370c                TIM1_BRK_UP_TRG_COM_IRQHandler
 .text.I2C1_IRQHandler
                0x0800371c       0x20 ./Src/stm32f0xx_it.o
                0x0800371c                I2C1_IRQHandler
 .text.USART1_IRQHandler
                0x0800373c       0x10 ./Src/stm32f0xx_it.o
                0x0800373c                USART1_IRQHandler
 .text.USART2_IRQHandler
                0x0800374c       0x10 ./Src/stm32f0xx_it.o
                0x0800374c                USART2_IRQHandler
 .text.USART3_8_IRQHandler
                0x0800375c       0x10 ./Src/stm32f0xx_it.o
                0x0800375c                USART3_8_IRQHandler
 .text.CEC_CAN_IRQHandler
                0x0800376c       0x10 ./Src/stm32f0xx_it.o
                0x0800376c                CEC_CAN_IRQHandler
 .text.SystemInit
                0x0800377c       0x60 ./Src/system_stm32f0xx.o
                0x0800377c                SystemInit
 .text.MX_TIM2_Init
                0x080037dc       0x88 ./Src/tim.o
                0x080037dc                MX_TIM2_Init
 .text.HAL_TIM_Base_MspInit
                0x08003864       0x48 ./Src/tim.o
                0x08003864                HAL_TIM_Base_MspInit
 .text.HAL_TIM_MspPostInit
                0x080038ac       0x30 ./Src/tim.o
                0x080038ac                HAL_TIM_MspPostInit
 .text.MX_TIM14_Init
                0x080038dc       0x70 ./Src/tim.o
                0x080038dc                MX_TIM14_Init
 .text.MX_USART1_UART_Init
                0x0800394c       0x40 ./Src/usart.o
                0x0800394c                MX_USART1_UART_Init
 .text.MX_USART2_UART_Init
                0x0800398c       0x40 ./Src/usart.o
                0x0800398c                MX_USART2_UART_Init
 .text.MX_USART3_UART_Init
                0x080039cc       0x50 ./Src/usart.o
                0x080039cc                MX_USART3_UART_Init
 .text.HAL_UART_MspInit
                0x08003a1c      0x2f0 ./Src/usart.o
                0x08003a1c                HAL_UART_MspInit
 .text.unlikely.prvInsertBlockIntoFreeList
                0x08003d0c       0x48 ./Middlewares/Third_Party/FreeRTOS/Source/portable/MemMang/heap_4.o
 .text.pvPortMalloc
                0x08003d54      0x104 ./Middlewares/Third_Party/FreeRTOS/Source/portable/MemMang/heap_4.o
                0x08003d54                pvPortMalloc
 .text.vPortFree
                0x08003e58       0x48 ./Middlewares/Third_Party/FreeRTOS/Source/portable/MemMang/heap_4.o
                0x08003e58                vPortFree
 .text.prvTaskExitError
                0x08003ea0       0x14 ./Middlewares/Third_Party/FreeRTOS/Source/portable/GCC/ARM_CM0/port.o
 *fill*         0x08003eb4        0xc 
 .text.vPortStartFirstTask
                0x08003ec0       0x34 ./Middlewares/Third_Party/FreeRTOS/Source/portable/GCC/ARM_CM0/port.o
 .text.pxPortInitialiseStack
                0x08003ef4       0x20 ./Middlewares/Third_Party/FreeRTOS/Source/portable/GCC/ARM_CM0/port.o
                0x08003ef4                pxPortInitialiseStack
 .text.SVC_Handler
                0x08003f14        0x2 ./Middlewares/Third_Party/FreeRTOS/Source/portable/GCC/ARM_CM0/port.o
                0x08003f14                SVC_Handler
 *fill*         0x08003f16        0x2 
 .text.vPortYield
                0x08003f18       0x18 ./Middlewares/Third_Party/FreeRTOS/Source/portable/GCC/ARM_CM0/port.o
                0x08003f18                vPortYield
 .text.vPortEnterCritical
                0x08003f30       0x18 ./Middlewares/Third_Party/FreeRTOS/Source/portable/GCC/ARM_CM0/port.o
                0x08003f30                vPortEnterCritical
 .text.vPortExitCritical
                0x08003f48       0x1c ./Middlewares/Third_Party/FreeRTOS/Source/portable/GCC/ARM_CM0/port.o
                0x08003f48                vPortExitCritical
 .text.ulSetInterruptMaskFromISR
                0x08003f64        0xa ./Middlewares/Third_Party/FreeRTOS/Source/portable/GCC/ARM_CM0/port.o
                0x08003f64                ulSetInterruptMaskFromISR
 .text.vClearInterruptMaskFromISR
                0x08003f6e        0x6 ./Middlewares/Third_Party/FreeRTOS/Source/portable/GCC/ARM_CM0/port.o
                0x08003f6e                vClearInterruptMaskFromISR
 *fill*         0x08003f74        0xc 
 .text.PendSV_Handler
                0x08003f80       0x44 ./Middlewares/Third_Party/FreeRTOS/Source/portable/GCC/ARM_CM0/port.o
                0x08003f80                PendSV_Handler
 .text.xPortSysTickHandler
                0x08003fc4       0x24 ./Middlewares/Third_Party/FreeRTOS/Source/portable/GCC/ARM_CM0/port.o
                0x08003fc4                xPortSysTickHandler
 .text.vPortSetupTimerInterrupt
                0x08003fe8       0x28 ./Middlewares/Third_Party/FreeRTOS/Source/portable/GCC/ARM_CM0/port.o
                0x08003fe8                vPortSetupTimerInterrupt
 .text.xPortStartScheduler
                0x08004010       0x34 ./Middlewares/Third_Party/FreeRTOS/Source/portable/GCC/ARM_CM0/port.o
                0x08004010                xPortStartScheduler
 .text.osKernelStart
                0x08004044        0xa ./Middlewares/Third_Party/FreeRTOS/Source/CMSIS_RTOS/cmsis_os.o
                0x08004044                osKernelStart
 .text.osThreadCreate
                0x0800404e       0x30 ./Middlewares/Third_Party/FreeRTOS/Source/CMSIS_RTOS/cmsis_os.o
                0x0800404e                osThreadCreate
 .text.osDelay  0x0800407e       0x10 ./Middlewares/Third_Party/FreeRTOS/Source/CMSIS_RTOS/cmsis_os.o
                0x0800407e                osDelay
 .text.osMutexCreate
                0x0800408e        0xa ./Middlewares/Third_Party/FreeRTOS/Source/CMSIS_RTOS/cmsis_os.o
                0x0800408e                osMutexCreate
 .text.osMutexWait
                0x08004098       0x4c ./Middlewares/Third_Party/FreeRTOS/Source/CMSIS_RTOS/cmsis_os.o
                0x08004098                osMutexWait
 .text.osSemaphoreRelease
                0x080040e4       0x40 ./Middlewares/Third_Party/FreeRTOS/Source/CMSIS_RTOS/cmsis_os.o
                0x080040e4                osSemaphoreRelease
 .text.osMutexRelease
                0x08004124        0x8 ./Middlewares/Third_Party/FreeRTOS/Source/CMSIS_RTOS/cmsis_os.o
                0x08004124                osMutexRelease
 .text.osMessageCreate
                0x0800412c        0xe ./Middlewares/Third_Party/FreeRTOS/Source/CMSIS_RTOS/cmsis_os.o
                0x0800412c                osMessageCreate
 *fill*         0x0800413a        0x2 
 .text.osMessagePut
                0x0800413c       0x4c ./Middlewares/Third_Party/FreeRTOS/Source/CMSIS_RTOS/cmsis_os.o
                0x0800413c                osMessagePut
 .text.osMessageGet
                0x08004188       0x74 ./Middlewares/Third_Party/FreeRTOS/Source/CMSIS_RTOS/cmsis_os.o
                0x08004188                osMessageGet
 .text.osSystickHandler
                0x080041fc       0x10 ./Middlewares/Third_Party/FreeRTOS/Source/CMSIS_RTOS/cmsis_os.o
                0x080041fc                osSystickHandler
 .text.vListInitialise
                0x0800420c       0x16 ./Middlewares/Third_Party/FreeRTOS/Source/list.o
                0x0800420c                vListInitialise
 .text.vListInitialiseItem
                0x08004222        0x6 ./Middlewares/Third_Party/FreeRTOS/Source/list.o
                0x08004222                vListInitialiseItem
 .text.vListInsertEnd
                0x08004228       0x18 ./Middlewares/Third_Party/FreeRTOS/Source/list.o
                0x08004228                vListInsertEnd
 .text.vListInsert
                0x08004240       0x2e ./Middlewares/Third_Party/FreeRTOS/Source/list.o
                0x08004240                vListInsert
 .text.uxListRemove
                0x0800426e       0x20 ./Middlewares/Third_Party/FreeRTOS/Source/list.o
                0x0800426e                uxListRemove
 .text.unlikely.prvCopyDataToQueue
                0x0800428e       0x70 ./Middlewares/Third_Party/FreeRTOS/Source/queue.o
 .text.unlikely.prvCopyDataFromQueue
                0x080042fe       0x24 ./Middlewares/Third_Party/FreeRTOS/Source/queue.o
 .text.prvUnlockQueue
                0x08004322       0x6a ./Middlewares/Third_Party/FreeRTOS/Source/queue.o
 .text.xQueueGenericReset
                0x0800438c       0x68 ./Middlewares/Third_Party/FreeRTOS/Source/queue.o
                0x0800438c                xQueueGenericReset
 .text.xQueueGenericCreate
                0x080043f4       0x3a ./Middlewares/Third_Party/FreeRTOS/Source/queue.o
                0x080043f4                xQueueGenericCreate
 .text.xQueueGenericSend
                0x0800442e      0x11e ./Middlewares/Third_Party/FreeRTOS/Source/queue.o
                0x0800442e                xQueueGenericSend
 .text.xQueueCreateMutex
                0x0800454c       0x24 ./Middlewares/Third_Party/FreeRTOS/Source/queue.o
                0x0800454c                xQueueCreateMutex
 .text.xQueueGenericSendFromISR
                0x08004570       0x92 ./Middlewares/Third_Party/FreeRTOS/Source/queue.o
                0x08004570                xQueueGenericSendFromISR
 .text.xQueueGiveFromISR
                0x08004602       0x7a ./Middlewares/Third_Party/FreeRTOS/Source/queue.o
                0x08004602                xQueueGiveFromISR
 .text.xQueueGenericReceive
                0x0800467c      0x14c ./Middlewares/Third_Party/FreeRTOS/Source/queue.o
                0x0800467c                xQueueGenericReceive
 .text.xQueueReceiveFromISR
                0x080047c8       0x80 ./Middlewares/Third_Party/FreeRTOS/Source/queue.o
                0x080047c8                xQueueReceiveFromISR
 .text.prvResetNextTaskUnblockTime
                0x08004848       0x28 ./Middlewares/Third_Party/FreeRTOS/Source/tasks.o
 .text.prvAddCurrentTaskToDelayedList
                0x08004870       0x70 ./Middlewares/Third_Party/FreeRTOS/Source/tasks.o
 .text.xTaskCreate
                0x080048e0      0x188 ./Middlewares/Third_Party/FreeRTOS/Source/tasks.o
                0x080048e0                xTaskCreate
 .text.vTaskStartScheduler
                0x08004a68       0x54 ./Middlewares/Third_Party/FreeRTOS/Source/tasks.o
                0x08004a68                vTaskStartScheduler
 .text.vTaskSuspendAll
                0x08004abc       0x10 ./Middlewares/Third_Party/FreeRTOS/Source/tasks.o
                0x08004abc                vTaskSuspendAll
 .text.xTaskIncrementTick
                0x08004acc       0xfc ./Middlewares/Third_Party/FreeRTOS/Source/tasks.o
                0x08004acc                xTaskIncrementTick
 .text.xTaskResumeAll
                0x08004bc8       0xd0 ./Middlewares/Third_Party/FreeRTOS/Source/tasks.o
                0x08004bc8                xTaskResumeAll
 .text.vTaskDelay
                0x08004c98       0x34 ./Middlewares/Third_Party/FreeRTOS/Source/tasks.o
                0x08004c98                vTaskDelay
 .text.prvIdleTask
                0x08004ccc       0x68 ./Middlewares/Third_Party/FreeRTOS/Source/tasks.o
 .text.vTaskSwitchContext
                0x08004d34       0x6c ./Middlewares/Third_Party/FreeRTOS/Source/tasks.o
                0x08004d34                vTaskSwitchContext
 .text.vTaskPlaceOnEventList
                0x08004da0       0x24 ./Middlewares/Third_Party/FreeRTOS/Source/tasks.o
                0x08004da0                vTaskPlaceOnEventList
 .text.xTaskRemoveFromEventList
                0x08004dc4       0x78 ./Middlewares/Third_Party/FreeRTOS/Source/tasks.o
                0x08004dc4                xTaskRemoveFromEventList
 .text.vTaskSetTimeOutState
                0x08004e3c       0x20 ./Middlewares/Third_Party/FreeRTOS/Source/tasks.o
                0x08004e3c                vTaskSetTimeOutState
 .text.xTaskCheckForTimeOut
                0x08004e5c       0x60 ./Middlewares/Third_Party/FreeRTOS/Source/tasks.o
                0x08004e5c                xTaskCheckForTimeOut
 .text.vTaskMissedYield
                0x08004ebc        0xc ./Middlewares/Third_Party/FreeRTOS/Source/tasks.o
                0x08004ebc                vTaskMissedYield
 .text.xTaskGetSchedulerState
                0x08004ec8       0x20 ./Middlewares/Third_Party/FreeRTOS/Source/tasks.o
                0x08004ec8                xTaskGetSchedulerState
 .text.vTaskPriorityInherit
                0x08004ee8       0x6c ./Middlewares/Third_Party/FreeRTOS/Source/tasks.o
                0x08004ee8                vTaskPriorityInherit
 .text.xTaskPriorityDisinherit
                0x08004f54       0x6c ./Middlewares/Third_Party/FreeRTOS/Source/tasks.o
                0x08004f54                xTaskPriorityDisinherit
 .text.pvTaskIncrementMutexHeldCount
                0x08004fc0       0x18 ./Middlewares/Third_Party/FreeRTOS/Source/tasks.o
                0x08004fc0                pvTaskIncrementMutexHeldCount
 .text.HAL_Init
                0x08004fd8       0x20 ./Drivers/STM32F0xx_HAL_Driver/Src/stm32f0xx_hal.o
                0x08004fd8                HAL_Init
 .text.HAL_IncTick
                0x08004ff8       0x10 ./Drivers/STM32F0xx_HAL_Driver/Src/stm32f0xx_hal.o
                0x08004ff8                HAL_IncTick
 .text.HAL_GetTick
                0x08005008        0xc ./Drivers/STM32F0xx_HAL_Driver/Src/stm32f0xx_hal.o
                0x08005008                HAL_GetTick
 .text.HAL_Delay
                0x08005014       0x20 ./Drivers/STM32F0xx_HAL_Driver/Src/stm32f0xx_hal.o
                0x08005014                HAL_Delay
 .text.ADC_Disable
                0x08005034       0x72 ./Drivers/STM32F0xx_HAL_Driver/Src/stm32f0xx_hal_adc.o
 *fill*         0x080050a6        0x2 
 .text.ADC_Enable
                0x080050a8       0x98 ./Drivers/STM32F0xx_HAL_Driver/Src/stm32f0xx_hal_adc.o
 .text.ADC_ConversionStop
                0x08005140       0x52 ./Drivers/STM32F0xx_HAL_Driver/Src/stm32f0xx_hal_adc.o
 *fill*         0x08005192        0x2 
 .text.HAL_ADC_Init
                0x08005194      0x14c ./Drivers/STM32F0xx_HAL_Driver/Src/stm32f0xx_hal_adc.o
                0x08005194                HAL_ADC_Init
 .text.HAL_ADC_Start_DMA
                0x080052e0       0x94 ./Drivers/STM32F0xx_HAL_Driver/Src/stm32f0xx_hal_adc.o
                0x080052e0                HAL_ADC_Start_DMA
 .text.HAL_ADC_Stop_DMA
                0x08005374       0x70 ./Drivers/STM32F0xx_HAL_Driver/Src/stm32f0xx_hal_adc.o
                0x08005374                HAL_ADC_Stop_DMA
 .text.HAL_ADC_ConvCpltCallback
                0x080053e4        0x2 ./Drivers/STM32F0xx_HAL_Driver/Src/stm32f0xx_hal_adc.o
                0x080053e4                HAL_ADC_ConvCpltCallback
 *fill*         0x080053e6        0x2 
 .text.ADC_DMAConvCplt
                0x080053e8       0x70 ./Drivers/STM32F0xx_HAL_Driver/Src/stm32f0xx_hal_adc.o
 .text.HAL_ADC_ConvHalfCpltCallback
                0x08005458        0x2 ./Drivers/STM32F0xx_HAL_Driver/Src/stm32f0xx_hal_adc.o
                0x08005458                HAL_ADC_ConvHalfCpltCallback
 .text.ADC_DMAHalfConvCplt
                0x0800545a        0xa ./Drivers/STM32F0xx_HAL_Driver/Src/stm32f0xx_hal_adc.o
 .text.HAL_ADC_ErrorCallback
                0x08005464        0x2 ./Drivers/STM32F0xx_HAL_Driver/Src/stm32f0xx_hal_adc.o
                0x08005464                HAL_ADC_ErrorCallback
 .text.ADC_DMAError
                0x08005466       0x1a ./Drivers/STM32F0xx_HAL_Driver/Src/stm32f0xx_hal_adc.o
 .text.HAL_ADC_ConfigChannel
                0x08005480      0x100 ./Drivers/STM32F0xx_HAL_Driver/Src/stm32f0xx_hal_adc.o
                0x08005480                HAL_ADC_ConfigChannel
 .text.HAL_CAN_ConfigFilter
                0x08005580       0xdc ./Drivers/STM32F0xx_HAL_Driver/Src/stm32f0xx_hal_can.o
                0x08005580                HAL_CAN_ConfigFilter
 .text.HAL_CAN_Init
                0x0800565c      0x13c ./Drivers/STM32F0xx_HAL_Driver/Src/stm32f0xx_hal_can.o
                0x0800565c                HAL_CAN_Init
 .text.HAL_CAN_Transmit
                0x08005798      0x1c0 ./Drivers/STM32F0xx_HAL_Driver/Src/stm32f0xx_hal_can.o
                0x08005798                HAL_CAN_Transmit
 .text.HAL_CAN_Receive_IT
                0x08005958       0xbc ./Drivers/STM32F0xx_HAL_Driver/Src/stm32f0xx_hal_can.o
                0x08005958                HAL_CAN_Receive_IT
 .text.HAL_CAN_TxCpltCallback
                0x08005a14        0x2 ./Drivers/STM32F0xx_HAL_Driver/Src/stm32f0xx_hal_can.o
                0x08005a14                HAL_CAN_TxCpltCallback
 .text.HAL_CAN_RxCpltCallback
                0x08005a16        0x2 ./Drivers/STM32F0xx_HAL_Driver/Src/stm32f0xx_hal_can.o
                0x08005a16                HAL_CAN_RxCpltCallback
 .text.CAN_Receive_IT
                0x08005a18      0x10c ./Drivers/STM32F0xx_HAL_Driver/Src/stm32f0xx_hal_can.o
 .text.HAL_CAN_ErrorCallback
                0x08005b24        0x2 ./Drivers/STM32F0xx_HAL_Driver/Src/stm32f0xx_hal_can.o
                0x08005b24                HAL_CAN_ErrorCallback
 *fill*         0x08005b26        0x2 
 .text.HAL_CAN_IRQHandler
                0x08005b28      0x1e4 ./Drivers/STM32F0xx_HAL_Driver/Src/stm32f0xx_hal_can.o
                0x08005b28                HAL_CAN_IRQHandler
 .text.HAL_NVIC_SetPriority
                0x08005d0c       0x60 ./Drivers/STM32F0xx_HAL_Driver/Src/stm32f0xx_hal_cortex.o
                0x08005d0c                HAL_NVIC_SetPriority
 .text.HAL_NVIC_EnableIRQ
                0x08005d6c       0x14 ./Drivers/STM32F0xx_HAL_Driver/Src/stm32f0xx_hal_cortex.o
                0x08005d6c                HAL_NVIC_EnableIRQ
 .text.HAL_SYSTICK_Config
                0x08005d80       0x34 ./Drivers/STM32F0xx_HAL_Driver/Src/stm32f0xx_hal_cortex.o
                0x08005d80                HAL_SYSTICK_Config
 .text.HAL_SYSTICK_CLKSourceConfig
                0x08005db4       0x1c ./Drivers/STM32F0xx_HAL_Driver/Src/stm32f0xx_hal_cortex.o
                0x08005db4                HAL_SYSTICK_CLKSourceConfig
 .text.DMA_CalcBaseAndBitshift
                0x08005dd0       0x48 ./Drivers/STM32F0xx_HAL_Driver/Src/stm32f0xx_hal_dma.o
 .text.HAL_DMA_Init
                0x08005e18       0x58 ./Drivers/STM32F0xx_HAL_Driver/Src/stm32f0xx_hal_dma.o
                0x08005e18                HAL_DMA_Init
 .text.HAL_DMA_Start_IT
                0x08005e70       0x76 ./Drivers/STM32F0xx_HAL_Driver/Src/stm32f0xx_hal_dma.o
                0x08005e70                HAL_DMA_Start_IT
 .text.HAL_DMA_Abort
                0x08005ee6       0x2a ./Drivers/STM32F0xx_HAL_Driver/Src/stm32f0xx_hal_dma.o
                0x08005ee6                HAL_DMA_Abort
 .text.HAL_DMA_Abort_IT
                0x08005f10       0x46 ./Drivers/STM32F0xx_HAL_Driver/Src/stm32f0xx_hal_dma.o
                0x08005f10                HAL_DMA_Abort_IT
 .text.HAL_DMA_IRQHandler
                0x08005f56       0x92 ./Drivers/STM32F0xx_HAL_Driver/Src/stm32f0xx_hal_dma.o
                0x08005f56                HAL_DMA_IRQHandler
 .text.HAL_GPIO_Init
                0x08005fe8      0x178 ./Drivers/STM32F0xx_HAL_Driver/Src/stm32f0xx_hal_gpio.o
                0x08005fe8                HAL_GPIO_Init
 .text.HAL_GPIO_ReadPin
                0x08006160        0xc ./Drivers/STM32F0xx_HAL_Driver/Src/stm32f0xx_hal_gpio.o
                0x08006160                HAL_GPIO_ReadPin
 .text.HAL_GPIO_WritePin
                0x0800616c        0xc ./Drivers/STM32F0xx_HAL_Driver/Src/stm32f0xx_hal_gpio.o
                0x0800616c                HAL_GPIO_WritePin
 .text.I2C_Flush_TXDR
                0x08006178       0x1c ./Drivers/STM32F0xx_HAL_Driver/Src/stm32f0xx_hal_i2c.o
 .text.I2C_TransferConfig
                0x08006194       0x24 ./Drivers/STM32F0xx_HAL_Driver/Src/stm32f0xx_hal_i2c.o
 .text.I2C_Disable_IRQ
                0x080061b8       0x60 ./Drivers/STM32F0xx_HAL_Driver/Src/stm32f0xx_hal_i2c.o
 .text.I2C_WaitOnFlagUntilTimeout
                0x08006218       0x4c ./Drivers/STM32F0xx_HAL_Driver/Src/stm32f0xx_hal_i2c.o
 .text.I2C_IsAcknowledgeFailed
                0x08006264       0x80 ./Drivers/STM32F0xx_HAL_Driver/Src/stm32f0xx_hal_i2c.o
 .text.I2C_WaitOnTXISFlagUntilTimeout
                0x080062e4       0x5a ./Drivers/STM32F0xx_HAL_Driver/Src/stm32f0xx_hal_i2c.o
 *fill*         0x0800633e        0x2 
 .text.I2C_WaitOnRXNEFlagUntilTimeout
                0x08006340       0x78 ./Drivers/STM32F0xx_HAL_Driver/Src/stm32f0xx_hal_i2c.o
 .text.I2C_WaitOnSTOPFlagUntilTimeout
                0x080063b8       0x56 ./Drivers/STM32F0xx_HAL_Driver/Src/stm32f0xx_hal_i2c.o
 *fill*         0x0800640e        0x2 
 .text.HAL_I2C_Init
                0x08006410       0xac ./Drivers/STM32F0xx_HAL_Driver/Src/stm32f0xx_hal_i2c.o
                0x08006410                HAL_I2C_Init
 .text.HAL_I2C_Master_Transmit
                0x080064bc      0x130 ./Drivers/STM32F0xx_HAL_Driver/Src/stm32f0xx_hal_i2c.o
                0x080064bc                HAL_I2C_Master_Transmit
 .text.HAL_I2C_Master_Receive
                0x080065ec      0x130 ./Drivers/STM32F0xx_HAL_Driver/Src/stm32f0xx_hal_i2c.o
                0x080065ec                HAL_I2C_Master_Receive
 .text.HAL_I2C_EV_IRQHandler
                0x0800671c       0x12 ./Drivers/STM32F0xx_HAL_Driver/Src/stm32f0xx_hal_i2c.o
                0x0800671c                HAL_I2C_EV_IRQHandler
 .text.HAL_I2C_SlaveTxCpltCallback
                0x0800672e        0x2 ./Drivers/STM32F0xx_HAL_Driver/Src/stm32f0xx_hal_i2c.o
                0x0800672e                HAL_I2C_SlaveTxCpltCallback
 .text.HAL_I2C_SlaveRxCpltCallback
                0x08006730        0x2 ./Drivers/STM32F0xx_HAL_Driver/Src/stm32f0xx_hal_i2c.o
                0x08006730                HAL_I2C_SlaveRxCpltCallback
 .text.I2C_ITSlaveSequentialCplt
                0x08006732       0x52 ./Drivers/STM32F0xx_HAL_Driver/Src/stm32f0xx_hal_i2c.o
 .text.HAL_I2C_AddrCallback
                0x08006784        0x2 ./Drivers/STM32F0xx_HAL_Driver/Src/stm32f0xx_hal_i2c.o
                0x08006784                HAL_I2C_AddrCallback
 .text.HAL_I2C_ListenCpltCallback
                0x08006786        0x2 ./Drivers/STM32F0xx_HAL_Driver/Src/stm32f0xx_hal_i2c.o
                0x08006786                HAL_I2C_ListenCpltCallback
 .text.I2C_ITListenCplt
                0x08006788       0x64 ./Drivers/STM32F0xx_HAL_Driver/Src/stm32f0xx_hal_i2c.o
 .text.HAL_I2C_ErrorCallback
                0x080067ec        0x2 ./Drivers/STM32F0xx_HAL_Driver/Src/stm32f0xx_hal_i2c.o
                0x080067ec                HAL_I2C_ErrorCallback
 .text.HAL_I2C_AbortCpltCallback
                0x080067ee        0x2 ./Drivers/STM32F0xx_HAL_Driver/Src/stm32f0xx_hal_i2c.o
                0x080067ee                HAL_I2C_AbortCpltCallback
 .text.I2C_ITError
                0x080067f0       0xe0 ./Drivers/STM32F0xx_HAL_Driver/Src/stm32f0xx_hal_i2c.o
 .text.I2C_ITSlaveCplt
                0x080068d0       0xf8 ./Drivers/STM32F0xx_HAL_Driver/Src/stm32f0xx_hal_i2c.o
 .text.I2C_Slave_ISR_IT
                0x080069c8      0x1d0 ./Drivers/STM32F0xx_HAL_Driver/Src/stm32f0xx_hal_i2c.o
 .text.HAL_I2C_ER_IRQHandler
                0x08006b98       0x5a ./Drivers/STM32F0xx_HAL_Driver/Src/stm32f0xx_hal_i2c.o
                0x08006b98                HAL_I2C_ER_IRQHandler
 .text.I2C_DMAAbort
                0x08006bf2       0x34 ./Drivers/STM32F0xx_HAL_Driver/Src/stm32f0xx_hal_i2c.o
 *fill*         0x08006c26        0x2 
 .text.HAL_I2CEx_ConfigAnalogFilter
                0x08006c28       0x4c ./Drivers/STM32F0xx_HAL_Driver/Src/stm32f0xx_hal_i2c_ex.o
                0x08006c28                HAL_I2CEx_ConfigAnalogFilter
 .text.HAL_I2CEx_ConfigDigitalFilter
                0x08006c74       0x48 ./Drivers/STM32F0xx_HAL_Driver/Src/stm32f0xx_hal_i2c_ex.o
                0x08006c74                HAL_I2CEx_ConfigDigitalFilter
 .text.HAL_I2CEx_EnableFastModePlus
                0x08006cbc       0x28 ./Drivers/STM32F0xx_HAL_Driver/Src/stm32f0xx_hal_i2c_ex.o
                0x08006cbc                HAL_I2CEx_EnableFastModePlus
 .text.HAL_IWDG_Init
                0x08006ce4       0x58 ./Drivers/STM32F0xx_HAL_Driver/Src/stm32f0xx_hal_iwdg.o
                0x08006ce4                HAL_IWDG_Init
 .text.HAL_IWDG_Refresh
                0x08006d3c       0x10 ./Drivers/STM32F0xx_HAL_Driver/Src/stm32f0xx_hal_iwdg.o
                0x08006d3c                HAL_IWDG_Refresh
 .text.HAL_PWR_EnableBkUpAccess
                0x08006d4c       0x14 ./Drivers/STM32F0xx_HAL_Driver/Src/stm32f0xx_hal_pwr.o
                0x08006d4c                HAL_PWR_EnableBkUpAccess
 .text.HAL_RCC_OscConfig
                0x08006d60      0x464 ./Drivers/STM32F0xx_HAL_Driver/Src/stm32f0xx_hal_rcc.o
                0x08006d60                HAL_RCC_OscConfig
 .text.HAL_RCC_MCOConfig
                0x080071c4       0x54 ./Drivers/STM32F0xx_HAL_Driver/Src/stm32f0xx_hal_rcc.o
                0x080071c4                HAL_RCC_MCOConfig
 .text.HAL_RCC_GetSysClockFreq
                0x08007218       0x78 ./Drivers/STM32F0xx_HAL_Driver/Src/stm32f0xx_hal_rcc.o
                0x08007218                HAL_RCC_GetSysClockFreq
 .text.HAL_RCC_ClockConfig
                0x08007290      0x15c ./Drivers/STM32F0xx_HAL_Driver/Src/stm32f0xx_hal_rcc.o
                0x08007290                HAL_RCC_ClockConfig
 .text.HAL_RCC_GetHCLKFreq
                0x080073ec        0xc ./Drivers/STM32F0xx_HAL_Driver/Src/stm32f0xx_hal_rcc.o
                0x080073ec                HAL_RCC_GetHCLKFreq
 .text.HAL_RCC_GetPCLK1Freq
                0x080073f8       0x20 ./Drivers/STM32F0xx_HAL_Driver/Src/stm32f0xx_hal_rcc.o
                0x080073f8                HAL_RCC_GetPCLK1Freq
 .text.HAL_RCC_GetClockConfig
                0x08007418       0x38 ./Drivers/STM32F0xx_HAL_Driver/Src/stm32f0xx_hal_rcc.o
                0x08007418                HAL_RCC_GetClockConfig
 .text.HAL_RCCEx_PeriphCLKConfig
                0x08007450      0x144 ./Drivers/STM32F0xx_HAL_Driver/Src/stm32f0xx_hal_rcc_ex.o
                0x08007450                HAL_RCCEx_PeriphCLKConfig
 .text.HAL_RTC_AlarmIRQHandler
                0x08007594       0x38 ./Drivers/STM32F0xx_HAL_Driver/Src/stm32f0xx_hal_rtc.o
                0x08007594                HAL_RTC_AlarmIRQHandler
 .text.HAL_RTC_WaitForSynchro
                0x080075cc       0x34 ./Drivers/STM32F0xx_HAL_Driver/Src/stm32f0xx_hal_rtc.o
                0x080075cc                HAL_RTC_WaitForSynchro
 .text.RTC_EnterInitMode
                0x08007600       0x38 ./Drivers/STM32F0xx_HAL_Driver/Src/stm32f0xx_hal_rtc.o
                0x08007600                RTC_EnterInitMode
 .text.HAL_RTC_Init
                0x08007638       0xa8 ./Drivers/STM32F0xx_HAL_Driver/Src/stm32f0xx_hal_rtc.o
                0x08007638                HAL_RTC_Init
 .text.RTC_ByteToBcd2
                0x080076e0       0x16 ./Drivers/STM32F0xx_HAL_Driver/Src/stm32f0xx_hal_rtc.o
                0x080076e0                RTC_ByteToBcd2
 *fill*         0x080076f6        0x2 
 .text.HAL_RTC_SetTime
                0x080076f8       0xe8 ./Drivers/STM32F0xx_HAL_Driver/Src/stm32f0xx_hal_rtc.o
                0x080076f8                HAL_RTC_SetTime
 .text.HAL_RTC_SetDate
                0x080077e0       0xc8 ./Drivers/STM32F0xx_HAL_Driver/Src/stm32f0xx_hal_rtc.o
                0x080077e0                HAL_RTC_SetDate
 .text.HAL_RTC_SetAlarm_IT
                0x080078a8      0x12c ./Drivers/STM32F0xx_HAL_Driver/Src/stm32f0xx_hal_rtc.o
                0x080078a8                HAL_RTC_SetAlarm_IT
 .text.RTC_Bcd2ToByte
                0x080079d4       0x10 ./Drivers/STM32F0xx_HAL_Driver/Src/stm32f0xx_hal_rtc.o
                0x080079d4                RTC_Bcd2ToByte
 .text.HAL_RTC_GetTime
                0x080079e4       0x4c ./Drivers/STM32F0xx_HAL_Driver/Src/stm32f0xx_hal_rtc.o
                0x080079e4                HAL_RTC_GetTime
 .text.HAL_RTC_GetDate
                0x08007a30       0x3e ./Drivers/STM32F0xx_HAL_Driver/Src/stm32f0xx_hal_rtc.o
                0x08007a30                HAL_RTC_GetDate
 *fill*         0x08007a6e        0x2 
 .text.HAL_RTC_GetAlarm
                0x08007a70       0x7c ./Drivers/STM32F0xx_HAL_Driver/Src/stm32f0xx_hal_rtc.o
                0x08007a70                HAL_RTC_GetAlarm
 .text.HAL_RTCEx_SetTimeStamp_IT
                0x08007aec       0x60 ./Drivers/STM32F0xx_HAL_Driver/Src/stm32f0xx_hal_rtc_ex.o
                0x08007aec                HAL_RTCEx_SetTimeStamp_IT
 .text.HAL_RTCEx_TimeStampEventCallback
                0x08007b4c        0x2 ./Drivers/STM32F0xx_HAL_Driver/Src/stm32f0xx_hal_rtc_ex.o
                0x08007b4c                HAL_RTCEx_TimeStampEventCallback
 .text.HAL_RTCEx_Tamper1EventCallback
                0x08007b4e        0x2 ./Drivers/STM32F0xx_HAL_Driver/Src/stm32f0xx_hal_rtc_ex.o
                0x08007b4e                HAL_RTCEx_Tamper1EventCallback
 .text.HAL_RTCEx_Tamper2EventCallback
                0x08007b50        0x2 ./Drivers/STM32F0xx_HAL_Driver/Src/stm32f0xx_hal_rtc_ex.o
                0x08007b50                HAL_RTCEx_Tamper2EventCallback
 .text.HAL_RTCEx_Tamper3EventCallback
                0x08007b52        0x2 ./Drivers/STM32F0xx_HAL_Driver/Src/stm32f0xx_hal_rtc_ex.o
                0x08007b52                HAL_RTCEx_Tamper3EventCallback
 .text.HAL_RTCEx_TamperTimeStampIRQHandler
                0x08007b54       0xa4 ./Drivers/STM32F0xx_HAL_Driver/Src/stm32f0xx_hal_rtc_ex.o
                0x08007b54                HAL_RTCEx_TamperTimeStampIRQHandler
 .text.HAL_RTCEx_SetWakeUpTimer_IT
                0x08007bf8       0xec ./Drivers/STM32F0xx_HAL_Driver/Src/stm32f0xx_hal_rtc_ex.o
                0x08007bf8                HAL_RTCEx_SetWakeUpTimer_IT
 .text.HAL_RTCEx_WakeUpTimerEventCallback
                0x08007ce4        0x2 ./Drivers/STM32F0xx_HAL_Driver/Src/stm32f0xx_hal_rtc_ex.o
                0x08007ce4                HAL_RTCEx_WakeUpTimerEventCallback
 *fill*         0x08007ce6        0x2 
 .text.HAL_RTCEx_WakeUpTimerIRQHandler
                0x08007ce8       0x38 ./Drivers/STM32F0xx_HAL_Driver/Src/stm32f0xx_hal_rtc_ex.o
                0x08007ce8                HAL_RTCEx_WakeUpTimerIRQHandler
 .text.HAL_RTCEx_BKUPWrite
                0x08007d20        0xc ./Drivers/STM32F0xx_HAL_Driver/Src/stm32f0xx_hal_rtc_ex.o
                0x08007d20                HAL_RTCEx_BKUPWrite
 .text.HAL_RTCEx_BKUPRead
                0x08007d2c        0xc ./Drivers/STM32F0xx_HAL_Driver/Src/stm32f0xx_hal_rtc_ex.o
                0x08007d2c                HAL_RTCEx_BKUPRead
 .text.SPI_WaitFifoStateUntilTimeout.part.1
                0x08007d38       0x60 ./Drivers/STM32F0xx_HAL_Driver/Src/stm32f0xx_hal_spi.o
 .text.SPI_WaitFlagStateUntilTimeout.constprop.9
                0x08007d98       0x2e ./Drivers/STM32F0xx_HAL_Driver/Src/stm32f0xx_hal_spi.o
 .text.SPI_WaitFifoStateUntilTimeout.constprop.10
                0x08007dc6       0x48 ./Drivers/STM32F0xx_HAL_Driver/Src/stm32f0xx_hal_spi.o
 .text.SPI_EndRxTxTransaction
                0x08007e0e       0x46 ./Drivers/STM32F0xx_HAL_Driver/Src/stm32f0xx_hal_spi.o
 .text.SPI_EndRxTransaction
                0x08007e54       0x7a ./Drivers/STM32F0xx_HAL_Driver/Src/stm32f0xx_hal_spi.o
 *fill*         0x08007ece        0x2 
 .text.HAL_SPI_Init
                0x08007ed0       0xbc ./Drivers/STM32F0xx_HAL_Driver/Src/stm32f0xx_hal_spi.o
                0x08007ed0                HAL_SPI_Init
 .text.HAL_SPI_Transmit
                0x08007f8c      0x1aa ./Drivers/STM32F0xx_HAL_Driver/Src/stm32f0xx_hal_spi.o
                0x08007f8c                HAL_SPI_Transmit
 *fill*         0x08008136        0x2 
 .text.HAL_SPI_TransmitReceive
                0x08008138      0x268 ./Drivers/STM32F0xx_HAL_Driver/Src/stm32f0xx_hal_spi.o
                0x08008138                HAL_SPI_TransmitReceive
 .text.HAL_SPI_Receive
                0x080083a0      0x17c ./Drivers/STM32F0xx_HAL_Driver/Src/stm32f0xx_hal_spi.o
                0x080083a0                HAL_SPI_Receive
 .text.TIM_OC1_SetConfig
                0x0800851c       0x88 ./Drivers/STM32F0xx_HAL_Driver/Src/stm32f0xx_hal_tim.o
 .text.TIM_OC3_SetConfig
                0x080085a4       0x88 ./Drivers/STM32F0xx_HAL_Driver/Src/stm32f0xx_hal_tim.o
 .text.TIM_OC4_SetConfig
                0x0800862c       0x74 ./Drivers/STM32F0xx_HAL_Driver/Src/stm32f0xx_hal_tim.o
 .text.HAL_TIM_Base_Start_IT
                0x080086a0       0x14 ./Drivers/STM32F0xx_HAL_Driver/Src/stm32f0xx_hal_tim.o
                0x080086a0                HAL_TIM_Base_Start_IT
 .text.HAL_TIM_PWM_MspInit
                0x080086b4        0x2 ./Drivers/STM32F0xx_HAL_Driver/Src/stm32f0xx_hal_tim.o
                0x080086b4                HAL_TIM_PWM_MspInit
 .text.HAL_TIM_OC_DelayElapsedCallback
                0x080086b6        0x2 ./Drivers/STM32F0xx_HAL_Driver/Src/stm32f0xx_hal_tim.o
                0x080086b6                HAL_TIM_OC_DelayElapsedCallback
 .text.HAL_TIM_IC_CaptureCallback
                0x080086b8        0x2 ./Drivers/STM32F0xx_HAL_Driver/Src/stm32f0xx_hal_tim.o
                0x080086b8                HAL_TIM_IC_CaptureCallback
 .text.HAL_TIM_PWM_PulseFinishedCallback
                0x080086ba        0x2 ./Drivers/STM32F0xx_HAL_Driver/Src/stm32f0xx_hal_tim.o
                0x080086ba                HAL_TIM_PWM_PulseFinishedCallback
 .text.HAL_TIM_TriggerCallback
                0x080086bc        0x2 ./Drivers/STM32F0xx_HAL_Driver/Src/stm32f0xx_hal_tim.o
                0x080086bc                HAL_TIM_TriggerCallback
 .text.HAL_TIM_IRQHandler
                0x080086be      0x148 ./Drivers/STM32F0xx_HAL_Driver/Src/stm32f0xx_hal_tim.o
                0x080086be                HAL_TIM_IRQHandler
 *fill*         0x08008806        0x2 
 .text.TIM_Base_SetConfig
                0x08008808       0xa0 ./Drivers/STM32F0xx_HAL_Driver/Src/stm32f0xx_hal_tim.o
                0x08008808                TIM_Base_SetConfig
 .text.HAL_TIM_Base_Init
                0x080088a8       0x36 ./Drivers/STM32F0xx_HAL_Driver/Src/stm32f0xx_hal_tim.o
                0x080088a8                HAL_TIM_Base_Init
 .text.HAL_TIM_PWM_Init
                0x080088de       0x36 ./Drivers/STM32F0xx_HAL_Driver/Src/stm32f0xx_hal_tim.o
                0x080088de                HAL_TIM_PWM_Init
 .text.TIM_OC2_SetConfig
                0x08008914       0x80 ./Drivers/STM32F0xx_HAL_Driver/Src/stm32f0xx_hal_tim.o
                0x08008914                TIM_OC2_SetConfig
 .text.HAL_TIM_PWM_ConfigChannel
                0x08008994       0xd4 ./Drivers/STM32F0xx_HAL_Driver/Src/stm32f0xx_hal_tim.o
                0x08008994                HAL_TIM_PWM_ConfigChannel
 .text.TIM_ETR_SetConfig
                0x08008a68       0x18 ./Drivers/STM32F0xx_HAL_Driver/Src/stm32f0xx_hal_tim.o
                0x08008a68                TIM_ETR_SetConfig
 .text.HAL_TIM_ConfigClockSource
                0x08008a80      0x168 ./Drivers/STM32F0xx_HAL_Driver/Src/stm32f0xx_hal_tim.o
                0x08008a80                HAL_TIM_ConfigClockSource
 .text.TIM_SlaveTimer_SetConfig
                0x08008be8       0xa4 ./Drivers/STM32F0xx_HAL_Driver/Src/stm32f0xx_hal_tim.o
 .text.HAL_TIM_SlaveConfigSynchronization
                0x08008c8c       0x40 ./Drivers/STM32F0xx_HAL_Driver/Src/stm32f0xx_hal_tim.o
                0x08008c8c                HAL_TIM_SlaveConfigSynchronization
 .text.HAL_TIMEx_MasterConfigSynchronization
                0x08008ccc       0x42 ./Drivers/STM32F0xx_HAL_Driver/Src/stm32f0xx_hal_tim_ex.o
                0x08008ccc                HAL_TIMEx_MasterConfigSynchronization
 .text.HAL_TIMEx_CommutationCallback
                0x08008d0e        0x2 ./Drivers/STM32F0xx_HAL_Driver/Src/stm32f0xx_hal_tim_ex.o
                0x08008d0e                HAL_TIMEx_CommutationCallback
 .text.HAL_TIMEx_BreakCallback
                0x08008d10        0x2 ./Drivers/STM32F0xx_HAL_Driver/Src/stm32f0xx_hal_tim_ex.o
                0x08008d10                HAL_TIMEx_BreakCallback
 *fill*         0x08008d12        0x2 
 .text.UART_EndRxTransfer
                0x08008d14       0x20 ./Drivers/STM32F0xx_HAL_Driver/Src/stm32f0xx_hal_uart.o
 .text.HAL_UART_Transmit_DMA
                0x08008d34       0x8c ./Drivers/STM32F0xx_HAL_Driver/Src/stm32f0xx_hal_uart.o
                0x08008d34                HAL_UART_Transmit_DMA
 .text.HAL_UART_Receive_DMA
                0x08008dc0       0x9c ./Drivers/STM32F0xx_HAL_Driver/Src/stm32f0xx_hal_uart.o
                0x08008dc0                HAL_UART_Receive_DMA
 .text.HAL_UART_TxCpltCallback
                0x08008e5c        0x2 ./Drivers/STM32F0xx_HAL_Driver/Src/stm32f0xx_hal_uart.o
                0x08008e5c                HAL_UART_TxCpltCallback
 .text.UART_DMATransmitCplt
                0x08008e5e       0x30 ./Drivers/STM32F0xx_HAL_Driver/Src/stm32f0xx_hal_uart.o
 .text.HAL_UART_TxHalfCpltCallback
                0x08008e8e        0x2 ./Drivers/STM32F0xx_HAL_Driver/Src/stm32f0xx_hal_uart.o
                0x08008e8e                HAL_UART_TxHalfCpltCallback
 .text.UART_DMATxHalfCplt
                0x08008e90        0xa ./Drivers/STM32F0xx_HAL_Driver/Src/stm32f0xx_hal_uart.o
 .text.HAL_UART_RxCpltCallback
                0x08008e9a        0x2 ./Drivers/STM32F0xx_HAL_Driver/Src/stm32f0xx_hal_uart.o
                0x08008e9a                HAL_UART_RxCpltCallback
 .text.UART_DMAReceiveCplt
                0x08008e9c       0x44 ./Drivers/STM32F0xx_HAL_Driver/Src/stm32f0xx_hal_uart.o
 .text.HAL_UART_RxHalfCpltCallback
                0x08008ee0        0x2 ./Drivers/STM32F0xx_HAL_Driver/Src/stm32f0xx_hal_uart.o
                0x08008ee0                HAL_UART_RxHalfCpltCallback
 .text.UART_DMARxHalfCplt
                0x08008ee2        0xa ./Drivers/STM32F0xx_HAL_Driver/Src/stm32f0xx_hal_uart.o
 .text.HAL_UART_ErrorCallback
                0x08008eec        0x2 ./Drivers/STM32F0xx_HAL_Driver/Src/stm32f0xx_hal_uart.o
                0x08008eec                HAL_UART_ErrorCallback
 .text.UART_DMAError
                0x08008eee       0x5a ./Drivers/STM32F0xx_HAL_Driver/Src/stm32f0xx_hal_uart.o
 .text.UART_DMAAbortOnError
                0x08008f48       0x16 ./Drivers/STM32F0xx_HAL_Driver/Src/stm32f0xx_hal_uart.o
 .text.HAL_UART_AbortCpltCallback
                0x08008f5e        0x2 ./Drivers/STM32F0xx_HAL_Driver/Src/stm32f0xx_hal_uart.o
                0x08008f5e                HAL_UART_AbortCpltCallback
 .text.HAL_UART_Abort_IT
                0x08008f60       0xc0 ./Drivers/STM32F0xx_HAL_Driver/Src/stm32f0xx_hal_uart.o
                0x08008f60                HAL_UART_Abort_IT
 .text.UART_DMARxAbortCallback
                0x08009020       0x36 ./Drivers/STM32F0xx_HAL_Driver/Src/stm32f0xx_hal_uart.o
 .text.UART_DMATxAbortCallback
                0x08009056       0x36 ./Drivers/STM32F0xx_HAL_Driver/Src/stm32f0xx_hal_uart.o
 .text.UART_SetConfig
                0x0800908c      0x1c0 ./Drivers/STM32F0xx_HAL_Driver/Src/stm32f0xx_hal_uart.o
                0x0800908c                UART_SetConfig
 .text.UART_AdvFeatureConfig
                0x0800924c       0xd0 ./Drivers/STM32F0xx_HAL_Driver/Src/stm32f0xx_hal_uart.o
                0x0800924c                UART_AdvFeatureConfig
 .text.UART_WaitOnFlagUntilTimeout
                0x0800931c       0x64 ./Drivers/STM32F0xx_HAL_Driver/Src/stm32f0xx_hal_uart.o
                0x0800931c                UART_WaitOnFlagUntilTimeout
 .text.HAL_UART_Transmit
                0x08009380       0xcc ./Drivers/STM32F0xx_HAL_Driver/Src/stm32f0xx_hal_uart.o
                0x08009380                HAL_UART_Transmit
 .text.UART_CheckIdleState
                0x0800944c       0x84 ./Drivers/STM32F0xx_HAL_Driver/Src/stm32f0xx_hal_uart.o
                0x0800944c                UART_CheckIdleState
 .text.HAL_UART_Init
                0x080094d0       0x6c ./Drivers/STM32F0xx_HAL_Driver/Src/stm32f0xx_hal_uart.o
                0x080094d0                HAL_UART_Init
 .text.UART_Transmit_IT
                0x0800953c       0x64 ./Drivers/STM32F0xx_HAL_Driver/Src/stm32f0xx_hal_uart.o
                0x0800953c                UART_Transmit_IT
 .text.UART_EndTransmit_IT
                0x080095a0       0x1c ./Drivers/STM32F0xx_HAL_Driver/Src/stm32f0xx_hal_uart.o
                0x080095a0                UART_EndTransmit_IT
 .text.UART_Receive_IT
                0x080095bc       0x7c ./Drivers/STM32F0xx_HAL_Driver/Src/stm32f0xx_hal_uart.o
                0x080095bc                UART_Receive_IT
 .text.HAL_UART_IRQHandler
                0x08009638      0x138 ./Drivers/STM32F0xx_HAL_Driver/Src/stm32f0xx_hal_uart.o
                0x08009638                HAL_UART_IRQHandler
 .text.HAL_UARTEx_WakeupCallback
                0x08009770        0x2 ./Drivers/STM32F0xx_HAL_Driver/Src/stm32f0xx_hal_uart_ex.o
                0x08009770                HAL_UARTEx_WakeupCallback
 *fill*         0x08009772        0x2 
 .text.__libc_init_array
                0x08009774       0x48 c:/program files (x86)/gnu tools arm embedded/6 2017-q2-update/bin/../lib/gcc/arm-none-eabi/6.3.1/../../../../arm-none-eabi/lib/thumb/v6-m\libg_nano.a(lib_a-init.o)
                0x08009774                __libc_init_array
 .text.memcpy   0x080097bc       0x12 c:/program files (x86)/gnu tools arm embedded/6 2017-q2-update/bin/../lib/gcc/arm-none-eabi/6.3.1/../../../../arm-none-eabi/lib/thumb/v6-m\libg_nano.a(lib_a-memcpy-stub.o)
                0x080097bc                memcpy
 .text.memset   0x080097ce       0x10 c:/program files (x86)/gnu tools arm embedded/6 2017-q2-update/bin/../lib/gcc/arm-none-eabi/6.3.1/../../../../arm-none-eabi/lib/thumb/v6-m\libg_nano.a(lib_a-memset.o)
                0x080097ce                memset
 .text.strncpy  0x080097de       0x2a c:/program files (x86)/gnu tools arm embedded/6 2017-q2-update/bin/../lib/gcc/arm-none-eabi/6.3.1/../../../../arm-none-eabi/lib/thumb/v6-m\libg_nano.a(lib_a-strncpy.o)
                0x080097de                strncpy
 .text._vsnprintf_r
                0x08009808       0x56 c:/program files (x86)/gnu tools arm embedded/6 2017-q2-update/bin/../lib/gcc/arm-none-eabi/6.3.1/../../../../arm-none-eabi/lib/thumb/v6-m\libg_nano.a(lib_a-vsnprintf.o)
                0x08009808                _vsniprintf_r
                0x08009808                _vsnprintf_r
 *fill*         0x0800985e        0x2 
 .text.vsnprintf
                0x08009860       0x18 c:/program files (x86)/gnu tools arm embedded/6 2017-q2-update/bin/../lib/gcc/arm-none-eabi/6.3.1/../../../../arm-none-eabi/lib/thumb/v6-m\libg_nano.a(lib_a-vsnprintf.o)
                0x08009860                vsniprintf
                0x08009860                vsnprintf
 .text.__ssputs_r
                0x08009878       0xc4 c:/program files (x86)/gnu tools arm embedded/6 2017-q2-update/bin/../lib/gcc/arm-none-eabi/6.3.1/../../../../arm-none-eabi/lib/thumb/v6-m\libg_nano.a(lib_a-nano-svfprintf.o)
                0x08009878                __ssputs_r
 .text._svfprintf_r
                0x0800993c      0x208 c:/program files (x86)/gnu tools arm embedded/6 2017-q2-update/bin/../lib/gcc/arm-none-eabi/6.3.1/../../../../arm-none-eabi/lib/thumb/v6-m\libg_nano.a(lib_a-nano-svfprintf.o)
                0x0800993c                _svfiprintf_r
                0x0800993c                _svfprintf_r
 .text._printf_common
                0x08009b44       0xda c:/program files (x86)/gnu tools arm embedded/6 2017-q2-update/bin/../lib/gcc/arm-none-eabi/6.3.1/../../../../arm-none-eabi/lib/thumb/v6-m\libg_nano.a(lib_a-nano-vfprintf_i.o)
                0x08009b44                _printf_common
 *fill*         0x08009c1e        0x2 
 .text._printf_i
                0x08009c20      0x234 c:/program files (x86)/gnu tools arm embedded/6 2017-q2-update/bin/../lib/gcc/arm-none-eabi/6.3.1/../../../../arm-none-eabi/lib/thumb/v6-m\libg_nano.a(lib_a-nano-vfprintf_i.o)
                0x08009c20                _printf_i
 .text.memchr   0x08009e54       0x16 c:/program files (x86)/gnu tools arm embedded/6 2017-q2-update/bin/../lib/gcc/arm-none-eabi/6.3.1/../../../../arm-none-eabi/lib/thumb/v6-m\libg_nano.a(lib_a-memchr-stub.o)
                0x08009e54                memchr
 .text.memmove  0x08009e6a       0x24 c:/program files (x86)/gnu tools arm embedded/6 2017-q2-update/bin/../lib/gcc/arm-none-eabi/6.3.1/../../../../arm-none-eabi/lib/thumb/v6-m\libg_nano.a(lib_a-memmove.o)
                0x08009e6a                memmove
 *fill*         0x08009e8e        0x2 
 .text._free_r  0x08009e90       0x94 c:/program files (x86)/gnu tools arm embedded/6 2017-q2-update/bin/../lib/gcc/arm-none-eabi/6.3.1/../../../../arm-none-eabi/lib/thumb/v6-m\libg_nano.a(lib_a-nano-freer.o)
                0x08009e90                _free_r
 .text._malloc_r
                0x08009f24       0xbc c:/program files (x86)/gnu tools arm embedded/6 2017-q2-update/bin/../lib/gcc/arm-none-eabi/6.3.1/../../../../arm-none-eabi/lib/thumb/v6-m\libg_nano.a(lib_a-nano-mallocr.o)
                0x08009f24                _malloc_r
 .text._realloc_r
                0x08009fe0       0x4c c:/program files (x86)/gnu tools arm embedded/6 2017-q2-update/bin/../lib/gcc/arm-none-eabi/6.3.1/../../../../arm-none-eabi/lib/thumb/v6-m\libg_nano.a(lib_a-nano-reallocr.o)
                0x08009fe0                _realloc_r
 .text._sbrk_r  0x0800a02c       0x24 c:/program files (x86)/gnu tools arm embedded/6 2017-q2-update/bin/../lib/gcc/arm-none-eabi/6.3.1/../../../../arm-none-eabi/lib/thumb/v6-m\libg_nano.a(lib_a-sbrkr.o)
                0x0800a02c                _sbrk_r
 .text.__malloc_lock
                0x0800a050        0x2 c:/program files (x86)/gnu tools arm embedded/6 2017-q2-update/bin/../lib/gcc/arm-none-eabi/6.3.1/../../../../arm-none-eabi/lib/thumb/v6-m\libg_nano.a(lib_a-mlock.o)
                0x0800a050                __malloc_lock
 .text.__malloc_unlock
                0x0800a052        0x2 c:/program files (x86)/gnu tools arm embedded/6 2017-q2-update/bin/../lib/gcc/arm-none-eabi/6.3.1/../../../../arm-none-eabi/lib/thumb/v6-m\libg_nano.a(lib_a-mlock.o)
                0x0800a052                __malloc_unlock
 .text._malloc_usable_size_r
                0x0800a054       0x10 c:/program files (x86)/gnu tools arm embedded/6 2017-q2-update/bin/../lib/gcc/arm-none-eabi/6.3.1/../../../../arm-none-eabi/lib/thumb/v6-m\libg_nano.a(lib_a-nano-msizer.o)
                0x0800a054                _malloc_usable_size_r
 .text._sbrk    0x0800a064       0x1c c:/program files (x86)/gnu tools arm embedded/6 2017-q2-update/bin/../lib/gcc/arm-none-eabi/6.3.1/../../../../arm-none-eabi/lib/thumb/v6-m\libnosys.a(sbrk.o)
                0x0800a064                _sbrk
 *(.glue_7)
 .glue_7        0x0800a080        0x0 linker stubs
 *(.glue_7t)
 .glue_7t       0x0800a080        0x0 linker stubs
 *(.eh_frame)
 .eh_frame      0x0800a080        0x0 c:/program files (x86)/gnu tools arm embedded/6 2017-q2-update/bin/../lib/gcc/arm-none-eabi/6.3.1/thumb/v6-m/crtbegin.o
 *(.init)
 .init          0x0800a080        0x4 c:/program files (x86)/gnu tools arm embedded/6 2017-q2-update/bin/../lib/gcc/arm-none-eabi/6.3.1/thumb/v6-m/crti.o
                0x0800a080                _init
 .init          0x0800a084        0x8 c:/program files (x86)/gnu tools arm embedded/6 2017-q2-update/bin/../lib/gcc/arm-none-eabi/6.3.1/thumb/v6-m/crtn.o
 *(.fini)
 .fini          0x0800a08c        0x4 c:/program files (x86)/gnu tools arm embedded/6 2017-q2-update/bin/../lib/gcc/arm-none-eabi/6.3.1/thumb/v6-m/crti.o
                0x0800a08c                _fini
 .fini          0x0800a090        0x8 c:/program files (x86)/gnu tools arm embedded/6 2017-q2-update/bin/../lib/gcc/arm-none-eabi/6.3.1/thumb/v6-m/crtn.o
                0x0800a098                . = ALIGN (0x4)
                0x0800a098                _etext = .

.vfp11_veneer   0x0800a098        0x0
 .vfp11_veneer  0x0800a098        0x0 linker stubs

.v4_bx          0x0800a098        0x0
 .v4_bx         0x0800a098        0x0 linker stubs

.iplt           0x0800a098        0x0
 .iplt          0x0800a098        0x0 c:/program files (x86)/gnu tools arm embedded/6 2017-q2-update/bin/../lib/gcc/arm-none-eabi/6.3.1/thumb/v6-m/crtbegin.o

.rodata         0x0800a098      0xeac
                0x0800a098                . = ALIGN (0x4)
 *(.rodata)
 .rodata        0x0800a098      0x114 ./Src/freertos.o
 .rodata        0x0800a1ac       0x20 ./Drivers/STM32F0xx_HAL_Driver/Src/stm32f0xx_hal_rcc.o
 *(.rodata*)
 .rodata.MX_ADC_Init.str1.1
                0x0800a1cc        0xd ./Src/adc.o
 .rodata.MX_CAN_Init.str1.1
                0x0800a1d9        0xd ./Src/can.o
 .rodata.adc_entry.str1.1
                0x0800a1e6       0x55 ./Src/freertos.o
 .rodata.can_entry.str1.1
                0x0800a23b       0x12 ./Src/freertos.o
 .rodata.cmd_proc_entry.str1.1
                0x0800a24d       0x5b ./Src/freertos.o
 .rodata.i2c1_entry.str1.1
                0x0800a2a8       0x78 ./Src/freertos.o
 .rodata.ignition_entry.str1.1
                0x0800a320      0x42f ./Src/freertos.o
 .rodata.print_atCommand.str1.1
                0x0800a74f       0x32 ./Src/freertos.o
 .rodata.str1.1
                0x0800a781       0x8c ./Src/freertos.o
 .rodata.usart1_entry.str1.1
                0x0800a80d      0x681 ./Src/freertos.o
 .rodata.usart2_entry.str1.1
                0x0800ae8e      0x681 ./Src/freertos.o
                                  0x2 (size before relaxing)
 .rodata.usart3_entry.str1.1
                0x0800ae8e        0xe ./Src/freertos.o
                                 0x10 (size before relaxing)
 .rodata.MX_I2C1_Init.str1.1
                0x0800ae9c        0xd ./Src/i2c.o
 .rodata.MX_IWDG_Init.str1.1
                0x0800aea9        0xe ./Src/iwdg.o
 .rodata.MX_RTC_Init.str1.1
                0x0800aeb7        0xd ./Src/rtc.o
 .rodata.MX_SPI1_Init.str1.1
                0x0800aec4        0xd ./Src/spi.o
 .rodata.AHBPrescTable
                0x0800aed1       0x10 ./Src/system_stm32f0xx.o
                0x0800aed1                AHBPrescTable
 .rodata.APBPrescTable
                0x0800aee1        0x8 ./Src/system_stm32f0xx.o
                0x0800aee1                APBPrescTable
 .rodata.MX_TIM2_Init.str1.1
                0x0800aee9        0xd ./Src/tim.o
 .rodata.MX_USART1_UART_Init.str1.1
                0x0800aef6        0xf ./Src/usart.o
 .rodata.vTaskStartScheduler.str1.1
                0x0800af05        0x5 ./Middlewares/Third_Party/FreeRTOS/Source/tasks.o
 .rodata.CSWTCH.50
                0x0800af0a        0x4 ./Drivers/STM32F0xx_HAL_Driver/Src/stm32f0xx_hal_uart.o
 .rodata._svfprintf_r.str1.1
                0x0800af0e       0x11 c:/program files (x86)/gnu tools arm embedded/6 2017-q2-update/bin/../lib/gcc/arm-none-eabi/6.3.1/../../../../arm-none-eabi/lib/thumb/v6-m\libg_nano.a(lib_a-nano-svfprintf.o)
 .rodata._printf_i.str1.1
                0x0800af1f       0x22 c:/program files (x86)/gnu tools arm embedded/6 2017-q2-update/bin/../lib/gcc/arm-none-eabi/6.3.1/../../../../arm-none-eabi/lib/thumb/v6-m\libg_nano.a(lib_a-nano-vfprintf_i.o)
                0x0800b510                . = ALIGN (0x4)
 *fill*         0x0800af41        0x3 

.rel.dyn        0x0800af44        0x0
 .rel.iplt      0x0800af44        0x0 c:/program files (x86)/gnu tools arm embedded/6 2017-q2-update/bin/../lib/gcc/arm-none-eabi/6.3.1/thumb/v6-m/crtbegin.o

.ARM.extab
 *(.ARM.extab* .gnu.linkonce.armextab.*)

.ARM            0x0800af44        0x0
                0x0800af44                __exidx_start = .
 *(.ARM.exidx*)
                0x0800af44                __exidx_end = .

.preinit_array  0x0800af44        0x0
                0x0800af44                PROVIDE (__preinit_array_start, .)
 *(.preinit_array*)
                0x0800af44                PROVIDE (__preinit_array_end, .)

.init_array     0x0800af44        0x4
                0x0800af44                PROVIDE (__init_array_start, .)
 *(SORT(.init_array.*))
 *(.init_array*)
 .init_array    0x0800af44        0x4 c:/program files (x86)/gnu tools arm embedded/6 2017-q2-update/bin/../lib/gcc/arm-none-eabi/6.3.1/thumb/v6-m/crtbegin.o
                0x0800af48                PROVIDE (__init_array_end, .)

.fini_array     0x0800af48        0x4
                [!provide]                PROVIDE (__fini_array_start, .)
 *(SORT(.fini_array.*))
 *(.fini_array*)
 .fini_array    0x0800af48        0x4 c:/program files (x86)/gnu tools arm embedded/6 2017-q2-update/bin/../lib/gcc/arm-none-eabi/6.3.1/thumb/v6-m/crtbegin.o
                [!provide]                PROVIDE (__fini_array_end, .)
                0x0800af4c                _sidata = LOADADDR (.data)

.data           0x20000000      0x27c load address 0x0800af4c
                0x20000000                . = ALIGN (0x4)
                0x20000000                _sdata = .
 *(.data)
 *(.data*)
 .data.flash_IgEvent
                0x20000000       0x38 ./Src/freertos.o
                0x20000000                flash_IgEvent
 .data.ig_var   0x20000038        0x3 ./Src/freertos.o
                0x20000038                ig_var
 .data.uart_Tx  0x2000003b      0x1d4 ./Src/freertos.o
                0x2000003b                uart_Tx
 *fill*         0x2000020f        0x1 
 .data.SystemCoreClock
                0x20000210        0x4 ./Src/system_stm32f0xx.o
                0x20000210                SystemCoreClock
 .data.uxCriticalNesting
                0x20000214        0x4 ./Middlewares/Third_Party/FreeRTOS/Source/portable/GCC/ARM_CM0/port.o
 .data._impure_ptr
                0x20000218        0x4 c:/program files (x86)/gnu tools arm embedded/6 2017-q2-update/bin/../lib/gcc/arm-none-eabi/6.3.1/../../../../arm-none-eabi/lib/thumb/v6-m\libg_nano.a(lib_a-impure.o)
                0x20000218                _impure_ptr
 .data.impure_data
                0x2000021c       0x60 c:/program files (x86)/gnu tools arm embedded/6 2017-q2-update/bin/../lib/gcc/arm-none-eabi/6.3.1/../../../../arm-none-eabi/lib/thumb/v6-m\libg_nano.a(lib_a-impure.o)
                0x2000027c                . = ALIGN (0x4)
                0x2000027c                _edata = .

.jcr            0x2000027c        0x0 load address 0x0800b1c8
 .jcr           0x2000027c        0x0 c:/program files (x86)/gnu tools arm embedded/6 2017-q2-update/bin/../lib/gcc/arm-none-eabi/6.3.1/thumb/v6-m/crtbegin.o

.igot.plt       0x2000027c        0x0 load address 0x0800b1c8
 .igot.plt      0x2000027c        0x0 c:/program files (x86)/gnu tools arm embedded/6 2017-q2-update/bin/../lib/gcc/arm-none-eabi/6.3.1/thumb/v6-m/crtbegin.o
                0x2000027c                . = ALIGN (0x4)

.bss            0x2000027c     0x353c load address 0x0800b1c8
                0x2000027c                _sbss = .
                0x2000027c                __bss_start__ = _sbss
 *(.bss)
 .bss           0x2000027c       0x1c c:/program files (x86)/gnu tools arm embedded/6 2017-q2-update/bin/../lib/gcc/arm-none-eabi/6.3.1/thumb/v6-m/crtbegin.o
 *(.bss*)
 .bss.arg_ptr.9995
                0x20000298        0x4 ./Src/freertos.o
 .bss.cml_array
                0x2000029c       0x40 ./Src/freertos.o
                0x2000029c                cml_array
 .bss.cml_proc  0x200002dc       0x40 ./Src/freertos.o
                0x200002dc                cml_proc
 .bss.countdown_timer
                0x2000031c        0x9 ./Src/freertos.o
                0x2000031c                countdown_timer
 .bss.flag_flashWrite
                0x20000325        0x1 ./Src/freertos.o
                0x20000325                flag_flashWrite
 .bss.r280_module_state
                0x20000326        0xc ./Src/freertos.o
                0x20000326                r280_module_state
 *fill*         0x20000332        0x2 
 .bss.sAlarm    0x20000334       0x28 ./Src/freertos.o
                0x20000334                sAlarm
 .bss.sDate     0x2000035c        0x4 ./Src/freertos.o
                0x2000035c                sDate
 .bss.sTime     0x20000360       0x14 ./Src/freertos.o
                0x20000360                sTime
 .bss.sva_gpi   0x20000374        0x1 ./Src/freertos.o
                0x20000374                sva_gpi
 .bss.sva_gpo   0x20000375        0x2 ./Src/freertos.o
                0x20000375                sva_gpo
 .bss.uart2_msg_print_switch
                0x20000377        0x1 ./Src/freertos.o
                0x20000377                uart2_msg_print_switch
 .bss.wwan_command
                0x20000378        0x1 ./Src/freertos.o
                0x20000378                wwan_command
 *fill*         0x20000379        0x3 
 .bss.pxEnd     0x2000037c        0x4 ./Middlewares/Third_Party/FreeRTOS/Source/portable/MemMang/heap_4.o
 .bss.ucHeap    0x20000380     0x2c00 ./Middlewares/Third_Party/FreeRTOS/Source/portable/MemMang/heap_4.o
 .bss.xBlockAllocatedBit
                0x20002f80        0x4 ./Middlewares/Third_Party/FreeRTOS/Source/portable/MemMang/heap_4.o
 .bss.xFreeBytesRemaining
                0x20002f84        0x4 ./Middlewares/Third_Party/FreeRTOS/Source/portable/MemMang/heap_4.o
 .bss.xMinimumEverFreeBytesRemaining
                0x20002f88        0x4 ./Middlewares/Third_Party/FreeRTOS/Source/portable/MemMang/heap_4.o
 .bss.xStart    0x20002f8c        0x8 ./Middlewares/Third_Party/FreeRTOS/Source/portable/MemMang/heap_4.o
 .bss.pxCurrentTCB
                0x20002f94        0x4 ./Middlewares/Third_Party/FreeRTOS/Source/tasks.o
                0x20002f94                pxCurrentTCB
 .bss.pxDelayedTaskList
                0x20002f98        0x4 ./Middlewares/Third_Party/FreeRTOS/Source/tasks.o
 .bss.pxOverflowDelayedTaskList
                0x20002f9c        0x4 ./Middlewares/Third_Party/FreeRTOS/Source/tasks.o
 .bss.pxReadyTasksLists
                0x20002fa0       0x8c ./Middlewares/Third_Party/FreeRTOS/Source/tasks.o
 .bss.uxCurrentNumberOfTasks
                0x2000302c        0x4 ./Middlewares/Third_Party/FreeRTOS/Source/tasks.o
 .bss.uxDeletedTasksWaitingCleanUp
                0x20003030        0x4 ./Middlewares/Third_Party/FreeRTOS/Source/tasks.o
 .bss.uxPendedTicks
                0x20003034        0x4 ./Middlewares/Third_Party/FreeRTOS/Source/tasks.o
 .bss.uxSchedulerSuspended
                0x20003038        0x4 ./Middlewares/Third_Party/FreeRTOS/Source/tasks.o
 .bss.uxTaskNumber
                0x2000303c        0x4 ./Middlewares/Third_Party/FreeRTOS/Source/tasks.o
 .bss.uxTopReadyPriority
                0x20003040        0x4 ./Middlewares/Third_Party/FreeRTOS/Source/tasks.o
 .bss.xDelayedTaskList1
                0x20003044       0x14 ./Middlewares/Third_Party/FreeRTOS/Source/tasks.o
 .bss.xDelayedTaskList2
                0x20003058       0x14 ./Middlewares/Third_Party/FreeRTOS/Source/tasks.o
 .bss.xIdleTaskHandle
                0x2000306c        0x4 ./Middlewares/Third_Party/FreeRTOS/Source/tasks.o
 .bss.xNextTaskUnblockTime
                0x20003070        0x4 ./Middlewares/Third_Party/FreeRTOS/Source/tasks.o
 .bss.xNumOfOverflows
                0x20003074        0x4 ./Middlewares/Third_Party/FreeRTOS/Source/tasks.o
 .bss.xPendingReadyList
                0x20003078       0x14 ./Middlewares/Third_Party/FreeRTOS/Source/tasks.o
 .bss.xSchedulerRunning
                0x2000308c        0x4 ./Middlewares/Third_Party/FreeRTOS/Source/tasks.o
 .bss.xSuspendedTaskList
                0x20003090       0x14 ./Middlewares/Third_Party/FreeRTOS/Source/tasks.o
 .bss.xTasksWaitingTermination
                0x200030a4       0x14 ./Middlewares/Third_Party/FreeRTOS/Source/tasks.o
 .bss.xTickCount
                0x200030b8        0x4 ./Middlewares/Third_Party/FreeRTOS/Source/tasks.o
 .bss.xYieldPending
                0x200030bc        0x4 ./Middlewares/Third_Party/FreeRTOS/Source/tasks.o
 .bss.__malloc_free_list
                0x200030c0        0x4 c:/program files (x86)/gnu tools arm embedded/6 2017-q2-update/bin/../lib/gcc/arm-none-eabi/6.3.1/../../../../arm-none-eabi/lib/thumb/v6-m\libg_nano.a(lib_a-nano-mallocr.o)
                0x200030c0                __malloc_free_list
 .bss.__malloc_sbrk_start
                0x200030c4        0x4 c:/program files (x86)/gnu tools arm embedded/6 2017-q2-update/bin/../lib/gcc/arm-none-eabi/6.3.1/../../../../arm-none-eabi/lib/thumb/v6-m\libg_nano.a(lib_a-nano-mallocr.o)
                0x200030c4                __malloc_sbrk_start
 .bss.heap_end.4116
                0x200030c8        0x4 c:/program files (x86)/gnu tools arm embedded/6 2017-q2-update/bin/../lib/gcc/arm-none-eabi/6.3.1/../../../../arm-none-eabi/lib/thumb/v6-m\libnosys.a(sbrk.o)
 *(COMMON)
 COMMON         0x200030cc       0x90 ./Src/adc.o
                0x200030cc                hdma_adc
                0x20003110                hadc
 COMMON         0x2000315c       0x44 ./Src/can.o
                0x2000315c                hcan
 COMMON         0x200031a0      0x13c ./Src/freertos.o
                0x200031a0                ig_event
                0x200031c0                USART1_TaskHandle
                0x200031c4                defaultTaskHandle
                0x200031c8                I2C1_ZAXIS_QHandle
                0x200031cc                I2C1_GSENSOR_QHandle
                0x200031d0                MUTEX_SPI1Handle
                0x200031d4                USART3_TaskHandle
                0x200031d8                SPI1_TaskHandle
                0x200031dc                ADC_TaskHandle
                0x200031e0                dbg_buff
                0x20003260                UART2_LAT_QHandle
                0x20003264                IWDG_TaskHandle
                0x20003268                I2C1_XAXIS_QHandle
                0x2000326c                current_IgEvent
                0x200032a4                I2C1_YAXIS_QHandle
                0x200032a8                I2C1_TaskHandle
                0x200032ac                ADC_TEMP_QHandle
                0x200032b0                MUTEX_DebugHandle
                0x200032b4                CAN_TaskHandle
                0x200032b8                IGNITION_TaskHandle
                0x200032bc                ADC_VOLT_QHandle
                0x200032c0                UART2_LONG_QHandle
                0x200032c4                MUTEX_ADC_QHandle
                0x200032c8                GPIO_MISC_QHandle
                0x200032cc                MUTEX_CMD_PROCHandle
                0x200032d0                GPIO_STATE_TaskHandle
                0x200032d4                USART2_TaskHandle
                0x200032d8                CMD_PROC_TaskHandle
 COMMON         0x200032dc       0x98 ./Src/i2c.o
                0x200032dc                hi2c1
                0x20003328                hi2c2
 COMMON         0x20003374       0x10 ./Src/iwdg.o
                0x20003374                hiwdg
 COMMON         0x20003384       0x20 ./Src/rtc.o
                0x20003384                hrtc
 COMMON         0x200033a4       0x64 ./Src/spi.o
                0x200033a4                hspi1
 COMMON         0x20003408       0x40 ./Src/stm32f0xx_hal_timebase_TIM.o
                0x20003408                htim1
 COMMON         0x20003448       0x80 ./Src/tim.o
                0x20003448                htim2
                0x20003488                htim14
 COMMON         0x200034c8      0x2e8 ./Src/usart.o
                0x200034c8                hdma_usart2_rx
                0x2000350c                hdma_usart3_rx
                0x20003550                huart3
                0x200035c0                hdma_usart3_tx
                0x20003604                hdma_usart1_tx
                0x20003648                hdma_usart1_rx
                0x2000368c                hdma_usart2_tx
                0x200036d0                huart1
                0x20003740                huart2
 COMMON         0x200037b0        0x4 ./Drivers/STM32F0xx_HAL_Driver/Src/stm32f0xx_hal.o
                0x200037b0                uwTick
 COMMON         0x200037b4        0x4 c:/program files (x86)/gnu tools arm embedded/6 2017-q2-update/bin/../lib/gcc/arm-none-eabi/6.3.1/../../../../arm-none-eabi/lib/thumb/v6-m\libg_nano.a(lib_a-reent.o)
                0x200037b4                errno
                0x200037b8                . = ALIGN (0x4)
                0x200037b8                _ebss = .
                0x200037b8                __bss_end__ = _ebss

._user_heap_stack
                0x200037b8      0x600 load address 0x0800b1c8
                0x200037b8                . = ALIGN (0x8)
                0x200037b8                PROVIDE (end, .)
                [!provide]                PROVIDE (_end, .)
                0x200039b8                . = (. + _Min_Heap_Size)
 *fill*         0x200037b8      0x200 
                0x20003db8                . = (. + _Min_Stack_Size)
 *fill*         0x200039b8      0x400 
                0x20003db8                . = ALIGN (0x8)

/DISCARD/
 libc.a(*)
 libm.a(*)
 libgcc.a(*)

.ARM.attributes
                0x00000000       0x28
 *(.ARM.attributes)
 .ARM.attributes
                0x00000000       0x1e c:/program files (x86)/gnu tools arm embedded/6 2017-q2-update/bin/../lib/gcc/arm-none-eabi/6.3.1/thumb/v6-m/crti.o
 .ARM.attributes
                0x0000001e       0x2c c:/program files (x86)/gnu tools arm embedded/6 2017-q2-update/bin/../lib/gcc/arm-none-eabi/6.3.1/thumb/v6-m/crtbegin.o
 .ARM.attributes
                0x0000004a       0x31 ./Src/adc.o
 .ARM.attributes
                0x0000007b       0x31 ./Src/can.o
 .ARM.attributes
                0x000000ac       0x31 ./Src/dma.o
 .ARM.attributes
                0x000000dd       0x31 ./Src/freertos.o
 .ARM.attributes
                0x0000010e       0x31 ./Src/gpio.o
 .ARM.attributes
                0x0000013f       0x31 ./Src/i2c.o
 .ARM.attributes
                0x00000170       0x31 ./Src/iwdg.o
 .ARM.attributes
                0x000001a1       0x31 ./Src/main.o
 .ARM.attributes
                0x000001d2       0x31 ./Src/rtc.o
 .ARM.attributes
                0x00000203       0x31 ./Src/spi.o
 .ARM.attributes
                0x00000234       0x21 ./Src/startup_stm32f091xc.o
 .ARM.attributes
                0x00000255       0x31 ./Src/stm32f0xx_hal_msp.o
 .ARM.attributes
                0x00000286       0x31 ./Src/stm32f0xx_hal_timebase_TIM.o
 .ARM.attributes
                0x000002b7       0x31 ./Src/stm32f0xx_it.o
 .ARM.attributes
                0x000002e8       0x31 ./Src/system_stm32f0xx.o
 .ARM.attributes
                0x00000319       0x31 ./Src/tim.o
 .ARM.attributes
                0x0000034a       0x31 ./Src/usart.o
 .ARM.attributes
                0x0000037b       0x31 ./Middlewares/Third_Party/FreeRTOS/Source/portable/MemMang/heap_4.o
 .ARM.attributes
                0x000003ac       0x31 ./Middlewares/Third_Party/FreeRTOS/Source/portable/GCC/ARM_CM0/port.o
 .ARM.attributes
                0x000003dd       0x31 ./Middlewares/Third_Party/FreeRTOS/Source/CMSIS_RTOS/cmsis_os.o
 .ARM.attributes
                0x0000040e       0x31 ./Middlewares/Third_Party/FreeRTOS/Source/list.o
 .ARM.attributes
                0x0000043f       0x31 ./Middlewares/Third_Party/FreeRTOS/Source/queue.o
 .ARM.attributes
                0x00000470       0x31 ./Middlewares/Third_Party/FreeRTOS/Source/tasks.o
 .ARM.attributes
                0x000004a1       0x31 ./Drivers/STM32F0xx_HAL_Driver/Src/stm32f0xx_hal.o
 .ARM.attributes
                0x000004d2       0x31 ./Drivers/STM32F0xx_HAL_Driver/Src/stm32f0xx_hal_adc.o
 .ARM.attributes
                0x00000503       0x31 ./Drivers/STM32F0xx_HAL_Driver/Src/stm32f0xx_hal_can.o
 .ARM.attributes
                0x00000534       0x31 ./Drivers/STM32F0xx_HAL_Driver/Src/stm32f0xx_hal_cortex.o
 .ARM.attributes
                0x00000565       0x31 ./Drivers/STM32F0xx_HAL_Driver/Src/stm32f0xx_hal_dma.o
 .ARM.attributes
                0x00000596       0x31 ./Drivers/STM32F0xx_HAL_Driver/Src/stm32f0xx_hal_gpio.o
 .ARM.attributes
                0x000005c7       0x31 ./Drivers/STM32F0xx_HAL_Driver/Src/stm32f0xx_hal_i2c.o
 .ARM.attributes
                0x000005f8       0x31 ./Drivers/STM32F0xx_HAL_Driver/Src/stm32f0xx_hal_i2c_ex.o
 .ARM.attributes
                0x00000629       0x31 ./Drivers/STM32F0xx_HAL_Driver/Src/stm32f0xx_hal_iwdg.o
 .ARM.attributes
                0x0000065a       0x31 ./Drivers/STM32F0xx_HAL_Driver/Src/stm32f0xx_hal_pwr.o
 .ARM.attributes
                0x0000068b       0x31 ./Drivers/STM32F0xx_HAL_Driver/Src/stm32f0xx_hal_rcc.o
 .ARM.attributes
                0x000006bc       0x31 ./Drivers/STM32F0xx_HAL_Driver/Src/stm32f0xx_hal_rcc_ex.o
 .ARM.attributes
                0x000006ed       0x31 ./Drivers/STM32F0xx_HAL_Driver/Src/stm32f0xx_hal_rtc.o
 .ARM.attributes
                0x0000071e       0x31 ./Drivers/STM32F0xx_HAL_Driver/Src/stm32f0xx_hal_rtc_ex.o
 .ARM.attributes
                0x0000074f       0x31 ./Drivers/STM32F0xx_HAL_Driver/Src/stm32f0xx_hal_spi.o
 .ARM.attributes
                0x00000780       0x31 ./Drivers/STM32F0xx_HAL_Driver/Src/stm32f0xx_hal_tim.o
 .ARM.attributes
                0x000007b1       0x31 ./Drivers/STM32F0xx_HAL_Driver/Src/stm32f0xx_hal_tim_ex.o
 .ARM.attributes
                0x000007e2       0x31 ./Drivers/STM32F0xx_HAL_Driver/Src/stm32f0xx_hal_uart.o
 .ARM.attributes
                0x00000813       0x31 ./Drivers/STM32F0xx_HAL_Driver/Src/stm32f0xx_hal_uart_ex.o
 .ARM.attributes
                0x00000844       0x1e c:/program files (x86)/gnu tools arm embedded/6 2017-q2-update/bin/../lib/gcc/arm-none-eabi/6.3.1/thumb/v6-m\libgcc.a(_thumb1_case_sqi.o)
 .ARM.attributes
                0x00000862       0x1e c:/program files (x86)/gnu tools arm embedded/6 2017-q2-update/bin/../lib/gcc/arm-none-eabi/6.3.1/thumb/v6-m\libgcc.a(_thumb1_case_uqi.o)
 .ARM.attributes
                0x00000880       0x1e c:/program files (x86)/gnu tools arm embedded/6 2017-q2-update/bin/../lib/gcc/arm-none-eabi/6.3.1/thumb/v6-m\libgcc.a(_thumb1_case_shi.o)
 .ARM.attributes
                0x0000089e       0x1e c:/program files (x86)/gnu tools arm embedded/6 2017-q2-update/bin/../lib/gcc/arm-none-eabi/6.3.1/thumb/v6-m\libgcc.a(_thumb1_case_uhi.o)
 .ARM.attributes
                0x000008bc       0x1e c:/program files (x86)/gnu tools arm embedded/6 2017-q2-update/bin/../lib/gcc/arm-none-eabi/6.3.1/thumb/v6-m\libgcc.a(_udivsi3.o)
 .ARM.attributes
                0x000008da       0x1e c:/program files (x86)/gnu tools arm embedded/6 2017-q2-update/bin/../lib/gcc/arm-none-eabi/6.3.1/thumb/v6-m\libgcc.a(_dvmd_tls.o)
 .ARM.attributes
                0x000008f8       0x2c c:/program files (x86)/gnu tools arm embedded/6 2017-q2-update/bin/../lib/gcc/arm-none-eabi/6.3.1/../../../../arm-none-eabi/lib/thumb/v6-m\libg_nano.a(lib_a-impure.o)
 .ARM.attributes
                0x00000924       0x2c c:/program files (x86)/gnu tools arm embedded/6 2017-q2-update/bin/../lib/gcc/arm-none-eabi/6.3.1/../../../../arm-none-eabi/lib/thumb/v6-m\libg_nano.a(lib_a-init.o)
 .ARM.attributes
                0x00000950       0x2c c:/program files (x86)/gnu tools arm embedded/6 2017-q2-update/bin/../lib/gcc/arm-none-eabi/6.3.1/../../../../arm-none-eabi/lib/thumb/v6-m\libg_nano.a(lib_a-memcpy-stub.o)
 .ARM.attributes
                0x0000097c       0x2c c:/program files (x86)/gnu tools arm embedded/6 2017-q2-update/bin/../lib/gcc/arm-none-eabi/6.3.1/../../../../arm-none-eabi/lib/thumb/v6-m\libg_nano.a(lib_a-memset.o)
 .ARM.attributes
                0x000009a8       0x2c c:/program files (x86)/gnu tools arm embedded/6 2017-q2-update/bin/../lib/gcc/arm-none-eabi/6.3.1/../../../../arm-none-eabi/lib/thumb/v6-m\libg_nano.a(lib_a-strncpy.o)
 .ARM.attributes
                0x000009d4       0x2c c:/program files (x86)/gnu tools arm embedded/6 2017-q2-update/bin/../lib/gcc/arm-none-eabi/6.3.1/../../../../arm-none-eabi/lib/thumb/v6-m\libg_nano.a(lib_a-vsnprintf.o)
 .ARM.attributes
                0x00000a00       0x2c c:/program files (x86)/gnu tools arm embedded/6 2017-q2-update/bin/../lib/gcc/arm-none-eabi/6.3.1/../../../../arm-none-eabi/lib/thumb/v6-m\libg_nano.a(lib_a-nano-svfprintf.o)
 .ARM.attributes
                0x00000a2c       0x2c c:/program files (x86)/gnu tools arm embedded/6 2017-q2-update/bin/../lib/gcc/arm-none-eabi/6.3.1/../../../../arm-none-eabi/lib/thumb/v6-m\libg_nano.a(lib_a-nano-vfprintf_i.o)
 .ARM.attributes
                0x00000a58       0x2c c:/program files (x86)/gnu tools arm embedded/6 2017-q2-update/bin/../lib/gcc/arm-none-eabi/6.3.1/../../../../arm-none-eabi/lib/thumb/v6-m\libg_nano.a(lib_a-memchr-stub.o)
 .ARM.attributes
                0x00000a84       0x2c c:/program files (x86)/gnu tools arm embedded/6 2017-q2-update/bin/../lib/gcc/arm-none-eabi/6.3.1/../../../../arm-none-eabi/lib/thumb/v6-m\libg_nano.a(lib_a-memmove.o)
 .ARM.attributes
                0x00000ab0       0x2c c:/program files (x86)/gnu tools arm embedded/6 2017-q2-update/bin/../lib/gcc/arm-none-eabi/6.3.1/../../../../arm-none-eabi/lib/thumb/v6-m\libg_nano.a(lib_a-nano-freer.o)
 .ARM.attributes
                0x00000adc       0x2c c:/program files (x86)/gnu tools arm embedded/6 2017-q2-update/bin/../lib/gcc/arm-none-eabi/6.3.1/../../../../arm-none-eabi/lib/thumb/v6-m\libg_nano.a(lib_a-nano-mallocr.o)
 .ARM.attributes
                0x00000b08       0x2c c:/program files (x86)/gnu tools arm embedded/6 2017-q2-update/bin/../lib/gcc/arm-none-eabi/6.3.1/../../../../arm-none-eabi/lib/thumb/v6-m\libg_nano.a(lib_a-nano-reallocr.o)
 .ARM.attributes
                0x00000b34       0x2c c:/program files (x86)/gnu tools arm embedded/6 2017-q2-update/bin/../lib/gcc/arm-none-eabi/6.3.1/../../../../arm-none-eabi/lib/thumb/v6-m\libg_nano.a(lib_a-sbrkr.o)
 .ARM.attributes
                0x00000b60       0x2c c:/program files (x86)/gnu tools arm embedded/6 2017-q2-update/bin/../lib/gcc/arm-none-eabi/6.3.1/../../../../arm-none-eabi/lib/thumb/v6-m\libg_nano.a(lib_a-mlock.o)
 .ARM.attributes
                0x00000b8c       0x2c c:/program files (x86)/gnu tools arm embedded/6 2017-q2-update/bin/../lib/gcc/arm-none-eabi/6.3.1/../../../../arm-none-eabi/lib/thumb/v6-m\libg_nano.a(lib_a-nano-msizer.o)
 .ARM.attributes
                0x00000bb8       0x2c c:/program files (x86)/gnu tools arm embedded/6 2017-q2-update/bin/../lib/gcc/arm-none-eabi/6.3.1/../../../../arm-none-eabi/lib/thumb/v6-m\libg_nano.a(lib_a-reent.o)
 .ARM.attributes
                0x00000be4       0x2c c:/program files (x86)/gnu tools arm embedded/6 2017-q2-update/bin/../lib/gcc/arm-none-eabi/6.3.1/../../../../arm-none-eabi/lib/thumb/v6-m\libnosys.a(sbrk.o)
 .ARM.attributes
                0x00000c10       0x1e c:/program files (x86)/gnu tools arm embedded/6 2017-q2-update/bin/../lib/gcc/arm-none-eabi/6.3.1/thumb/v6-m/crtn.o
OUTPUT(STM32F091RCTx_freeRTOS.elf elf32-littlearm)

.debug_info     0x00000000    0x3cbf1
 .debug_info    0x00000000     0x119f ./Src/adc.o
 .debug_info    0x0000119f     0x127f ./Src/can.o
 .debug_info    0x0000241e      0xbb5 ./Src/dma.o
 .debug_info    0x00002fd3     0x7181 ./Src/freertos.o
 .debug_info    0x0000a154      0xc92 ./Src/gpio.o
 .debug_info    0x0000ade6     0x1449 ./Src/i2c.o
 .debug_info    0x0000c22f      0xa74 ./Src/iwdg.o
 .debug_info    0x0000cca3     0x26a9 ./Src/main.o
 .debug_info    0x0000f34c     0x1165 ./Src/rtc.o
 .debug_info    0x000104b1     0x1146 ./Src/spi.o
 .debug_info    0x000115f7       0x8b ./Src/startup_stm32f091xc.o
 .debug_info    0x00011682      0xb5c ./Src/stm32f0xx_hal_msp.o
 .debug_info    0x000121de     0x116b ./Src/stm32f0xx_hal_timebase_TIM.o
 .debug_info    0x00013349     0x1d5d ./Src/stm32f0xx_it.o
 .debug_info    0x000150a6      0xa77 ./Src/system_stm32f0xx.o
 .debug_info    0x00015b1d     0x1465 ./Src/tim.o
 .debug_info    0x00016f82     0x165d ./Src/usart.o
 .debug_info    0x000185df      0xbb8 ./Middlewares/Third_Party/FreeRTOS/Source/portable/MemMang/heap_4.o
 .debug_info    0x00019197      0x2ac ./Middlewares/Third_Party/FreeRTOS/Source/portable/GCC/ARM_CM0/port.o
 .debug_info    0x00019443     0x24dd ./Middlewares/Third_Party/FreeRTOS/Source/CMSIS_RTOS/cmsis_os.o
 .debug_info    0x0001b920      0xad0 ./Middlewares/Third_Party/FreeRTOS/Source/list.o
 .debug_info    0x0001c3f0     0x1b37 ./Middlewares/Third_Party/FreeRTOS/Source/queue.o
 .debug_info    0x0001df27     0x23dc ./Middlewares/Third_Party/FreeRTOS/Source/tasks.o
 .debug_info    0x00020303      0xe8e ./Drivers/STM32F0xx_HAL_Driver/Src/stm32f0xx_hal.o
 .debug_info    0x00021191     0x16b6 ./Drivers/STM32F0xx_HAL_Driver/Src/stm32f0xx_hal_adc.o
 .debug_info    0x00022847     0x13ef ./Drivers/STM32F0xx_HAL_Driver/Src/stm32f0xx_hal_can.o
 .debug_info    0x00023c36     0x102d ./Drivers/STM32F0xx_HAL_Driver/Src/stm32f0xx_hal_cortex.o
 .debug_info    0x00024c63     0x1057 ./Drivers/STM32F0xx_HAL_Driver/Src/stm32f0xx_hal_dma.o
 .debug_info    0x00025cba      0xeab ./Drivers/STM32F0xx_HAL_Driver/Src/stm32f0xx_hal_gpio.o
 .debug_info    0x00026b65     0x3980 ./Drivers/STM32F0xx_HAL_Driver/Src/stm32f0xx_hal_i2c.o
 .debug_info    0x0002a4e5     0x10fb ./Drivers/STM32F0xx_HAL_Driver/Src/stm32f0xx_hal_i2c_ex.o
 .debug_info    0x0002b5e0      0xaa9 ./Drivers/STM32F0xx_HAL_Driver/Src/stm32f0xx_hal_iwdg.o
 .debug_info    0x0002c089      0xcbf ./Drivers/STM32F0xx_HAL_Driver/Src/stm32f0xx_hal_pwr.o
 .debug_info    0x0002cd48     0x11c6 ./Drivers/STM32F0xx_HAL_Driver/Src/stm32f0xx_hal_rcc.o
 .debug_info    0x0002df0e      0xeaa ./Drivers/STM32F0xx_HAL_Driver/Src/stm32f0xx_hal_rcc_ex.o
 .debug_info    0x0002edb8     0x1585 ./Drivers/STM32F0xx_HAL_Driver/Src/stm32f0xx_hal_rtc.o
 .debug_info    0x0003033d     0x1758 ./Drivers/STM32F0xx_HAL_Driver/Src/stm32f0xx_hal_rtc_ex.o
 .debug_info    0x00031a95     0x27b2 ./Drivers/STM32F0xx_HAL_Driver/Src/stm32f0xx_hal_spi.o
 .debug_info    0x00034247     0x3c43 ./Drivers/STM32F0xx_HAL_Driver/Src/stm32f0xx_hal_tim.o
 .debug_info    0x00037e8a     0x1a3c ./Drivers/STM32F0xx_HAL_Driver/Src/stm32f0xx_hal_tim_ex.o
 .debug_info    0x000398c6     0x210a ./Drivers/STM32F0xx_HAL_Driver/Src/stm32f0xx_hal_uart.o
 .debug_info    0x0003b9d0     0x1221 ./Drivers/STM32F0xx_HAL_Driver/Src/stm32f0xx_hal_uart_ex.o

.debug_abbrev   0x00000000     0x7533
 .debug_abbrev  0x00000000      0x26d ./Src/adc.o
 .debug_abbrev  0x0000026d      0x276 ./Src/can.o
 .debug_abbrev  0x000004e3      0x22d ./Src/dma.o
 .debug_abbrev  0x00000710      0x45c ./Src/freertos.o
 .debug_abbrev  0x00000b6c      0x224 ./Src/gpio.o
 .debug_abbrev  0x00000d90      0x265 ./Src/i2c.o
 .debug_abbrev  0x00000ff5      0x219 ./Src/iwdg.o
 .debug_abbrev  0x0000120e      0x2eb ./Src/main.o
 .debug_abbrev  0x000014f9      0x251 ./Src/rtc.o
 .debug_abbrev  0x0000174a      0x251 ./Src/spi.o
 .debug_abbrev  0x0000199b       0x12 ./Src/startup_stm32f091xc.o
 .debug_abbrev  0x000019ad      0x22d ./Src/stm32f0xx_hal_msp.o
 .debug_abbrev  0x00001bda      0x2a1 ./Src/stm32f0xx_hal_timebase_TIM.o
 .debug_abbrev  0x00001e7b      0x25a ./Src/stm32f0xx_it.o
 .debug_abbrev  0x000020d5      0x202 ./Src/system_stm32f0xx.o
 .debug_abbrev  0x000022d7      0x2d2 ./Src/tim.o
 .debug_abbrev  0x000025a9      0x2ae ./Src/usart.o
 .debug_abbrev  0x00002857      0x304 ./Middlewares/Third_Party/FreeRTOS/Source/portable/MemMang/heap_4.o