Archive member included to satisfy reference by file (symbol)

c:/program files (x86)/gnu tools arm embedded/6 2017-q2-update/bin/../lib/gcc/arm-none-eabi/6.3.1/thumb/v6-m\libgcc.a(_thumb1_case_sqi.o)
                              ./Drivers/STM32F0xx_HAL_Driver/Src/stm32f0xx_hal_uart.o (__gnu_thumb1_case_sqi)
c:/program files (x86)/gnu tools arm embedded/6 2017-q2-update/bin/../lib/gcc/arm-none-eabi/6.3.1/thumb/v6-m\libgcc.a(_thumb1_case_uqi.o)
                              ./Src/freertos.o (__gnu_thumb1_case_uqi)
c:/program files (x86)/gnu tools arm embedded/6 2017-q2-update/bin/../lib/gcc/arm-none-eabi/6.3.1/thumb/v6-m\libgcc.a(_thumb1_case_shi.o)
                              ./Src/freertos.o (__gnu_thumb1_case_shi)
c:/program files (x86)/gnu tools arm embedded/6 2017-q2-update/bin/../lib/gcc/arm-none-eabi/6.3.1/thumb/v6-m\libgcc.a(_thumb1_case_uhi.o)
                              ./Src/freertos.o (__gnu_thumb1_case_uhi)
c:/program files (x86)/gnu tools arm embedded/6 2017-q2-update/bin/../lib/gcc/arm-none-eabi/6.3.1/thumb/v6-m\libgcc.a(_udivsi3.o)
                              ./Src/freertos.o (__aeabi_uidiv)
c:/program files (x86)/gnu tools arm embedded/6 2017-q2-update/bin/../lib/gcc/arm-none-eabi/6.3.1/thumb/v6-m\libgcc.a(_dvmd_tls.o)
                              c:/program files (x86)/gnu tools arm embedded/6 2017-q2-update/bin/../lib/gcc/arm-none-eabi/6.3.1/thumb/v6-m\libgcc.a(_udivsi3.o) (__aeabi_idiv0)
c:/program files (x86)/gnu tools arm embedded/6 2017-q2-update/bin/../lib/gcc/arm-none-eabi/6.3.1/thumb/v6-m\libgcc.a(_lshrdi3.o)
                              ./Drivers/STM32F0xx_HAL_Driver/Src/stm32f0xx_hal_flash.o (__aeabi_llsr)
c:/program files (x86)/gnu tools arm embedded/6 2017-q2-update/bin/../lib/gcc/arm-none-eabi/6.3.1/../../../../arm-none-eabi/lib/thumb/v6-m\libg_nano.a(lib_a-exit.o)
                              c:/program files (x86)/gnu tools arm embedded/6 2017-q2-update/bin/../lib/gcc/arm-none-eabi/6.3.1/../../../../arm-none-eabi/lib/thumb/v6-m/crt0.o (exit)
c:/program files (x86)/gnu tools arm embedded/6 2017-q2-update/bin/../lib/gcc/arm-none-eabi/6.3.1/../../../../arm-none-eabi/lib/thumb/v6-m\libg_nano.a(lib_a-impure.o)
                              c:/program files (x86)/gnu tools arm embedded/6 2017-q2-update/bin/../lib/gcc/arm-none-eabi/6.3.1/../../../../arm-none-eabi/lib/thumb/v6-m\libg_nano.a(lib_a-exit.o) (_global_impure_ptr)
c:/program files (x86)/gnu tools arm embedded/6 2017-q2-update/bin/../lib/gcc/arm-none-eabi/6.3.1/../../../../arm-none-eabi/lib/thumb/v6-m\libg_nano.a(lib_a-init.o)
                              c:/program files (x86)/gnu tools arm embedded/6 2017-q2-update/bin/../lib/gcc/arm-none-eabi/6.3.1/../../../../arm-none-eabi/lib/thumb/v6-m/crt0.o (__libc_init_array)
c:/program files (x86)/gnu tools arm embedded/6 2017-q2-update/bin/../lib/gcc/arm-none-eabi/6.3.1/../../../../arm-none-eabi/lib/thumb/v6-m\libg_nano.a(lib_a-memcpy-stub.o)
                              ./Src/freertos.o (memcpy)
c:/program files (x86)/gnu tools arm embedded/6 2017-q2-update/bin/../lib/gcc/arm-none-eabi/6.3.1/../../../../arm-none-eabi/lib/thumb/v6-m\libg_nano.a(lib_a-memset.o)
                              c:/program files (x86)/gnu tools arm embedded/6 2017-q2-update/bin/../lib/gcc/arm-none-eabi/6.3.1/../../../../arm-none-eabi/lib/thumb/v6-m/crt0.o (memset)
c:/program files (x86)/gnu tools arm embedded/6 2017-q2-update/bin/../lib/gcc/arm-none-eabi/6.3.1/../../../../arm-none-eabi/lib/thumb/v6-m\libg_nano.a(lib_a-strncpy.o)
                              ./Src/freertos.o (strncpy)
c:/program files (x86)/gnu tools arm embedded/6 2017-q2-update/bin/../lib/gcc/arm-none-eabi/6.3.1/../../../../arm-none-eabi/lib/thumb/v6-m\libg_nano.a(lib_a-vsnprintf.o)
                              ./Src/freertos.o (vsnprintf)
c:/program files (x86)/gnu tools arm embedded/6 2017-q2-update/bin/../lib/gcc/arm-none-eabi/6.3.1/../../../../arm-none-eabi/lib/thumb/v6-m\libg_nano.a(lib_a-nano-svfprintf.o)
                              c:/program files (x86)/gnu tools arm embedded/6 2017-q2-update/bin/../lib/gcc/arm-none-eabi/6.3.1/../../../../arm-none-eabi/lib/thumb/v6-m\libg_nano.a(lib_a-vsnprintf.o) (_svfprintf_r)
c:/program files (x86)/gnu tools arm embedded/6 2017-q2-update/bin/../lib/gcc/arm-none-eabi/6.3.1/../../../../arm-none-eabi/lib/thumb/v6-m\libg_nano.a(lib_a-nano-vfprintf_i.o)
                              c:/program files (x86)/gnu tools arm embedded/6 2017-q2-update/bin/../lib/gcc/arm-none-eabi/6.3.1/../../../../arm-none-eabi/lib/thumb/v6-m\libg_nano.a(lib_a-nano-svfprintf.o) (_printf_i)
c:/program files (x86)/gnu tools arm embedded/6 2017-q2-update/bin/../lib/gcc/arm-none-eabi/6.3.1/../../../../arm-none-eabi/lib/thumb/v6-m\libg_nano.a(lib_a-memchr-stub.o)
                              c:/program files (x86)/gnu tools arm embedded/6 2017-q2-update/bin/../lib/gcc/arm-none-eabi/6.3.1/../../../../arm-none-eabi/lib/thumb/v6-m\libg_nano.a(lib_a-nano-svfprintf.o) (memchr)
[...]
Memory Configuration

Name             Origin             Length             Attributes
RAM              0x20000000         0x00008000         xrw
FLASH            0x08000000         0x00040000         xr
*default*        0x00000000         0xffffffff

Linker script and memory map

LOAD c:/program files (x86)/gnu tools arm embedded/6 2017-q2-update/bin/../lib/gcc/arm-none-eabi/6.3.1/thumb/v6-m/crti.o
LOAD c:/program files (x86)/gnu tools arm embedded/6 2017-q2-update/bin/../lib/gcc/arm-none-eabi/6.3.1/thumb/v6-m/crtbegin.o
LOAD c:/program files (x86)/gnu tools arm embedded/6 2017-q2-update/bin/../lib/gcc/arm-none-eabi/6.3.1/../../../../arm-none-eabi/lib/thumb/v6-m/crt0.o
LOAD ./Src/adc.o
LOAD ./Src/aewin_def.o
LOAD ./Src/can.o
LOAD ./Src/dma.o
LOAD ./Src/freertos.o
LOAD ./Src/gpio.o
LOAD ./Src/i2c.o
LOAD ./Src/iwdg.o
LOAD ./Src/main.o
LOAD ./Src/rtc.o
LOAD ./Src/spi.o
LOAD ./Src/startup_stm32f091xc.o
LOAD ./Src/stm32f0xx_hal_msp.o
LOAD ./Src/stm32f0xx_hal_timebase_TIM.o
LOAD ./Src/stm32f0xx_it.o
LOAD ./Src/system_stm32f0xx.o
LOAD ./Src/tim.o
LOAD ./Src/usart.o
LOAD ./Middlewares/Third_Party/FreeRTOS/Source/portable/MemMang/heap_4.o
LOAD ./Middlewares/Third_Party/FreeRTOS/Source/portable/GCC/ARM_CM0/port.o
LOAD ./Middlewares/Third_Party/FreeRTOS/Source/CMSIS_RTOS/cmsis_os.o
LOAD ./Middlewares/Third_Party/FreeRTOS/Source/croutine.o
LOAD ./Middlewares/Third_Party/FreeRTOS/Source/event_groups.o
LOAD ./Middlewares/Third_Party/FreeRTOS/Source/list.o
LOAD ./Middlewares/Third_Party/FreeRTOS/Source/queue.o
LOAD ./Middlewares/Third_Party/FreeRTOS/Source/tasks.o
LOAD ./Middlewares/Third_Party/FreeRTOS/Source/timers.o
LOAD ./Drivers/STM32F0xx_HAL_Driver/Src/stm32f0xx_hal.o
LOAD ./Drivers/STM32F0xx_HAL_Driver/Src/stm32f0xx_hal_adc.o
LOAD ./Drivers/STM32F0xx_HAL_Driver/Src/stm32f0xx_hal_adc_ex.o
LOAD ./Drivers/STM32F0xx_HAL_Driver/Src/stm32f0xx_hal_can.o
LOAD ./Drivers/STM32F0xx_HAL_Driver/Src/stm32f0xx_hal_cortex.o
LOAD ./Drivers/STM32F0xx_HAL_Driver/Src/stm32f0xx_hal_dma.o
LOAD ./Drivers/STM32F0xx_HAL_Driver/Src/stm32f0xx_hal_flash.o
LOAD ./Drivers/STM32F0xx_HAL_Driver/Src/stm32f0xx_hal_flash_ex.o
LOAD ./Drivers/STM32F0xx_HAL_Driver/Src/stm32f0xx_hal_gpio.o
LOAD ./Drivers/STM32F0xx_HAL_Driver/Src/stm32f0xx_hal_i2c.o
LOAD ./Drivers/STM32F0xx_HAL_Driver/Src/stm32f0xx_hal_i2c_ex.o
LOAD ./Drivers/STM32F0xx_HAL_Driver/Src/stm32f0xx_hal_iwdg.o
LOAD ./Drivers/STM32F0xx_HAL_Driver/Src/stm32f0xx_hal_pwr.o
LOAD ./Drivers/STM32F0xx_HAL_Driver/Src/stm32f0xx_hal_pwr_ex.o
LOAD ./Drivers/STM32F0xx_HAL_Driver/Src/stm32f0xx_hal_rcc.o
LOAD ./Drivers/STM32F0xx_HAL_Driver/Src/stm32f0xx_hal_rcc_ex.o
LOAD ./Drivers/STM32F0xx_HAL_Driver/Src/stm32f0xx_hal_rtc.o
LOAD ./Drivers/STM32F0xx_HAL_Driver/Src/stm32f0xx_hal_rtc_ex.o
LOAD ./Drivers/STM32F0xx_HAL_Driver/Src/stm32f0xx_hal_spi.o
LOAD ./Drivers/STM32F0xx_HAL_Driver/Src/stm32f0xx_hal_spi_ex.o
LOAD ./Drivers/STM32F0xx_HAL_Driver/Src/stm32f0xx_hal_tim.o
LOAD ./Drivers/STM32F0xx_HAL_Driver/Src/stm32f0xx_hal_tim_ex.o
LOAD ./Drivers/STM32F0xx_HAL_Driver/Src/stm32f0xx_hal_uart.o
LOAD ./Drivers/STM32F0xx_HAL_Driver/Src/stm32f0xx_hal_uart_ex.o
START GROUP
LOAD c:/program files (x86)/gnu tools arm embedded/6 2017-q2-update/bin/../lib/gcc/arm-none-eabi/6.3.1/thumb/v6-m\libgcc.a
LOAD c:/program files (x86)/gnu tools arm embedded/6 2017-q2-update/bin/../lib/gcc/arm-none-eabi/6.3.1/../../../../arm-none-eabi/lib/thumb/v6-m\libg_nano.a
LOAD c:/program files (x86)/gnu tools arm embedded/6 2017-q2-update/bin/../lib/gcc/arm-none-eabi/6.3.1/../../../../arm-none-eabi/lib/thumb/v6-m\libc_nano.a
END GROUP
START GROUP
LOAD c:/program files (x86)/gnu tools arm embedded/6 2017-q2-update/bin/../lib/gcc/arm-none-eabi/6.3.1/thumb/v6-m\libgcc.a
LOAD c:/program files (x86)/gnu tools arm embedded/6 2017-q2-update/bin/../lib/gcc/arm-none-eabi/6.3.1/../../../../arm-none-eabi/lib/thumb/v6-m\libc_nano.a
LOAD c:/program files (x86)/gnu tools arm embedded/6 2017-q2-update/bin/../lib/gcc/arm-none-eabi/6.3.1/../../../../arm-none-eabi/lib/thumb/v6-m\libnosys.a
END GROUP
START GROUP
LOAD c:/program files (x86)/gnu tools arm embedded/6 2017-q2-update/bin/../lib/gcc/arm-none-eabi/6.3.1/thumb/v6-m\libgcc.a
LOAD c:/program files (x86)/gnu tools arm embedded/6 2017-q2-update/bin/../lib/gcc/arm-none-eabi/6.3.1/../../../../arm-none-eabi/lib/thumb/v6-m\libc_nano.a
LOAD c:/program files (x86)/gnu tools arm embedded/6 2017-q2-update/bin/../lib/gcc/arm-none-eabi/6.3.1/../../../../arm-none-eabi/lib/thumb/v6-m\libnosys.a
END GROUP
LOAD c:/program files (x86)/gnu tools arm embedded/6 2017-q2-update/bin/../lib/gcc/arm-none-eabi/6.3.1/thumb/v6-m/crtend.o
LOAD c:/program files (x86)/gnu tools arm embedded/6 2017-q2-update/bin/../lib/gcc/arm-none-eabi/6.3.1/thumb/v6-m/crtn.o
                0x20008000                _estack = 0x20008000
                0x00000200                _Min_Heap_Size = 0x200
                0x00000400                _Min_Stack_Size = 0x400

.isr_vector     0x08000000       0xbc
                0x08000000                . = ALIGN (0x4)
 *(.isr_vector)
 .isr_vector    0x08000000       0xbc ./Src/startup_stm32f091xc.o
                0x08000000                g_pfnVectors
                0x080000bc                . = ALIGN (0x4)

.text           0x080000c0     0xa710
                0x080000c0                . = ALIGN (0x4)
 *(.text)
 .text          0x080000c0       0x60 c:/program files (x86)/gnu tools arm embedded/6 2017-q2-update/bin/../lib/gcc/arm-none-eabi/6.3.1/thumb/v6-m/crtbegin.o
 .text          0x08000120       0x14 c:/program files (x86)/gnu tools arm embedded/6 2017-q2-update/bin/../lib/gcc/arm-none-eabi/6.3.1/thumb/v6-m\libgcc.a(_thumb1_case_sqi.o)
                0x08000120                __gnu_thumb1_case_sqi
 .text          0x08000134       0x14 c:/program files (x86)/gnu tools arm embedded/6 2017-q2-update/bin/../lib/gcc/arm-none-eabi/6.3.1/thumb/v6-m\libgcc.a(_thumb1_case_uqi.o)
                0x08000134                __gnu_thumb1_case_uqi
 .text          0x08000148       0x14 c:/program files (x86)/gnu tools arm embedded/6 2017-q2-update/bin/../lib/gcc/arm-none-eabi/6.3.1/thumb/v6-m\libgcc.a(_thumb1_case_shi.o)
                0x08000148                __gnu_thumb1_case_shi
 .text          0x0800015c       0x14 c:/program files (x86)/gnu tools arm embedded/6 2017-q2-update/bin/../lib/gcc/arm-none-eabi/6.3.1/thumb/v6-m\libgcc.a(_thumb1_case_uhi.o)
                0x0800015c                __gnu_thumb1_case_uhi
 .text          0x08000170      0x114 c:/program files (x86)/gnu tools arm embedded/6 2017-q2-update/bin/../lib/gcc/arm-none-eabi/6.3.1/thumb/v6-m\libgcc.a(_udivsi3.o)
                0x08000170                __aeabi_uidiv
                0x08000170                __udivsi3
                0x0800027c                __aeabi_uidivmod
 .text          0x08000284        0x4 c:/program files (x86)/gnu tools arm embedded/6 2017-q2-update/bin/../lib/gcc/arm-none-eabi/6.3.1/thumb/v6-m\libgcc.a(_dvmd_tls.o)
                0x08000284                __aeabi_idiv0
                0x08000284                __aeabi_ldiv0
 .text          0x08000288       0x18 c:/program files (x86)/gnu tools arm embedded/6 2017-q2-update/bin/../lib/gcc/arm-none-eabi/6.3.1/thumb/v6-m\libgcc.a(_lshrdi3.o)
                0x08000288                __lshrdi3
                0x08000288                __aeabi_llsr
 *(.text*)
 .text.MX_ADC_Init
                0x080002a0       0x88 ./Src/adc.o
                0x080002a0                MX_ADC_Init
 .text.HAL_ADC_MspInit
                0x08000328       0x9c ./Src/adc.o
                0x08000328                HAL_ADC_MspInit
 .text.MX_CAN_Init
                0x080003c4       0x4c ./Src/can.o
                0x080003c4                MX_CAN_Init
 .text.HAL_CAN_MspInit
                0x08000410       0x60 ./Src/can.o
                0x08000410                HAL_CAN_MspInit
 .text.MX_DMA_Init
                0x08000470       0x5c ./Src/dma.o
                0x08000470                MX_DMA_Init
 .text.StartDefaultTask
                0x080004cc        0xa ./Src/freertos.o
                0x080004cc                StartDefaultTask
 *fill*         0x080004d6        0x2 
 .text.cmd_proc_entry
                0x080004d8       0x44 ./Src/freertos.o
                0x080004d8                cmd_proc_entry
 .text.usart3_entry
                0x0800051c      0x1b4 ./Src/freertos.o
                0x0800051c                usart3_entry
 .text.gpio_state_entry
                0x080006d0       0xa0 ./Src/freertos.o
                0x080006d0                gpio_state_entry
 .text.spi1_entry
                0x08000770      0x608 ./Src/freertos.o
                0x08000770                spi1_entry
 .text.can_entry
                0x08000d78       0xa8 ./Src/freertos.o
                0x08000d78                can_entry
 .text.aewin_dbg
                0x08000e20       0x60 ./Src/freertos.o
                0x08000e20                aewin_dbg
 .text.i2c1_entry
                0x08000e80      0x108 ./Src/freertos.o
                0x08000e80                i2c1_entry
 .text.adc_entry
                0x08000f88       0x78 ./Src/freertos.o
                0x08000f88                adc_entry
 .text.HAL_RTC_AlarmAEventCallback
                0x08001000       0x34 ./Src/freertos.o
                0x08001000                HAL_RTC_AlarmAEventCallback
 .text.adc_voltageConversion_float
                0x08001034       0x20 ./Src/freertos.o
                0x08001034                adc_voltageConversion_float
 .text.adc_tempConversion_int
                0x08001054       0x24 ./Src/freertos.o
                0x08001054                adc_tempConversion_int
 .text.adc_tempConversion_float
                0x08001078       0x28 ./Src/freertos.o
                0x08001078                adc_tempConversion_float
 .text.usart1_entry
                0x080010a0      0xfc4 ./Src/freertos.o
                0x080010a0                usart1_entry
 .text.uart_findDataIndex
                0x08002064       0x36 ./Src/freertos.o
                0x08002064                uart_findDataIndex
 .text.uart2_isFindString
                0x0800209a       0x54 ./Src/freertos.o
                0x0800209a                uart2_isFindString
 *fill*         0x080020ee        0x2 
 .text.enable_4GModule
                0x080020f0       0x40 ./Src/freertos.o
                0x080020f0                enable_4GModule
 .text.print_atCommand
                0x08002130       0x34 ./Src/freertos.o
                0x08002130                print_atCommand
 .text.usart2_entry
                0x08002164      0x998 ./Src/freertos.o
                0x08002164                usart2_entry
 .text.check_lowPower
                0x08002afc       0x4c ./Src/freertos.o
                0x08002afc                check_lowPower
 .text.check_highPower
                0x08002b48       0x4c ./Src/freertos.o
                0x08002b48                check_highPower
 .text.ignition_entry
                0x08002b94      0x410 ./Src/freertos.o
                0x08002b94                ignition_entry
 .text.config_recovery
                0x08002fa4       0x1c ./Src/freertos.o
                0x08002fa4                config_recovery
 .text.MX_FREERTOS_Init
                0x08002fc0      0x354 ./Src/freertos.o
                0x08002fc0                MX_FREERTOS_Init
 .text.JumpToBootloader
                0x08003314       0x84 ./Src/freertos.o
                0x08003314                JumpToBootloader
 .text.IWDG_entry
                0x08003398       0xa4 ./Src/freertos.o
                0x08003398                IWDG_entry
 .text.MX_GPIO_Init
                0x0800343c       0xf4 ./Src/gpio.o
                0x0800343c                MX_GPIO_Init
 .text.MX_I2C1_Init
                0x08003530       0x6c ./Src/i2c.o
                0x08003530                MX_I2C1_Init
 .text.MX_I2C2_Init
                0x0800359c       0x6c ./Src/i2c.o
                0x0800359c                MX_I2C2_Init
 .text.HAL_I2C_MspInit
                0x08003608       0xac ./Src/i2c.o
                0x08003608                HAL_I2C_MspInit
 .text.MX_IWDG_Init
                0x080036b4       0x34 ./Src/iwdg.o
                0x080036b4                MX_IWDG_Init
 .text.SystemClock_Config
                0x080036e8       0xa4 ./Src/main.o
                0x080036e8                SystemClock_Config
 .text.startup.main
                0x0800378c       0x4c ./Src/main.o
                0x0800378c                main
 .text.HAL_TIM_PeriodElapsedCallback
                0x080037d8       0x14 ./Src/main.o
                0x080037d8                HAL_TIM_PeriodElapsedCallback
 .text._Error_Handler
                0x080037ec        0x2 ./Src/main.o
                0x080037ec                _Error_Handler
 *fill*         0x080037ee        0x2 
 .text.MX_RTC_Init
                0x080037f0      0x108 ./Src/rtc.o
                0x080037f0                MX_RTC_Init
 .text.HAL_RTC_MspInit
                0x080038f8       0x30 ./Src/rtc.o
                0x080038f8                HAL_RTC_MspInit
 .text.MX_SPI1_Init
                0x08003928       0x54 ./Src/spi.o
                0x08003928                MX_SPI1_Init
 .text.HAL_SPI_MspInit
                0x0800397c       0x60 ./Src/spi.o
                0x0800397c                HAL_SPI_MspInit
 .text.Reset_Handler
                0x080039dc       0x50 ./Src/startup_stm32f091xc.o
                0x080039dc                Reset_Handler
 .text.Default_Handler
                0x08003a2c        0x2 ./Src/startup_stm32f091xc.o
                0x08003a2c                TIM1_CC_IRQHandler
                0x08003a2c                TSC_IRQHandler
                0x08003a2c                ADC1_COMP_IRQHandler
                0x08003a2c                RCC_CRS_IRQHandler
                0x08003a2c                SPI1_IRQHandler
                0x08003a2c                TIM6_DAC_IRQHandler
                0x08003a2c                EXTI2_3_IRQHandler
                0x08003a2c                I2C2_IRQHandler
                0x08003a2c                TIM17_IRQHandler
                0x08003a2c                PVD_VDDIO2_IRQHandler
                0x08003a2c                TIM16_IRQHandler
                0x08003a2c                TIM3_IRQHandler
                0x08003a2c                EXTI4_15_IRQHandler
                0x08003a2c                Default_Handler
                0x08003a2c                TIM14_IRQHandler
                0x08003a2c                TIM7_IRQHandler
                0x08003a2c                TIM15_IRQHandler
                0x08003a2c                EXTI0_1_IRQHandler
                0x08003a2c                SPI2_IRQHandler
                0x08003a2c                WWDG_IRQHandler
                0x08003a2c                TIM2_IRQHandler
                0x08003a2c                FLASH_IRQHandler
 *fill*         0x08003a2e        0x2 
 .text.HAL_MspInit
                0x08003a30       0x3c ./Src/stm32f0xx_hal_msp.o
                0x08003a30                HAL_MspInit
 .text.HAL_InitTick
                0x08003a6c       0x7c ./Src/stm32f0xx_hal_timebase_TIM.o
                0x08003a6c                HAL_InitTick
 .text.NMI_Handler
                0x08003ae8        0x2 ./Src/stm32f0xx_it.o
                0x08003ae8                NMI_Handler
 .text.HardFault_Handler
                0x08003aea        0x2 ./Src/stm32f0xx_it.o
                0x08003aea                HardFault_Handler
 .text.SysTick_Handler
                0x08003aec        0x8 ./Src/stm32f0xx_it.o
                0x08003aec                SysTick_Handler
 .text.RTC_IRQHandler
                0x08003af4       0x1c ./Src/stm32f0xx_it.o
                0x08003af4                RTC_IRQHandler
 .text.DMA1_Ch1_IRQHandler
                0x08003b10       0x10 ./Src/stm32f0xx_it.o
                0x08003b10                DMA1_Ch1_IRQHandler
 .text.DMA1_Ch2_3_DMA2_Ch1_2_IRQHandler
                0x08003b20       0x2c ./Src/stm32f0xx_it.o
                0x08003b20                DMA1_Ch2_3_DMA2_Ch1_2_IRQHandler
 .text.DMA1_Ch4_7_DMA2_Ch3_5_IRQHandler
                0x08003b4c       0x18 ./Src/stm32f0xx_it.o
                0x08003b4c                DMA1_Ch4_7_DMA2_Ch3_5_IRQHandler
 .text.TIM1_BRK_UP_TRG_COM_IRQHandler
                0x08003b64       0x10 ./Src/stm32f0xx_it.o
                0x08003b64                TIM1_BRK_UP_TRG_COM_IRQHandler
 .text.I2C1_IRQHandler
                0x08003b74       0x20 ./Src/stm32f0xx_it.o
                0x08003b74                I2C1_IRQHandler
 .text.USART1_IRQHandler
                0x08003b94       0x10 ./Src/stm32f0xx_it.o
                0x08003b94                USART1_IRQHandler
 .text.USART2_IRQHandler
                0x08003ba4       0x10 ./Src/stm32f0xx_it.o
                0x08003ba4                USART2_IRQHandler
 .text.USART3_8_IRQHandler
                0x08003bb4       0x10 ./Src/stm32f0xx_it.o
                0x08003bb4                USART3_8_IRQHandler
 .text.CEC_CAN_IRQHandler
                0x08003bc4       0x10 ./Src/stm32f0xx_it.o
                0x08003bc4                CEC_CAN_IRQHandler
 .text.SystemInit
                0x08003bd4       0x60 ./Src/system_stm32f0xx.o
                0x08003bd4                SystemInit
 .text.MX_TIM2_Init
                0x08003c34       0x88 ./Src/tim.o
                0x08003c34                MX_TIM2_Init
 .text.HAL_TIM_Base_MspInit
                0x08003cbc       0x48 ./Src/tim.o
                0x08003cbc                HAL_TIM_Base_MspInit
 .text.HAL_TIM_MspPostInit
                0x08003d04       0x30 ./Src/tim.o
                0x08003d04                HAL_TIM_MspPostInit
 .text.MX_TIM14_Init
                0x08003d34       0x70 ./Src/tim.o
                0x08003d34                MX_TIM14_Init
 .text.MX_USART1_UART_Init
                0x08003da4       0x40 ./Src/usart.o
                0x08003da4                MX_USART1_UART_Init
 .text.MX_USART2_UART_Init
                0x08003de4       0x40 ./Src/usart.o
                0x08003de4                MX_USART2_UART_Init
 .text.MX_USART3_UART_Init
                0x08003e24       0x50 ./Src/usart.o
                0x08003e24                MX_USART3_UART_Init
 .text.HAL_UART_MspInit
                0x08003e74      0x2f0 ./Src/usart.o
                0x08003e74                HAL_UART_MspInit
 .text.unlikely.prvInsertBlockIntoFreeList
                0x08004164       0x48 ./Middlewares/Third_Party/FreeRTOS/Source/portable/MemMang/heap_4.o
 .text.pvPortMalloc
                0x080041ac      0x104 ./Middlewares/Third_Party/FreeRTOS/Source/portable/MemMang/heap_4.o
                0x080041ac                pvPortMalloc
 .text.vPortFree
                0x080042b0       0x48 ./Middlewares/Third_Party/FreeRTOS/Source/portable/MemMang/heap_4.o
                0x080042b0                vPortFree
 .text.prvTaskExitError
                0x080042f8       0x14 ./Middlewares/Third_Party/FreeRTOS/Source/portable/GCC/ARM_CM0/port.o
 *fill*         0x0800430c        0x4 
 .text.vPortStartFirstTask
                0x08004310       0x34 ./Middlewares/Third_Party/FreeRTOS/Source/portable/GCC/ARM_CM0/port.o
 .text.pxPortInitialiseStack
                0x08004344       0x20 ./Middlewares/Third_Party/FreeRTOS/Source/portable/GCC/ARM_CM0/port.o
                0x08004344                pxPortInitialiseStack
 .text.SVC_Handler
                0x08004364        0x2 ./Middlewares/Third_Party/FreeRTOS/Source/portable/GCC/ARM_CM0/port.o
                0x08004364                SVC_Handler
 *fill*         0x08004366        0x2 
 .text.vPortYield
                0x08004368       0x18 ./Middlewares/Third_Party/FreeRTOS/Source/portable/GCC/ARM_CM0/port.o
                0x08004368                vPortYield
 .text.vPortEnterCritical
                0x08004380       0x18 ./Middlewares/Third_Party/FreeRTOS/Source/portable/GCC/ARM_CM0/port.o
                0x08004380                vPortEnterCritical
 .text.vPortExitCritical
                0x08004398       0x1c ./Middlewares/Third_Party/FreeRTOS/Source/portable/GCC/ARM_CM0/port.o
                0x08004398                vPortExitCritical
 .text.ulSetInterruptMaskFromISR
                0x080043b4        0xa ./Middlewares/Third_Party/FreeRTOS/Source/portable/GCC/ARM_CM0/port.o
                0x080043b4                ulSetInterruptMaskFromISR
 .text.vClearInterruptMaskFromISR
                0x080043be        0x6 ./Middlewares/Third_Party/FreeRTOS/Source/portable/GCC/ARM_CM0/port.o
                0x080043be                vClearInterruptMaskFromISR
 *fill*         0x080043c4        0xc 
 .text.PendSV_Handler
                0x080043d0       0x44 ./Middlewares/Third_Party/FreeRTOS/Source/portable/GCC/ARM_CM0/port.o
                0x080043d0                PendSV_Handler
 .text.xPortSysTickHandler
                0x08004414       0x24 ./Middlewares/Third_Party/FreeRTOS/Source/portable/GCC/ARM_CM0/port.o
                0x08004414                xPortSysTickHandler
 .text.vPortSetupTimerInterrupt
                0x08004438       0x28 ./Middlewares/Third_Party/FreeRTOS/Source/portable/GCC/ARM_CM0/port.o
                0x08004438                vPortSetupTimerInterrupt
 .text.xPortStartScheduler
                0x08004460       0x34 ./Middlewares/Third_Party/FreeRTOS/Source/portable/GCC/ARM_CM0/port.o
                0x08004460                xPortStartScheduler
 .text.osKernelStart
                0x08004494        0xa ./Middlewares/Third_Party/FreeRTOS/Source/CMSIS_RTOS/cmsis_os.o
                0x08004494                osKernelStart
 .text.osThreadCreate
                0x0800449e       0x30 ./Middlewares/Third_Party/FreeRTOS/Source/CMSIS_RTOS/cmsis_os.o
                0x0800449e                osThreadCreate
 .text.osThreadTerminate
                0x080044ce        0xa ./Middlewares/Third_Party/FreeRTOS/Source/CMSIS_RTOS/cmsis_os.o
                0x080044ce                osThreadTerminate
 .text.osDelay  0x080044d8       0x10 ./Middlewares/Third_Party/FreeRTOS/Source/CMSIS_RTOS/cmsis_os.o
                0x080044d8                osDelay
 .text.osMutexCreate
                0x080044e8        0xa ./Middlewares/Third_Party/FreeRTOS/Source/CMSIS_RTOS/cmsis_os.o
                0x080044e8                osMutexCreate
 *fill*         0x080044f2        0x2 
 .text.osMutexWait
                0x080044f4       0x4c ./Middlewares/Third_Party/FreeRTOS/Source/CMSIS_RTOS/cmsis_os.o
                0x080044f4                osMutexWait
 .text.osSemaphoreRelease
                0x08004540       0x40 ./Middlewares/Third_Party/FreeRTOS/Source/CMSIS_RTOS/cmsis_os.o
                0x08004540                osSemaphoreRelease
 .text.osMutexRelease
                0x08004580        0x8 ./Middlewares/Third_Party/FreeRTOS/Source/CMSIS_RTOS/cmsis_os.o
                0x08004580                osMutexRelease
 .text.osMessageCreate
                0x08004588        0xe ./Middlewares/Third_Party/FreeRTOS/Source/CMSIS_RTOS/cmsis_os.o
                0x08004588                osMessageCreate
 *fill*         0x08004596        0x2 
 .text.osMessagePut
                0x08004598       0x4c ./Middlewares/Third_Party/FreeRTOS/Source/CMSIS_RTOS/cmsis_os.o
                0x08004598                osMessagePut
 .text.osMessageGet
                0x080045e4       0x74 ./Middlewares/Third_Party/FreeRTOS/Source/CMSIS_RTOS/cmsis_os.o
                0x080045e4                osMessageGet
 .text.osSystickHandler
                0x08004658       0x10 ./Middlewares/Third_Party/FreeRTOS/Source/CMSIS_RTOS/cmsis_os.o
                0x08004658                osSystickHandler
 .text.vListInitialise
                0x08004668       0x16 ./Middlewares/Third_Party/FreeRTOS/Source/list.o
                0x08004668                vListInitialise
 .text.vListInitialiseItem
                0x0800467e        0x6 ./Middlewares/Third_Party/FreeRTOS/Source/list.o
                0x0800467e                vListInitialiseItem
 .text.vListInsertEnd
                0x08004684       0x18 ./Middlewares/Third_Party/FreeRTOS/Source/list.o
                0x08004684                vListInsertEnd
 .text.vListInsert
                0x0800469c       0x2e ./Middlewares/Third_Party/FreeRTOS/Source/list.o
                0x0800469c                vListInsert
 .text.uxListRemove
                0x080046ca       0x20 ./Middlewares/Third_Party/FreeRTOS/Source/list.o
                0x080046ca                uxListRemove
 .text.unlikely.prvCopyDataToQueue
                0x080046ea       0x70 ./Middlewares/Third_Party/FreeRTOS/Source/queue.o
 .text.unlikely.prvCopyDataFromQueue
                0x0800475a       0x24 ./Middlewares/Third_Party/FreeRTOS/Source/queue.o
 .text.prvUnlockQueue
                0x0800477e       0x6a ./Middlewares/Third_Party/FreeRTOS/Source/queue.o
 .text.xQueueGenericReset
                0x080047e8       0x68 ./Middlewares/Third_Party/FreeRTOS/Source/queue.o
                0x080047e8                xQueueGenericReset
 .text.xQueueGenericCreate
                0x08004850       0x3a ./Middlewares/Third_Party/FreeRTOS/Source/queue.o
                0x08004850                xQueueGenericCreate
 .text.xQueueGenericSend
                0x0800488a      0x11e ./Middlewares/Third_Party/FreeRTOS/Source/queue.o
                0x0800488a                xQueueGenericSend
 .text.xQueueCreateMutex
                0x080049a8       0x24 ./Middlewares/Third_Party/FreeRTOS/Source/queue.o
                0x080049a8                xQueueCreateMutex
 .text.xQueueGenericSendFromISR
                0x080049cc       0x92 ./Middlewares/Third_Party/FreeRTOS/Source/queue.o
                0x080049cc                xQueueGenericSendFromISR
 .text.xQueueGiveFromISR
                0x08004a5e       0x7a ./Middlewares/Third_Party/FreeRTOS/Source/queue.o
                0x08004a5e                xQueueGiveFromISR
 .text.xQueueGenericReceive
                0x08004ad8      0x14c ./Middlewares/Third_Party/FreeRTOS/Source/queue.o
                0x08004ad8                xQueueGenericReceive
 .text.xQueueReceiveFromISR
                0x08004c24       0x80 ./Middlewares/Third_Party/FreeRTOS/Source/queue.o
                0x08004c24                xQueueReceiveFromISR
 .text.prvResetNextTaskUnblockTime
                0x08004ca4       0x28 ./Middlewares/Third_Party/FreeRTOS/Source/tasks.o
 .text.prvAddCurrentTaskToDelayedList
                0x08004ccc       0x70 ./Middlewares/Third_Party/FreeRTOS/Source/tasks.o
 .text.xTaskCreate
                0x08004d3c      0x188 ./Middlewares/Third_Party/FreeRTOS/Source/tasks.o
                0x08004d3c                xTaskCreate
 .text.vTaskDelete
                0x08004ec4       0xa0 ./Middlewares/Third_Party/FreeRTOS/Source/tasks.o
                0x08004ec4                vTaskDelete
 .text.vTaskStartScheduler
                0x08004f64       0x54 ./Middlewares/Third_Party/FreeRTOS/Source/tasks.o
                0x08004f64                vTaskStartScheduler
 .text.vTaskSuspendAll
                0x08004fb8       0x10 ./Middlewares/Third_Party/FreeRTOS/Source/tasks.o
                0x08004fb8                vTaskSuspendAll
 .text.xTaskIncrementTick
                0x08004fc8       0xfc ./Middlewares/Third_Party/FreeRTOS/Source/tasks.o
                0x08004fc8                xTaskIncrementTick
 .text.xTaskResumeAll
                0x080050c4       0xd0 ./Middlewares/Third_Party/FreeRTOS/Source/tasks.o
                0x080050c4                xTaskResumeAll
 .text.vTaskDelay
                0x08005194       0x34 ./Middlewares/Third_Party/FreeRTOS/Source/tasks.o
                0x08005194                vTaskDelay
 .text.prvIdleTask
                0x080051c8       0x68 ./Middlewares/Third_Party/FreeRTOS/Source/tasks.o
 .text.vTaskSwitchContext
                0x08005230       0x6c ./Middlewares/Third_Party/FreeRTOS/Source/tasks.o
                0x08005230                vTaskSwitchContext
 .text.vTaskPlaceOnEventList
                0x0800529c       0x24 ./Middlewares/Third_Party/FreeRTOS/Source/tasks.o
                0x0800529c                vTaskPlaceOnEventList
 .text.xTaskRemoveFromEventList
                0x080052c0       0x78 ./Middlewares/Third_Party/FreeRTOS/Source/tasks.o
                0x080052c0                xTaskRemoveFromEventList
 .text.vTaskSetTimeOutState
                0x08005338       0x20 ./Middlewares/Third_Party/FreeRTOS/Source/tasks.o
                0x08005338                vTaskSetTimeOutState
 .text.xTaskCheckForTimeOut
                0x08005358       0x60 ./Middlewares/Third_Party/FreeRTOS/Source/tasks.o
                0x08005358                xTaskCheckForTimeOut
 .text.vTaskMissedYield
                0x080053b8        0xc ./Middlewares/Third_Party/FreeRTOS/Source/tasks.o
                0x080053b8                vTaskMissedYield
 .text.xTaskGetSchedulerState
                0x080053c4       0x20 ./Middlewares/Third_Party/FreeRTOS/Source/tasks.o
                0x080053c4                xTaskGetSchedulerState
 .text.vTaskPriorityInherit
                0x080053e4       0x6c ./Middlewares/Third_Party/FreeRTOS/Source/tasks.o
                0x080053e4                vTaskPriorityInherit
 .text.xTaskPriorityDisinherit
                0x08005450       0x6c ./Middlewares/Third_Party/FreeRTOS/Source/tasks.o
                0x08005450                xTaskPriorityDisinherit
 .text.pvTaskIncrementMutexHeldCount
                0x080054bc       0x18 ./Middlewares/Third_Party/FreeRTOS/Source/tasks.o
                0x080054bc                pvTaskIncrementMutexHeldCount
 .text.HAL_Init
                0x080054d4       0x20 ./Drivers/STM32F0xx_HAL_Driver/Src/stm32f0xx_hal.o
                0x080054d4                HAL_Init
 .text.HAL_IncTick
                0x080054f4       0x10 ./Drivers/STM32F0xx_HAL_Driver/Src/stm32f0xx_hal.o
                0x080054f4                HAL_IncTick
 .text.HAL_GetTick
                0x08005504        0xc ./Drivers/STM32F0xx_HAL_Driver/Src/stm32f0xx_hal.o
                0x08005504                HAL_GetTick
 .text.HAL_Delay
                0x08005510       0x20 ./Drivers/STM32F0xx_HAL_Driver/Src/stm32f0xx_hal.o
                0x08005510                HAL_Delay
 .text.ADC_Disable
                0x08005530       0x72 ./Drivers/STM32F0xx_HAL_Driver/Src/stm32f0xx_hal_adc.o
 *fill*         0x080055a2        0x2 
 .text.ADC_Enable
                0x080055a4       0x98 ./Drivers/STM32F0xx_HAL_Driver/Src/stm32f0xx_hal_adc.o
 .text.ADC_ConversionStop
                0x0800563c       0x52 ./Drivers/STM32F0xx_HAL_Driver/Src/stm32f0xx_hal_adc.o
 *fill*         0x0800568e        0x2 
 .text.HAL_ADC_Init
                0x08005690      0x14c ./Drivers/STM32F0xx_HAL_Driver/Src/stm32f0xx_hal_adc.o
                0x08005690                HAL_ADC_Init
 .text.HAL_ADC_Start_DMA
                0x080057dc       0x94 ./Drivers/STM32F0xx_HAL_Driver/Src/stm32f0xx_hal_adc.o
                0x080057dc                HAL_ADC_Start_DMA
 .text.HAL_ADC_Stop_DMA
                0x08005870       0x70 ./Drivers/STM32F0xx_HAL_Driver/Src/stm32f0xx_hal_adc.o
                0x08005870                HAL_ADC_Stop_DMA
 .text.HAL_ADC_ConvCpltCallback
                0x080058e0        0x2 ./Drivers/STM32F0xx_HAL_Driver/Src/stm32f0xx_hal_adc.o
                0x080058e0                HAL_ADC_ConvCpltCallback
 *fill*         0x080058e2        0x2 
 .text.ADC_DMAConvCplt
                0x080058e4       0x70 ./Drivers/STM32F0xx_HAL_Driver/Src/stm32f0xx_hal_adc.o
 .text.HAL_ADC_ConvHalfCpltCallback
                0x08005954        0x2 ./Drivers/STM32F0xx_HAL_Driver/Src/stm32f0xx_hal_adc.o
                0x08005954                HAL_ADC_ConvHalfCpltCallback
 .text.ADC_DMAHalfConvCplt
                0x08005956        0xa ./Drivers/STM32F0xx_HAL_Driver/Src/stm32f0xx_hal_adc.o
 .text.HAL_ADC_ErrorCallback
                0x08005960        0x2 ./Drivers/STM32F0xx_HAL_Driver/Src/stm32f0xx_hal_adc.o
                0x08005960                HAL_ADC_ErrorCallback
 .text.ADC_DMAError
                0x08005962       0x1a ./Drivers/STM32F0xx_HAL_Driver/Src/stm32f0xx_hal_adc.o
 .text.HAL_ADC_ConfigChannel
                0x0800597c      0x100 ./Drivers/STM32F0xx_HAL_Driver/Src/stm32f0xx_hal_adc.o
                0x0800597c                HAL_ADC_ConfigChannel
 .text.HAL_CAN_ConfigFilter
                0x08005a7c       0xdc ./Drivers/STM32F0xx_HAL_Driver/Src/stm32f0xx_hal_can.o
                0x08005a7c                HAL_CAN_ConfigFilter
 .text.HAL_CAN_Init
                0x08005b58      0x13c ./Drivers/STM32F0xx_HAL_Driver/Src/stm32f0xx_hal_can.o
                0x08005b58                HAL_CAN_Init
 .text.HAL_CAN_Transmit
                0x08005c94      0x1c0 ./Drivers/STM32F0xx_HAL_Driver/Src/stm32f0xx_hal_can.o
                0x08005c94                HAL_CAN_Transmit
 .text.HAL_CAN_Receive_IT
                0x08005e54       0xbc ./Drivers/STM32F0xx_HAL_Driver/Src/stm32f0xx_hal_can.o
                0x08005e54                HAL_CAN_Receive_IT
 .text.HAL_CAN_TxCpltCallback
                0x08005f10        0x2 ./Drivers/STM32F0xx_HAL_Driver/Src/stm32f0xx_hal_can.o
                0x08005f10                HAL_CAN_TxCpltCallback
 .text.HAL_CAN_RxCpltCallback
                0x08005f12        0x2 ./Drivers/STM32F0xx_HAL_Driver/Src/stm32f0xx_hal_can.o
                0x08005f12                HAL_CAN_RxCpltCallback
 .text.CAN_Receive_IT
                0x08005f14      0x10c ./Drivers/STM32F0xx_HAL_Driver/Src/stm32f0xx_hal_can.o
 .text.HAL_CAN_ErrorCallback
                0x08006020        0x2 ./Drivers/STM32F0xx_HAL_Driver/Src/stm32f0xx_hal_can.o
                0x08006020                HAL_CAN_ErrorCallback
 *fill*         0x08006022        0x2 
 .text.HAL_CAN_IRQHandler
                0x08006024      0x1e4 ./Drivers/STM32F0xx_HAL_Driver/Src/stm32f0xx_hal_can.o
                0x08006024                HAL_CAN_IRQHandler
 .text.HAL_NVIC_SetPriority
                0x08006208       0x60 ./Drivers/STM32F0xx_HAL_Driver/Src/stm32f0xx_hal_cortex.o
                0x08006208                HAL_NVIC_SetPriority
 .text.HAL_NVIC_EnableIRQ
                0x08006268       0x14 ./Drivers/STM32F0xx_HAL_Driver/Src/stm32f0xx_hal_cortex.o
                0x08006268                HAL_NVIC_EnableIRQ
 .text.HAL_SYSTICK_Config
                0x0800627c       0x34 ./Drivers/STM32F0xx_HAL_Driver/Src/stm32f0xx_hal_cortex.o
                0x0800627c                HAL_SYSTICK_Config
 .text.HAL_SYSTICK_CLKSourceConfig
                0x080062b0       0x1c ./Drivers/STM32F0xx_HAL_Driver/Src/stm32f0xx_hal_cortex.o
                0x080062b0                HAL_SYSTICK_CLKSourceConfig
 .text.DMA_CalcBaseAndBitshift
                0x080062cc       0x48 ./Drivers/STM32F0xx_HAL_Driver/Src/stm32f0xx_hal_dma.o
 .text.HAL_DMA_Init
                0x08006314       0x58 ./Drivers/STM32F0xx_HAL_Driver/Src/stm32f0xx_hal_dma.o
                0x08006314                HAL_DMA_Init
 .text.HAL_DMA_Start_IT
                0x0800636c       0x76 ./Drivers/STM32F0xx_HAL_Driver/Src/stm32f0xx_hal_dma.o
                0x0800636c                HAL_DMA_Start_IT
 .text.HAL_DMA_Abort
                0x080063e2       0x2a ./Drivers/STM32F0xx_HAL_Driver/Src/stm32f0xx_hal_dma.o
                0x080063e2                HAL_DMA_Abort
 .text.HAL_DMA_Abort_IT
                0x0800640c       0x46 ./Drivers/STM32F0xx_HAL_Driver/Src/stm32f0xx_hal_dma.o
                0x0800640c                HAL_DMA_Abort_IT
 .text.HAL_DMA_IRQHandler
                0x08006452       0x92 ./Drivers/STM32F0xx_HAL_Driver/Src/stm32f0xx_hal_dma.o
                0x08006452                HAL_DMA_IRQHandler
 .text.FLASH_SetErrorCode
                0x080064e4       0x3c ./Drivers/STM32F0xx_HAL_Driver/Src/stm32f0xx_hal_flash.o
 .text.FLASH_WaitForLastOperation
                0x08006520       0x54 ./Drivers/STM32F0xx_HAL_Driver/Src/stm32f0xx_hal_flash.o
                0x08006520                FLASH_WaitForLastOperation
 .text.HAL_FLASH_Program
                0x08006574       0x84 ./Drivers/STM32F0xx_HAL_Driver/Src/stm32f0xx_hal_flash.o
                0x08006574                HAL_FLASH_Program
 .text.FLASH_MassErase
                0x080065f8       0x24 ./Drivers/STM32F0xx_HAL_Driver/Src/stm32f0xx_hal_flash_ex.o
 .text.FLASH_PageErase
                0x0800661c       0x24 ./Drivers/STM32F0xx_HAL_Driver/Src/stm32f0xx_hal_flash_ex.o
                0x0800661c                FLASH_PageErase
 .text.HAL_FLASHEx_Erase
                0x08006640       0x94 ./Drivers/STM32F0xx_HAL_Driver/Src/stm32f0xx_hal_flash_ex.o
                0x08006640                HAL_FLASHEx_Erase
 .text.HAL_GPIO_Init
                0x080066d4      0x178 ./Drivers/STM32F0xx_HAL_Driver/Src/stm32f0xx_hal_gpio.o
                0x080066d4                HAL_GPIO_Init
 .text.HAL_GPIO_ReadPin
                0x0800684c        0xc ./Drivers/STM32F0xx_HAL_Driver/Src/stm32f0xx_hal_gpio.o
                0x0800684c                HAL_GPIO_ReadPin
 .text.HAL_GPIO_WritePin
                0x08006858        0xc ./Drivers/STM32F0xx_HAL_Driver/Src/stm32f0xx_hal_gpio.o
                0x08006858                HAL_GPIO_WritePin
 .text.I2C_Flush_TXDR
                0x08006864       0x1c ./Drivers/STM32F0xx_HAL_Driver/Src/stm32f0xx_hal_i2c.o
 .text.I2C_TransferConfig
                0x08006880       0x24 ./Drivers/STM32F0xx_HAL_Driver/Src/stm32f0xx_hal_i2c.o
 .text.I2C_Disable_IRQ
                0x080068a4       0x60 ./Drivers/STM32F0xx_HAL_Driver/Src/stm32f0xx_hal_i2c.o
 .text.I2C_WaitOnFlagUntilTimeout
                0x08006904       0x4c ./Drivers/STM32F0xx_HAL_Driver/Src/stm32f0xx_hal_i2c.o
 .text.I2C_IsAcknowledgeFailed
                0x08006950       0x80 ./Drivers/STM32F0xx_HAL_Driver/Src/stm32f0xx_hal_i2c.o
 .text.I2C_WaitOnTXISFlagUntilTimeout
                0x080069d0       0x5a ./Drivers/STM32F0xx_HAL_Driver/Src/stm32f0xx_hal_i2c.o
 *fill*         0x08006a2a        0x2 
 .text.I2C_WaitOnRXNEFlagUntilTimeout
                0x08006a2c       0x78 ./Drivers/STM32F0xx_HAL_Driver/Src/stm32f0xx_hal_i2c.o
 .text.I2C_WaitOnSTOPFlagUntilTimeout
                0x08006aa4       0x56 ./Drivers/STM32F0xx_HAL_Driver/Src/stm32f0xx_hal_i2c.o
 *fill*         0x08006afa        0x2 
 .text.HAL_I2C_Init
                0x08006afc       0xac ./Drivers/STM32F0xx_HAL_Driver/Src/stm32f0xx_hal_i2c.o
                0x08006afc                HAL_I2C_Init
 .text.HAL_I2C_Master_Transmit
                0x08006ba8      0x130 ./Drivers/STM32F0xx_HAL_Driver/Src/stm32f0xx_hal_i2c.o
                0x08006ba8                HAL_I2C_Master_Transmit
 .text.HAL_I2C_Master_Receive
                0x08006cd8      0x130 ./Drivers/STM32F0xx_HAL_Driver/Src/stm32f0xx_hal_i2c.o
                0x08006cd8                HAL_I2C_Master_Receive
 .text.HAL_I2C_EV_IRQHandler
                0x08006e08       0x12 ./Drivers/STM32F0xx_HAL_Driver/Src/stm32f0xx_hal_i2c.o
                0x08006e08                HAL_I2C_EV_IRQHandler
 .text.HAL_I2C_SlaveTxCpltCallback
                0x08006e1a        0x2 ./Drivers/STM32F0xx_HAL_Driver/Src/stm32f0xx_hal_i2c.o
                0x08006e1a                HAL_I2C_SlaveTxCpltCallback
 .text.HAL_I2C_SlaveRxCpltCallback
                0x08006e1c        0x2 ./Drivers/STM32F0xx_HAL_Driver/Src/stm32f0xx_hal_i2c.o
                0x08006e1c                HAL_I2C_SlaveRxCpltCallback
 .text.I2C_ITSlaveSequentialCplt
                0x08006e1e       0x52 ./Drivers/STM32F0xx_HAL_Driver/Src/stm32f0xx_hal_i2c.o
 .text.HAL_I2C_AddrCallback
                0x08006e70        0x2 ./Drivers/STM32F0xx_HAL_Driver/Src/stm32f0xx_hal_i2c.o
                0x08006e70                HAL_I2C_AddrCallback
 .text.HAL_I2C_ListenCpltCallback
                0x08006e72        0x2 ./Drivers/STM32F0xx_HAL_Driver/Src/stm32f0xx_hal_i2c.o
                0x08006e72                HAL_I2C_ListenCpltCallback
 .text.I2C_ITListenCplt
                0x08006e74       0x64 ./Drivers/STM32F0xx_HAL_Driver/Src/stm32f0xx_hal_i2c.o
 .text.HAL_I2C_ErrorCallback
                0x08006ed8        0x2 ./Drivers/STM32F0xx_HAL_Driver/Src/stm32f0xx_hal_i2c.o
                0x08006ed8                HAL_I2C_ErrorCallback
 .text.HAL_I2C_AbortCpltCallback
                0x08006eda        0x2 ./Drivers/STM32F0xx_HAL_Driver/Src/stm32f0xx_hal_i2c.o
                0x08006eda                HAL_I2C_AbortCpltCallback
 .text.I2C_ITError
                0x08006edc       0xe0 ./Drivers/STM32F0xx_HAL_Driver/Src/stm32f0xx_hal_i2c.o
 .text.I2C_ITSlaveCplt
                0x08006fbc       0xf8 ./Drivers/STM32F0xx_HAL_Driver/Src/stm32f0xx_hal_i2c.o
 .text.I2C_Slave_ISR_IT
                0x080070b4      0x1d0 ./Drivers/STM32F0xx_HAL_Driver/Src/stm32f0xx_hal_i2c.o
 .text.HAL_I2C_ER_IRQHandler
                0x08007284       0x5a ./Drivers/STM32F0xx_HAL_Driver/Src/stm32f0xx_hal_i2c.o
                0x08007284                HAL_I2C_ER_IRQHandler
 .text.I2C_DMAAbort
                0x080072de       0x34 ./Drivers/STM32F0xx_HAL_Driver/Src/stm32f0xx_hal_i2c.o
 *fill*         0x08007312        0x2 
 .text.HAL_I2CEx_ConfigAnalogFilter
                0x08007314       0x4c ./Drivers/STM32F0xx_HAL_Driver/Src/stm32f0xx_hal_i2c_ex.o
                0x08007314                HAL_I2CEx_ConfigAnalogFilter
 .text.HAL_I2CEx_ConfigDigitalFilter
                0x08007360       0x48 ./Drivers/STM32F0xx_HAL_Driver/Src/stm32f0xx_hal_i2c_ex.o
                0x08007360                HAL_I2CEx_ConfigDigitalFilter
 .text.HAL_I2CEx_EnableFastModePlus
                0x080073a8       0x28 ./Drivers/STM32F0xx_HAL_Driver/Src/stm32f0xx_hal_i2c_ex.o
                0x080073a8                HAL_I2CEx_EnableFastModePlus
 .text.HAL_IWDG_Init
                0x080073d0       0x58 ./Drivers/STM32F0xx_HAL_Driver/Src/stm32f0xx_hal_iwdg.o
                0x080073d0                HAL_IWDG_Init
 .text.HAL_IWDG_Refresh
                0x08007428       0x10 ./Drivers/STM32F0xx_HAL_Driver/Src/stm32f0xx_hal_iwdg.o
                0x08007428                HAL_IWDG_Refresh
 .text.HAL_PWR_EnableBkUpAccess
                0x08007438       0x14 ./Drivers/STM32F0xx_HAL_Driver/Src/stm32f0xx_hal_pwr.o
                0x08007438                HAL_PWR_EnableBkUpAccess
 .text.HAL_RCC_DeInit
                0x0800744c       0x4c ./Drivers/STM32F0xx_HAL_Driver/Src/stm32f0xx_hal_rcc.o
                0x0800744c                HAL_RCC_DeInit
 .text.HAL_RCC_OscConfig
                0x08007498      0x464 ./Drivers/STM32F0xx_HAL_Driver/Src/stm32f0xx_hal_rcc.o
                0x08007498                HAL_RCC_OscConfig
 .text.HAL_RCC_MCOConfig
                0x080078fc       0x54 ./Drivers/STM32F0xx_HAL_Driver/Src/stm32f0xx_hal_rcc.o
                0x080078fc                HAL_RCC_MCOConfig
 .text.HAL_RCC_GetSysClockFreq
                0x08007950       0x78 ./Drivers/STM32F0xx_HAL_Driver/Src/stm32f0xx_hal_rcc.o
                0x08007950                HAL_RCC_GetSysClockFreq
 .text.HAL_RCC_ClockConfig
                0x080079c8      0x15c ./Drivers/STM32F0xx_HAL_Driver/Src/stm32f0xx_hal_rcc.o
                0x080079c8                HAL_RCC_ClockConfig
 .text.HAL_RCC_GetHCLKFreq
                0x08007b24        0xc ./Drivers/STM32F0xx_HAL_Driver/Src/stm32f0xx_hal_rcc.o
                0x08007b24                HAL_RCC_GetHCLKFreq
 .text.HAL_RCC_GetPCLK1Freq
                0x08007b30       0x20 ./Drivers/STM32F0xx_HAL_Driver/Src/stm32f0xx_hal_rcc.o
                0x08007b30                HAL_RCC_GetPCLK1Freq
 .text.HAL_RCC_GetClockConfig
                0x08007b50       0x38 ./Drivers/STM32F0xx_HAL_Driver/Src/stm32f0xx_hal_rcc.o
                0x08007b50                HAL_RCC_GetClockConfig
 .text.HAL_RCCEx_PeriphCLKConfig
                0x08007b88      0x144 ./Drivers/STM32F0xx_HAL_Driver/Src/stm32f0xx_hal_rcc_ex.o
                0x08007b88                HAL_RCCEx_PeriphCLKConfig
 .text.HAL_RTC_AlarmIRQHandler
                0x08007ccc       0x38 ./Drivers/STM32F0xx_HAL_Driver/Src/stm32f0xx_hal_rtc.o
                0x08007ccc                HAL_RTC_AlarmIRQHandler
 .text.HAL_RTC_WaitForSynchro
                0x08007d04       0x34 ./Drivers/STM32F0xx_HAL_Driver/Src/stm32f0xx_hal_rtc.o
                0x08007d04                HAL_RTC_WaitForSynchro
 .text.RTC_EnterInitMode
                0x08007d38       0x38 ./Drivers/STM32F0xx_HAL_Driver/Src/stm32f0xx_hal_rtc.o
                0x08007d38                RTC_EnterInitMode
 .text.HAL_RTC_Init
                0x08007d70       0xa8 ./Drivers/STM32F0xx_HAL_Driver/Src/stm32f0xx_hal_rtc.o
                0x08007d70                HAL_RTC_Init
 .text.RTC_ByteToBcd2
                0x08007e18       0x16 ./Drivers/STM32F0xx_HAL_Driver/Src/stm32f0xx_hal_rtc.o
                0x08007e18                RTC_ByteToBcd2
 *fill*         0x08007e2e        0x2 
 .text.HAL_RTC_SetTime
                0x08007e30       0xe8 ./Drivers/STM32F0xx_HAL_Driver/Src/stm32f0xx_hal_rtc.o
                0x08007e30                HAL_RTC_SetTime
 .text.HAL_RTC_SetDate
                0x08007f18       0xc8 ./Drivers/STM32F0xx_HAL_Driver/Src/stm32f0xx_hal_rtc.o
                0x08007f18                HAL_RTC_SetDate
 .text.HAL_RTC_SetAlarm_IT
                0x08007fe0      0x12c ./Drivers/STM32F0xx_HAL_Driver/Src/stm32f0xx_hal_rtc.o
                0x08007fe0                HAL_RTC_SetAlarm_IT
 .text.RTC_Bcd2ToByte
                0x0800810c       0x10 ./Drivers/STM32F0xx_HAL_Driver/Src/stm32f0xx_hal_rtc.o
                0x0800810c                RTC_Bcd2ToByte
 .text.HAL_RTC_GetTime
                0x0800811c       0x4c ./Drivers/STM32F0xx_HAL_Driver/Src/stm32f0xx_hal_rtc.o
                0x0800811c                HAL_RTC_GetTime
 .text.HAL_RTC_GetDate
                0x08008168       0x3e ./Drivers/STM32F0xx_HAL_Driver/Src/stm32f0xx_hal_rtc.o
                0x08008168                HAL_RTC_GetDate
 *fill*         0x080081a6        0x2 
 .text.HAL_RTC_GetAlarm
                0x080081a8       0x7c ./Drivers/STM32F0xx_HAL_Driver/Src/stm32f0xx_hal_rtc.o
                0x080081a8                HAL_RTC_GetAlarm
 .text.HAL_RTCEx_SetTimeStamp_IT
                0x08008224       0x60 ./Drivers/STM32F0xx_HAL_Driver/Src/stm32f0xx_hal_rtc_ex.o
                0x08008224                HAL_RTCEx_SetTimeStamp_IT
 .text.HAL_RTCEx_TimeStampEventCallback
                0x08008284        0x2 ./Drivers/STM32F0xx_HAL_Driver/Src/stm32f0xx_hal_rtc_ex.o
                0x08008284                HAL_RTCEx_TimeStampEventCallback
 .text.HAL_RTCEx_Tamper1EventCallback
                0x08008286        0x2 ./Drivers/STM32F0xx_HAL_Driver/Src/stm32f0xx_hal_rtc_ex.o
                0x08008286                HAL_RTCEx_Tamper1EventCallback
 .text.HAL_RTCEx_Tamper2EventCallback
                0x08008288        0x2 ./Drivers/STM32F0xx_HAL_Driver/Src/stm32f0xx_hal_rtc_ex.o
                0x08008288                HAL_RTCEx_Tamper2EventCallback
 .text.HAL_RTCEx_Tamper3EventCallback
                0x0800828a        0x2 ./Drivers/STM32F0xx_HAL_Driver/Src/stm32f0xx_hal_rtc_ex.o
                0x0800828a                HAL_RTCEx_Tamper3EventCallback
 .text.HAL_RTCEx_TamperTimeStampIRQHandler
                0x0800828c       0xa4 ./Drivers/STM32F0xx_HAL_Driver/Src/stm32f0xx_hal_rtc_ex.o
                0x0800828c                HAL_RTCEx_TamperTimeStampIRQHandler
 .text.HAL_RTCEx_SetWakeUpTimer_IT
                0x08008330       0xec ./Drivers/STM32F0xx_HAL_Driver/Src/stm32f0xx_hal_rtc_ex.o
                0x08008330                HAL_RTCEx_SetWakeUpTimer_IT
 .text.HAL_RTCEx_WakeUpTimerEventCallback
                0x0800841c        0x2 ./Drivers/STM32F0xx_HAL_Driver/Src/stm32f0xx_hal_rtc_ex.o
                0x0800841c                HAL_RTCEx_WakeUpTimerEventCallback
 *fill*         0x0800841e        0x2 
 .text.HAL_RTCEx_WakeUpTimerIRQHandler
                0x08008420       0x38 ./Drivers/STM32F0xx_HAL_Driver/Src/stm32f0xx_hal_rtc_ex.o
                0x08008420                HAL_RTCEx_WakeUpTimerIRQHandler
 .text.HAL_RTCEx_BKUPWrite
                0x08008458        0xc ./Drivers/STM32F0xx_HAL_Driver/Src/stm32f0xx_hal_rtc_ex.o
                0x08008458                HAL_RTCEx_BKUPWrite
 .text.HAL_RTCEx_BKUPRead
                0x08008464        0xc ./Drivers/STM32F0xx_HAL_Driver/Src/stm32f0xx_hal_rtc_ex.o
                0x08008464                HAL_RTCEx_BKUPRead
 .text.SPI_WaitFifoStateUntilTimeout.part.1
                0x08008470       0x60 ./Drivers/STM32F0xx_HAL_Driver/Src/stm32f0xx_hal_spi.o
 .text.SPI_WaitFlagStateUntilTimeout.constprop.9
                0x080084d0       0x2e ./Drivers/STM32F0xx_HAL_Driver/Src/stm32f0xx_hal_spi.o
 .text.SPI_WaitFifoStateUntilTimeout.constprop.10
                0x080084fe       0x48 ./Drivers/STM32F0xx_HAL_Driver/Src/stm32f0xx_hal_spi.o
 .text.SPI_EndRxTxTransaction
                0x08008546       0x46 ./Drivers/STM32F0xx_HAL_Driver/Src/stm32f0xx_hal_spi.o
 .text.SPI_EndRxTransaction
                0x0800858c       0x7a ./Drivers/STM32F0xx_HAL_Driver/Src/stm32f0xx_hal_spi.o
 *fill*         0x08008606        0x2 
 .text.HAL_SPI_Init
                0x08008608       0xbc ./Drivers/STM32F0xx_HAL_Driver/Src/stm32f0xx_hal_spi.o
                0x08008608                HAL_SPI_Init
 .text.HAL_SPI_Transmit
                0x080086c4      0x1aa ./Drivers/STM32F0xx_HAL_Driver/Src/stm32f0xx_hal_spi.o
                0x080086c4                HAL_SPI_Transmit
 *fill*         0x0800886e        0x2 
 .text.HAL_SPI_TransmitReceive
                0x08008870      0x268 ./Drivers/STM32F0xx_HAL_Driver/Src/stm32f0xx_hal_spi.o
                0x08008870                HAL_SPI_TransmitReceive
 .text.HAL_SPI_Receive
                0x08008ad8      0x17c ./Drivers/STM32F0xx_HAL_Driver/Src/stm32f0xx_hal_spi.o
                0x08008ad8                HAL_SPI_Receive
 .text.TIM_OC1_SetConfig
                0x08008c54       0x88 ./Drivers/STM32F0xx_HAL_Driver/Src/stm32f0xx_hal_tim.o
 .text.TIM_OC3_SetConfig
                0x08008cdc       0x88 ./Drivers/STM32F0xx_HAL_Driver/Src/stm32f0xx_hal_tim.o
 .text.TIM_OC4_SetConfig
                0x08008d64       0x74 ./Drivers/STM32F0xx_HAL_Driver/Src/stm32f0xx_hal_tim.o
 .text.HAL_TIM_Base_Start_IT
                0x08008dd8       0x14 ./Drivers/STM32F0xx_HAL_Driver/Src/stm32f0xx_hal_tim.o
                0x08008dd8                HAL_TIM_Base_Start_IT
 .text.HAL_TIM_PWM_MspInit
                0x08008dec        0x2 ./Drivers/STM32F0xx_HAL_Driver/Src/stm32f0xx_hal_tim.o
                0x08008dec                HAL_TIM_PWM_MspInit
 .text.HAL_TIM_OC_DelayElapsedCallback
                0x08008dee        0x2 ./Drivers/STM32F0xx_HAL_Driver/Src/stm32f0xx_hal_tim.o
                0x08008dee                HAL_TIM_OC_DelayElapsedCallback
 .text.HAL_TIM_IC_CaptureCallback
                0x08008df0        0x2 ./Drivers/STM32F0xx_HAL_Driver/Src/stm32f0xx_hal_tim.o
                0x08008df0                HAL_TIM_IC_CaptureCallback
 .text.HAL_TIM_PWM_PulseFinishedCallback
                0x08008df2        0x2 ./Drivers/STM32F0xx_HAL_Driver/Src/stm32f0xx_hal_tim.o
                0x08008df2                HAL_TIM_PWM_PulseFinishedCallback
 .text.HAL_TIM_TriggerCallback
                0x08008df4        0x2 ./Drivers/STM32F0xx_HAL_Driver/Src/stm32f0xx_hal_tim.o
                0x08008df4                HAL_TIM_TriggerCallback
 .text.HAL_TIM_IRQHandler
                0x08008df6      0x148 ./Drivers/STM32F0xx_HAL_Driver/Src/stm32f0xx_hal_tim.o
                0x08008df6                HAL_TIM_IRQHandler
 *fill*         0x08008f3e        0x2 
 .text.TIM_Base_SetConfig
                0x08008f40       0xa0 ./Drivers/STM32F0xx_HAL_Driver/Src/stm32f0xx_hal_tim.o
                0x08008f40                TIM_Base_SetConfig
 .text.HAL_TIM_Base_Init
                0x08008fe0       0x36 ./Drivers/STM32F0xx_HAL_Driver/Src/stm32f0xx_hal_tim.o
                0x08008fe0                HAL_TIM_Base_Init
 .text.HAL_TIM_PWM_Init
                0x08009016       0x36 ./Drivers/STM32F0xx_HAL_Driver/Src/stm32f0xx_hal_tim.o
                0x08009016                HAL_TIM_PWM_Init
 .text.TIM_OC2_SetConfig
                0x0800904c       0x80 ./Drivers/STM32F0xx_HAL_Driver/Src/stm32f0xx_hal_tim.o
                0x0800904c                TIM_OC2_SetConfig
 .text.HAL_TIM_PWM_ConfigChannel
                0x080090cc       0xd4 ./Drivers/STM32F0xx_HAL_Driver/Src/stm32f0xx_hal_tim.o
                0x080090cc                HAL_TIM_PWM_ConfigChannel
 .text.TIM_ETR_SetConfig
                0x080091a0       0x18 ./Drivers/STM32F0xx_HAL_Driver/Src/stm32f0xx_hal_tim.o
                0x080091a0                TIM_ETR_SetConfig
 .text.HAL_TIM_ConfigClockSource
                0x080091b8      0x168 ./Drivers/STM32F0xx_HAL_Driver/Src/stm32f0xx_hal_tim.o
                0x080091b8                HAL_TIM_ConfigClockSource
 .text.TIM_SlaveTimer_SetConfig
                0x08009320       0xa4 ./Drivers/STM32F0xx_HAL_Driver/Src/stm32f0xx_hal_tim.o
 .text.HAL_TIM_SlaveConfigSynchronization
                0x080093c4       0x40 ./Drivers/STM32F0xx_HAL_Driver/Src/stm32f0xx_hal_tim.o
                0x080093c4                HAL_TIM_SlaveConfigSynchronization
 .text.HAL_TIMEx_MasterConfigSynchronization
                0x08009404       0x42 ./Drivers/STM32F0xx_HAL_Driver/Src/stm32f0xx_hal_tim_ex.o
                0x08009404                HAL_TIMEx_MasterConfigSynchronization
 .text.HAL_TIMEx_CommutationCallback
                0x08009446        0x2 ./Drivers/STM32F0xx_HAL_Driver/Src/stm32f0xx_hal_tim_ex.o
                0x08009446                HAL_TIMEx_CommutationCallback
 .text.HAL_TIMEx_BreakCallback
                0x08009448        0x2 ./Drivers/STM32F0xx_HAL_Driver/Src/stm32f0xx_hal_tim_ex.o
                0x08009448                HAL_TIMEx_BreakCallback
 *fill*         0x0800944a        0x2 
 .text.UART_EndRxTransfer
                0x0800944c       0x20 ./Drivers/STM32F0xx_HAL_Driver/Src/stm32f0xx_hal_uart.o
 .text.HAL_UART_Transmit_DMA
                0x0800946c       0x8c ./Drivers/STM32F0xx_HAL_Driver/Src/stm32f0xx_hal_uart.o
                0x0800946c                HAL_UART_Transmit_DMA
 .text.HAL_UART_Receive_DMA
                0x080094f8       0x9c ./Drivers/STM32F0xx_HAL_Driver/Src/stm32f0xx_hal_uart.o
                0x080094f8                HAL_UART_Receive_DMA
 .text.HAL_UART_TxCpltCallback
                0x08009594        0x2 ./Drivers/STM32F0xx_HAL_Driver/Src/stm32f0xx_hal_uart.o
                0x08009594                HAL_UART_TxCpltCallback
 .text.UART_DMATransmitCplt
                0x08009596       0x30 ./Drivers/STM32F0xx_HAL_Driver/Src/stm32f0xx_hal_uart.o
 .text.HAL_UART_TxHalfCpltCallback
                0x080095c6        0x2 ./Drivers/STM32F0xx_HAL_Driver/Src/stm32f0xx_hal_uart.o
                0x080095c6                HAL_UART_TxHalfCpltCallback
 .text.UART_DMATxHalfCplt
                0x080095c8        0xa ./Drivers/STM32F0xx_HAL_Driver/Src/stm32f0xx_hal_uart.o
 .text.HAL_UART_RxCpltCallback
                0x080095d2        0x2 ./Drivers/STM32F0xx_HAL_Driver/Src/stm32f0xx_hal_uart.o
                0x080095d2                HAL_UART_RxCpltCallback
 .text.UART_DMAReceiveCplt
                0x080095d4       0x44 ./Drivers/STM32F0xx_HAL_Driver/Src/stm32f0xx_hal_uart.o
 .text.HAL_UART_RxHalfCpltCallback
                0x08009618        0x2 ./Drivers/STM32F0xx_HAL_Driver/Src/stm32f0xx_hal_uart.o
                0x08009618                HAL_UART_RxHalfCpltCallback
 .text.UART_DMARxHalfCplt
                0x0800961a        0xa ./Drivers/STM32F0xx_HAL_Driver/Src/stm32f0xx_hal_uart.o
 .text.HAL_UART_ErrorCallback
                0x08009624        0x2 ./Drivers/STM32F0xx_HAL_Driver/Src/stm32f0xx_hal_uart.o
                0x08009624                HAL_UART_ErrorCallback
 .text.UART_DMAError
                0x08009626       0x5a ./Drivers/STM32F0xx_HAL_Driver/Src/stm32f0xx_hal_uart.o
 .text.UART_DMAAbortOnError
                0x08009680       0x16 ./Drivers/STM32F0xx_HAL_Driver/Src/stm32f0xx_hal_uart.o
 .text.HAL_UART_AbortCpltCallback
                0x08009696        0x2 ./Drivers/STM32F0xx_HAL_Driver/Src/stm32f0xx_hal_uart.o
                0x08009696                HAL_UART_AbortCpltCallback
 .text.HAL_UART_Abort_IT
                0x08009698       0xc0 ./Drivers/STM32F0xx_HAL_Driver/Src/stm32f0xx_hal_uart.o
                0x08009698                HAL_UART_Abort_IT
 .text.UART_DMARxAbortCallback
                0x08009758       0x36 ./Drivers/STM32F0xx_HAL_Driver/Src/stm32f0xx_hal_uart.o
 .text.UART_DMATxAbortCallback
                0x0800978e       0x36 ./Drivers/STM32F0xx_HAL_Driver/Src/stm32f0xx_hal_uart.o
 .text.UART_SetConfig
                0x080097c4      0x1c0 ./Drivers/STM32F0xx_HAL_Driver/Src/stm32f0xx_hal_uart.o
                0x080097c4                UART_SetConfig
 .text.UART_AdvFeatureConfig
                0x08009984       0xd0 ./Drivers/STM32F0xx_HAL_Driver/Src/stm32f0xx_hal_uart.o
                0x08009984                UART_AdvFeatureConfig
 .text.UART_WaitOnFlagUntilTimeout
                0x08009a54       0x64 ./Drivers/STM32F0xx_HAL_Driver/Src/stm32f0xx_hal_uart.o
                0x08009a54                UART_WaitOnFlagUntilTimeout
 .text.HAL_UART_Transmit
                0x08009ab8       0xcc ./Drivers/STM32F0xx_HAL_Driver/Src/stm32f0xx_hal_uart.o
                0x08009ab8                HAL_UART_Transmit
 .text.UART_CheckIdleState
                0x08009b84       0x84 ./Drivers/STM32F0xx_HAL_Driver/Src/stm32f0xx_hal_uart.o
                0x08009b84                UART_CheckIdleState
 .text.HAL_UART_Init
                0x08009c08       0x6c ./Drivers/STM32F0xx_HAL_Driver/Src/stm32f0xx_hal_uart.o
                0x08009c08                HAL_UART_Init
 .text.UART_Transmit_IT
                0x08009c74       0x64 ./Drivers/STM32F0xx_HAL_Driver/Src/stm32f0xx_hal_uart.o
                0x08009c74                UART_Transmit_IT
 .text.UART_EndTransmit_IT
                0x08009cd8       0x1c ./Drivers/STM32F0xx_HAL_Driver/Src/stm32f0xx_hal_uart.o
                0x08009cd8                UART_EndTransmit_IT
 .text.UART_Receive_IT
                0x08009cf4       0x7c ./Drivers/STM32F0xx_HAL_Driver/Src/stm32f0xx_hal_uart.o
                0x08009cf4                UART_Receive_IT
 .text.HAL_UART_IRQHandler
                0x08009d70      0x138 ./Drivers/STM32F0xx_HAL_Driver/Src/stm32f0xx_hal_uart.o
                0x08009d70                HAL_UART_IRQHandler
 .text.HAL_UARTEx_WakeupCallback
                0x08009ea8        0x2 ./Drivers/STM32F0xx_HAL_Driver/Src/stm32f0xx_hal_uart_ex.o
                0x08009ea8                HAL_UARTEx_WakeupCallback
 *fill*         0x08009eaa        0x2 
 .text.__libc_init_array
                0x08009eac       0x48 c:/program files (x86)/gnu tools arm embedded/6 2017-q2-update/bin/../lib/gcc/arm-none-eabi/6.3.1/../../../../arm-none-eabi/lib/thumb/v6-m\libg_nano.a(lib_a-init.o)
                0x08009eac                __libc_init_array
 .text.memcpy   0x08009ef4       0x12 c:/program files (x86)/gnu tools arm embedded/6 2017-q2-update/bin/../lib/gcc/arm-none-eabi/6.3.1/../../../../arm-none-eabi/lib/thumb/v6-m\libg_nano.a(lib_a-memcpy-stub.o)
                0x08009ef4                memcpy
 .text.memset   0x08009f06       0x10 c:/program files (x86)/gnu tools arm embedded/6 2017-q2-update/bin/../lib/gcc/arm-none-eabi/6.3.1/../../../../arm-none-eabi/lib/thumb/v6-m\libg_nano.a(lib_a-memset.o)
                0x08009f06                memset
 .text.strncpy  0x08009f16       0x2a c:/program files (x86)/gnu tools arm embedded/6 2017-q2-update/bin/../lib/gcc/arm-none-eabi/6.3.1/../../../../arm-none-eabi/lib/thumb/v6-m\libg_nano.a(lib_a-strncpy.o)
                0x08009f16                strncpy
 .text._vsnprintf_r
                0x08009f40       0x56 c:/program files (x86)/gnu tools arm embedded/6 2017-q2-update/bin/../lib/gcc/arm-none-eabi/6.3.1/../../../../arm-none-eabi/lib/thumb/v6-m\libg_nano.a(lib_a-vsnprintf.o)
                0x08009f40                _vsniprintf_r
                0x08009f40                _vsnprintf_r
 *fill*         0x08009f96        0x2 
 .text.vsnprintf
                0x08009f98       0x18 c:/program files (x86)/gnu tools arm embedded/6 2017-q2-update/bin/../lib/gcc/arm-none-eabi/6.3.1/../../../../arm-none-eabi/lib/thumb/v6-m\libg_nano.a(lib_a-vsnprintf.o)
                0x08009f98                vsniprintf
                0x08009f98                vsnprintf
 .text.__ssputs_r
                0x08009fb0       0xc4 c:/program files (x86)/gnu tools arm embedded/6 2017-q2-update/bin/../lib/gcc/arm-none-eabi/6.3.1/../../../../arm-none-eabi/lib/thumb/v6-m\libg_nano.a(lib_a-nano-svfprintf.o)
                0x08009fb0                __ssputs_r
 .text._svfprintf_r
                0x0800a074      0x208 c:/program files (x86)/gnu tools arm embedded/6 2017-q2-update/bin/../lib/gcc/arm-none-eabi/6.3.1/../../../../arm-none-eabi/lib/thumb/v6-m\libg_nano.a(lib_a-nano-svfprintf.o)
                0x0800a074                _svfiprintf_r
                0x0800a074                _svfprintf_r
 .text._printf_common
                0x0800a27c       0xda c:/program files (x86)/gnu tools arm embedded/6 2017-q2-update/bin/../lib/gcc/arm-none-eabi/6.3.1/../../../../arm-none-eabi/lib/thumb/v6-m\libg_nano.a(lib_a-nano-vfprintf_i.o)
                0x0800a27c                _printf_common
 *fill*         0x0800a356        0x2 
 .text._printf_i
                0x0800a358      0x234 c:/program files (x86)/gnu tools arm embedded/6 2017-q2-update/bin/../lib/gcc/arm-none-eabi/6.3.1/../../../../arm-none-eabi/lib/thumb/v6-m\libg_nano.a(lib_a-nano-vfprintf_i.o)
                0x0800a358                _printf_i
 .text.memchr   0x0800a58c       0x16 c:/program files (x86)/gnu tools arm embedded/6 2017-q2-update/bin/../lib/gcc/arm-none-eabi/6.3.1/../../../../arm-none-eabi/lib/thumb/v6-m\libg_nano.a(lib_a-memchr-stub.o)
                0x0800a58c                memchr
 .text.memmove  0x0800a5a2       0x24 c:/program files (x86)/gnu tools arm embedded/6 2017-q2-update/bin/../lib/gcc/arm-none-eabi/6.3.1/../../../../arm-none-eabi/lib/thumb/v6-m\libg_nano.a(lib_a-memmove.o)
                0x0800a5a2                memmove
 *fill*         0x0800a5c6        0x2 
 .text._free_r  0x0800a5c8       0x94 c:/program files (x86)/gnu tools arm embedded/6 2017-q2-update/bin/../lib/gcc/arm-none-eabi/6.3.1/../../../../arm-none-eabi/lib/thumb/v6-m\libg_nano.a(lib_a-nano-freer.o)
                0x0800a5c8                _free_r
 .text._malloc_r
                0x0800a65c       0xbc c:/program files (x86)/gnu tools arm embedded/6 2017-q2-update/bin/../lib/gcc/arm-none-eabi/6.3.1/../../../../arm-none-eabi/lib/thumb/v6-m\libg_nano.a(lib_a-nano-mallocr.o)
                0x0800a65c                _malloc_r
 .text._realloc_r
                0x0800a718       0x4c c:/program files (x86)/gnu tools arm embedded/6 2017-q2-update/bin/../lib/gcc/arm-none-eabi/6.3.1/../../../../arm-none-eabi/lib/thumb/v6-m\libg_nano.a(lib_a-nano-reallocr.o)
                0x0800a718                _realloc_r
 .text._sbrk_r  0x0800a764       0x24 c:/program files (x86)/gnu tools arm embedded/6 2017-q2-update/bin/../lib/gcc/arm-none-eabi/6.3.1/../../../../arm-none-eabi/lib/thumb/v6-m\libg_nano.a(lib_a-sbrkr.o)
                0x0800a764                _sbrk_r
 .text.__malloc_lock
                0x0800a788        0x2 c:/program files (x86)/gnu tools arm embedded/6 2017-q2-update/bin/../lib/gcc/arm-none-eabi/6.3.1/../../../../arm-none-eabi/lib/thumb/v6-m\libg_nano.a(lib_a-mlock.o)
                0x0800a788                __malloc_lock
 .text.__malloc_unlock
                0x0800a78a        0x2 c:/program files (x86)/gnu tools arm embedded/6 2017-q2-update/bin/../lib/gcc/arm-none-eabi/6.3.1/../../../../arm-none-eabi/lib/thumb/v6-m\libg_nano.a(lib_a-mlock.o)
                0x0800a78a                __malloc_unlock
 .text._malloc_usable_size_r
                0x0800a78c       0x10 c:/program files (x86)/gnu tools arm embedded/6 2017-q2-update/bin/../lib/gcc/arm-none-eabi/6.3.1/../../../../arm-none-eabi/lib/thumb/v6-m\libg_nano.a(lib_a-nano-msizer.o)
                0x0800a78c                _malloc_usable_size_r
 .text._sbrk    0x0800a79c       0x1c c:/program files (x86)/gnu tools arm embedded/6 2017-q2-update/bin/../lib/gcc/arm-none-eabi/6.3.1/../../../../arm-none-eabi/lib/thumb/v6-m\libnosys.a(sbrk.o)
                0x0800a79c                _sbrk
 *(.glue_7)
 .glue_7        0x0800a7b8        0x0 linker stubs
 *(.glue_7t)
 .glue_7t       0x0800a7b8        0x0 linker stubs
 *(.eh_frame)
 .eh_frame      0x0800a7b8        0x0 c:/program files (x86)/gnu tools arm embedded/6 2017-q2-update/bin/../lib/gcc/arm-none-eabi/6.3.1/thumb/v6-m/crtbegin.o
 *(.init)
 .init          0x0800a7b8        0x4 c:/program files (x86)/gnu tools arm embedded/6 2017-q2-update/bin/../lib/gcc/arm-none-eabi/6.3.1/thumb/v6-m/crti.o
                0x0800a7b8                _init
 .init          0x0800a7bc        0x8 c:/program files (x86)/gnu tools arm embedded/6 2017-q2-update/bin/../lib/gcc/arm-none-eabi/6.3.1/thumb/v6-m/crtn.o
 *(.fini)
 .fini          0x0800a7c4        0x4 c:/program files (x86)/gnu tools arm embedded/6 2017-q2-update/bin/../lib/gcc/arm-none-eabi/6.3.1/thumb/v6-m/crti.o
                0x0800a7c4                _fini
 .fini          0x0800a7c8        0x8 c:/program files (x86)/gnu tools arm embedded/6 2017-q2-update/bin/../lib/gcc/arm-none-eabi/6.3.1/thumb/v6-m/crtn.o
                0x0800a7d0                . = ALIGN (0x4)
                0x0800a7d0                _etext = .

.vfp11_veneer   0x0800a7d0        0x0
 .vfp11_veneer  0x0800a7d0        0x0 linker stubs

.v4_bx          0x0800a7d0        0x0
 .v4_bx         0x0800a7d0        0x0 linker stubs

.iplt           0x0800a7d0        0x0
 .iplt          0x0800a7d0        0x0 c:/program files (x86)/gnu tools arm embedded/6 2017-q2-update/bin/../lib/gcc/arm-none-eabi/6.3.1/thumb/v6-m/crtbegin.o

.rodata         0x0800a7d0      0xfc0
                0x0800a7d0                . = ALIGN (0x4)
 *(.rodata)
 .rodata        0x0800a7d0      0x120 ./Src/freertos.o
 .rodata        0x0800a8f0       0x20 ./Drivers/STM32F0xx_HAL_Driver/Src/stm32f0xx_hal_rcc.o
 *(.rodata*)
 .rodata.MX_ADC_Init.str1.1
                0x0800a910        0xd ./Src/adc.o
 .rodata.MX_CAN_Init.str1.1
                0x0800a91d        0xd ./Src/can.o
 .rodata.adc_entry.str1.1
                0x0800a92a       0x55 ./Src/freertos.o
 .rodata.can_entry.str1.1
                0x0800a97f       0x12 ./Src/freertos.o
 .rodata.i2c1_entry.str1.1
                0x0800a991       0x78 ./Src/freertos.o
 .rodata.ignition_entry.str1.1
                0x0800aa09      0x466 ./Src/freertos.o
 .rodata.print_atCommand.str1.1
                0x0800ae6f       0x32 ./Src/freertos.o
 .rodata.str1.1
                0x0800aea1       0x8c ./Src/freertos.o
 .rodata.usart1_entry.str1.1
                0x0800af2d      0x706 ./Src/freertos.o
 .rodata.usart2_entry.str1.1
                0x0800b633       0xa8 ./Src/freertos.o
                                 0xaa (size before relaxing)
 .rodata.usart3_entry.str1.1
                0x0800b6db        0xe ./Src/freertos.o
                                 0x10 (size before relaxing)
 .rodata.MX_I2C1_Init.str1.1
                0x0800b6e9        0xd ./Src/i2c.o
 .rodata.MX_IWDG_Init.str1.1
                0x0800b6f6        0xe ./Src/iwdg.o
 .rodata.MX_RTC_Init.str1.1
                0x0800b704        0xd ./Src/rtc.o
 .rodata.MX_SPI1_Init.str1.1
                0x0800b711        0xd ./Src/spi.o
 .rodata.AHBPrescTable
                0x0800b71e       0x10 ./Src/system_stm32f0xx.o
                0x0800b71e                AHBPrescTable
 .rodata.APBPrescTable
                0x0800b72e        0x8 ./Src/system_stm32f0xx.o
                0x0800b72e                APBPrescTable
 .rodata.MX_TIM2_Init.str1.1
                0x0800b736        0xd ./Src/tim.o
 .rodata.MX_USART1_UART_Init.str1.1
                0x0800b743        0xf ./Src/usart.o
 .rodata.vTaskStartScheduler.str1.1
                0x0800b752        0x5 ./Middlewares/Third_Party/FreeRTOS/Source/tasks.o
 .rodata.CSWTCH.50
                0x0800b757        0x4 ./Drivers/STM32F0xx_HAL_Driver/Src/stm32f0xx_hal_uart.o
 .rodata._svfprintf_r.str1.1
                0x0800b75b       0x11 c:/program files (x86)/gnu tools arm embedded/6 2017-q2-update/bin/../lib/gcc/arm-none-eabi/6.3.1/../../../../arm-none-eabi/lib/thumb/v6-m\libg_nano.a(lib_a-nano-svfprintf.o)
 .rodata._printf_i.str1.1
                0x0800b76c       0x22 c:/program files (x86)/gnu tools arm embedded/6 2017-q2-update/bin/../lib/gcc/arm-none-eabi/6.3.1/../../../../arm-none-eabi/lib/thumb/v6-m\libg_nano.a(lib_a-nano-vfprintf_i.o)
                0x0800b790                . = ALIGN (0x4)
 *fill*         0x0800b78e        0x2 

.rel.dyn        0x0800b790        0x0
 .rel.iplt      0x0800b790        0x0 c:/program files (x86)/gnu tools arm embedded/6 2017-q2-update/bin/../lib/gcc/arm-none-eabi/6.3.1/thumb/v6-m/crtbegin.o

.ARM.extab
 *(.ARM.extab* .gnu.linkonce.armextab.*)

.ARM            0x0800b790        0x0
                0x0800b790                __exidx_start = .
 *(.ARM.exidx*)
                0x0800b790                __exidx_end = .

.preinit_array  0x0800b790        0x0
                0x0800b790                PROVIDE (__preinit_array_start, .)
 *(.preinit_array*)
                0x0800b790                PROVIDE (__preinit_array_end, .)

.init_array     0x0800b790        0x4
                0x0800b790                PROVIDE (__init_array_start, .)
 *(SORT(.init_array.*))
 *(.init_array*)
 .init_array    0x0800b790        0x4 c:/program files (x86)/gnu tools arm embedded/6 2017-q2-update/bin/../lib/gcc/arm-none-eabi/6.3.1/thumb/v6-m/crtbegin.o
                0x0800b794                PROVIDE (__init_array_end, .)

.fini_array     0x0800b794        0x4
                [!provide]                PROVIDE (__fini_array_start, .)
 *(SORT(.fini_array.*))
 *(.fini_array*)
 .fini_array    0x0800b794        0x4 c:/program files (x86)/gnu tools arm embedded/6 2017-q2-update/bin/../lib/gcc/arm-none-eabi/6.3.1/thumb/v6-m/crtbegin.o
                [!provide]                PROVIDE (__fini_array_end, .)
                0x0800b798                _sidata = LOADADDR (.data)

.data           0x20000000      0x290 load address 0x0800b798
                0x20000000                . = ALIGN (0x4)
                0x20000000                _sdata = .
 *(.data)
 *(.data*)
 .data.eeprom_test
                0x20000000       0x18 ./Src/freertos.o
                0x20000000                eeprom_test
 .data.flash_IgEvent
                0x20000018       0x32 ./Src/freertos.o
                0x20000018                flash_IgEvent
 .data.ig_var   0x2000004a        0x3 ./Src/freertos.o
                0x2000004a                ig_var
 .data.uart2_msg_print_switch
                0x2000004d        0x1 ./Src/freertos.o
                0x2000004d                uart2_msg_print_switch
 .data.uart_Tx  0x2000004e      0x1d4 ./Src/freertos.o
                0x2000004e                uart_Tx
 .data.wwan_command
                0x20000222        0x1 ./Src/freertos.o
                0x20000222                wwan_command
 *fill*         0x20000223        0x1 
 .data.SystemCoreClock
                0x20000224        0x4 ./Src/system_stm32f0xx.o
                0x20000224                SystemCoreClock
 .data.uxCriticalNesting
                0x20000228        0x4 ./Middlewares/Third_Party/FreeRTOS/Source/portable/GCC/ARM_CM0/port.o
 .data._impure_ptr
                0x2000022c        0x4 c:/program files (x86)/gnu tools arm embedded/6 2017-q2-update/bin/../lib/gcc/arm-none-eabi/6.3.1/../../../../arm-none-eabi/lib/thumb/v6-m\libg_nano.a(lib_a-impure.o)
                0x2000022c                _impure_ptr
 .data.impure_data
                0x20000230       0x60 c:/program files (x86)/gnu tools arm embedded/6 2017-q2-update/bin/../lib/gcc/arm-none-eabi/6.3.1/../../../../arm-none-eabi/lib/thumb/v6-m\libg_nano.a(lib_a-impure.o)
                0x20000290                . = ALIGN (0x4)
                0x20000290                _edata = .

.jcr            0x20000290        0x0 load address 0x0800ba28
 .jcr           0x20000290        0x0 c:/program files (x86)/gnu tools arm embedded/6 2017-q2-update/bin/../lib/gcc/arm-none-eabi/6.3.1/thumb/v6-m/crtbegin.o

.igot.plt       0x20000290        0x0 load address 0x0800ba28
 .igot.plt      0x20000290        0x0 c:/program files (x86)/gnu tools arm embedded/6 2017-q2-update/bin/../lib/gcc/arm-none-eabi/6.3.1/thumb/v6-m/crtbegin.o
                0x20000290                . = ALIGN (0x4)

.bss            0x20000290     0x3574 load address 0x0800ba28
                0x20000290                _sbss = .
                0x20000290                __bss_start__ = _sbss
 *(.bss)
 .bss           0x20000290       0x1c c:/program files (x86)/gnu tools arm embedded/6 2017-q2-update/bin/../lib/gcc/arm-none-eabi/6.3.1/thumb/v6-m/crtbegin.o
 *(.bss*)
 .bss.EraseInitStruct
                0x200002ac        0xc ./Src/freertos.o
 .bss.PageError
                0x200002b8        0x4 ./Src/freertos.o
                0x200002b8                PageError
 .bss.arg_ptr.10013
                0x200002bc        0x4 ./Src/freertos.o
 .bss.cml_array
                0x200002c0       0x40 ./Src/freertos.o
                0x200002c0                cml_array
 .bss.cml_proc  0x20000300       0x40 ./Src/freertos.o
                0x20000300                cml_proc
 .bss.countdown_timer
                0x20000340        0x9 ./Src/freertos.o
                0x20000340                countdown_timer
 .bss.flag_flashWrite
                0x20000349        0x1 ./Src/freertos.o
                0x20000349                flag_flashWrite
 .bss.flag_jumpToBootloader
                0x2000034a        0x1 ./Src/freertos.o
                0x2000034a                flag_jumpToBootloader
 .bss.r280_module_state
                0x2000034b        0xc ./Src/freertos.o
                0x2000034b                r280_module_state
 *fill*         0x20000357        0x1 
 .bss.sAlarm    0x20000358       0x28 ./Src/freertos.o
                0x20000358                sAlarm
 .bss.sDate     0x20000380        0x4 ./Src/freertos.o
                0x20000380                sDate
 .bss.sTime     0x20000384       0x14 ./Src/freertos.o
                0x20000384                sTime
 .bss.sva_gpi   0x20000398        0x1 ./Src/freertos.o
                0x20000398                sva_gpi
 .bss.sva_gpo   0x20000399        0x2 ./Src/freertos.o
                0x20000399                sva_gpo
 *fill*         0x2000039b        0x1 
 .bss.pxEnd     0x2000039c        0x4 ./Middlewares/Third_Party/FreeRTOS/Source/portable/MemMang/heap_4.o
 .bss.ucHeap    0x200003a0     0x2c00 ./Middlewares/Third_Party/FreeRTOS/Source/portable/MemMang/heap_4.o
 .bss.xBlockAllocatedBit
                0x20002fa0        0x4 ./Middlewares/Third_Party/FreeRTOS/Source/portable/MemMang/heap_4.o
 .bss.xFreeBytesRemaining
                0x20002fa4        0x4 ./Middlewares/Third_Party/FreeRTOS/Source/portable/MemMang/heap_4.o
 .bss.xMinimumEverFreeBytesRemaining
                0x20002fa8        0x4 ./Middlewares/Third_Party/FreeRTOS/Source/portable/MemMang/heap_4.o
 .bss.xStart    0x20002fac        0x8 ./Middlewares/Third_Party/FreeRTOS/Source/portable/MemMang/heap_4.o
 .bss.pxCurrentTCB
                0x20002fb4        0x4 ./Middlewares/Third_Party/FreeRTOS/Source/tasks.o
                0x20002fb4                pxCurrentTCB
 .bss.pxDelayedTaskList
                0x20002fb8        0x4 ./Middlewares/Third_Party/FreeRTOS/Source/tasks.o
 .bss.pxOverflowDelayedTaskList
                0x20002fbc        0x4 ./Middlewares/Third_Party/FreeRTOS/Source/tasks.o
 .bss.pxReadyTasksLists
                0x20002fc0       0x8c ./Middlewares/Third_Party/FreeRTOS/Source/tasks.o
 .bss.uxCurrentNumberOfTasks
                0x2000304c        0x4 ./Middlewares/Third_Party/FreeRTOS/Source/tasks.o
 .bss.uxDeletedTasksWaitingCleanUp
                0x20003050        0x4 ./Middlewares/Third_Party/FreeRTOS/Source/tasks.o
 .bss.uxPendedTicks
                0x20003054        0x4 ./Middlewares/Third_Party/FreeRTOS/Source/tasks.o
 .bss.uxSchedulerSuspended
                0x20003058        0x4 ./Middlewares/Third_Party/FreeRTOS/Source/tasks.o
 .bss.uxTaskNumber
                0x2000305c        0x4 ./Middlewares/Third_Party/FreeRTOS/Source/tasks.o
 .bss.uxTopReadyPriority
                0x20003060        0x4 ./Middlewares/Third_Party/FreeRTOS/Source/tasks.o
 .bss.xDelayedTaskList1
                0x20003064       0x14 ./Middlewares/Third_Party/FreeRTOS/Source/tasks.o
 .bss.xDelayedTaskList2
                0x20003078       0x14 ./Middlewares/Third_Party/FreeRTOS/Source/tasks.o
 .bss.xIdleTaskHandle
                0x2000308c        0x4 ./Middlewares/Third_Party/FreeRTOS/Source/tasks.o
 .bss.xNextTaskUnblockTime
                0x20003090        0x4 ./Middlewares/Third_Party/FreeRTOS/Source/tasks.o
 .bss.xNumOfOverflows
                0x20003094        0x4 ./Middlewares/Third_Party/FreeRTOS/Source/tasks.o
 .bss.xPendingReadyList
                0x20003098       0x14 ./Middlewares/Third_Party/FreeRTOS/Source/tasks.o
 .bss.xSchedulerRunning
                0x200030ac        0x4 ./Middlewares/Third_Party/FreeRTOS/Source/tasks.o
 .bss.xSuspendedTaskList
                0x200030b0       0x14 ./Middlewares/Third_Party/FreeRTOS/Source/tasks.o
 .bss.xTasksWaitingTermination
                0x200030c4       0x14 ./Middlewares/Third_Party/FreeRTOS/Source/tasks.o
 .bss.xTickCount
                0x200030d8        0x4 ./Middlewares/Third_Party/FreeRTOS/Source/tasks.o
 .bss.xYieldPending
                0x200030dc        0x4 ./Middlewares/Third_Party/FreeRTOS/Source/tasks.o
 .bss.__malloc_free_list
                0x200030e0        0x4 c:/program files (x86)/gnu tools arm embedded/6 2017-q2-update/bin/../lib/gcc/arm-none-eabi/6.3.1/../../../../arm-none-eabi/lib/thumb/v6-m\libg_nano.a(lib_a-nano-mallocr.o)
                0x200030e0                __malloc_free_list
 .bss.__malloc_sbrk_start
                0x200030e4        0x4 c:/program files (x86)/gnu tools arm embedded/6 2017-q2-update/bin/../lib/gcc/arm-none-eabi/6.3.1/../../../../arm-none-eabi/lib/thumb/v6-m\libg_nano.a(lib_a-nano-mallocr.o)
                0x200030e4                __malloc_sbrk_start
 .bss.heap_end.4116
                0x200030e8        0x4 c:/program files (x86)/gnu tools arm embedded/6 2017-q2-update/bin/../lib/gcc/arm-none-eabi/6.3.1/../../../../arm-none-eabi/lib/thumb/v6-m\libnosys.a(sbrk.o)
 *(COMMON)
 COMMON         0x200030ec       0x90 ./Src/adc.o
                0x200030ec                hdma_adc
                0x20003130                hadc
 COMMON         0x2000317c       0x44 ./Src/can.o
                0x2000317c                hcan
 COMMON         0x200031c0      0x1cc ./Src/freertos.o
                0x200031c0                ig_event
                0x200031e0                USART1_TaskHandle
                0x200031e4                defaultTaskHandle
                0x200031e8                I2C1_ZAXIS_QHandle
                0x200031ec                xTimeNow
                0x200031f0                I2C1_GSENSOR_QHandle
                0x200031f4                MUTEX_SPI1Handle
                0x200031f8                JumpAddress
                0x200031fc                USART3_TaskHandle
                0x20003200                SPI1_TaskHandle
                0x20003204                ADC_TaskHandle
                0x20003208                hdma_usart1_tx
                0x2000324c                dbg_buff
                0x200032cc                UART2_LAT_QHandle
                0x200032d0                IWDG_TaskHandle
                0x200032d4                hdma_usart1_rx
                0x20003318                I2C1_XAXIS_QHandle
                0x2000331c                current_IgEvent
                0x20003350                I2C1_YAXIS_QHandle
                0x20003354                I2C1_TaskHandle
                0x20003358                ADC_TEMP_QHandle
                0x2000335c                MUTEX_DebugHandle
                0x20003360                CAN_TaskHandle
                0x20003364                IGNITION_TaskHandle
                0x20003368                ADC_VOLT_QHandle
                0x2000336c                UART2_LONG_QHandle
                0x20003370                MUTEX_ADC_QHandle
                0x20003374                GPIO_MISC_QHandle
                0x20003378                JumpToApplication
                0x2000337c                MUTEX_CMD_PROCHandle
                0x20003380                GPIO_STATE_TaskHandle
                0x20003384                USART2_TaskHandle
                0x20003388                CMD_PROC_TaskHandle
 COMMON         0x2000338c       0x98 ./Src/i2c.o
                0x2000338c                hi2c1
                0x200033d8                hi2c2
 COMMON         0x20003424       0x10 ./Src/iwdg.o
                0x20003424                hiwdg
 COMMON         0x20003434       0x20 ./Src/rtc.o
                0x20003434                hrtc
 COMMON         0x20003454       0x64 ./Src/spi.o
                0x20003454                hspi1
 COMMON         0x200034b8       0x40 ./Src/stm32f0xx_hal_timebase_TIM.o
                0x200034b8                htim1
 COMMON         0x200034f8       0x80 ./Src/tim.o
                0x200034f8                htim2
                0x20003538                htim14
 COMMON         0x20003578      0x260 ./Src/usart.o
                0x20003578                hdma_usart2_rx
                0x200035bc                hdma_usart3_rx
                0x20003600                huart3
                0x20003670                hdma_usart3_tx
                0x200036b4                hdma_usart2_tx
                0x200036f8                huart1
                0x20003768                huart2
 COMMON         0x200037d8        0x4 ./Drivers/STM32F0xx_HAL_Driver/Src/stm32f0xx_hal.o
                0x200037d8                uwTick
 *fill*         0x200037dc        0x4 
 COMMON         0x200037e0       0x20 ./Drivers/STM32F0xx_HAL_Driver/Src/stm32f0xx_hal_flash.o
                0x200037e0                pFlash
 COMMON         0x20003800        0x4 c:/program files (x86)/gnu tools arm embedded/6 2017-q2-update/bin/../lib/gcc/arm-none-eabi/6.3.1/../../../../arm-none-eabi/lib/thumb/v6-m\libg_nano.a(lib_a-reent.o)
                0x20003800                errno
                0x20003804                . = ALIGN (0x4)
                0x20003804                _ebss = .
                0x20003804                __bss_end__ = _ebss

._user_heap_stack
                0x20003804      0x604 load address 0x0800ba28
                0x20003808                . = ALIGN (0x8)
 *fill*         0x20003804        0x4 
                0x20003808                PROVIDE (end, .)
                [!provide]                PROVIDE (_end, .)
                0x20003a08                . = (. + _Min_Heap_Size)
 *fill*         0x20003808      0x200 
                0x20003e08                . = (. + _Min_Stack_Size)
 *fill*         0x20003a08      0x400 
                0x20003e08                . = ALIGN (0x8)

/DISCARD/
 libc.a(*)
 libm.a(*)
 libgcc.a(*)

.ARM.attributes
                0x00000000       0x28
 *(.ARM.attributes)
 .ARM.attributes
                0x00000000       0x1e c:/program files (x86)/gnu tools arm embedded/6 2017-q2-update/bin/../lib/gcc/arm-none-eabi/6.3.1/thumb/v6-m/crti.o
 .ARM.attributes
                0x0000001e       0x2c c:/program files (x86)/gnu tools arm embedded/6 2017-q2-update/bin/../lib/gcc/arm-none-eabi/6.3.1/thumb/v6-m/crtbegin.o
 .ARM.attributes
                0x0000004a       0x31 ./Src/adc.o
 .ARM.attributes
                0x0000007b       0x31 ./Src/can.o
 .ARM.attributes
                0x000000ac       0x31 ./Src/dma.o
 .ARM.attributes
                0x000000dd       0x31 ./Src/freertos.o
 .ARM.attributes
                0x0000010e       0x31 ./Src/gpio.o
 .ARM.attributes
                0x0000013f       0x31 ./Src/i2c.o
 .ARM.attributes
                0x00000170       0x31 ./Src/iwdg.o
 .ARM.attributes
                0x000001a1       0x31 ./Src/main.o
 .ARM.attributes
                0x000001d2       0x31 ./Src/rtc.o
 .ARM.attributes
                0x00000203       0x31 ./Src/spi.o
 .ARM.attributes
                0x00000234       0x21 ./Src/startup_stm32f091xc.o
 .ARM.attributes
                0x00000255       0x31 ./Src/stm32f0xx_hal_msp.o
 .ARM.attributes
                0x00000286       0x31 ./Src/stm32f0xx_hal_timebase_TIM.o
 .ARM.attributes
                0x000002b7       0x31 ./Src/stm32f0xx_it.o
 .ARM.attributes
                0x000002e8       0x31 ./Src/system_stm32f0xx.o
 .ARM.attributes
                0x00000319       0x31 ./Src/tim.o
 .ARM.attributes
                0x0000034a       0x31 ./Src/usart.o
 .ARM.attributes
                0x0000037b       0x31 ./Middlewares/Third_Party/FreeRTOS/Source/portable/MemMang/heap_4.o
 .ARM.attributes
                0x000003ac       0x31 ./Middlewares/Third_Party/FreeRTOS/Source/portable/GCC/ARM_CM0/port.o
 .ARM.attributes
                0x000003dd       0x31 ./Middlewares/Third_Party/FreeRTOS/Source/CMSIS_RTOS/cmsis_os.o
 .ARM.attributes
                0x0000040e       0x31 ./Middlewares/Third_Party/FreeRTOS/Source/list.o
 .ARM.attributes
                0x0000043f       0x31 ./Middlewares/Third_Party/FreeRTOS/Source/queue.o
 .ARM.attributes
                0x00000470       0x31 ./Middlewares/Third_Party/FreeRTOS/Source/tasks.o
 .ARM.attributes
                0x000004a1       0x31 ./Drivers/STM32F0xx_HAL_Driver/Src/stm32f0xx_hal.o
 .ARM.attributes
                0x000004d2       0x31 ./Drivers/STM32F0xx_HAL_Driver/Src/stm32f0xx_hal_adc.o
 .ARM.attributes
                0x00000503       0x31 ./Drivers/STM32F0xx_HAL_Driver/Src/stm32f0xx_hal_can.o
 .ARM.attributes
                0x00000534       0x31 ./Drivers/STM32F0xx_HAL_Driver/Src/stm32f0xx_hal_cortex.o
 .ARM.attributes
                0x00000565       0x31 ./Drivers/STM32F0xx_HAL_Driver/Src/stm32f0xx_hal_dma.o
 .ARM.attributes
                0x00000596       0x31 ./Drivers/STM32F0xx_HAL_Driver/Src/stm32f0xx_hal_flash.o
 .ARM.attributes
                0x000005c7       0x31 ./Drivers/STM32F0xx_HAL_Driver/Src/stm32f0xx_hal_flash_ex.o
 .ARM.attributes
                0x000005f8       0x31 ./Drivers/STM32F0xx_HAL_Driver/Src/stm32f0xx_hal_gpio.o
 .ARM.attributes
                0x00000629       0x31 ./Drivers/STM32F0xx_HAL_Driver/Src/stm32f0xx_hal_i2c.o
 .ARM.attributes
                0x0000065a       0x31 ./Drivers/STM32F0xx_HAL_Driver/Src/stm32f0xx_hal_i2c_ex.o
 .ARM.attributes
                0x0000068b       0x31 ./Drivers/STM32F0xx_HAL_Driver/Src/stm32f0xx_hal_iwdg.o
 .ARM.attributes
                0x000006bc       0x31 ./Drivers/STM32F0xx_HAL_Driver/Src/stm32f0xx_hal_pwr.o
 .ARM.attributes
                0x000006ed       0x31 ./Drivers/STM32F0xx_HAL_Driver/Src/stm32f0xx_hal_rcc.o
 .ARM.attributes
                0x0000071e       0x31 ./Drivers/STM32F0xx_HAL_Driver/Src/stm32f0xx_hal_rcc_ex.o
 .ARM.attributes
                0x0000074f       0x31 ./Drivers/STM32F0xx_HAL_Driver/Src/stm32f0xx_hal_rtc.o
 .ARM.attributes
                0x00000780       0x31 ./Drivers/STM32F0xx_HAL_Driver/Src/stm32f0xx_hal_rtc_ex.o
 .ARM.attributes
                0x000007b1       0x31 ./Drivers/STM32F0xx_HAL_Driver/Src/stm32f0xx_hal_spi.o
 .ARM.attributes
                0x000007e2       0x31 ./Drivers/STM32F0xx_HAL_Driver/Src/stm32f0xx_hal_tim.o
 .ARM.attributes
                0x00000813       0x31 ./Drivers/STM32F0xx_HAL_Driver/Src/stm32f0xx_hal_tim_ex.o
 .ARM.attributes
                0x00000844       0x31 ./Drivers/STM32F0xx_HAL_Driver/Src/stm32f0xx_hal_uart.o
 .ARM.attributes
                0x00000875       0x31 ./Drivers/STM32F0xx_HAL_Driver/Src/stm32f0xx_hal_uart_ex.o
 .ARM.attributes
                0x000008a6       0x1e c:/program files (x86)/gnu tools arm embedded/6 2017-q2-update/bin/../lib/gcc/arm-none-eabi/6.3.1/thumb/v6-m\libgcc.a(_thumb1_case_sqi.o)
 .ARM.attributes
                0x000008c4       0x1e c:/program files (x86)/gnu tools arm embedded/6 2017-q2-update/bin/../lib/gcc/arm-none-eabi/6.3.1/thumb/v6-m\libgcc.a(_thumb1_case_uqi.o)
 .ARM.attributes
                0x000008e2       0x1e c:/program files (x86)/gnu tools arm embedded/6 2017-q2-update/bin/../lib/gcc/arm-none-eabi/6.3.1/thumb/v6-m\libgcc.a(_thumb1_case_shi.o)
 .ARM.attributes
                0x00000900       0x1e c:/program files (x86)/gnu tools arm embedded/6 2017-q2-update/bin/../lib/gcc/arm-none-eabi/6.3.1/thumb/v6-m\libgcc.a(_thumb1_case_uhi.o)
 .ARM.attributes
                0x0000091e       0x1e c:/program files (x86)/gnu tools arm embedded/6 2017-q2-update/bin/../lib/gcc/arm-none-eabi/6.3.1/thumb/v6-m\libgcc.a(_udivsi3.o)
 .ARM.attributes
                0x0000093c       0x1e c:/program files (x86)/gnu tools arm embedded/6 2017-q2-update/bin/../lib/gcc/arm-none-eabi/6.3.1/thumb/v6-m\libgcc.a(_dvmd_tls.o)
 .ARM.attributes
                0x0000095a       0x1e c:/program files (x86)/gnu tools arm embedded/6 2017-q2-update/bin/../lib/gcc/arm-none-eabi/6.3.1/thumb/v6-m\libgcc.a(_lshrdi3.o)
 .ARM.attributes
                0x00000978       0x2c c:/program files (x86)/gnu tools arm embedded/6 2017-q2-update/bin/../lib/gcc/arm-none-eabi/6.3.1/../../../../arm-none-eabi/lib/thumb/v6-m\libg_nano.a(lib_a-impure.o)
 .ARM.attributes
                0x000009a4       0x2c c:/program files (x86)/gnu tools arm embedded/6 2017-q2-update/bin/../lib/gcc/arm-none-eabi/6.3.1/../../../../arm-none-eabi/lib/thumb/v6-m\libg_nano.a(lib_a-init.o)
 .ARM.attributes
                0x000009d0       0x2c c:/program files (x86)/gnu tools arm embedded/6 2017-q2-update/bin/../lib/gcc/arm-none-eabi/6.3.1/../../../../arm-none-eabi/lib/thumb/v6-m\libg_nano.a(lib_a-memcpy-stub.o)
 .ARM.attributes
                0x000009fc       0x2c c:/program files (x86)/gnu tools arm embedded/6 2017-q2-update/bin/../lib/gcc/arm-none-eabi/6.3.1/../../../../arm-none-eabi/lib/thumb/v6-m\libg_nano.a(lib_a-memset.o)
 .ARM.attributes
                0x00000a28       0x2c c:/program files (x86)/gnu tools arm embedded/6 2017-q2-update/bin/../lib/gcc/arm-none-eabi/6.3.1/../../../../arm-none-eabi/lib/thumb/v6-m\libg_nano.a(lib_a-strncpy.o)
 .ARM.attributes
                0x00000a54       0x2c c:/program files (x86)/gnu tools arm embedded/6 2017-q2-update/bin/../lib/gcc/arm-none-eabi/6.3.1/../../../../arm-none-eabi/lib/thumb/v6-m\libg_nano.a(lib_a-vsnprintf.o)
 .ARM.attributes
                0x00000a80       0x2c c:/program files (x86)/gnu tools arm embedded/6 2017-q2-update/bin/../lib/gcc/arm-none-eabi/6.3.1/../../../../arm-none-eabi/lib/thumb/v6-m\libg_nano.a(lib_a-nano-svfprintf.o)
 .ARM.attributes
                0x00000aac       0x2c c:/program files (x86)/gnu tools arm embedded/6 2017-q2-update/bin/../lib/gcc/arm-none-eabi/6.3.1/../../../../arm-none-eabi/lib/thumb/v6-m\libg_nano.a(lib_a-nano-vfprintf_i.o)
 .ARM.attributes
                0x00000ad8       0x2c c:/program files (x86)/gnu tools arm embedded/6 2017-q2-update/bin/../lib/gcc/arm-none-eabi/6.3.1/../../../../arm-none-eabi/lib/thumb/v6-m\libg_nano.a(lib_a-memchr-stub.o)
 .ARM.attributes
                0x00000b04       0x2c c:/program files (x86)/gnu tools arm embedded/6 2017-q2-update/bin/../lib/gcc/arm-none-eabi/6.3.1/../../../../arm-none-eabi/lib/thumb/v6-m\libg_nano.a(lib_a-memmove.o)
 .ARM.attributes
                0x00000b30       0x2c c:/program files (x86)/gnu tools arm embedded/6 2017-q2-update/bin/../lib/gcc/arm-none-eabi/6.3.1/../../../../arm-none-eabi/lib/thumb/v6-m\libg_nano.a(lib_a-nano-freer.o)
 .ARM.attributes
                0x00000b5c       0x2c c:/program files (x86)/gnu tools arm embedded/6 2017-q2-update/bin/../lib/gcc/arm-none-eabi/6.3.1/../../../../arm-none-eabi/lib/thumb/v6-m\libg_nano.a(lib_a-nano-mallocr.o)
 .ARM.attributes
                0x00000b88       0x2c c:/program files (x86)/gnu tools arm embedded/6 2017-q2-update/bin/../lib/gcc/arm-none-eabi/6.3.1/../../../../arm-none-eabi/lib/thumb/v6-m\libg_nano.a(lib_a-nano-reallocr.o)
 .ARM.attributes
                0x00000bb4       0x2c c:/program files (x86)/gnu tools arm embedded/6 2017-q2-update/bin/../lib/gcc/arm-none-eabi/6.3.1/../../../../arm-none-eabi/lib/thumb/v6-m\libg_nano.a(lib_a-sbrkr.o)
 .ARM.attributes
                0x00000be0       0x2c c:/program files (x86)/gnu tools arm embedded/6 2017-q2-update/bin/../lib/gcc/arm-none-eabi/6.3.1/../../../../arm-none-eabi/lib/thumb/v6-m\libg_nano.a(lib_a-mlock.o)
 .ARM.attributes
                0x00000c0c       0x2c c:/program files (x86)/gnu tools arm embedded/6 2017-q2-update/bin/../lib/gcc/arm-none-eabi/6.3.1/../../../../arm-none-eabi/lib/thumb/v6-m\libg_nano.a(lib_a-nano-msizer.o)
 .ARM.attributes
                0x00000c38       0x2c c:/program files (x86)/gnu tools arm embedded/6 2017-q2-update/bin/../lib/gcc/arm-none-eabi/6.3.1/../../../../arm-none-eabi/lib/thumb/v6-m\libg_nano.a(lib_a-reent.o)
 .ARM.attributes
                0x00000c64       0x2c c:/program files (x86)/gnu tools arm embedded/6 2017-q2-update/bin/../lib/gcc/arm-none-eabi/6.3.1/../../../../arm-none-eabi/lib/thumb/v6-m\libnosys.a(sbrk.o)
 .ARM.attributes
                0x00000c90       0x1e c:/program files (x86)/gnu tools arm embedded/6 2017-q2-update/bin/../lib/gcc/arm-none-eabi/6.3.1/thumb/v6-m/crtn.o
OUTPUT(STM32F091RCTx_freeRTOS.elf elf32-littlearm)

.debug_info     0x00000000    0x3f559
 .debug_info    0x00000000     0x119f ./Src/adc.o
 .debug_info    0x0000119f     0x127f ./Src/can.o
 .debug_info    0x0000241e      0xbb5 ./Src/dma.o
 .debug_info    0x00002fd3     0x798b ./Src/freertos.o
 .debug_info    0x0000a95e      0xc92 ./Src/gpio.o
 .debug_info    0x0000b5f0     0x1449 ./Src/i2c.o
 .debug_info    0x0000ca39      0xa74 ./Src/iwdg.o
 .debug_info    0x0000d4ad     0x26a9 ./Src/main.o
 .debug_info    0x0000fb56     0x1165 ./Src/rtc.o
 .debug_info    0x00010cbb     0x1146 ./Src/spi.o
 .debug_info    0x00011e01       0x8b ./Src/startup_stm32f091xc.o
 .debug_info    0x00011e8c      0xb5c ./Src/stm32f0xx_hal_msp.o
 .debug_info    0x000129e8     0x116b ./Src/stm32f0xx_hal_timebase_TIM.o
 .debug_info    0x00013b53     0x1d5d ./Src/stm32f0xx_it.o
 .debug_info    0x000158b0      0xa77 ./Src/system_stm32f0xx.o
 .debug_info    0x00016327     0x1465 ./Src/tim.o
 .debug_info    0x0001778c     0x165d ./Src/usart.o
 .debug_info    0x00018de9      0xbb8 ./Middlewares/Third_Party/FreeRTOS/Source/portable/MemMang/heap_4.o
 .debug_info    0x000199a1      0x2ac ./Middlewares/Third_Party/FreeRTOS/Source/portable/GCC/ARM_CM0/port.o
 .debug_info    0x00019c4d     0x24dd ./Middlewares/Third_Party/FreeRTOS/Source/CMSIS_RTOS/cmsis_os.o
 .debug_info    0x0001c12a      0xad0 ./Middlewares/Third_Party/FreeRTOS/Source/list.o