Archive member included to satisfy reference by file (symbol)

c:/program files (x86)/gnu tools arm embedded/6 2017-q2-update/bin/../lib/gcc/arm-none-eabi/6.3.1/thumb/v6-m\libgcc.a(_thumb1_case_sqi.o)
                              ./Drivers/STM32F0xx_HAL_Driver/Src/stm32f0xx_hal_uart.o (__gnu_thumb1_case_sqi)
c:/program files (x86)/gnu tools arm embedded/6 2017-q2-update/bin/../lib/gcc/arm-none-eabi/6.3.1/thumb/v6-m\libgcc.a(_thumb1_case_uqi.o)
                              ./Src/freertos.o (__gnu_thumb1_case_uqi)
c:/program files (x86)/gnu tools arm embedded/6 2017-q2-update/bin/../lib/gcc/arm-none-eabi/6.3.1/thumb/v6-m\libgcc.a(_thumb1_case_shi.o)
                              ./Src/freertos.o (__gnu_thumb1_case_shi)
c:/program files (x86)/gnu tools arm embedded/6 2017-q2-update/bin/../lib/gcc/arm-none-eabi/6.3.1/thumb/v6-m\libgcc.a(_thumb1_case_uhi.o)
                              ./Src/freertos.o (__gnu_thumb1_case_uhi)
c:/program files (x86)/gnu tools arm embedded/6 2017-q2-update/bin/../lib/gcc/arm-none-eabi/6.3.1/thumb/v6-m\libgcc.a(_udivsi3.o)
                              ./Src/freertos.o (__aeabi_uidiv)
c:/program files (x86)/gnu tools arm embedded/6 2017-q2-update/bin/../lib/gcc/arm-none-eabi/6.3.1/thumb/v6-m\libgcc.a(_dvmd_tls.o)
                              c:/program files (x86)/gnu tools arm embedded/6 2017-q2-update/bin/../lib/gcc/arm-none-eabi/6.3.1/thumb/v6-m\libgcc.a(_udivsi3.o) (__aeabi_idiv0)
c:/program files (x86)/gnu tools arm embedded/6 2017-q2-update/bin/../lib/gcc/arm-none-eabi/6.3.1/thumb/v6-m\libgcc.a(_lshrdi3.o)
                              ./Drivers/STM32F0xx_HAL_Driver/Src/stm32f0xx_hal_flash.o (__aeabi_llsr)
c:/program files (x86)/gnu tools arm embedded/6 2017-q2-update/bin/../lib/gcc/arm-none-eabi/6.3.1/../../../../arm-none-eabi/lib/thumb/v6-m\libg_nano.a(lib_a-exit.o)
                              c:/program files (x86)/gnu tools arm embedded/6 2017-q2-update/bin/../lib/gcc/arm-none-eabi/6.3.1/../../../../arm-none-eabi/lib/thumb/v6-m/crt0.o (exit)
c:/program files (x86)/gnu tools arm embedded/6 2017-q2-update/bin/../lib/gcc/arm-none-eabi/6.3.1/../../../../arm-none-eabi/lib/thumb/v6-m\libg_nano.a(lib_a-impure.o)
                              c:/program files (x86)/gnu tools arm embedded/6 2017-q2-update/bin/../lib/gcc/arm-none-eabi/6.3.1/../../../../arm-none-eabi/lib/thumb/v6-m\libg_nano.a(lib_a-exit.o) (_global_impure_ptr)
c:/program files (x86)/gnu tools arm embedded/6 2017-q2-update/bin/../lib/gcc/arm-none-eabi/6.3.1/../../../../arm-none-eabi/lib/thumb/v6-m\libg_nano.a(lib_a-init.o)
                              c:/program files (x86)/gnu tools arm embedded/6 2017-q2-update/bin/../lib/gcc/arm-none-eabi/6.3.1/../../../../arm-none-eabi/lib/thumb/v6-m/crt0.o (__libc_init_array)
c:/program files (x86)/gnu tools arm embedded/6 2017-q2-update/bin/../lib/gcc/arm-none-eabi/6.3.1/../../../../arm-none-eabi/lib/thumb/v6-m\libg_nano.a(lib_a-memcpy-stub.o)
                              ./Src/freertos.o (memcpy)
c:/program files (x86)/gnu tools arm embedded/6 2017-q2-update/bin/../lib/gcc/arm-none-eabi/6.3.1/../../../../arm-none-eabi/lib/thumb/v6-m\libg_nano.a(lib_a-memset.o)
                              c:/program files (x86)/gnu tools arm embedded/6 2017-q2-update/bin/../lib/gcc/arm-none-eabi/6.3.1/../../../../arm-none-eabi/lib/thumb/v6-m/crt0.o (memset)
c:/program files (x86)/gnu tools arm embedded/6 2017-q2-update/bin/../lib/gcc/arm-none-eabi/6.3.1/../../../../arm-none-eabi/lib/thumb/v6-m\libg_nano.a(lib_a-strncpy.o)
                              ./Src/freertos.o (strncpy)
c:/program files (x86)/gnu tools arm embedded/6 2017-q2-update/bin/../lib/gcc/arm-none-eabi/6.3.1/../../../../arm-none-eabi/lib/thumb/v6-m\libg_nano.a(lib_a-vsnprintf.o)
                              ./Src/freertos.o (vsnprintf)
c:/program files (x86)/gnu tools arm embedded/6 2017-q2-update/bin/../lib/gcc/arm-none-eabi/6.3.1/../../../../arm-none-eabi/lib/thumb/v6-m\libg_nano.a(lib_a-nano-svfprintf.o)
                              c:/program files (x86)/gnu tools arm embedded/6 2017-q2-update/bin/../lib/gcc/arm-none-eabi/6.3.1/../../../../arm-none-eabi/lib/thumb/v6-m\libg_nano.a(lib_a-vsnprintf.o) (_svfprintf_r)
c:/program files (x86)/gnu tools arm embedded/6 2017-q2-update/bin/../lib/gcc/arm-none-eabi/6.3.1/../../../../arm-none-eabi/lib/thumb/v6-m\libg_nano.a(lib_a-nano-vfprintf_i.o)
                              c:/program files (x86)/gnu tools arm embedded/6 2017-q2-update/bin/../lib/gcc/arm-none-eabi/6.3.1/../../../../arm-none-eabi/lib/thumb/v6-m\libg_nano.a(lib_a-nano-svfprintf.o) (_printf_i)
c:/program files (x86)/gnu tools arm embedded/6 2017-q2-update/bin/../lib/gcc/arm-none-eabi/6.3.1/../../../../arm-none-eabi/lib/thumb/v6-m\libg_nano.a(lib_a-memchr-stub.o)
                              c:/program files (x86)/gnu tools arm embedded/6 2017-q2-update/bin/../lib/gcc/arm-none-eabi/6.3.1/../../../../arm-none-eabi/lib/thumb/v6-m\libg_nano.a(lib_a-nano-svfprintf.o) (memchr)
[...]
Memory Configuration

Name             Origin             Length             Attributes
RAM              0x20000000         0x00008000         xrw
FLASH            0x08000000         0x00040000         xr
*default*        0x00000000         0xffffffff

Linker script and memory map

LOAD c:/program files (x86)/gnu tools arm embedded/6 2017-q2-update/bin/../lib/gcc/arm-none-eabi/6.3.1/thumb/v6-m/crti.o
LOAD c:/program files (x86)/gnu tools arm embedded/6 2017-q2-update/bin/../lib/gcc/arm-none-eabi/6.3.1/thumb/v6-m/crtbegin.o
LOAD c:/program files (x86)/gnu tools arm embedded/6 2017-q2-update/bin/../lib/gcc/arm-none-eabi/6.3.1/../../../../arm-none-eabi/lib/thumb/v6-m/crt0.o
LOAD ./Src/adc.o
LOAD ./Src/aewin_def.o
LOAD ./Src/can.o
LOAD ./Src/dma.o
LOAD ./Src/freertos.o
LOAD ./Src/gpio.o
LOAD ./Src/i2c.o
LOAD ./Src/iwdg.o
LOAD ./Src/main.o
LOAD ./Src/rtc.o
LOAD ./Src/spi.o
LOAD ./Src/startup_stm32f091xc.o
LOAD ./Src/stm32f0xx_hal_msp.o
LOAD ./Src/stm32f0xx_hal_timebase_TIM.o
LOAD ./Src/stm32f0xx_it.o
LOAD ./Src/system_stm32f0xx.o
LOAD ./Src/tim.o
LOAD ./Src/usart.o
LOAD ./Middlewares/Third_Party/FreeRTOS/Source/portable/MemMang/heap_4.o
LOAD ./Middlewares/Third_Party/FreeRTOS/Source/portable/GCC/ARM_CM0/port.o
LOAD ./Middlewares/Third_Party/FreeRTOS/Source/CMSIS_RTOS/cmsis_os.o
LOAD ./Middlewares/Third_Party/FreeRTOS/Source/croutine.o
LOAD ./Middlewares/Third_Party/FreeRTOS/Source/event_groups.o
LOAD ./Middlewares/Third_Party/FreeRTOS/Source/list.o
LOAD ./Middlewares/Third_Party/FreeRTOS/Source/queue.o
LOAD ./Middlewares/Third_Party/FreeRTOS/Source/tasks.o
LOAD ./Middlewares/Third_Party/FreeRTOS/Source/timers.o
LOAD ./Drivers/STM32F0xx_HAL_Driver/Src/stm32f0xx_hal.o
LOAD ./Drivers/STM32F0xx_HAL_Driver/Src/stm32f0xx_hal_adc.o
LOAD ./Drivers/STM32F0xx_HAL_Driver/Src/stm32f0xx_hal_adc_ex.o
LOAD ./Drivers/STM32F0xx_HAL_Driver/Src/stm32f0xx_hal_can.o
LOAD ./Drivers/STM32F0xx_HAL_Driver/Src/stm32f0xx_hal_cortex.o
LOAD ./Drivers/STM32F0xx_HAL_Driver/Src/stm32f0xx_hal_dma.o
LOAD ./Drivers/STM32F0xx_HAL_Driver/Src/stm32f0xx_hal_flash.o
LOAD ./Drivers/STM32F0xx_HAL_Driver/Src/stm32f0xx_hal_flash_ex.o
LOAD ./Drivers/STM32F0xx_HAL_Driver/Src/stm32f0xx_hal_gpio.o
LOAD ./Drivers/STM32F0xx_HAL_Driver/Src/stm32f0xx_hal_i2c.o
LOAD ./Drivers/STM32F0xx_HAL_Driver/Src/stm32f0xx_hal_i2c_ex.o
LOAD ./Drivers/STM32F0xx_HAL_Driver/Src/stm32f0xx_hal_iwdg.o
LOAD ./Drivers/STM32F0xx_HAL_Driver/Src/stm32f0xx_hal_pwr.o
LOAD ./Drivers/STM32F0xx_HAL_Driver/Src/stm32f0xx_hal_pwr_ex.o
LOAD ./Drivers/STM32F0xx_HAL_Driver/Src/stm32f0xx_hal_rcc.o
LOAD ./Drivers/STM32F0xx_HAL_Driver/Src/stm32f0xx_hal_rcc_ex.o
LOAD ./Drivers/STM32F0xx_HAL_Driver/Src/stm32f0xx_hal_rtc.o
LOAD ./Drivers/STM32F0xx_HAL_Driver/Src/stm32f0xx_hal_rtc_ex.o
LOAD ./Drivers/STM32F0xx_HAL_Driver/Src/stm32f0xx_hal_spi.o
LOAD ./Drivers/STM32F0xx_HAL_Driver/Src/stm32f0xx_hal_spi_ex.o
LOAD ./Drivers/STM32F0xx_HAL_Driver/Src/stm32f0xx_hal_tim.o
LOAD ./Drivers/STM32F0xx_HAL_Driver/Src/stm32f0xx_hal_tim_ex.o
LOAD ./Drivers/STM32F0xx_HAL_Driver/Src/stm32f0xx_hal_uart.o
LOAD ./Drivers/STM32F0xx_HAL_Driver/Src/stm32f0xx_hal_uart_ex.o
START GROUP
LOAD c:/program files (x86)/gnu tools arm embedded/6 2017-q2-update/bin/../lib/gcc/arm-none-eabi/6.3.1/thumb/v6-m\libgcc.a
LOAD c:/program files (x86)/gnu tools arm embedded/6 2017-q2-update/bin/../lib/gcc/arm-none-eabi/6.3.1/../../../../arm-none-eabi/lib/thumb/v6-m\libg_nano.a
LOAD c:/program files (x86)/gnu tools arm embedded/6 2017-q2-update/bin/../lib/gcc/arm-none-eabi/6.3.1/../../../../arm-none-eabi/lib/thumb/v6-m\libc_nano.a
END GROUP
START GROUP
LOAD c:/program files (x86)/gnu tools arm embedded/6 2017-q2-update/bin/../lib/gcc/arm-none-eabi/6.3.1/thumb/v6-m\libgcc.a
LOAD c:/program files (x86)/gnu tools arm embedded/6 2017-q2-update/bin/../lib/gcc/arm-none-eabi/6.3.1/../../../../arm-none-eabi/lib/thumb/v6-m\libc_nano.a
LOAD c:/program files (x86)/gnu tools arm embedded/6 2017-q2-update/bin/../lib/gcc/arm-none-eabi/6.3.1/../../../../arm-none-eabi/lib/thumb/v6-m\libnosys.a
END GROUP
START GROUP
LOAD c:/program files (x86)/gnu tools arm embedded/6 2017-q2-update/bin/../lib/gcc/arm-none-eabi/6.3.1/thumb/v6-m\libgcc.a
LOAD c:/program files (x86)/gnu tools arm embedded/6 2017-q2-update/bin/../lib/gcc/arm-none-eabi/6.3.1/../../../../arm-none-eabi/lib/thumb/v6-m\libc_nano.a
LOAD c:/program files (x86)/gnu tools arm embedded/6 2017-q2-update/bin/../lib/gcc/arm-none-eabi/6.3.1/../../../../arm-none-eabi/lib/thumb/v6-m\libnosys.a
END GROUP
LOAD c:/program files (x86)/gnu tools arm embedded/6 2017-q2-update/bin/../lib/gcc/arm-none-eabi/6.3.1/thumb/v6-m/crtend.o
LOAD c:/program files (x86)/gnu tools arm embedded/6 2017-q2-update/bin/../lib/gcc/arm-none-eabi/6.3.1/thumb/v6-m/crtn.o
                0x20008000                _estack = 0x20008000
                0x00000200                _Min_Heap_Size = 0x200
                0x00000400                _Min_Stack_Size = 0x400

.isr_vector     0x08000000       0xbc
                0x08000000                . = ALIGN (0x4)
 *(.isr_vector)
 .isr_vector    0x08000000       0xbc ./Src/startup_stm32f091xc.o
                0x08000000                g_pfnVectors
                0x080000bc                . = ALIGN (0x4)

.text           0x080000c0     0x9fb8
                0x080000c0                . = ALIGN (0x4)
 *(.text)
 .text          0x080000c0       0x60 c:/program files (x86)/gnu tools arm embedded/6 2017-q2-update/bin/../lib/gcc/arm-none-eabi/6.3.1/thumb/v6-m/crtbegin.o
 .text          0x08000120       0x14 c:/program files (x86)/gnu tools arm embedded/6 2017-q2-update/bin/../lib/gcc/arm-none-eabi/6.3.1/thumb/v6-m\libgcc.a(_thumb1_case_sqi.o)
                0x08000120                __gnu_thumb1_case_sqi
 .text          0x08000134       0x14 c:/program files (x86)/gnu tools arm embedded/6 2017-q2-update/bin/../lib/gcc/arm-none-eabi/6.3.1/thumb/v6-m\libgcc.a(_thumb1_case_uqi.o)
                0x08000134                __gnu_thumb1_case_uqi
 .text          0x08000148       0x14 c:/program files (x86)/gnu tools arm embedded/6 2017-q2-update/bin/../lib/gcc/arm-none-eabi/6.3.1/thumb/v6-m\libgcc.a(_thumb1_case_shi.o)
                0x08000148                __gnu_thumb1_case_shi
 .text          0x0800015c       0x14 c:/program files (x86)/gnu tools arm embedded/6 2017-q2-update/bin/../lib/gcc/arm-none-eabi/6.3.1/thumb/v6-m\libgcc.a(_thumb1_case_uhi.o)
                0x0800015c                __gnu_thumb1_case_uhi
 .text          0x08000170      0x114 c:/program files (x86)/gnu tools arm embedded/6 2017-q2-update/bin/../lib/gcc/arm-none-eabi/6.3.1/thumb/v6-m\libgcc.a(_udivsi3.o)
                0x08000170                __aeabi_uidiv
                0x08000170                __udivsi3
                0x0800027c                __aeabi_uidivmod
 .text          0x08000284        0x4 c:/program files (x86)/gnu tools arm embedded/6 2017-q2-update/bin/../lib/gcc/arm-none-eabi/6.3.1/thumb/v6-m\libgcc.a(_dvmd_tls.o)
                0x08000284                __aeabi_idiv0
                0x08000284                __aeabi_ldiv0
 *(.text*)
 .text.MX_ADC_Init
                0x08000288       0x88 ./Src/adc.o
                0x08000288                MX_ADC_Init
 .text.HAL_ADC_MspInit
                0x08000310       0x9c ./Src/adc.o
                0x08000310                HAL_ADC_MspInit
 .text.MX_CAN_Init
                0x080003ac       0x4c ./Src/can.o
                0x080003ac                MX_CAN_Init
 .text.HAL_CAN_MspInit
                0x080003f8       0x60 ./Src/can.o
                0x080003f8                HAL_CAN_MspInit
 .text.MX_DMA_Init
                0x08000458       0x5c ./Src/dma.o
                0x08000458                MX_DMA_Init
 .text.StartDefaultTask
                0x080004b4        0xa ./Src/freertos.o
                0x080004b4                StartDefaultTask
 *fill*         0x080004be        0x2 
 .text.usart3_entry
                0x080004c0      0x1b4 ./Src/freertos.o
                0x080004c0                usart3_entry
 .text.IWDG_entry
                0x08000674       0x34 ./Src/freertos.o
                0x08000674                IWDG_entry
 .text.gpio_state_entry
                0x080006a8       0x88 ./Src/freertos.o
                0x080006a8                gpio_state_entry
 .text.spi1_entry
                0x08000730      0x560 ./Src/freertos.o
                0x08000730                spi1_entry
 .text.can_entry
                0x08000c90       0xac ./Src/freertos.o
                0x08000c90                can_entry
 .text.aewin_dbg
                0x08000d3c       0x60 ./Src/freertos.o
                0x08000d3c                aewin_dbg
 .text.i2c1_entry
                0x08000d9c      0x108 ./Src/freertos.o
                0x08000d9c                i2c1_entry
 .text.adc_entry
                0x08000ea4       0x78 ./Src/freertos.o
                0x08000ea4                adc_entry
 .text.cmd_proc_entry
                0x08000f1c       0x78 ./Src/freertos.o
                0x08000f1c                cmd_proc_entry
 .text.HAL_UART_RxCpltCallback
                0x08000f94        0xc ./Src/freertos.o
                0x08000f94                HAL_UART_RxCpltCallback
 .text.HAL_RTC_AlarmAEventCallback
                0x08000fa0       0x34 ./Src/freertos.o
                0x08000fa0                HAL_RTC_AlarmAEventCallback
 .text.adc_voltageConversion_float
                0x08000fd4       0x20 ./Src/freertos.o
                0x08000fd4                adc_voltageConversion_float
 .text.adc_tempConversion_int
                0x08000ff4       0x24 ./Src/freertos.o
                0x08000ff4                adc_tempConversion_int
 .text.adc_tempConversion_float
                0x08001018       0x28 ./Src/freertos.o
                0x08001018                adc_tempConversion_float
 .text.usart1_entry
                0x08001040      0xf34 ./Src/freertos.o
                0x08001040                usart1_entry
 .text.uart2_findCommaIndexNext
                0x08001f74       0x28 ./Src/freertos.o
                0x08001f74                uart2_findCommaIndexNext
 .text.uart_findDataIndex
                0x08001f9c       0x32 ./Src/freertos.o
                0x08001f9c                uart_findDataIndex
 .text.uart2_isFindString
                0x08001fce       0x4e ./Src/freertos.o
                0x08001fce                uart2_isFindString
 .text.enable_4GModule
                0x0800201c       0x40 ./Src/freertos.o
                0x0800201c                enable_4GModule
 .text.print_atCommand
                0x0800205c       0x34 ./Src/freertos.o
                0x0800205c                print_atCommand
 .text.usart2_entry
                0x08002090      0x804 ./Src/freertos.o
                0x08002090                usart2_entry
 .text.check_lowPower
                0x08002894       0x4c ./Src/freertos.o
                0x08002894                check_lowPower
 .text.check_highPower
                0x080028e0       0x4c ./Src/freertos.o
                0x080028e0                check_highPower
 .text.ignition_entry
                0x0800292c      0x38c ./Src/freertos.o
                0x0800292c                ignition_entry
 .text.config_recovery
                0x08002cb8       0x1c ./Src/freertos.o
                0x08002cb8                config_recovery
 .text.MX_FREERTOS_Init
                0x08002cd4      0x2f8 ./Src/freertos.o
                0x08002cd4                MX_FREERTOS_Init
 .text.MX_GPIO_Init
                0x08002fcc       0xf4 ./Src/gpio.o
                0x08002fcc                MX_GPIO_Init
 .text.MX_I2C1_Init
                0x080030c0       0x6c ./Src/i2c.o
                0x080030c0                MX_I2C1_Init
 .text.MX_I2C2_Init
                0x0800312c       0x6c ./Src/i2c.o
                0x0800312c                MX_I2C2_Init
 .text.HAL_I2C_MspInit
                0x08003198       0xac ./Src/i2c.o
                0x08003198                HAL_I2C_MspInit
 .text.MX_IWDG_Init
                0x08003244       0x34 ./Src/iwdg.o
                0x08003244                MX_IWDG_Init
 .text.SystemClock_Config
                0x08003278       0xa4 ./Src/main.o
                0x08003278                SystemClock_Config
 .text.startup.main
                0x0800331c       0x4c ./Src/main.o
                0x0800331c                main
 .text.HAL_TIM_PeriodElapsedCallback
                0x08003368       0x14 ./Src/main.o
                0x08003368                HAL_TIM_PeriodElapsedCallback
 .text._Error_Handler
                0x0800337c        0x2 ./Src/main.o
                0x0800337c                _Error_Handler
 *fill*         0x0800337e        0x2 
 .text.MX_RTC_Init
                0x08003380      0x108 ./Src/rtc.o
                0x08003380                MX_RTC_Init
 .text.HAL_RTC_MspInit
                0x08003488       0x30 ./Src/rtc.o
                0x08003488                HAL_RTC_MspInit
 .text.MX_SPI1_Init
                0x080034b8       0x54 ./Src/spi.o
                0x080034b8                MX_SPI1_Init
 .text.HAL_SPI_MspInit
                0x0800350c       0x60 ./Src/spi.o
                0x0800350c                HAL_SPI_MspInit
 .text.Reset_Handler
                0x0800356c       0x50 ./Src/startup_stm32f091xc.o
                0x0800356c                Reset_Handler
 .text.Default_Handler
                0x080035bc        0x2 ./Src/startup_stm32f091xc.o
                0x080035bc                TIM1_CC_IRQHandler
                0x080035bc                TSC_IRQHandler
                0x080035bc                ADC1_COMP_IRQHandler
                0x080035bc                RCC_CRS_IRQHandler
                0x080035bc                SPI1_IRQHandler
                0x080035bc                TIM6_DAC_IRQHandler
                0x080035bc                EXTI2_3_IRQHandler
                0x080035bc                I2C2_IRQHandler
                0x080035bc                TIM17_IRQHandler
                0x080035bc                PVD_VDDIO2_IRQHandler
                0x080035bc                TIM16_IRQHandler
                0x080035bc                TIM3_IRQHandler
                0x080035bc                EXTI4_15_IRQHandler
                0x080035bc                Default_Handler
                0x080035bc                TIM14_IRQHandler
                0x080035bc                TIM7_IRQHandler
                0x080035bc                TIM15_IRQHandler
                0x080035bc                EXTI0_1_IRQHandler
                0x080035bc                SPI2_IRQHandler
                0x080035bc                WWDG_IRQHandler
                0x080035bc                TIM2_IRQHandler
                0x080035bc                FLASH_IRQHandler
 *fill*         0x080035be        0x2 
 .text.HAL_MspInit
                0x080035c0       0x3c ./Src/stm32f0xx_hal_msp.o
                0x080035c0                HAL_MspInit
 .text.HAL_InitTick
                0x080035fc       0x7c ./Src/stm32f0xx_hal_timebase_TIM.o
                0x080035fc                HAL_InitTick
 .text.NMI_Handler
                0x08003678        0x2 ./Src/stm32f0xx_it.o
                0x08003678                NMI_Handler
 .text.HardFault_Handler
                0x0800367a        0x2 ./Src/stm32f0xx_it.o
                0x0800367a                HardFault_Handler
 .text.SysTick_Handler
                0x0800367c        0x8 ./Src/stm32f0xx_it.o
                0x0800367c                SysTick_Handler
 .text.RTC_IRQHandler
                0x08003684       0x1c ./Src/stm32f0xx_it.o
                0x08003684                RTC_IRQHandler
 .text.DMA1_Ch1_IRQHandler
                0x080036a0       0x10 ./Src/stm32f0xx_it.o
                0x080036a0                DMA1_Ch1_IRQHandler
 .text.DMA1_Ch2_3_DMA2_Ch1_2_IRQHandler
                0x080036b0       0x2c ./Src/stm32f0xx_it.o
                0x080036b0                DMA1_Ch2_3_DMA2_Ch1_2_IRQHandler
 .text.DMA1_Ch4_7_DMA2_Ch3_5_IRQHandler
                0x080036dc       0x18 ./Src/stm32f0xx_it.o
                0x080036dc                DMA1_Ch4_7_DMA2_Ch3_5_IRQHandler
 .text.TIM1_BRK_UP_TRG_COM_IRQHandler
                0x080036f4       0x10 ./Src/stm32f0xx_it.o
                0x080036f4                TIM1_BRK_UP_TRG_COM_IRQHandler
 .text.I2C1_IRQHandler
                0x08003704       0x20 ./Src/stm32f0xx_it.o
                0x08003704                I2C1_IRQHandler
 .text.USART1_IRQHandler
                0x08003724       0x10 ./Src/stm32f0xx_it.o
                0x08003724                USART1_IRQHandler
 .text.USART2_IRQHandler
                0x08003734       0x10 ./Src/stm32f0xx_it.o
                0x08003734                USART2_IRQHandler
 .text.USART3_8_IRQHandler
                0x08003744       0x10 ./Src/stm32f0xx_it.o
                0x08003744                USART3_8_IRQHandler
 .text.CEC_CAN_IRQHandler
                0x08003754       0x10 ./Src/stm32f0xx_it.o
                0x08003754                CEC_CAN_IRQHandler
 .text.SystemInit
                0x08003764       0x60 ./Src/system_stm32f0xx.o
                0x08003764                SystemInit
 .text.MX_TIM2_Init
                0x080037c4       0x88 ./Src/tim.o
                0x080037c4                MX_TIM2_Init
 .text.HAL_TIM_Base_MspInit
                0x0800384c       0x48 ./Src/tim.o
                0x0800384c                HAL_TIM_Base_MspInit
 .text.HAL_TIM_MspPostInit
                0x08003894       0x30 ./Src/tim.o
                0x08003894                HAL_TIM_MspPostInit
 .text.MX_TIM14_Init
                0x080038c4       0x70 ./Src/tim.o
                0x080038c4                MX_TIM14_Init
 .text.MX_USART1_UART_Init
                0x08003934       0x40 ./Src/usart.o
                0x08003934                MX_USART1_UART_Init
 .text.MX_USART2_UART_Init
                0x08003974       0x40 ./Src/usart.o
                0x08003974                MX_USART2_UART_Init
 .text.MX_USART3_UART_Init
                0x080039b4       0x50 ./Src/usart.o
                0x080039b4                MX_USART3_UART_Init
 .text.HAL_UART_MspInit
                0x08003a04      0x2f0 ./Src/usart.o
                0x08003a04                HAL_UART_MspInit
 .text.unlikely.prvInsertBlockIntoFreeList
                0x08003cf4       0x48 ./Middlewares/Third_Party/FreeRTOS/Source/portable/MemMang/heap_4.o
 .text.pvPortMalloc
                0x08003d3c      0x104 ./Middlewares/Third_Party/FreeRTOS/Source/portable/MemMang/heap_4.o
                0x08003d3c                pvPortMalloc
 .text.vPortFree
                0x08003e40       0x48 ./Middlewares/Third_Party/FreeRTOS/Source/portable/MemMang/heap_4.o
                0x08003e40                vPortFree
 .text.prvTaskExitError
                0x08003e88       0x14 ./Middlewares/Third_Party/FreeRTOS/Source/portable/GCC/ARM_CM0/port.o
 *fill*         0x08003e9c        0x4 
 .text.vPortStartFirstTask
                0x08003ea0       0x34 ./Middlewares/Third_Party/FreeRTOS/Source/portable/GCC/ARM_CM0/port.o
 .text.pxPortInitialiseStack
                0x08003ed4       0x20 ./Middlewares/Third_Party/FreeRTOS/Source/portable/GCC/ARM_CM0/port.o
                0x08003ed4                pxPortInitialiseStack
 .text.SVC_Handler
                0x08003ef4        0x2 ./Middlewares/Third_Party/FreeRTOS/Source/portable/GCC/ARM_CM0/port.o
                0x08003ef4                SVC_Handler
 *fill*         0x08003ef6        0x2 
 .text.vPortYield
                0x08003ef8       0x18 ./Middlewares/Third_Party/FreeRTOS/Source/portable/GCC/ARM_CM0/port.o
                0x08003ef8                vPortYield
 .text.vPortEnterCritical
                0x08003f10       0x18 ./Middlewares/Third_Party/FreeRTOS/Source/portable/GCC/ARM_CM0/port.o
                0x08003f10                vPortEnterCritical
 .text.vPortExitCritical
                0x08003f28       0x1c ./Middlewares/Third_Party/FreeRTOS/Source/portable/GCC/ARM_CM0/port.o
                0x08003f28                vPortExitCritical
 .text.ulSetInterruptMaskFromISR
                0x08003f44        0xa ./Middlewares/Third_Party/FreeRTOS/Source/portable/GCC/ARM_CM0/port.o
                0x08003f44                ulSetInterruptMaskFromISR
 .text.vClearInterruptMaskFromISR
                0x08003f4e        0x6 ./Middlewares/Third_Party/FreeRTOS/Source/portable/GCC/ARM_CM0/port.o
                0x08003f4e                vClearInterruptMaskFromISR
 *fill*         0x08003f54        0xc 
 .text.PendSV_Handler
                0x08003f60       0x44 ./Middlewares/Third_Party/FreeRTOS/Source/portable/GCC/ARM_CM0/port.o
                0x08003f60                PendSV_Handler
 .text.xPortSysTickHandler
                0x08003fa4       0x24 ./Middlewares/Third_Party/FreeRTOS/Source/portable/GCC/ARM_CM0/port.o
                0x08003fa4                xPortSysTickHandler
 .text.vPortSetupTimerInterrupt
                0x08003fc8       0x28 ./Middlewares/Third_Party/FreeRTOS/Source/portable/GCC/ARM_CM0/port.o
                0x08003fc8                vPortSetupTimerInterrupt
 .text.xPortStartScheduler
                0x08003ff0       0x34 ./Middlewares/Third_Party/FreeRTOS/Source/portable/GCC/ARM_CM0/port.o
                0x08003ff0                xPortStartScheduler
 .text.osKernelStart
                0x08004024        0xa ./Middlewares/Third_Party/FreeRTOS/Source/CMSIS_RTOS/cmsis_os.o
                0x08004024                osKernelStart
 .text.osThreadCreate
                0x0800402e       0x30 ./Middlewares/Third_Party/FreeRTOS/Source/CMSIS_RTOS/cmsis_os.o
                0x0800402e                osThreadCreate
 .text.osDelay  0x0800405e       0x10 ./Middlewares/Third_Party/FreeRTOS/Source/CMSIS_RTOS/cmsis_os.o
                0x0800405e                osDelay
 .text.osMutexCreate
                0x0800406e        0xa ./Middlewares/Third_Party/FreeRTOS/Source/CMSIS_RTOS/cmsis_os.o
                0x0800406e                osMutexCreate
 .text.osMutexWait
                0x08004078       0x4c ./Middlewares/Third_Party/FreeRTOS/Source/CMSIS_RTOS/cmsis_os.o
                0x08004078                osMutexWait
 .text.osSemaphoreRelease
                0x080040c4       0x40 ./Middlewares/Third_Party/FreeRTOS/Source/CMSIS_RTOS/cmsis_os.o
                0x080040c4                osSemaphoreRelease
 .text.osMutexRelease
                0x08004104        0x8 ./Middlewares/Third_Party/FreeRTOS/Source/CMSIS_RTOS/cmsis_os.o
                0x08004104                osMutexRelease
 .text.osMessageCreate
                0x0800410c        0xe ./Middlewares/Third_Party/FreeRTOS/Source/CMSIS_RTOS/cmsis_os.o
                0x0800410c                osMessageCreate
 *fill*         0x0800411a        0x2 
 .text.osMessagePut
                0x0800411c       0x4c ./Middlewares/Third_Party/FreeRTOS/Source/CMSIS_RTOS/cmsis_os.o
                0x0800411c                osMessagePut
 .text.osMessageGet
                0x08004168       0x74 ./Middlewares/Third_Party/FreeRTOS/Source/CMSIS_RTOS/cmsis_os.o
                0x08004168                osMessageGet
 .text.osSystickHandler
                0x080041dc       0x10 ./Middlewares/Third_Party/FreeRTOS/Source/CMSIS_RTOS/cmsis_os.o
                0x080041dc                osSystickHandler
 .text.vListInitialise
                0x080041ec       0x16 ./Middlewares/Third_Party/FreeRTOS/Source/list.o
                0x080041ec                vListInitialise
 .text.vListInitialiseItem
                0x08004202        0x6 ./Middlewares/Third_Party/FreeRTOS/Source/list.o
                0x08004202                vListInitialiseItem
 .text.vListInsertEnd
                0x08004208       0x18 ./Middlewares/Third_Party/FreeRTOS/Source/list.o
                0x08004208                vListInsertEnd
 .text.vListInsert
                0x08004220       0x2e ./Middlewares/Third_Party/FreeRTOS/Source/list.o
                0x08004220                vListInsert
 .text.uxListRemove
                0x0800424e       0x20 ./Middlewares/Third_Party/FreeRTOS/Source/list.o
                0x0800424e                uxListRemove
 .text.unlikely.prvCopyDataToQueue
                0x0800426e       0x70 ./Middlewares/Third_Party/FreeRTOS/Source/queue.o
 .text.unlikely.prvCopyDataFromQueue
                0x080042de       0x24 ./Middlewares/Third_Party/FreeRTOS/Source/queue.o
 .text.prvUnlockQueue
                0x08004302       0x6a ./Middlewares/Third_Party/FreeRTOS/Source/queue.o
 .text.xQueueGenericReset
                0x0800436c       0x68 ./Middlewares/Third_Party/FreeRTOS/Source/queue.o
                0x0800436c                xQueueGenericReset
 .text.xQueueGenericCreate
                0x080043d4       0x3a ./Middlewares/Third_Party/FreeRTOS/Source/queue.o
                0x080043d4                xQueueGenericCreate
 .text.xQueueGenericSend
                0x0800440e      0x11e ./Middlewares/Third_Party/FreeRTOS/Source/queue.o
                0x0800440e                xQueueGenericSend
 .text.xQueueCreateMutex
                0x0800452c       0x24 ./Middlewares/Third_Party/FreeRTOS/Source/queue.o
                0x0800452c                xQueueCreateMutex
 .text.xQueueGenericSendFromISR
                0x08004550       0x92 ./Middlewares/Third_Party/FreeRTOS/Source/queue.o
                0x08004550                xQueueGenericSendFromISR
 .text.xQueueGiveFromISR
                0x080045e2       0x7a ./Middlewares/Third_Party/FreeRTOS/Source/queue.o
                0x080045e2                xQueueGiveFromISR
 .text.xQueueGenericReceive
                0x0800465c      0x14c ./Middlewares/Third_Party/FreeRTOS/Source/queue.o
                0x0800465c                xQueueGenericReceive
 .text.xQueueReceiveFromISR
                0x080047a8       0x80 ./Middlewares/Third_Party/FreeRTOS/Source/queue.o
                0x080047a8                xQueueReceiveFromISR
 .text.prvResetNextTaskUnblockTime
                0x08004828       0x28 ./Middlewares/Third_Party/FreeRTOS/Source/tasks.o
 .text.prvAddCurrentTaskToDelayedList
                0x08004850       0x70 ./Middlewares/Third_Party/FreeRTOS/Source/tasks.o
 .text.xTaskCreate
                0x080048c0      0x188 ./Middlewares/Third_Party/FreeRTOS/Source/tasks.o
                0x080048c0                xTaskCreate
 .text.vTaskStartScheduler
                0x08004a48       0x54 ./Middlewares/Third_Party/FreeRTOS/Source/tasks.o
                0x08004a48                vTaskStartScheduler
 .text.vTaskSuspendAll
                0x08004a9c       0x10 ./Middlewares/Third_Party/FreeRTOS/Source/tasks.o
                0x08004a9c                vTaskSuspendAll
 .text.xTaskIncrementTick
                0x08004aac       0xfc ./Middlewares/Third_Party/FreeRTOS/Source/tasks.o
                0x08004aac                xTaskIncrementTick
 .text.xTaskResumeAll
                0x08004ba8       0xd0 ./Middlewares/Third_Party/FreeRTOS/Source/tasks.o
                0x08004ba8                xTaskResumeAll
 .text.vTaskDelay
                0x08004c78       0x34 ./Middlewares/Third_Party/FreeRTOS/Source/tasks.o
                0x08004c78                vTaskDelay
 .text.prvIdleTask
                0x08004cac       0x68 ./Middlewares/Third_Party/FreeRTOS/Source/tasks.o
 .text.vTaskSwitchContext
                0x08004d14       0x6c ./Middlewares/Third_Party/FreeRTOS/Source/tasks.o
                0x08004d14                vTaskSwitchContext
 .text.vTaskPlaceOnEventList
                0x08004d80       0x24 ./Middlewares/Third_Party/FreeRTOS/Source/tasks.o
                0x08004d80                vTaskPlaceOnEventList
 .text.xTaskRemoveFromEventList
                0x08004da4       0x78 ./Middlewares/Third_Party/FreeRTOS/Source/tasks.o
                0x08004da4                xTaskRemoveFromEventList
 .text.vTaskSetTimeOutState
                0x08004e1c       0x20 ./Middlewares/Third_Party/FreeRTOS/Source/tasks.o
                0x08004e1c                vTaskSetTimeOutState
 .text.xTaskCheckForTimeOut
                0x08004e3c       0x60 ./Middlewares/Third_Party/FreeRTOS/Source/tasks.o
                0x08004e3c                xTaskCheckForTimeOut
 .text.vTaskMissedYield
                0x08004e9c        0xc ./Middlewares/Third_Party/FreeRTOS/Source/tasks.o
                0x08004e9c                vTaskMissedYield
 .text.xTaskGetSchedulerState
                0x08004ea8       0x20 ./Middlewares/Third_Party/FreeRTOS/Source/tasks.o
                0x08004ea8                xTaskGetSchedulerState
 .text.vTaskPriorityInherit
                0x08004ec8       0x6c ./Middlewares/Third_Party/FreeRTOS/Source/tasks.o
                0x08004ec8                vTaskPriorityInherit
 .text.xTaskPriorityDisinherit
                0x08004f34       0x6c ./Middlewares/Third_Party/FreeRTOS/Source/tasks.o
                0x08004f34                xTaskPriorityDisinherit
 .text.pvTaskIncrementMutexHeldCount
                0x08004fa0       0x18 ./Middlewares/Third_Party/FreeRTOS/Source/tasks.o
                0x08004fa0                pvTaskIncrementMutexHeldCount
 .text.HAL_Init
                0x08004fb8       0x20 ./Drivers/STM32F0xx_HAL_Driver/Src/stm32f0xx_hal.o
                0x08004fb8                HAL_Init
 .text.HAL_IncTick
                0x08004fd8       0x10 ./Drivers/STM32F0xx_HAL_Driver/Src/stm32f0xx_hal.o
                0x08004fd8                HAL_IncTick
 .text.HAL_GetTick
                0x08004fe8        0xc ./Drivers/STM32F0xx_HAL_Driver/Src/stm32f0xx_hal.o
                0x08004fe8                HAL_GetTick
 .text.HAL_Delay
                0x08004ff4       0x20 ./Drivers/STM32F0xx_HAL_Driver/Src/stm32f0xx_hal.o
                0x08004ff4                HAL_Delay
 .text.ADC_Disable
                0x08005014       0x72 ./Drivers/STM32F0xx_HAL_Driver/Src/stm32f0xx_hal_adc.o
 *fill*         0x08005086        0x2 
 .text.ADC_Enable
                0x08005088       0x98 ./Drivers/STM32F0xx_HAL_Driver/Src/stm32f0xx_hal_adc.o
 .text.ADC_ConversionStop
                0x08005120       0x52 ./Drivers/STM32F0xx_HAL_Driver/Src/stm32f0xx_hal_adc.o
 *fill*         0x08005172        0x2 
 .text.HAL_ADC_Init
                0x08005174      0x14c ./Drivers/STM32F0xx_HAL_Driver/Src/stm32f0xx_hal_adc.o
                0x08005174                HAL_ADC_Init
 .text.HAL_ADC_Start_DMA
                0x080052c0       0x94 ./Drivers/STM32F0xx_HAL_Driver/Src/stm32f0xx_hal_adc.o
                0x080052c0                HAL_ADC_Start_DMA
 .text.HAL_ADC_Stop_DMA
                0x08005354       0x70 ./Drivers/STM32F0xx_HAL_Driver/Src/stm32f0xx_hal_adc.o
                0x08005354                HAL_ADC_Stop_DMA
 .text.HAL_ADC_ConvCpltCallback
                0x080053c4        0x2 ./Drivers/STM32F0xx_HAL_Driver/Src/stm32f0xx_hal_adc.o
                0x080053c4                HAL_ADC_ConvCpltCallback
 *fill*         0x080053c6        0x2 
 .text.ADC_DMAConvCplt
                0x080053c8       0x70 ./Drivers/STM32F0xx_HAL_Driver/Src/stm32f0xx_hal_adc.o
 .text.HAL_ADC_ConvHalfCpltCallback
                0x08005438        0x2 ./Drivers/STM32F0xx_HAL_Driver/Src/stm32f0xx_hal_adc.o
                0x08005438                HAL_ADC_ConvHalfCpltCallback
 .text.ADC_DMAHalfConvCplt
                0x0800543a        0xa ./Drivers/STM32F0xx_HAL_Driver/Src/stm32f0xx_hal_adc.o
 .text.HAL_ADC_ErrorCallback
                0x08005444        0x2 ./Drivers/STM32F0xx_HAL_Driver/Src/stm32f0xx_hal_adc.o
                0x08005444                HAL_ADC_ErrorCallback
 .text.ADC_DMAError
                0x08005446       0x1a ./Drivers/STM32F0xx_HAL_Driver/Src/stm32f0xx_hal_adc.o
 .text.HAL_ADC_ConfigChannel
                0x08005460      0x100 ./Drivers/STM32F0xx_HAL_Driver/Src/stm32f0xx_hal_adc.o
                0x08005460                HAL_ADC_ConfigChannel
 .text.HAL_CAN_ConfigFilter
                0x08005560       0xdc ./Drivers/STM32F0xx_HAL_Driver/Src/stm32f0xx_hal_can.o
                0x08005560                HAL_CAN_ConfigFilter
 .text.HAL_CAN_Init
                0x0800563c      0x13c ./Drivers/STM32F0xx_HAL_Driver/Src/stm32f0xx_hal_can.o
                0x0800563c                HAL_CAN_Init
 .text.HAL_CAN_Transmit
                0x08005778      0x1c0 ./Drivers/STM32F0xx_HAL_Driver/Src/stm32f0xx_hal_can.o
                0x08005778                HAL_CAN_Transmit
 .text.HAL_CAN_Receive_IT
                0x08005938       0xbc ./Drivers/STM32F0xx_HAL_Driver/Src/stm32f0xx_hal_can.o
                0x08005938                HAL_CAN_Receive_IT
 .text.HAL_CAN_TxCpltCallback
                0x080059f4        0x2 ./Drivers/STM32F0xx_HAL_Driver/Src/stm32f0xx_hal_can.o
                0x080059f4                HAL_CAN_TxCpltCallback
 .text.HAL_CAN_RxCpltCallback
                0x080059f6        0x2 ./Drivers/STM32F0xx_HAL_Driver/Src/stm32f0xx_hal_can.o
                0x080059f6                HAL_CAN_RxCpltCallback
 .text.CAN_Receive_IT
                0x080059f8      0x10c ./Drivers/STM32F0xx_HAL_Driver/Src/stm32f0xx_hal_can.o
 .text.HAL_CAN_ErrorCallback
                0x08005b04        0x2 ./Drivers/STM32F0xx_HAL_Driver/Src/stm32f0xx_hal_can.o
                0x08005b04                HAL_CAN_ErrorCallback
 *fill*         0x08005b06        0x2 
 .text.HAL_CAN_IRQHandler
                0x08005b08      0x1e4 ./Drivers/STM32F0xx_HAL_Driver/Src/stm32f0xx_hal_can.o
                0x08005b08                HAL_CAN_IRQHandler
 .text.HAL_NVIC_SetPriority
                0x08005cec       0x60 ./Drivers/STM32F0xx_HAL_Driver/Src/stm32f0xx_hal_cortex.o
                0x08005cec                HAL_NVIC_SetPriority
 .text.HAL_NVIC_EnableIRQ
                0x08005d4c       0x14 ./Drivers/STM32F0xx_HAL_Driver/Src/stm32f0xx_hal_cortex.o
                0x08005d4c                HAL_NVIC_EnableIRQ
 .text.HAL_SYSTICK_Config
                0x08005d60       0x34 ./Drivers/STM32F0xx_HAL_Driver/Src/stm32f0xx_hal_cortex.o
                0x08005d60                HAL_SYSTICK_Config
 .text.HAL_SYSTICK_CLKSourceConfig
                0x08005d94       0x1c ./Drivers/STM32F0xx_HAL_Driver/Src/stm32f0xx_hal_cortex.o
                0x08005d94                HAL_SYSTICK_CLKSourceConfig
 .text.DMA_CalcBaseAndBitshift
                0x08005db0       0x48 ./Drivers/STM32F0xx_HAL_Driver/Src/stm32f0xx_hal_dma.o
 .text.HAL_DMA_Init
                0x08005df8       0x58 ./Drivers/STM32F0xx_HAL_Driver/Src/stm32f0xx_hal_dma.o
                0x08005df8                HAL_DMA_Init
 .text.HAL_DMA_Start_IT
                0x08005e50       0x76 ./Drivers/STM32F0xx_HAL_Driver/Src/stm32f0xx_hal_dma.o
                0x08005e50                HAL_DMA_Start_IT
 .text.HAL_DMA_Abort
                0x08005ec6       0x2a ./Drivers/STM32F0xx_HAL_Driver/Src/stm32f0xx_hal_dma.o
                0x08005ec6                HAL_DMA_Abort
 .text.HAL_DMA_Abort_IT
                0x08005ef0       0x46 ./Drivers/STM32F0xx_HAL_Driver/Src/stm32f0xx_hal_dma.o
                0x08005ef0                HAL_DMA_Abort_IT
 .text.HAL_DMA_IRQHandler
                0x08005f36       0x92 ./Drivers/STM32F0xx_HAL_Driver/Src/stm32f0xx_hal_dma.o
                0x08005f36                HAL_DMA_IRQHandler
 .text.HAL_GPIO_Init
                0x08005fc8      0x178 ./Drivers/STM32F0xx_HAL_Driver/Src/stm32f0xx_hal_gpio.o
                0x08005fc8                HAL_GPIO_Init
 .text.HAL_GPIO_ReadPin
                0x08006140        0xc ./Drivers/STM32F0xx_HAL_Driver/Src/stm32f0xx_hal_gpio.o
                0x08006140                HAL_GPIO_ReadPin
 .text.HAL_GPIO_WritePin
                0x0800614c        0xc ./Drivers/STM32F0xx_HAL_Driver/Src/stm32f0xx_hal_gpio.o
                0x0800614c                HAL_GPIO_WritePin
 .text.I2C_Flush_TXDR
                0x08006158       0x1c ./Drivers/STM32F0xx_HAL_Driver/Src/stm32f0xx_hal_i2c.o
 .text.I2C_TransferConfig
                0x08006174       0x24 ./Drivers/STM32F0xx_HAL_Driver/Src/stm32f0xx_hal_i2c.o
 .text.I2C_Disable_IRQ
                0x08006198       0x60 ./Drivers/STM32F0xx_HAL_Driver/Src/stm32f0xx_hal_i2c.o
 .text.I2C_WaitOnFlagUntilTimeout
                0x080061f8       0x4c ./Drivers/STM32F0xx_HAL_Driver/Src/stm32f0xx_hal_i2c.o
 .text.I2C_IsAcknowledgeFailed
                0x08006244       0x80 ./Drivers/STM32F0xx_HAL_Driver/Src/stm32f0xx_hal_i2c.o
 .text.I2C_WaitOnTXISFlagUntilTimeout
                0x080062c4       0x5a ./Drivers/STM32F0xx_HAL_Driver/Src/stm32f0xx_hal_i2c.o
 *fill*         0x0800631e        0x2 
 .text.I2C_WaitOnRXNEFlagUntilTimeout
                0x08006320       0x78 ./Drivers/STM32F0xx_HAL_Driver/Src/stm32f0xx_hal_i2c.o
 .text.I2C_WaitOnSTOPFlagUntilTimeout
                0x08006398       0x56 ./Drivers/STM32F0xx_HAL_Driver/Src/stm32f0xx_hal_i2c.o
 *fill*         0x080063ee        0x2 
 .text.HAL_I2C_Init
                0x080063f0       0xac ./Drivers/STM32F0xx_HAL_Driver/Src/stm32f0xx_hal_i2c.o
                0x080063f0                HAL_I2C_Init
 .text.HAL_I2C_Master_Transmit
                0x0800649c      0x130 ./Drivers/STM32F0xx_HAL_Driver/Src/stm32f0xx_hal_i2c.o
                0x0800649c                HAL_I2C_Master_Transmit
 .text.HAL_I2C_Master_Receive
                0x080065cc      0x130 ./Drivers/STM32F0xx_HAL_Driver/Src/stm32f0xx_hal_i2c.o
                0x080065cc                HAL_I2C_Master_Receive
 .text.HAL_I2C_EV_IRQHandler
                0x080066fc       0x12 ./Drivers/STM32F0xx_HAL_Driver/Src/stm32f0xx_hal_i2c.o
                0x080066fc                HAL_I2C_EV_IRQHandler
 .text.HAL_I2C_SlaveTxCpltCallback
                0x0800670e        0x2 ./Drivers/STM32F0xx_HAL_Driver/Src/stm32f0xx_hal_i2c.o
                0x0800670e                HAL_I2C_SlaveTxCpltCallback
 .text.HAL_I2C_SlaveRxCpltCallback
                0x08006710        0x2 ./Drivers/STM32F0xx_HAL_Driver/Src/stm32f0xx_hal_i2c.o
                0x08006710                HAL_I2C_SlaveRxCpltCallback
 .text.I2C_ITSlaveSequentialCplt
                0x08006712       0x52 ./Drivers/STM32F0xx_HAL_Driver/Src/stm32f0xx_hal_i2c.o
 .text.HAL_I2C_AddrCallback
                0x08006764        0x2 ./Drivers/STM32F0xx_HAL_Driver/Src/stm32f0xx_hal_i2c.o
                0x08006764                HAL_I2C_AddrCallback
 .text.HAL_I2C_ListenCpltCallback
                0x08006766        0x2 ./Drivers/STM32F0xx_HAL_Driver/Src/stm32f0xx_hal_i2c.o
                0x08006766                HAL_I2C_ListenCpltCallback
 .text.I2C_ITListenCplt
                0x08006768       0x64 ./Drivers/STM32F0xx_HAL_Driver/Src/stm32f0xx_hal_i2c.o
 .text.HAL_I2C_ErrorCallback
                0x080067cc        0x2 ./Drivers/STM32F0xx_HAL_Driver/Src/stm32f0xx_hal_i2c.o
                0x080067cc                HAL_I2C_ErrorCallback
 .text.HAL_I2C_AbortCpltCallback
                0x080067ce        0x2 ./Drivers/STM32F0xx_HAL_Driver/Src/stm32f0xx_hal_i2c.o
                0x080067ce                HAL_I2C_AbortCpltCallback
 .text.I2C_ITError
                0x080067d0       0xe0 ./Drivers/STM32F0xx_HAL_Driver/Src/stm32f0xx_hal_i2c.o
 .text.I2C_ITSlaveCplt
                0x080068b0       0xf8 ./Drivers/STM32F0xx_HAL_Driver/Src/stm32f0xx_hal_i2c.o
 .text.I2C_Slave_ISR_IT
                0x080069a8      0x1d0 ./Drivers/STM32F0xx_HAL_Driver/Src/stm32f0xx_hal_i2c.o
 .text.HAL_I2C_ER_IRQHandler
                0x08006b78       0x5a ./Drivers/STM32F0xx_HAL_Driver/Src/stm32f0xx_hal_i2c.o
                0x08006b78                HAL_I2C_ER_IRQHandler
 .text.I2C_DMAAbort
                0x08006bd2       0x34 ./Drivers/STM32F0xx_HAL_Driver/Src/stm32f0xx_hal_i2c.o
 *fill*         0x08006c06        0x2 
 .text.HAL_I2CEx_ConfigAnalogFilter
                0x08006c08       0x4c ./Drivers/STM32F0xx_HAL_Driver/Src/stm32f0xx_hal_i2c_ex.o
                0x08006c08                HAL_I2CEx_ConfigAnalogFilter
 .text.HAL_I2CEx_ConfigDigitalFilter
                0x08006c54       0x48 ./Drivers/STM32F0xx_HAL_Driver/Src/stm32f0xx_hal_i2c_ex.o
                0x08006c54                HAL_I2CEx_ConfigDigitalFilter
 .text.HAL_I2CEx_EnableFastModePlus
                0x08006c9c       0x28 ./Drivers/STM32F0xx_HAL_Driver/Src/stm32f0xx_hal_i2c_ex.o
                0x08006c9c                HAL_I2CEx_EnableFastModePlus
 .text.HAL_IWDG_Init
                0x08006cc4       0x58 ./Drivers/STM32F0xx_HAL_Driver/Src/stm32f0xx_hal_iwdg.o
                0x08006cc4                HAL_IWDG_Init
 .text.HAL_IWDG_Refresh
                0x08006d1c       0x10 ./Drivers/STM32F0xx_HAL_Driver/Src/stm32f0xx_hal_iwdg.o
                0x08006d1c                HAL_IWDG_Refresh
 .text.HAL_PWR_EnableBkUpAccess
                0x08006d2c       0x14 ./Drivers/STM32F0xx_HAL_Driver/Src/stm32f0xx_hal_pwr.o
                0x08006d2c                HAL_PWR_EnableBkUpAccess
 .text.HAL_RCC_OscConfig
                0x08006d40      0x464 ./Drivers/STM32F0xx_HAL_Driver/Src/stm32f0xx_hal_rcc.o
                0x08006d40                HAL_RCC_OscConfig
 .text.HAL_RCC_MCOConfig
                0x080071a4       0x54 ./Drivers/STM32F0xx_HAL_Driver/Src/stm32f0xx_hal_rcc.o
                0x080071a4                HAL_RCC_MCOConfig
 .text.HAL_RCC_GetSysClockFreq
                0x080071f8       0x78 ./Drivers/STM32F0xx_HAL_Driver/Src/stm32f0xx_hal_rcc.o
                0x080071f8                HAL_RCC_GetSysClockFreq
 .text.HAL_RCC_ClockConfig
                0x08007270      0x15c ./Drivers/STM32F0xx_HAL_Driver/Src/stm32f0xx_hal_rcc.o
                0x08007270                HAL_RCC_ClockConfig
 .text.HAL_RCC_GetHCLKFreq
                0x080073cc        0xc ./Drivers/STM32F0xx_HAL_Driver/Src/stm32f0xx_hal_rcc.o
                0x080073cc                HAL_RCC_GetHCLKFreq
 .text.HAL_RCC_GetPCLK1Freq
                0x080073d8       0x20 ./Drivers/STM32F0xx_HAL_Driver/Src/stm32f0xx_hal_rcc.o
                0x080073d8                HAL_RCC_GetPCLK1Freq
 .text.HAL_RCC_GetClockConfig
                0x080073f8       0x38 ./Drivers/STM32F0xx_HAL_Driver/Src/stm32f0xx_hal_rcc.o
                0x080073f8                HAL_RCC_GetClockConfig
 .text.HAL_RCCEx_PeriphCLKConfig
                0x08007430      0x144 ./Drivers/STM32F0xx_HAL_Driver/Src/stm32f0xx_hal_rcc_ex.o
                0x08007430                HAL_RCCEx_PeriphCLKConfig
 .text.HAL_RTC_AlarmIRQHandler
                0x08007574       0x38 ./Drivers/STM32F0xx_HAL_Driver/Src/stm32f0xx_hal_rtc.o
                0x08007574                HAL_RTC_AlarmIRQHandler
 .text.HAL_RTC_WaitForSynchro
                0x080075ac       0x34 ./Drivers/STM32F0xx_HAL_Driver/Src/stm32f0xx_hal_rtc.o
                0x080075ac                HAL_RTC_WaitForSynchro
 .text.RTC_EnterInitMode
                0x080075e0       0x38 ./Drivers/STM32F0xx_HAL_Driver/Src/stm32f0xx_hal_rtc.o
                0x080075e0                RTC_EnterInitMode
 .text.HAL_RTC_Init
                0x08007618       0xa8 ./Drivers/STM32F0xx_HAL_Driver/Src/stm32f0xx_hal_rtc.o
                0x08007618                HAL_RTC_Init
 .text.RTC_ByteToBcd2
                0x080076c0       0x16 ./Drivers/STM32F0xx_HAL_Driver/Src/stm32f0xx_hal_rtc.o
                0x080076c0                RTC_ByteToBcd2
 *fill*         0x080076d6        0x2 
 .text.HAL_RTC_SetTime
                0x080076d8       0xe8 ./Drivers/STM32F0xx_HAL_Driver/Src/stm32f0xx_hal_rtc.o
                0x080076d8                HAL_RTC_SetTime
 .text.HAL_RTC_SetDate
                0x080077c0       0xc8 ./Drivers/STM32F0xx_HAL_Driver/Src/stm32f0xx_hal_rtc.o
                0x080077c0                HAL_RTC_SetDate
 .text.HAL_RTC_SetAlarm_IT
                0x08007888      0x12c ./Drivers/STM32F0xx_HAL_Driver/Src/stm32f0xx_hal_rtc.o
                0x08007888                HAL_RTC_SetAlarm_IT
 .text.RTC_Bcd2ToByte
                0x080079b4       0x10 ./Drivers/STM32F0xx_HAL_Driver/Src/stm32f0xx_hal_rtc.o
                0x080079b4                RTC_Bcd2ToByte
 .text.HAL_RTC_GetTime
                0x080079c4       0x4c ./Drivers/STM32F0xx_HAL_Driver/Src/stm32f0xx_hal_rtc.o
                0x080079c4                HAL_RTC_GetTime
 .text.HAL_RTC_GetDate
                0x08007a10       0x3e ./Drivers/STM32F0xx_HAL_Driver/Src/stm32f0xx_hal_rtc.o
                0x08007a10                HAL_RTC_GetDate
 *fill*         0x08007a4e        0x2 
 .text.HAL_RTC_GetAlarm
                0x08007a50       0x7c ./Drivers/STM32F0xx_HAL_Driver/Src/stm32f0xx_hal_rtc.o
                0x08007a50                HAL_RTC_GetAlarm
 .text.HAL_RTCEx_SetTimeStamp_IT
                0x08007acc       0x60 ./Drivers/STM32F0xx_HAL_Driver/Src/stm32f0xx_hal_rtc_ex.o
                0x08007acc                HAL_RTCEx_SetTimeStamp_IT
 .text.HAL_RTCEx_TimeStampEventCallback
                0x08007b2c        0x2 ./Drivers/STM32F0xx_HAL_Driver/Src/stm32f0xx_hal_rtc_ex.o
                0x08007b2c                HAL_RTCEx_TimeStampEventCallback
 .text.HAL_RTCEx_Tamper1EventCallback
                0x08007b2e        0x2 ./Drivers/STM32F0xx_HAL_Driver/Src/stm32f0xx_hal_rtc_ex.o
                0x08007b2e                HAL_RTCEx_Tamper1EventCallback
 .text.HAL_RTCEx_Tamper2EventCallback
                0x08007b30        0x2 ./Drivers/STM32F0xx_HAL_Driver/Src/stm32f0xx_hal_rtc_ex.o
                0x08007b30                HAL_RTCEx_Tamper2EventCallback
 .text.HAL_RTCEx_Tamper3EventCallback
                0x08007b32        0x2 ./Drivers/STM32F0xx_HAL_Driver/Src/stm32f0xx_hal_rtc_ex.o
                0x08007b32                HAL_RTCEx_Tamper3EventCallback
 .text.HAL_RTCEx_TamperTimeStampIRQHandler
                0x08007b34       0xa4 ./Drivers/STM32F0xx_HAL_Driver/Src/stm32f0xx_hal_rtc_ex.o
                0x08007b34                HAL_RTCEx_TamperTimeStampIRQHandler
 .text.HAL_RTCEx_SetWakeUpTimer_IT
                0x08007bd8       0xec ./Drivers/STM32F0xx_HAL_Driver/Src/stm32f0xx_hal_rtc_ex.o
                0x08007bd8                HAL_RTCEx_SetWakeUpTimer_IT
 .text.HAL_RTCEx_WakeUpTimerEventCallback
                0x08007cc4        0x2 ./Drivers/STM32F0xx_HAL_Driver/Src/stm32f0xx_hal_rtc_ex.o
                0x08007cc4                HAL_RTCEx_WakeUpTimerEventCallback
 *fill*         0x08007cc6        0x2 
 .text.HAL_RTCEx_WakeUpTimerIRQHandler
                0x08007cc8       0x38 ./Drivers/STM32F0xx_HAL_Driver/Src/stm32f0xx_hal_rtc_ex.o
                0x08007cc8                HAL_RTCEx_WakeUpTimerIRQHandler
 .text.HAL_RTCEx_BKUPWrite
                0x08007d00        0xc ./Drivers/STM32F0xx_HAL_Driver/Src/stm32f0xx_hal_rtc_ex.o
                0x08007d00                HAL_RTCEx_BKUPWrite
 .text.HAL_RTCEx_BKUPRead
                0x08007d0c        0xc ./Drivers/STM32F0xx_HAL_Driver/Src/stm32f0xx_hal_rtc_ex.o
                0x08007d0c                HAL_RTCEx_BKUPRead
 .text.SPI_WaitFifoStateUntilTimeout.part.1
                0x08007d18       0x60 ./Drivers/STM32F0xx_HAL_Driver/Src/stm32f0xx_hal_spi.o
 .text.SPI_WaitFlagStateUntilTimeout.constprop.9
                0x08007d78       0x2e ./Drivers/STM32F0xx_HAL_Driver/Src/stm32f0xx_hal_spi.o
 .text.SPI_WaitFifoStateUntilTimeout.constprop.10
                0x08007da6       0x48 ./Drivers/STM32F0xx_HAL_Driver/Src/stm32f0xx_hal_spi.o
 .text.SPI_EndRxTxTransaction
                0x08007dee       0x46 ./Drivers/STM32F0xx_HAL_Driver/Src/stm32f0xx_hal_spi.o
 .text.SPI_EndRxTransaction
                0x08007e34       0x7a ./Drivers/STM32F0xx_HAL_Driver/Src/stm32f0xx_hal_spi.o
 *fill*         0x08007eae        0x2 
 .text.HAL_SPI_Init
                0x08007eb0       0xbc ./Drivers/STM32F0xx_HAL_Driver/Src/stm32f0xx_hal_spi.o
                0x08007eb0                HAL_SPI_Init
 .text.HAL_SPI_Transmit
                0x08007f6c      0x1aa ./Drivers/STM32F0xx_HAL_Driver/Src/stm32f0xx_hal_spi.o
                0x08007f6c                HAL_SPI_Transmit
 *fill*         0x08008116        0x2 
 .text.HAL_SPI_TransmitReceive
                0x08008118      0x268 ./Drivers/STM32F0xx_HAL_Driver/Src/stm32f0xx_hal_spi.o
                0x08008118                HAL_SPI_TransmitReceive
 .text.HAL_SPI_Receive
                0x08008380      0x17c ./Drivers/STM32F0xx_HAL_Driver/Src/stm32f0xx_hal_spi.o
                0x08008380                HAL_SPI_Receive
 .text.TIM_OC1_SetConfig
                0x080084fc       0x88 ./Drivers/STM32F0xx_HAL_Driver/Src/stm32f0xx_hal_tim.o
 .text.TIM_OC3_SetConfig
                0x08008584       0x88 ./Drivers/STM32F0xx_HAL_Driver/Src/stm32f0xx_hal_tim.o
 .text.TIM_OC4_SetConfig
                0x0800860c       0x74 ./Drivers/STM32F0xx_HAL_Driver/Src/stm32f0xx_hal_tim.o
 .text.HAL_TIM_Base_Start_IT
                0x08008680       0x14 ./Drivers/STM32F0xx_HAL_Driver/Src/stm32f0xx_hal_tim.o
                0x08008680                HAL_TIM_Base_Start_IT
 .text.HAL_TIM_PWM_MspInit
                0x08008694        0x2 ./Drivers/STM32F0xx_HAL_Driver/Src/stm32f0xx_hal_tim.o
                0x08008694                HAL_TIM_PWM_MspInit
 .text.HAL_TIM_OC_DelayElapsedCallback
                0x08008696        0x2 ./Drivers/STM32F0xx_HAL_Driver/Src/stm32f0xx_hal_tim.o
                0x08008696                HAL_TIM_OC_DelayElapsedCallback
 .text.HAL_TIM_IC_CaptureCallback
                0x08008698        0x2 ./Drivers/STM32F0xx_HAL_Driver/Src/stm32f0xx_hal_tim.o
                0x08008698                HAL_TIM_IC_CaptureCallback
 .text.HAL_TIM_PWM_PulseFinishedCallback
                0x0800869a        0x2 ./Drivers/STM32F0xx_HAL_Driver/Src/stm32f0xx_hal_tim.o
                0x0800869a                HAL_TIM_PWM_PulseFinishedCallback
 .text.HAL_TIM_TriggerCallback
                0x0800869c        0x2 ./Drivers/STM32F0xx_HAL_Driver/Src/stm32f0xx_hal_tim.o
                0x0800869c                HAL_TIM_TriggerCallback
 .text.HAL_TIM_IRQHandler
                0x0800869e      0x148 ./Drivers/STM32F0xx_HAL_Driver/Src/stm32f0xx_hal_tim.o
                0x0800869e                HAL_TIM_IRQHandler
 *fill*         0x080087e6        0x2 
 .text.TIM_Base_SetConfig
                0x080087e8       0xa0 ./Drivers/STM32F0xx_HAL_Driver/Src/stm32f0xx_hal_tim.o
                0x080087e8                TIM_Base_SetConfig
 .text.HAL_TIM_Base_Init
                0x08008888       0x36 ./Drivers/STM32F0xx_HAL_Driver/Src/stm32f0xx_hal_tim.o
                0x08008888                HAL_TIM_Base_Init
 .text.HAL_TIM_PWM_Init
                0x080088be       0x36 ./Drivers/STM32F0xx_HAL_Driver/Src/stm32f0xx_hal_tim.o
                0x080088be                HAL_TIM_PWM_Init
 .text.TIM_OC2_SetConfig
                0x080088f4       0x80 ./Drivers/STM32F0xx_HAL_Driver/Src/stm32f0xx_hal_tim.o
                0x080088f4                TIM_OC2_SetConfig
 .text.HAL_TIM_PWM_ConfigChannel
                0x08008974       0xd4 ./Drivers/STM32F0xx_HAL_Driver/Src/stm32f0xx_hal_tim.o
                0x08008974                HAL_TIM_PWM_ConfigChannel
 .text.TIM_ETR_SetConfig
                0x08008a48       0x18 ./Drivers/STM32F0xx_HAL_Driver/Src/stm32f0xx_hal_tim.o
                0x08008a48                TIM_ETR_SetConfig
 .text.HAL_TIM_ConfigClockSource
                0x08008a60      0x168 ./Drivers/STM32F0xx_HAL_Driver/Src/stm32f0xx_hal_tim.o
                0x08008a60                HAL_TIM_ConfigClockSource
 .text.TIM_SlaveTimer_SetConfig
                0x08008bc8       0xa4 ./Drivers/STM32F0xx_HAL_Driver/Src/stm32f0xx_hal_tim.o
 .text.HAL_TIM_SlaveConfigSynchronization
                0x08008c6c       0x40 ./Drivers/STM32F0xx_HAL_Driver/Src/stm32f0xx_hal_tim.o
                0x08008c6c                HAL_TIM_SlaveConfigSynchronization
 .text.HAL_TIMEx_MasterConfigSynchronization
                0x08008cac       0x42 ./Drivers/STM32F0xx_HAL_Driver/Src/stm32f0xx_hal_tim_ex.o
                0x08008cac                HAL_TIMEx_MasterConfigSynchronization
 .text.HAL_TIMEx_CommutationCallback
                0x08008cee        0x2 ./Drivers/STM32F0xx_HAL_Driver/Src/stm32f0xx_hal_tim_ex.o
                0x08008cee                HAL_TIMEx_CommutationCallback
 .text.HAL_TIMEx_BreakCallback
                0x08008cf0        0x2 ./Drivers/STM32F0xx_HAL_Driver/Src/stm32f0xx_hal_tim_ex.o
                0x08008cf0                HAL_TIMEx_BreakCallback
 *fill*         0x08008cf2        0x2 
 .text.UART_EndRxTransfer
                0x08008cf4       0x20 ./Drivers/STM32F0xx_HAL_Driver/Src/stm32f0xx_hal_uart.o
 .text.HAL_UART_Transmit_DMA
                0x08008d14       0x8c ./Drivers/STM32F0xx_HAL_Driver/Src/stm32f0xx_hal_uart.o
                0x08008d14                HAL_UART_Transmit_DMA
 .text.HAL_UART_Receive_DMA
                0x08008da0       0x9c ./Drivers/STM32F0xx_HAL_Driver/Src/stm32f0xx_hal_uart.o
                0x08008da0                HAL_UART_Receive_DMA
 .text.HAL_UART_TxCpltCallback
                0x08008e3c        0x2 ./Drivers/STM32F0xx_HAL_Driver/Src/stm32f0xx_hal_uart.o
                0x08008e3c                HAL_UART_TxCpltCallback
 .text.UART_DMATransmitCplt
                0x08008e3e       0x30 ./Drivers/STM32F0xx_HAL_Driver/Src/stm32f0xx_hal_uart.o
 .text.HAL_UART_TxHalfCpltCallback
                0x08008e6e        0x2 ./Drivers/STM32F0xx_HAL_Driver/Src/stm32f0xx_hal_uart.o
                0x08008e6e                HAL_UART_TxHalfCpltCallback
 .text.UART_DMATxHalfCplt
                0x08008e70        0xa ./Drivers/STM32F0xx_HAL_Driver/Src/stm32f0xx_hal_uart.o
 *fill*         0x08008e7a        0x2 
 .text.UART_DMAReceiveCplt
                0x08008e7c       0x44 ./Drivers/STM32F0xx_HAL_Driver/Src/stm32f0xx_hal_uart.o
 .text.HAL_UART_RxHalfCpltCallback
                0x08008ec0        0x2 ./Drivers/STM32F0xx_HAL_Driver/Src/stm32f0xx_hal_uart.o
                0x08008ec0                HAL_UART_RxHalfCpltCallback
 .text.UART_DMARxHalfCplt
                0x08008ec2        0xa ./Drivers/STM32F0xx_HAL_Driver/Src/stm32f0xx_hal_uart.o
 .text.HAL_UART_ErrorCallback
                0x08008ecc        0x2 ./Drivers/STM32F0xx_HAL_Driver/Src/stm32f0xx_hal_uart.o
                0x08008ecc                HAL_UART_ErrorCallback
 .text.UART_DMAError
                0x08008ece       0x5a ./Drivers/STM32F0xx_HAL_Driver/Src/stm32f0xx_hal_uart.o
 .text.UART_DMAAbortOnError
                0x08008f28       0x16 ./Drivers/STM32F0xx_HAL_Driver/Src/stm32f0xx_hal_uart.o
 .text.HAL_UART_AbortCpltCallback
                0x08008f3e        0x2 ./Drivers/STM32F0xx_HAL_Driver/Src/stm32f0xx_hal_uart.o
                0x08008f3e                HAL_UART_AbortCpltCallback
 .text.HAL_UART_Abort_IT
                0x08008f40       0xc0 ./Drivers/STM32F0xx_HAL_Driver/Src/stm32f0xx_hal_uart.o
                0x08008f40                HAL_UART_Abort_IT
 .text.UART_DMARxAbortCallback
                0x08009000       0x36 ./Drivers/STM32F0xx_HAL_Driver/Src/stm32f0xx_hal_uart.o
 .text.UART_DMATxAbortCallback
                0x08009036       0x36 ./Drivers/STM32F0xx_HAL_Driver/Src/stm32f0xx_hal_uart.o
 .text.UART_SetConfig
                0x0800906c      0x1c0 ./Drivers/STM32F0xx_HAL_Driver/Src/stm32f0xx_hal_uart.o
                0x0800906c                UART_SetConfig
 .text.UART_AdvFeatureConfig
                0x0800922c       0xd0 ./Drivers/STM32F0xx_HAL_Driver/Src/stm32f0xx_hal_uart.o
                0x0800922c                UART_AdvFeatureConfig
 .text.UART_WaitOnFlagUntilTimeout
                0x080092fc       0x64 ./Drivers/STM32F0xx_HAL_Driver/Src/stm32f0xx_hal_uart.o
                0x080092fc                UART_WaitOnFlagUntilTimeout
 .text.HAL_UART_Transmit
                0x08009360       0xcc ./Drivers/STM32F0xx_HAL_Driver/Src/stm32f0xx_hal_uart.o
                0x08009360                HAL_UART_Transmit
 .text.UART_CheckIdleState
                0x0800942c       0x84 ./Drivers/STM32F0xx_HAL_Driver/Src/stm32f0xx_hal_uart.o
                0x0800942c                UART_CheckIdleState
 .text.HAL_UART_Init
                0x080094b0       0x6c ./Drivers/STM32F0xx_HAL_Driver/Src/stm32f0xx_hal_uart.o
                0x080094b0                HAL_UART_Init
 .text.UART_Transmit_IT
                0x0800951c       0x64 ./Drivers/STM32F0xx_HAL_Driver/Src/stm32f0xx_hal_uart.o
                0x0800951c                UART_Transmit_IT
 .text.UART_EndTransmit_IT
                0x08009580       0x1c ./Drivers/STM32F0xx_HAL_Driver/Src/stm32f0xx_hal_uart.o
                0x08009580                UART_EndTransmit_IT
 .text.UART_Receive_IT
                0x0800959c       0x7c ./Drivers/STM32F0xx_HAL_Driver/Src/stm32f0xx_hal_uart.o
                0x0800959c                UART_Receive_IT
 .text.HAL_UART_IRQHandler
                0x08009618      0x138 ./Drivers/STM32F0xx_HAL_Driver/Src/stm32f0xx_hal_uart.o
                0x08009618                HAL_UART_IRQHandler
 .text.HAL_UARTEx_WakeupCallback
                0x08009750        0x2 ./Drivers/STM32F0xx_HAL_Driver/Src/stm32f0xx_hal_uart_ex.o
                0x08009750                HAL_UARTEx_WakeupCallback
 *fill*         0x08009752        0x2 
 .text.__libc_init_array
                0x08009754       0x48 c:/program files (x86)/gnu tools arm embedded/6 2017-q2-update/bin/../lib/gcc/arm-none-eabi/6.3.1/../../../../arm-none-eabi/lib/thumb/v6-m\libg_nano.a(lib_a-init.o)
                0x08009754                __libc_init_array
 .text.memcpy   0x0800979c       0x12 c:/program files (x86)/gnu tools arm embedded/6 2017-q2-update/bin/../lib/gcc/arm-none-eabi/6.3.1/../../../../arm-none-eabi/lib/thumb/v6-m\libg_nano.a(lib_a-memcpy-stub.o)
                0x0800979c                memcpy
 .text.memset   0x080097ae       0x10 c:/program files (x86)/gnu tools arm embedded/6 2017-q2-update/bin/../lib/gcc/arm-none-eabi/6.3.1/../../../../arm-none-eabi/lib/thumb/v6-m\libg_nano.a(lib_a-memset.o)
                0x080097ae                memset
 .text.strncpy  0x080097be       0x2a c:/program files (x86)/gnu tools arm embedded/6 2017-q2-update/bin/../lib/gcc/arm-none-eabi/6.3.1/../../../../arm-none-eabi/lib/thumb/v6-m\libg_nano.a(lib_a-strncpy.o)
                0x080097be                strncpy
 .text._vsnprintf_r
                0x080097e8       0x56 c:/program files (x86)/gnu tools arm embedded/6 2017-q2-update/bin/../lib/gcc/arm-none-eabi/6.3.1/../../../../arm-none-eabi/lib/thumb/v6-m\libg_nano.a(lib_a-vsnprintf.o)
                0x080097e8                _vsniprintf_r
                0x080097e8                _vsnprintf_r
 *fill*         0x0800983e        0x2 
 .text.vsnprintf
                0x08009840       0x18 c:/program files (x86)/gnu tools arm embedded/6 2017-q2-update/bin/../lib/gcc/arm-none-eabi/6.3.1/../../../../arm-none-eabi/lib/thumb/v6-m\libg_nano.a(lib_a-vsnprintf.o)
                0x08009840                vsniprintf
                0x08009840                vsnprintf
 .text.__ssputs_r
                0x08009858       0xc4 c:/program files (x86)/gnu tools arm embedded/6 2017-q2-update/bin/../lib/gcc/arm-none-eabi/6.3.1/../../../../arm-none-eabi/lib/thumb/v6-m\libg_nano.a(lib_a-nano-svfprintf.o)
                0x08009858                __ssputs_r
 .text._svfprintf_r
                0x0800991c      0x208 c:/program files (x86)/gnu tools arm embedded/6 2017-q2-update/bin/../lib/gcc/arm-none-eabi/6.3.1/../../../../arm-none-eabi/lib/thumb/v6-m\libg_nano.a(lib_a-nano-svfprintf.o)
                0x0800991c                _svfiprintf_r
                0x0800991c                _svfprintf_r
 .text._printf_common
                0x08009b24       0xda c:/program files (x86)/gnu tools arm embedded/6 2017-q2-update/bin/../lib/gcc/arm-none-eabi/6.3.1/../../../../arm-none-eabi/lib/thumb/v6-m\libg_nano.a(lib_a-nano-vfprintf_i.o)
                0x08009b24                _printf_common
 *fill*         0x08009bfe        0x2 
 .text._printf_i
                0x08009c00      0x234 c:/program files (x86)/gnu tools arm embedded/6 2017-q2-update/bin/../lib/gcc/arm-none-eabi/6.3.1/../../../../arm-none-eabi/lib/thumb/v6-m\libg_nano.a(lib_a-nano-vfprintf_i.o)
                0x08009c00                _printf_i
 .text.memchr   0x08009e34       0x16 c:/program files (x86)/gnu tools arm embedded/6 2017-q2-update/bin/../lib/gcc/arm-none-eabi/6.3.1/../../../../arm-none-eabi/lib/thumb/v6-m\libg_nano.a(lib_a-memchr-stub.o)
                0x08009e34                memchr
 .text.memmove  0x08009e4a       0x24 c:/program files (x86)/gnu tools arm embedded/6 2017-q2-update/bin/../lib/gcc/arm-none-eabi/6.3.1/../../../../arm-none-eabi/lib/thumb/v6-m\libg_nano.a(lib_a-memmove.o)
                0x08009e4a                memmove
 *fill*         0x08009e6e        0x2 
 .text._free_r  0x08009e70       0x94 c:/program files (x86)/gnu tools arm embedded/6 2017-q2-update/bin/../lib/gcc/arm-none-eabi/6.3.1/../../../../arm-none-eabi/lib/thumb/v6-m\libg_nano.a(lib_a-nano-freer.o)
                0x08009e70                _free_r
 .text._malloc_r
                0x08009f04       0xbc c:/program files (x86)/gnu tools arm embedded/6 2017-q2-update/bin/../lib/gcc/arm-none-eabi/6.3.1/../../../../arm-none-eabi/lib/thumb/v6-m\libg_nano.a(lib_a-nano-mallocr.o)
                0x08009f04                _malloc_r
 .text._realloc_r
                0x08009fc0       0x4c c:/program files (x86)/gnu tools arm embedded/6 2017-q2-update/bin/../lib/gcc/arm-none-eabi/6.3.1/../../../../arm-none-eabi/lib/thumb/v6-m\libg_nano.a(lib_a-nano-reallocr.o)
                0x08009fc0                _realloc_r
 .text._sbrk_r  0x0800a00c       0x24 c:/program files (x86)/gnu tools arm embedded/6 2017-q2-update/bin/../lib/gcc/arm-none-eabi/6.3.1/../../../../arm-none-eabi/lib/thumb/v6-m\libg_nano.a(lib_a-sbrkr.o)
                0x0800a00c                _sbrk_r
 .text.__malloc_lock
                0x0800a030        0x2 c:/program files (x86)/gnu tools arm embedded/6 2017-q2-update/bin/../lib/gcc/arm-none-eabi/6.3.1/../../../../arm-none-eabi/lib/thumb/v6-m\libg_nano.a(lib_a-mlock.o)
                0x0800a030                __malloc_lock
 .text.__malloc_unlock
                0x0800a032        0x2 c:/program files (x86)/gnu tools arm embedded/6 2017-q2-update/bin/../lib/gcc/arm-none-eabi/6.3.1/../../../../arm-none-eabi/lib/thumb/v6-m\libg_nano.a(lib_a-mlock.o)
                0x0800a032                __malloc_unlock
 .text._malloc_usable_size_r
                0x0800a034       0x10 c:/program files (x86)/gnu tools arm embedded/6 2017-q2-update/bin/../lib/gcc/arm-none-eabi/6.3.1/../../../../arm-none-eabi/lib/thumb/v6-m\libg_nano.a(lib_a-nano-msizer.o)
                0x0800a034                _malloc_usable_size_r
 .text._sbrk    0x0800a044       0x1c c:/program files (x86)/gnu tools arm embedded/6 2017-q2-update/bin/../lib/gcc/arm-none-eabi/6.3.1/../../../../arm-none-eabi/lib/thumb/v6-m\libnosys.a(sbrk.o)
                0x0800a044                _sbrk
 *(.glue_7)
 .glue_7        0x0800a060        0x0 linker stubs
 *(.glue_7t)
 .glue_7t       0x0800a060        0x0 linker stubs
 *(.eh_frame)
 .eh_frame      0x0800a060        0x0 c:/program files (x86)/gnu tools arm embedded/6 2017-q2-update/bin/../lib/gcc/arm-none-eabi/6.3.1/thumb/v6-m/crtbegin.o
 *(.init)
 .init          0x0800a060        0x4 c:/program files (x86)/gnu tools arm embedded/6 2017-q2-update/bin/../lib/gcc/arm-none-eabi/6.3.1/thumb/v6-m/crti.o
                0x0800a060                _init
 .init          0x0800a064        0x8 c:/program files (x86)/gnu tools arm embedded/6 2017-q2-update/bin/../lib/gcc/arm-none-eabi/6.3.1/thumb/v6-m/crtn.o
 *(.fini)
 .fini          0x0800a06c        0x4 c:/program files (x86)/gnu tools arm embedded/6 2017-q2-update/bin/../lib/gcc/arm-none-eabi/6.3.1/thumb/v6-m/crti.o
                0x0800a06c                _fini
 .fini          0x0800a070        0x8 c:/program files (x86)/gnu tools arm embedded/6 2017-q2-update/bin/../lib/gcc/arm-none-eabi/6.3.1/thumb/v6-m/crtn.o
                0x0800a078                . = ALIGN (0x4)
                0x0800a078                _etext = .

.vfp11_veneer   0x0800a078        0x0
 .vfp11_veneer  0x0800a078        0x0 linker stubs

.v4_bx          0x0800a078        0x0
 .v4_bx         0x0800a078        0x0 linker stubs

.iplt           0x0800a078        0x0
 .iplt          0x0800a078        0x0 c:/program files (x86)/gnu tools arm embedded/6 2017-q2-update/bin/../lib/gcc/arm-none-eabi/6.3.1/thumb/v6-m/crtbegin.o

.rodata         0x0800a078      0xeac
                0x0800a078                . = ALIGN (0x4)
 *(.rodata)
 .rodata        0x0800a078      0x114 ./Src/freertos.o
 .rodata        0x0800a18c       0x20 ./Drivers/STM32F0xx_HAL_Driver/Src/stm32f0xx_hal_rcc.o
 *(.rodata*)
 .rodata.MX_ADC_Init.str1.1
                0x0800a1ac        0xd ./Src/adc.o
 .rodata.MX_CAN_Init.str1.1
                0x0800a1b9        0xd ./Src/can.o
 .rodata.adc_entry.str1.1
                0x0800a1c6       0x55 ./Src/freertos.o
 .rodata.can_entry.str1.1
                0x0800a21b       0x12 ./Src/freertos.o
 .rodata.cmd_proc_entry.str1.1
                0x0800a22d       0x5b ./Src/freertos.o
 .rodata.i2c1_entry.str1.1
                0x0800a288       0x78 ./Src/freertos.o
 .rodata.ignition_entry.str1.1
                0x0800a300      0x42f ./Src/freertos.o
 .rodata.print_atCommand.str1.1
                0x0800a72f       0x32 ./Src/freertos.o
 .rodata.str1.1
                0x0800a761       0x8c ./Src/freertos.o
 .rodata.usart1_entry.str1.1
                0x0800a7ed      0x681 ./Src/freertos.o
 .rodata.usart2_entry.str1.1
                0x0800ae6e      0x681 ./Src/freertos.o
                                  0x2 (size before relaxing)
 .rodata.usart3_entry.str1.1
                0x0800ae6e        0xe ./Src/freertos.o
                                 0x10 (size before relaxing)
 .rodata.MX_I2C1_Init.str1.1
                0x0800ae7c        0xd ./Src/i2c.o
 .rodata.MX_IWDG_Init.str1.1
                0x0800ae89        0xe ./Src/iwdg.o
 .rodata.MX_RTC_Init.str1.1
                0x0800ae97        0xd ./Src/rtc.o
 .rodata.MX_SPI1_Init.str1.1
                0x0800aea4        0xd ./Src/spi.o
 .rodata.AHBPrescTable
                0x0800aeb1       0x10 ./Src/system_stm32f0xx.o
                0x0800aeb1                AHBPrescTable
 .rodata.APBPrescTable
                0x0800aec1        0x8 ./Src/system_stm32f0xx.o
                0x0800aec1                APBPrescTable
 .rodata.MX_TIM2_Init.str1.1
                0x0800aec9        0xd ./Src/tim.o
 .rodata.MX_USART1_UART_Init.str1.1
                0x0800aed6        0xf ./Src/usart.o
 .rodata.vTaskStartScheduler.str1.1
                0x0800aee5        0x5 ./Middlewares/Third_Party/FreeRTOS/Source/tasks.o
 .rodata.CSWTCH.50
                0x0800aeea        0x4 ./Drivers/STM32F0xx_HAL_Driver/Src/stm32f0xx_hal_uart.o
 .rodata._svfprintf_r.str1.1
                0x0800aeee       0x11 c:/program files (x86)/gnu tools arm embedded/6 2017-q2-update/bin/../lib/gcc/arm-none-eabi/6.3.1/../../../../arm-none-eabi/lib/thumb/v6-m\libg_nano.a(lib_a-nano-svfprintf.o)
 .rodata._printf_i.str1.1
                0x0800aeff       0x22 c:/program files (x86)/gnu tools arm embedded/6 2017-q2-update/bin/../lib/gcc/arm-none-eabi/6.3.1/../../../../arm-none-eabi/lib/thumb/v6-m\libg_nano.a(lib_a-nano-vfprintf_i.o)
                0x0800b4f0                . = ALIGN (0x4)
 *fill*         0x0800af21        0x3 

.rel.dyn        0x0800af24        0x0
 .rel.iplt      0x0800af24        0x0 c:/program files (x86)/gnu tools arm embedded/6 2017-q2-update/bin/../lib/gcc/arm-none-eabi/6.3.1/thumb/v6-m/crtbegin.o

.ARM.extab
 *(.ARM.extab* .gnu.linkonce.armextab.*)

.ARM            0x0800af24        0x0
                0x0800af24                __exidx_start = .
 *(.ARM.exidx*)
                0x0800af24                __exidx_end = .

.preinit_array  0x0800af24        0x0
                0x0800af24                PROVIDE (__preinit_array_start, .)
 *(.preinit_array*)
                0x0800af24                PROVIDE (__preinit_array_end, .)

.init_array     0x0800af24        0x4
                0x0800af24                PROVIDE (__init_array_start, .)
 *(SORT(.init_array.*))
 *(.init_array*)
 .init_array    0x0800af24        0x4 c:/program files (x86)/gnu tools arm embedded/6 2017-q2-update/bin/../lib/gcc/arm-none-eabi/6.3.1/thumb/v6-m/crtbegin.o
                0x0800af28                PROVIDE (__init_array_end, .)

.fini_array     0x0800af28        0x4
                [!provide]                PROVIDE (__fini_array_start, .)
 *(SORT(.fini_array.*))
 *(.fini_array*)
 .fini_array    0x0800af28        0x4 c:/program files (x86)/gnu tools arm embedded/6 2017-q2-update/bin/../lib/gcc/arm-none-eabi/6.3.1/thumb/v6-m/crtbegin.o
                [!provide]                PROVIDE (__fini_array_end, .)
                0x0800af2c                _sidata = LOADADDR (.data)

.data           0x20000000      0x27c load address 0x0800af2c
                0x20000000                . = ALIGN (0x4)
                0x20000000                _sdata = .
 *(.data)
 *(.data*)
 .data.flash_IgEvent
                0x20000000       0x38 ./Src/freertos.o
                0x20000000                flash_IgEvent
 .data.ig_var   0x20000038        0x3 ./Src/freertos.o
                0x20000038                ig_var
 .data.uart_Tx  0x2000003b      0x1d4 ./Src/freertos.o
                0x2000003b                uart_Tx
 *fill*         0x2000020f        0x1 
 .data.SystemCoreClock
                0x20000210        0x4 ./Src/system_stm32f0xx.o
                0x20000210                SystemCoreClock
 .data.uxCriticalNesting
                0x20000214        0x4 ./Middlewares/Third_Party/FreeRTOS/Source/portable/GCC/ARM_CM0/port.o
 .data._impure_ptr
                0x20000218        0x4 c:/program files (x86)/gnu tools arm embedded/6 2017-q2-update/bin/../lib/gcc/arm-none-eabi/6.3.1/../../../../arm-none-eabi/lib/thumb/v6-m\libg_nano.a(lib_a-impure.o)
                0x20000218                _impure_ptr
 .data.impure_data
                0x2000021c       0x60 c:/program files (x86)/gnu tools arm embedded/6 2017-q2-update/bin/../lib/gcc/arm-none-eabi/6.3.1/../../../../arm-none-eabi/lib/thumb/v6-m\libg_nano.a(lib_a-impure.o)
                0x2000027c                . = ALIGN (0x4)
                0x2000027c                _edata = .

.jcr            0x2000027c        0x0 load address 0x0800b1a8
 .jcr           0x2000027c        0x0 c:/program files (x86)/gnu tools arm embedded/6 2017-q2-update/bin/../lib/gcc/arm-none-eabi/6.3.1/thumb/v6-m/crtbegin.o

.igot.plt       0x2000027c        0x0 load address 0x0800b1a8
 .igot.plt      0x2000027c        0x0 c:/program files (x86)/gnu tools arm embedded/6 2017-q2-update/bin/../lib/gcc/arm-none-eabi/6.3.1/thumb/v6-m/crtbegin.o
                0x2000027c                . = ALIGN (0x4)

.bss            0x2000027c     0x3540 load address 0x0800b1a8
                0x2000027c                _sbss = .
                0x2000027c                __bss_start__ = _sbss
 *(.bss)
 .bss           0x2000027c       0x1c c:/program files (x86)/gnu tools arm embedded/6 2017-q2-update/bin/../lib/gcc/arm-none-eabi/6.3.1/thumb/v6-m/crtbegin.o
 *(.bss*)
 .bss.UartReady
                0x20000298        0x1 ./Src/freertos.o
                0x20000298                UartReady
 *fill*         0x20000299        0x3 
 .bss.arg_ptr.9996
                0x2000029c        0x4 ./Src/freertos.o
 .bss.cml_array
                0x200002a0       0x40 ./Src/freertos.o
                0x200002a0                cml_array
 .bss.cml_proc  0x200002e0       0x40 ./Src/freertos.o
                0x200002e0                cml_proc
 .bss.countdown_timer
                0x20000320        0x9 ./Src/freertos.o
                0x20000320                countdown_timer
 .bss.flag_flashWrite
                0x20000329        0x1 ./Src/freertos.o
                0x20000329                flag_flashWrite
 .bss.r280_module_state
                0x2000032a        0xc ./Src/freertos.o
                0x2000032a                r280_module_state
 *fill*         0x20000336        0x2 
 .bss.sAlarm    0x20000338       0x28 ./Src/freertos.o
                0x20000338                sAlarm
 .bss.sDate     0x20000360        0x4 ./Src/freertos.o
                0x20000360                sDate
 .bss.sTime     0x20000364       0x14 ./Src/freertos.o
                0x20000364                sTime
 .bss.sva_gpi   0x20000378        0x1 ./Src/freertos.o
                0x20000378                sva_gpi
 .bss.sva_gpo   0x20000379        0x2 ./Src/freertos.o
                0x20000379                sva_gpo
 .bss.uart2_msg_print_switch
                0x2000037b        0x1 ./Src/freertos.o
                0x2000037b                uart2_msg_print_switch
 .bss.wwan_command
                0x2000037c        0x1 ./Src/freertos.o
                0x2000037c                wwan_command
 *fill*         0x2000037d        0x3 
 .bss.pxEnd     0x20000380        0x4 ./Middlewares/Third_Party/FreeRTOS/Source/portable/MemMang/heap_4.o
 .bss.ucHeap    0x20000384     0x2c00 ./Middlewares/Third_Party/FreeRTOS/Source/portable/MemMang/heap_4.o
 .bss.xBlockAllocatedBit
                0x20002f84        0x4 ./Middlewares/Third_Party/FreeRTOS/Source/portable/MemMang/heap_4.o
 .bss.xFreeBytesRemaining
                0x20002f88        0x4 ./Middlewares/Third_Party/FreeRTOS/Source/portable/MemMang/heap_4.o
 .bss.xMinimumEverFreeBytesRemaining
                0x20002f8c        0x4 ./Middlewares/Third_Party/FreeRTOS/Source/portable/MemMang/heap_4.o
 .bss.xStart    0x20002f90        0x8 ./Middlewares/Third_Party/FreeRTOS/Source/portable/MemMang/heap_4.o
 .bss.pxCurrentTCB
                0x20002f98        0x4 ./Middlewares/Third_Party/FreeRTOS/Source/tasks.o
                0x20002f98                pxCurrentTCB
 .bss.pxDelayedTaskList
                0x20002f9c        0x4 ./Middlewares/Third_Party/FreeRTOS/Source/tasks.o
 .bss.pxOverflowDelayedTaskList
                0x20002fa0        0x4 ./Middlewares/Third_Party/FreeRTOS/Source/tasks.o
 .bss.pxReadyTasksLists
                0x20002fa4       0x8c ./Middlewares/Third_Party/FreeRTOS/Source/tasks.o
 .bss.uxCurrentNumberOfTasks
                0x20003030        0x4 ./Middlewares/Third_Party/FreeRTOS/Source/tasks.o
 .bss.uxDeletedTasksWaitingCleanUp
                0x20003034        0x4 ./Middlewares/Third_Party/FreeRTOS/Source/tasks.o
 .bss.uxPendedTicks
                0x20003038        0x4 ./Middlewares/Third_Party/FreeRTOS/Source/tasks.o
 .bss.uxSchedulerSuspended
                0x2000303c        0x4 ./Middlewares/Third_Party/FreeRTOS/Source/tasks.o
 .bss.uxTaskNumber
                0x20003040        0x4 ./Middlewares/Third_Party/FreeRTOS/Source/tasks.o
 .bss.uxTopReadyPriority
                0x20003044        0x4 ./Middlewares/Third_Party/FreeRTOS/Source/tasks.o
 .bss.xDelayedTaskList1
                0x20003048       0x14 ./Middlewares/Third_Party/FreeRTOS/Source/tasks.o
 .bss.xDelayedTaskList2
                0x2000305c       0x14 ./Middlewares/Third_Party/FreeRTOS/Source/tasks.o
 .bss.xIdleTaskHandle
                0x20003070        0x4 ./Middlewares/Third_Party/FreeRTOS/Source/tasks.o
 .bss.xNextTaskUnblockTime
                0x20003074        0x4 ./Middlewares/Third_Party/FreeRTOS/Source/tasks.o
 .bss.xNumOfOverflows
                0x20003078        0x4 ./Middlewares/Third_Party/FreeRTOS/Source/tasks.o
 .bss.xPendingReadyList
                0x2000307c       0x14 ./Middlewares/Third_Party/FreeRTOS/Source/tasks.o
 .bss.xSchedulerRunning
                0x20003090        0x4 ./Middlewares/Third_Party/FreeRTOS/Source/tasks.o
 .bss.xSuspendedTaskList
                0x20003094       0x14 ./Middlewares/Third_Party/FreeRTOS/Source/tasks.o
 .bss.xTasksWaitingTermination
                0x200030a8       0x14 ./Middlewares/Third_Party/FreeRTOS/Source/tasks.o
 .bss.xTickCount
                0x200030bc        0x4 ./Middlewares/Third_Party/FreeRTOS/Source/tasks.o
 .bss.xYieldPending
                0x200030c0        0x4 ./Middlewares/Third_Party/FreeRTOS/Source/tasks.o
 .bss.__malloc_free_list
                0x200030c4        0x4 c:/program files (x86)/gnu tools arm embedded/6 2017-q2-update/bin/../lib/gcc/arm-none-eabi/6.3.1/../../../../arm-none-eabi/lib/thumb/v6-m\libg_nano.a(lib_a-nano-mallocr.o)
                0x200030c4                __malloc_free_list
 .bss.__malloc_sbrk_start
                0x200030c8        0x4 c:/program files (x86)/gnu tools arm embedded/6 2017-q2-update/bin/../lib/gcc/arm-none-eabi/6.3.1/../../../../arm-none-eabi/lib/thumb/v6-m\libg_nano.a(lib_a-nano-mallocr.o)
                0x200030c8                __malloc_sbrk_start
 .bss.heap_end.4116
                0x200030cc        0x4 c:/program files (x86)/gnu tools arm embedded/6 2017-q2-update/bin/../lib/gcc/arm-none-eabi/6.3.1/../../../../arm-none-eabi/lib/thumb/v6-m\libnosys.a(sbrk.o)
 *(COMMON)
 COMMON         0x200030d0       0x90 ./Src/adc.o
                0x200030d0                hdma_adc
                0x20003114                hadc
 COMMON         0x20003160       0x44 ./Src/can.o
                0x20003160                hcan
 COMMON         0x200031a4      0x13c ./Src/freertos.o
                0x200031a4                ig_event
                0x200031c4                USART1_TaskHandle
                0x200031c8                defaultTaskHandle
                0x200031cc                I2C1_ZAXIS_QHandle
                0x200031d0                I2C1_GSENSOR_QHandle
                0x200031d4                MUTEX_SPI1Handle
                0x200031d8                USART3_TaskHandle
                0x200031dc                SPI1_TaskHandle
                0x200031e0                ADC_TaskHandle
                0x200031e4                dbg_buff
                0x20003264                UART2_LAT_QHandle
                0x20003268                IWDG_TaskHandle
                0x2000326c                I2C1_XAXIS_QHandle
                0x20003270                current_IgEvent
                0x200032a8                I2C1_YAXIS_QHandle
                0x200032ac                I2C1_TaskHandle
                0x200032b0                ADC_TEMP_QHandle
                0x200032b4                MUTEX_DebugHandle
                0x200032b8                CAN_TaskHandle
                0x200032bc                IGNITION_TaskHandle
                0x200032c0                ADC_VOLT_QHandle
                0x200032c4                UART2_LONG_QHandle
                0x200032c8                MUTEX_ADC_QHandle
                0x200032cc                GPIO_MISC_QHandle
                0x200032d0                MUTEX_CMD_PROCHandle
                0x200032d4                GPIO_STATE_TaskHandle
                0x200032d8                USART2_TaskHandle
                0x200032dc                CMD_PROC_TaskHandle
 COMMON         0x200032e0       0x98 ./Src/i2c.o
                0x200032e0                hi2c1
                0x2000332c                hi2c2
 COMMON         0x20003378       0x10 ./Src/iwdg.o
                0x20003378                hiwdg
 COMMON         0x20003388       0x20 ./Src/rtc.o
                0x20003388                hrtc
 COMMON         0x200033a8       0x64 ./Src/spi.o
                0x200033a8                hspi1
 COMMON         0x2000340c       0x40 ./Src/stm32f0xx_hal_timebase_TIM.o
                0x2000340c                htim1
 COMMON         0x2000344c       0x80 ./Src/tim.o
                0x2000344c                htim2
                0x2000348c                htim14
 COMMON         0x200034cc      0x2e8 ./Src/usart.o
                0x200034cc                hdma_usart2_rx
                0x20003510                hdma_usart3_rx
                0x20003554                huart3
                0x200035c4                hdma_usart3_tx
                0x20003608                hdma_usart1_tx
                0x2000364c                hdma_usart1_rx
                0x20003690                hdma_usart2_tx
                0x200036d4                huart1
                0x20003744                huart2
 COMMON         0x200037b4        0x4 ./Drivers/STM32F0xx_HAL_Driver/Src/stm32f0xx_hal.o
                0x200037b4                uwTick
 COMMON         0x200037b8        0x4 c:/program files (x86)/gnu tools arm embedded/6 2017-q2-update/bin/../lib/gcc/arm-none-eabi/6.3.1/../../../../arm-none-eabi/lib/thumb/v6-m\libg_nano.a(lib_a-reent.o)
                0x200037b8                errno
                0x200037bc                . = ALIGN (0x4)
                0x200037bc                _ebss = .
                0x200037bc                __bss_end__ = _ebss

._user_heap_stack
                0x200037bc      0x604 load address 0x0800b1a8
                0x200037c0                . = ALIGN (0x8)
 *fill*         0x200037bc        0x4 
                0x200037c0                PROVIDE (end, .)
                [!provide]                PROVIDE (_end, .)
                0x200039c0                . = (. + _Min_Heap_Size)
 *fill*         0x200037c0      0x200 
                0x20003dc0                . = (. + _Min_Stack_Size)
 *fill*         0x200039c0      0x400 
                0x20003dc0                . = ALIGN (0x8)

/DISCARD/
 libc.a(*)
 libm.a(*)
 libgcc.a(*)

.ARM.attributes
                0x00000000       0x28
 *(.ARM.attributes)
 .ARM.attributes
                0x00000000       0x1e c:/program files (x86)/gnu tools arm embedded/6 2017-q2-update/bin/../lib/gcc/arm-none-eabi/6.3.1/thumb/v6-m/crti.o
 .ARM.attributes
                0x0000001e       0x2c c:/program files (x86)/gnu tools arm embedded/6 2017-q2-update/bin/../lib/gcc/arm-none-eabi/6.3.1/thumb/v6-m/crtbegin.o
 .ARM.attributes
                0x0000004a       0x31 ./Src/adc.o
 .ARM.attributes
                0x0000007b       0x31 ./Src/can.o
 .ARM.attributes
                0x000000ac       0x31 ./Src/dma.o
 .ARM.attributes
                0x000000dd       0x31 ./Src/freertos.o
 .ARM.attributes
                0x0000010e       0x31 ./Src/gpio.o
 .ARM.attributes
                0x0000013f       0x31 ./Src/i2c.o
 .ARM.attributes
                0x00000170       0x31 ./Src/iwdg.o
 .ARM.attributes
                0x000001a1       0x31 ./Src/main.o
 .ARM.attributes
                0x000001d2       0x31 ./Src/rtc.o
 .ARM.attributes
                0x00000203       0x31 ./Src/spi.o
 .ARM.attributes
                0x00000234       0x21 ./Src/startup_stm32f091xc.o
 .ARM.attributes
                0x00000255       0x31 ./Src/stm32f0xx_hal_msp.o
 .ARM.attributes
                0x00000286       0x31 ./Src/stm32f0xx_hal_timebase_TIM.o
 .ARM.attributes
                0x000002b7       0x31 ./Src/stm32f0xx_it.o
 .ARM.attributes
                0x000002e8       0x31 ./Src/system_stm32f0xx.o
 .ARM.attributes
                0x00000319       0x31 ./Src/tim.o
 .ARM.attributes
                0x0000034a       0x31 ./Src/usart.o
 .ARM.attributes
                0x0000037b       0x31 ./Middlewares/Third_Party/FreeRTOS/Source/portable/MemMang/heap_4.o
 .ARM.attributes
                0x000003ac       0x31 ./Middlewares/Third_Party/FreeRTOS/Source/portable/GCC/ARM_CM0/port.o
 .ARM.attributes
                0x000003dd       0x31 ./Middlewares/Third_Party/FreeRTOS/Source/CMSIS_RTOS/cmsis_os.o
 .ARM.attributes
                0x0000040e       0x31 ./Middlewares/Third_Party/FreeRTOS/Source/list.o
 .ARM.attributes
                0x0000043f       0x31 ./Middlewares/Third_Party/FreeRTOS/Source/queue.o
 .ARM.attributes
                0x00000470       0x31 ./Middlewares/Third_Party/FreeRTOS/Source/tasks.o
 .ARM.attributes
                0x000004a1       0x31 ./Drivers/STM32F0xx_HAL_Driver/Src/stm32f0xx_hal.o
 .ARM.attributes
                0x000004d2       0x31 ./Drivers/STM32F0xx_HAL_Driver/Src/stm32f0xx_hal_adc.o
 .ARM.attributes
                0x00000503       0x31 ./Drivers/STM32F0xx_HAL_Driver/Src/stm32f0xx_hal_can.o
 .ARM.attributes
                0x00000534       0x31 ./Drivers/STM32F0xx_HAL_Driver/Src/stm32f0xx_hal_cortex.o
 .ARM.attributes
                0x00000565       0x31 ./Drivers/STM32F0xx_HAL_Driver/Src/stm32f0xx_hal_dma.o
 .ARM.attributes
                0x00000596       0x31 ./Drivers/STM32F0xx_HAL_Driver/Src/stm32f0xx_hal_gpio.o
 .ARM.attributes
                0x000005c7       0x31 ./Drivers/STM32F0xx_HAL_Driver/Src/stm32f0xx_hal_i2c.o
 .ARM.attributes
                0x000005f8       0x31 ./Drivers/STM32F0xx_HAL_Driver/Src/stm32f0xx_hal_i2c_ex.o
 .ARM.attributes
                0x00000629       0x31 ./Drivers/STM32F0xx_HAL_Driver/Src/stm32f0xx_hal_iwdg.o
 .ARM.attributes
                0x0000065a       0x31 ./Drivers/STM32F0xx_HAL_Driver/Src/stm32f0xx_hal_pwr.o
 .ARM.attributes
                0x0000068b       0x31 ./Drivers/STM32F0xx_HAL_Driver/Src/stm32f0xx_hal_rcc.o
 .ARM.attributes
                0x000006bc       0x31 ./Drivers/STM32F0xx_HAL_Driver/Src/stm32f0xx_hal_rcc_ex.o
 .ARM.attributes
                0x000006ed       0x31 ./Drivers/STM32F0xx_HAL_Driver/Src/stm32f0xx_hal_rtc.o
 .ARM.attributes
                0x0000071e       0x31 ./Drivers/STM32F0xx_HAL_Driver/Src/stm32f0xx_hal_rtc_ex.o
 .ARM.attributes
                0x0000074f       0x31 ./Drivers/STM32F0xx_HAL_Driver/Src/stm32f0xx_hal_spi.o
 .ARM.attributes
                0x00000780       0x31 ./Drivers/STM32F0xx_HAL_Driver/Src/stm32f0xx_hal_tim.o
 .ARM.attributes
                0x000007b1       0x31 ./Drivers/STM32F0xx_HAL_Driver/Src/stm32f0xx_hal_tim_ex.o
 .ARM.attributes
                0x000007e2       0x31 ./Drivers/STM32F0xx_HAL_Driver/Src/stm32f0xx_hal_uart.o
 .ARM.attributes
                0x00000813       0x31 ./Drivers/STM32F0xx_HAL_Driver/Src/stm32f0xx_hal_uart_ex.o
 .ARM.attributes
                0x00000844       0x1e c:/program files (x86)/gnu tools arm embedded/6 2017-q2-update/bin/../lib/gcc/arm-none-eabi/6.3.1/thumb/v6-m\libgcc.a(_thumb1_case_sqi.o)
 .ARM.attributes
                0x00000862       0x1e c:/program files (x86)/gnu tools arm embedded/6 2017-q2-update/bin/../lib/gcc/arm-none-eabi/6.3.1/thumb/v6-m\libgcc.a(_thumb1_case_uqi.o)
 .ARM.attributes
                0x00000880       0x1e c:/program files (x86)/gnu tools arm embedded/6 2017-q2-update/bin/../lib/gcc/arm-none-eabi/6.3.1/thumb/v6-m\libgcc.a(_thumb1_case_shi.o)
 .ARM.attributes
                0x0000089e       0x1e c:/program files (x86)/gnu tools arm embedded/6 2017-q2-update/bin/../lib/gcc/arm-none-eabi/6.3.1/thumb/v6-m\libgcc.a(_thumb1_case_uhi.o)
 .ARM.attributes
                0x000008bc       0x1e c:/program files (x86)/gnu tools arm embedded/6 2017-q2-update/bin/../lib/gcc/arm-none-eabi/6.3.1/thumb/v6-m\libgcc.a(_udivsi3.o)
 .ARM.attributes
                0x000008da       0x1e c:/program files (x86)/gnu tools arm embedded/6 2017-q2-update/bin/../lib/gcc/arm-none-eabi/6.3.1/thumb/v6-m\libgcc.a(_dvmd_tls.o)
 .ARM.attributes
                0x000008f8       0x2c c:/program files (x86)/gnu tools arm embedded/6 2017-q2-update/bin/../lib/gcc/arm-none-eabi/6.3.1/../../../../arm-none-eabi/lib/thumb/v6-m\libg_nano.a(lib_a-impure.o)
 .ARM.attributes
                0x00000924       0x2c c:/program files (x86)/gnu tools arm embedded/6 2017-q2-update/bin/../lib/gcc/arm-none-eabi/6.3.1/../../../../arm-none-eabi/lib/thumb/v6-m\libg_nano.a(lib_a-init.o)
 .ARM.attributes
                0x00000950       0x2c c:/program files (x86)/gnu tools arm embedded/6 2017-q2-update/bin/../lib/gcc/arm-none-eabi/6.3.1/../../../../arm-none-eabi/lib/thumb/v6-m\libg_nano.a(lib_a-memcpy-stub.o)
 .ARM.attributes
                0x0000097c       0x2c c:/program files (x86)/gnu tools arm embedded/6 2017-q2-update/bin/../lib/gcc/arm-none-eabi/6.3.1/../../../../arm-none-eabi/lib/thumb/v6-m\libg_nano.a(lib_a-memset.o)
 .ARM.attributes
                0x000009a8       0x2c c:/program files (x86)/gnu tools arm embedded/6 2017-q2-update/bin/../lib/gcc/arm-none-eabi/6.3.1/../../../../arm-none-eabi/lib/thumb/v6-m\libg_nano.a(lib_a-strncpy.o)
 .ARM.attributes
                0x000009d4       0x2c c:/program files (x86)/gnu tools arm embedded/6 2017-q2-update/bin/../lib/gcc/arm-none-eabi/6.3.1/../../../../arm-none-eabi/lib/thumb/v6-m\libg_nano.a(lib_a-vsnprintf.o)
 .ARM.attributes
                0x00000a00       0x2c c:/program files (x86)/gnu tools arm embedded/6 2017-q2-update/bin/../lib/gcc/arm-none-eabi/6.3.1/../../../../arm-none-eabi/lib/thumb/v6-m\libg_nano.a(lib_a-nano-svfprintf.o)
 .ARM.attributes
                0x00000a2c       0x2c c:/program files (x86)/gnu tools arm embedded/6 2017-q2-update/bin/../lib/gcc/arm-none-eabi/6.3.1/../../../../arm-none-eabi/lib/thumb/v6-m\libg_nano.a(lib_a-nano-vfprintf_i.o)
 .ARM.attributes
                0x00000a58       0x2c c:/program files (x86)/gnu tools arm embedded/6 2017-q2-update/bin/../lib/gcc/arm-none-eabi/6.3.1/../../../../arm-none-eabi/lib/thumb/v6-m\libg_nano.a(lib_a-memchr-stub.o)
 .ARM.attributes
                0x00000a84       0x2c c:/program files (x86)/gnu tools arm embedded/6 2017-q2-update/bin/../lib/gcc/arm-none-eabi/6.3.1/../../../../arm-none-eabi/lib/thumb/v6-m\libg_nano.a(lib_a-memmove.o)
 .ARM.attributes
                0x00000ab0       0x2c c:/program files (x86)/gnu tools arm embedded/6 2017-q2-update/bin/../lib/gcc/arm-none-eabi/6.3.1/../../../../arm-none-eabi/lib/thumb/v6-m\libg_nano.a(lib_a-nano-freer.o)
 .ARM.attributes
                0x00000adc       0x2c c:/program files (x86)/gnu tools arm embedded/6 2017-q2-update/bin/../lib/gcc/arm-none-eabi/6.3.1/../../../../arm-none-eabi/lib/thumb/v6-m\libg_nano.a(lib_a-nano-mallocr.o)
 .ARM.attributes
                0x00000b08       0x2c c:/program files (x86)/gnu tools arm embedded/6 2017-q2-update/bin/../lib/gcc/arm-none-eabi/6.3.1/../../../../arm-none-eabi/lib/thumb/v6-m\libg_nano.a(lib_a-nano-reallocr.o)
 .ARM.attributes
                0x00000b34       0x2c c:/program files (x86)/gnu tools arm embedded/6 2017-q2-update/bin/../lib/gcc/arm-none-eabi/6.3.1/../../../../arm-none-eabi/lib/thumb/v6-m\libg_nano.a(lib_a-sbrkr.o)
 .ARM.attributes
                0x00000b60       0x2c c:/program files (x86)/gnu tools arm embedded/6 2017-q2-update/bin/../lib/gcc/arm-none-eabi/6.3.1/../../../../arm-none-eabi/lib/thumb/v6-m\libg_nano.a(lib_a-mlock.o)
 .ARM.attributes
                0x00000b8c       0x2c c:/program files (x86)/gnu tools arm embedded/6 2017-q2-update/bin/../lib/gcc/arm-none-eabi/6.3.1/../../../../arm-none-eabi/lib/thumb/v6-m\libg_nano.a(lib_a-nano-msizer.o)
 .ARM.attributes
                0x00000bb8       0x2c c:/program files (x86)/gnu tools arm embedded/6 2017-q2-update/bin/../lib/gcc/arm-none-eabi/6.3.1/../../../../arm-none-eabi/lib/thumb/v6-m\libg_nano.a(lib_a-reent.o)
 .ARM.attributes
                0x00000be4       0x2c c:/program files (x86)/gnu tools arm embedded/6 2017-q2-update/bin/../lib/gcc/arm-none-eabi/6.3.1/../../../../arm-none-eabi/lib/thumb/v6-m\libnosys.a(sbrk.o)
 .ARM.attributes
                0x00000c10       0x1e c:/program files (x86)/gnu tools arm embedded/6 2017-q2-update/bin/../lib/gcc/arm-none-eabi/6.3.1/thumb/v6-m/crtn.o
OUTPUT(STM32F091RCTx_freeRTOS.elf elf32-littlearm)

.debug_info     0x00000000    0x3cc2d
 .debug_info    0x00000000     0x119f ./Src/adc.o
 .debug_info    0x0000119f     0x127f ./Src/can.o
 .debug_info    0x0000241e      0xbb5 ./Src/dma.o
 .debug_info    0x00002fd3     0x71bd ./Src/freertos.o
 .debug_info    0x0000a190      0xc92 ./Src/gpio.o
 .debug_info    0x0000ae22     0x1449 ./Src/i2c.o
 .debug_info    0x0000c26b      0xa74 ./Src/iwdg.o
 .debug_info    0x0000ccdf     0x26a9 ./Src/main.o
 .debug_info    0x0000f388     0x1165 ./Src/rtc.o
 .debug_info    0x000104ed     0x1146 ./Src/spi.o
 .debug_info    0x00011633       0x8b ./Src/startup_stm32f091xc.o
 .debug_info    0x000116be      0xb5c ./Src/stm32f0xx_hal_msp.o
 .debug_info    0x0001221a     0x116b ./Src/stm32f0xx_hal_timebase_TIM.o
 .debug_info    0x00013385     0x1d5d ./Src/stm32f0xx_it.o
 .debug_info    0x000150e2      0xa77 ./Src/system_stm32f0xx.o
 .debug_info    0x00015b59     0x1465 ./Src/tim.o
 .debug_info    0x00016fbe     0x165d ./Src/usart.o
 .debug_info    0x0001861b      0xbb8 ./Middlewares/Third_Party/FreeRTOS/Source/portable/MemMang/heap_4.o
 .debug_info    0x000191d3      0x2ac ./Middlewares/Third_Party/FreeRTOS/Source/portable/GCC/ARM_CM0/port.o
 .debug_info    0x0001947f     0x24dd ./Middlewares/Third_Party/FreeRTOS/Source/CMSIS_RTOS/cmsis_os.o
 .debug_info    0x0001b95c      0xad0 ./Middlewares/Third_Party/FreeRTOS/Source/list.o
 .debug_info    0x0001c42c     0x1b37 ./Middlewares/Third_Party/FreeRTOS/Source/queue.o
 .debug_info    0x0001df63     0x23dc ./Middlewares/Third_Party/FreeRTOS/Source/tasks.o
 .debug_info    0x0002033f      0xe8e ./Drivers/STM32F0xx_HAL_Driver/Src/stm32f0xx_hal.o
 .debug_info    0x000211cd     0x16b6 ./Drivers/STM32F0xx_HAL_Driver/Src/stm32f0xx_hal_adc.o
 .debug_info    0x00022883     0x13ef ./Drivers/STM32F0xx_HAL_Driver/Src/stm32f0xx_hal_can.o
 .debug_info    0x00023c72     0x102d ./Drivers/STM32F0xx_HAL_Driver/Src/stm32f0xx_hal_cortex.o
 .debug_info    0x00024c9f     0x1057 ./Drivers/STM32F0xx_HAL_Driver/Src/stm32f0xx_hal_dma.o
 .debug_info    0x00025cf6      0xeab ./Drivers/STM32F0xx_HAL_Driver/Src/stm32f0xx_hal_gpio.o
 .debug_info    0x00026ba1     0x3980 ./Drivers/STM32F0xx_HAL_Driver/Src/stm32f0xx_hal_i2c.o
 .debug_info    0x0002a521     0x10fb ./Drivers/STM32F0xx_HAL_Driver/Src/stm32f0xx_hal_i2c_ex.o
 .debug_info    0x0002b61c      0xaa9 ./Drivers/STM32F0xx_HAL_Driver/Src/stm32f0xx_hal_iwdg.o
 .debug_info    0x0002c0c5      0xcbf ./Drivers/STM32F0xx_HAL_Driver/Src/stm32f0xx_hal_pwr.o
 .debug_info    0x0002cd84     0x11c6 ./Drivers/STM32F0xx_HAL_Driver/Src/stm32f0xx_hal_rcc.o
 .debug_info    0x0002df4a      0xeaa ./Drivers/STM32F0xx_HAL_Driver/Src/stm32f0xx_hal_rcc_ex.o
 .debug_info    0x0002edf4     0x1585 ./Drivers/STM32F0xx_HAL_Driver/Src/stm32f0xx_hal_rtc.o
 .debug_info    0x00030379     0x1758 ./Drivers/STM32F0xx_HAL_Driver/Src/stm32f0xx_hal_rtc_ex.o
 .debug_info    0x00031ad1     0x27b2 ./Drivers/STM32F0xx_HAL_Driver/Src/stm32f0xx_hal_spi.o
 .debug_info    0x00034283     0x3c43 ./Drivers/STM32F0xx_HAL_Driver/Src/stm32f0xx_hal_tim.o
 .debug_info    0x00037ec6     0x1a3c ./Drivers/STM32F0xx_HAL_Driver/Src/stm32f0xx_hal_tim_ex.o
 .debug_info    0x00039902     0x210a ./Drivers/STM32F0xx_HAL_Driver/Src/stm32f0xx_hal_uart.o
 .debug_info    0x0003ba0c     0x1221 ./Drivers/STM32F0xx_HAL_Driver/Src/stm32f0xx_hal_uart_ex.o

.debug_abbrev   0x00000000     0x753c
 .debug_abbrev  0x00000000      0x26d ./Src/adc.o
 .debug_abbrev  0x0000026d      0x276 ./Src/can.o
 .debug_abbrev  0x000004e3      0x22d ./Src/dma.o
 .debug_abbrev  0x00000710      0x465 ./Src/freertos.o
 .debug_abbrev  0x00000b75      0x224 ./Src/gpio.o
 .debug_abbrev  0x00000d99      0x265 ./Src/i2c.o
 .debug_abbrev  0x00000ffe      0x219 ./Src/iwdg.o
 .debug_abbrev  0x00001217      0x2eb ./Src/main.o
 .debug_abbrev  0x00001502      0x251 ./Src/rtc.o
 .debug_abbrev  0x00001753      0x251 ./Src/spi.o
 .debug_abbrev  0x000019a4       0x12 ./Src/startup_stm32f091xc.o
 .debug_abbrev  0x000019b6      0x22d ./Src/stm32f0xx_hal_msp.o
 .debug_abbrev  0x00001be3      0x2a1 ./Src/stm32f0xx_hal_timebase_TIM.o
 .debug_abbrev  0x00001e84      0x25a ./Src/stm32f0xx_it.o
 .debug_abbrev  0x000020de      0x202 ./Src/system_stm32f0xx.o