Archive member included to satisfy reference by file (symbol)

c:/program files (x86)/gnu tools arm embedded/6 2017-q2-update/bin/../lib/gcc/arm-none-eabi/6.3.1/thumb/v6-m\libgcc.a(_thumb1_case_sqi.o)
                              ./Drivers/STM32F0xx_HAL_Driver/Src/stm32f0xx_hal_uart.o (__gnu_thumb1_case_sqi)
c:/program files (x86)/gnu tools arm embedded/6 2017-q2-update/bin/../lib/gcc/arm-none-eabi/6.3.1/thumb/v6-m\libgcc.a(_thumb1_case_uqi.o)
                              ./Src/freertos.o (__gnu_thumb1_case_uqi)
c:/program files (x86)/gnu tools arm embedded/6 2017-q2-update/bin/../lib/gcc/arm-none-eabi/6.3.1/thumb/v6-m\libgcc.a(_udivsi3.o)
                              ./Src/main.o (__aeabi_uidiv)
c:/program files (x86)/gnu tools arm embedded/6 2017-q2-update/bin/../lib/gcc/arm-none-eabi/6.3.1/thumb/v6-m\libgcc.a(_dvmd_tls.o)
                              c:/program files (x86)/gnu tools arm embedded/6 2017-q2-update/bin/../lib/gcc/arm-none-eabi/6.3.1/thumb/v6-m\libgcc.a(_udivsi3.o) (__aeabi_idiv0)
c:/program files (x86)/gnu tools arm embedded/6 2017-q2-update/bin/../lib/gcc/arm-none-eabi/6.3.1/thumb/v6-m\libgcc.a(_lshrdi3.o)
                              ./Drivers/STM32F0xx_HAL_Driver/Src/stm32f0xx_hal_flash.o (__aeabi_llsr)
c:/program files (x86)/gnu tools arm embedded/6 2017-q2-update/bin/../lib/gcc/arm-none-eabi/6.3.1/../../../../arm-none-eabi/lib/thumb/v6-m\libg_nano.a(lib_a-exit.o)
                              c:/program files (x86)/gnu tools arm embedded/6 2017-q2-update/bin/../lib/gcc/arm-none-eabi/6.3.1/../../../../arm-none-eabi/lib/thumb/v6-m/crt0.o (exit)
c:/program files (x86)/gnu tools arm embedded/6 2017-q2-update/bin/../lib/gcc/arm-none-eabi/6.3.1/../../../../arm-none-eabi/lib/thumb/v6-m\libg_nano.a(lib_a-impure.o)
                              c:/program files (x86)/gnu tools arm embedded/6 2017-q2-update/bin/../lib/gcc/arm-none-eabi/6.3.1/../../../../arm-none-eabi/lib/thumb/v6-m\libg_nano.a(lib_a-exit.o) (_global_impure_ptr)
c:/program files (x86)/gnu tools arm embedded/6 2017-q2-update/bin/../lib/gcc/arm-none-eabi/6.3.1/../../../../arm-none-eabi/lib/thumb/v6-m\libg_nano.a(lib_a-init.o)
                              c:/program files (x86)/gnu tools arm embedded/6 2017-q2-update/bin/../lib/gcc/arm-none-eabi/6.3.1/../../../../arm-none-eabi/lib/thumb/v6-m/crt0.o (__libc_init_array)
c:/program files (x86)/gnu tools arm embedded/6 2017-q2-update/bin/../lib/gcc/arm-none-eabi/6.3.1/../../../../arm-none-eabi/lib/thumb/v6-m\libg_nano.a(lib_a-memcpy-stub.o)
                              ./Src/freertos.o (memcpy)
c:/program files (x86)/gnu tools arm embedded/6 2017-q2-update/bin/../lib/gcc/arm-none-eabi/6.3.1/../../../../arm-none-eabi/lib/thumb/v6-m\libg_nano.a(lib_a-memset.o)
                              c:/program files (x86)/gnu tools arm embedded/6 2017-q2-update/bin/../lib/gcc/arm-none-eabi/6.3.1/../../../../arm-none-eabi/lib/thumb/v6-m/crt0.o (memset)
c:/program files (x86)/gnu tools arm embedded/6 2017-q2-update/bin/../lib/gcc/arm-none-eabi/6.3.1/../../../../arm-none-eabi/lib/thumb/v6-m\libg_nano.a(lib_a-strncpy.o)
                              ./Src/freertos.o (strncpy)
c:/program files (x86)/gnu tools arm embedded/6 2017-q2-update/bin/../lib/gcc/arm-none-eabi/6.3.1/../../../../arm-none-eabi/lib/thumb/v6-m\libg_nano.a(lib_a-vsnprintf.o)
                              ./Src/freertos.o (vsnprintf)
c:/program files (x86)/gnu tools arm embedded/6 2017-q2-update/bin/../lib/gcc/arm-none-eabi/6.3.1/../../../../arm-none-eabi/lib/thumb/v6-m\libg_nano.a(lib_a-nano-svfprintf.o)
                              c:/program files (x86)/gnu tools arm embedded/6 2017-q2-update/bin/../lib/gcc/arm-none-eabi/6.3.1/../../../../arm-none-eabi/lib/thumb/v6-m\libg_nano.a(lib_a-vsnprintf.o) (_svfprintf_r)
c:/program files (x86)/gnu tools arm embedded/6 2017-q2-update/bin/../lib/gcc/arm-none-eabi/6.3.1/../../../../arm-none-eabi/lib/thumb/v6-m\libg_nano.a(lib_a-nano-vfprintf_i.o)
                              c:/program files (x86)/gnu tools arm embedded/6 2017-q2-update/bin/../lib/gcc/arm-none-eabi/6.3.1/../../../../arm-none-eabi/lib/thumb/v6-m\libg_nano.a(lib_a-nano-svfprintf.o) (_printf_i)
c:/program files (x86)/gnu tools arm embedded/6 2017-q2-update/bin/../lib/gcc/arm-none-eabi/6.3.1/../../../../arm-none-eabi/lib/thumb/v6-m\libg_nano.a(lib_a-memchr-stub.o)
                              c:/program files (x86)/gnu tools arm embedded/6 2017-q2-update/bin/../lib/gcc/arm-none-eabi/6.3.1/../../../../arm-none-eabi/lib/thumb/v6-m\libg_nano.a(lib_a-nano-svfprintf.o) (memchr)
c:/program files (x86)/gnu tools arm embedded/6 2017-q2-update/bin/../lib/gcc/arm-none-eabi/6.3.1/../../../../arm-none-eabi/lib/thumb/v6-m\libg_nano.a(lib_a-memmove.o)
                              c:/program files (x86)/gnu tools arm embedded/6 2017-q2-update/bin/../lib/gcc/arm-none-eabi/6.3.1/../../../../arm-none-eabi/lib/thumb/v6-m\libg_nano.a(lib_a-nano-svfprintf.o) (memmove)
[...]
Memory Configuration

Name             Origin             Length             Attributes
RAM              0x20000000         0x00008000         xrw
FLASH            0x08000000         0x00040000         xr
*default*        0x00000000         0xffffffff

Linker script and memory map

LOAD c:/program files (x86)/gnu tools arm embedded/6 2017-q2-update/bin/../lib/gcc/arm-none-eabi/6.3.1/thumb/v6-m/crti.o
LOAD c:/program files (x86)/gnu tools arm embedded/6 2017-q2-update/bin/../lib/gcc/arm-none-eabi/6.3.1/thumb/v6-m/crtbegin.o
LOAD c:/program files (x86)/gnu tools arm embedded/6 2017-q2-update/bin/../lib/gcc/arm-none-eabi/6.3.1/../../../../arm-none-eabi/lib/thumb/v6-m/crt0.o
LOAD ./Src/adc.o
LOAD ./Src/aewin_def.o
LOAD ./Src/can.o
LOAD ./Src/dma.o
LOAD ./Src/freertos.o
LOAD ./Src/gpio.o
LOAD ./Src/i2c.o
LOAD ./Src/iwdg.o
LOAD ./Src/main.o
LOAD ./Src/rtc.o
LOAD ./Src/spi.o
LOAD ./Src/startup_stm32f091xc.o
LOAD ./Src/stm32f0xx_hal_msp.o
LOAD ./Src/stm32f0xx_hal_timebase_TIM.o
LOAD ./Src/stm32f0xx_it.o
LOAD ./Src/system_stm32f0xx.o
LOAD ./Src/tim.o
LOAD ./Src/usart.o
LOAD ./Middlewares/Third_Party/FreeRTOS/Source/portable/MemMang/heap_4.o
LOAD ./Middlewares/Third_Party/FreeRTOS/Source/portable/GCC/ARM_CM0/port.o
LOAD ./Middlewares/Third_Party/FreeRTOS/Source/CMSIS_RTOS/cmsis_os.o
LOAD ./Middlewares/Third_Party/FreeRTOS/Source/croutine.o
LOAD ./Middlewares/Third_Party/FreeRTOS/Source/event_groups.o
LOAD ./Middlewares/Third_Party/FreeRTOS/Source/list.o
LOAD ./Middlewares/Third_Party/FreeRTOS/Source/queue.o
LOAD ./Middlewares/Third_Party/FreeRTOS/Source/tasks.o
LOAD ./Middlewares/Third_Party/FreeRTOS/Source/timers.o
LOAD ./Drivers/STM32F0xx_HAL_Driver/Src/stm32f0xx_hal.o
LOAD ./Drivers/STM32F0xx_HAL_Driver/Src/stm32f0xx_hal_adc.o
LOAD ./Drivers/STM32F0xx_HAL_Driver/Src/stm32f0xx_hal_adc_ex.o
LOAD ./Drivers/STM32F0xx_HAL_Driver/Src/stm32f0xx_hal_can.o
LOAD ./Drivers/STM32F0xx_HAL_Driver/Src/stm32f0xx_hal_cortex.o
LOAD ./Drivers/STM32F0xx_HAL_Driver/Src/stm32f0xx_hal_dma.o
LOAD ./Drivers/STM32F0xx_HAL_Driver/Src/stm32f0xx_hal_flash.o
LOAD ./Drivers/STM32F0xx_HAL_Driver/Src/stm32f0xx_hal_flash_ex.o
LOAD ./Drivers/STM32F0xx_HAL_Driver/Src/stm32f0xx_hal_gpio.o
LOAD ./Drivers/STM32F0xx_HAL_Driver/Src/stm32f0xx_hal_i2c.o
LOAD ./Drivers/STM32F0xx_HAL_Driver/Src/stm32f0xx_hal_i2c_ex.o
LOAD ./Drivers/STM32F0xx_HAL_Driver/Src/stm32f0xx_hal_iwdg.o
LOAD ./Drivers/STM32F0xx_HAL_Driver/Src/stm32f0xx_hal_pwr.o
LOAD ./Drivers/STM32F0xx_HAL_Driver/Src/stm32f0xx_hal_pwr_ex.o
LOAD ./Drivers/STM32F0xx_HAL_Driver/Src/stm32f0xx_hal_rcc.o
LOAD ./Drivers/STM32F0xx_HAL_Driver/Src/stm32f0xx_hal_rcc_ex.o
LOAD ./Drivers/STM32F0xx_HAL_Driver/Src/stm32f0xx_hal_rtc.o
LOAD ./Drivers/STM32F0xx_HAL_Driver/Src/stm32f0xx_hal_rtc_ex.o
LOAD ./Drivers/STM32F0xx_HAL_Driver/Src/stm32f0xx_hal_smbus.o
LOAD ./Drivers/STM32F0xx_HAL_Driver/Src/stm32f0xx_hal_spi.o
LOAD ./Drivers/STM32F0xx_HAL_Driver/Src/stm32f0xx_hal_spi_ex.o
LOAD ./Drivers/STM32F0xx_HAL_Driver/Src/stm32f0xx_hal_tim.o
LOAD ./Drivers/STM32F0xx_HAL_Driver/Src/stm32f0xx_hal_tim_ex.o
LOAD ./Drivers/STM32F0xx_HAL_Driver/Src/stm32f0xx_hal_uart.o
LOAD ./Drivers/STM32F0xx_HAL_Driver/Src/stm32f0xx_hal_uart_ex.o
START GROUP
LOAD c:/program files (x86)/gnu tools arm embedded/6 2017-q2-update/bin/../lib/gcc/arm-none-eabi/6.3.1/thumb/v6-m\libgcc.a
LOAD c:/program files (x86)/gnu tools arm embedded/6 2017-q2-update/bin/../lib/gcc/arm-none-eabi/6.3.1/../../../../arm-none-eabi/lib/thumb/v6-m\libg_nano.a
LOAD c:/program files (x86)/gnu tools arm embedded/6 2017-q2-update/bin/../lib/gcc/arm-none-eabi/6.3.1/../../../../arm-none-eabi/lib/thumb/v6-m\libc_nano.a
END GROUP
START GROUP
LOAD c:/program files (x86)/gnu tools arm embedded/6 2017-q2-update/bin/../lib/gcc/arm-none-eabi/6.3.1/thumb/v6-m\libgcc.a
LOAD c:/program files (x86)/gnu tools arm embedded/6 2017-q2-update/bin/../lib/gcc/arm-none-eabi/6.3.1/../../../../arm-none-eabi/lib/thumb/v6-m\libc_nano.a
LOAD c:/program files (x86)/gnu tools arm embedded/6 2017-q2-update/bin/../lib/gcc/arm-none-eabi/6.3.1/../../../../arm-none-eabi/lib/thumb/v6-m\libnosys.a
END GROUP
START GROUP
LOAD c:/program files (x86)/gnu tools arm embedded/6 2017-q2-update/bin/../lib/gcc/arm-none-eabi/6.3.1/thumb/v6-m\libgcc.a
LOAD c:/program files (x86)/gnu tools arm embedded/6 2017-q2-update/bin/../lib/gcc/arm-none-eabi/6.3.1/../../../../arm-none-eabi/lib/thumb/v6-m\libc_nano.a
LOAD c:/program files (x86)/gnu tools arm embedded/6 2017-q2-update/bin/../lib/gcc/arm-none-eabi/6.3.1/../../../../arm-none-eabi/lib/thumb/v6-m\libnosys.a
END GROUP
LOAD c:/program files (x86)/gnu tools arm embedded/6 2017-q2-update/bin/../lib/gcc/arm-none-eabi/6.3.1/thumb/v6-m/crtend.o
LOAD c:/program files (x86)/gnu tools arm embedded/6 2017-q2-update/bin/../lib/gcc/arm-none-eabi/6.3.1/thumb/v6-m/crtn.o
                0x20008000                _estack = 0x20008000
                0x00000200                _Min_Heap_Size = 0x200
                0x00000400                _Min_Stack_Size = 0x400

.isr_vector     0x08000000       0xbc
                0x08000000                . = ALIGN (0x4)
 *(.isr_vector)
 .isr_vector    0x08000000       0xbc ./Src/startup_stm32f091xc.o
                0x08000000                g_pfnVectors
                0x080000bc                . = ALIGN (0x4)

.text           0x080000c0     0x6b08
                0x080000c0                . = ALIGN (0x4)
 *(.text)
 .text          0x080000c0       0x60 c:/program files (x86)/gnu tools arm embedded/6 2017-q2-update/bin/../lib/gcc/arm-none-eabi/6.3.1/thumb/v6-m/crtbegin.o
 .text          0x08000120       0x14 c:/program files (x86)/gnu tools arm embedded/6 2017-q2-update/bin/../lib/gcc/arm-none-eabi/6.3.1/thumb/v6-m\libgcc.a(_thumb1_case_sqi.o)
                0x08000120                __gnu_thumb1_case_sqi
 .text          0x08000134       0x14 c:/program files (x86)/gnu tools arm embedded/6 2017-q2-update/bin/../lib/gcc/arm-none-eabi/6.3.1/thumb/v6-m\libgcc.a(_thumb1_case_uqi.o)
                0x08000134                __gnu_thumb1_case_uqi
 .text          0x08000148      0x114 c:/program files (x86)/gnu tools arm embedded/6 2017-q2-update/bin/../lib/gcc/arm-none-eabi/6.3.1/thumb/v6-m\libgcc.a(_udivsi3.o)
                0x08000148                __aeabi_uidiv
                0x08000148                __udivsi3
                0x08000254                __aeabi_uidivmod
 .text          0x0800025c        0x4 c:/program files (x86)/gnu tools arm embedded/6 2017-q2-update/bin/../lib/gcc/arm-none-eabi/6.3.1/thumb/v6-m\libgcc.a(_dvmd_tls.o)
                0x0800025c                __aeabi_idiv0
                0x0800025c                __aeabi_ldiv0
 *(.text*)
 .text.MX_ADC_Init
                0x08000260       0x88 ./Src/adc.o
                0x08000260                MX_ADC_Init
 .text.HAL_ADC_MspInit
                0x080002e8       0x9c ./Src/adc.o
                0x080002e8                HAL_ADC_MspInit
 .text.MX_CAN_Init
                0x08000384       0x40 ./Src/can.o
                0x08000384                MX_CAN_Init
 .text.HAL_CAN_MspInit
                0x080003c4       0x60 ./Src/can.o
                0x080003c4                HAL_CAN_MspInit
 .text.MX_DMA_Init
                0x08000424       0x4c ./Src/dma.o
                0x08000424                MX_DMA_Init
 .text.StartDefaultTask
                0x08000470        0xa ./Src/freertos.o
                0x08000470                StartDefaultTask
 .text.cmd_proc_entry
                0x0800047a        0xa ./Src/freertos.o
                0x0800047a                cmd_proc_entry
 .text.usart1_entry
                0x08000484       0x34 ./Src/freertos.o
                0x08000484                usart1_entry
 .text.usart2_entry
                0x080004b8       0x44 ./Src/freertos.o
                0x080004b8                usart2_entry
 .text.usart3_entry
                0x080004fc      0x1ac ./Src/freertos.o
                0x080004fc                usart3_entry
 .text.IWDG_entry
                0x080006a8       0x14 ./Src/freertos.o
                0x080006a8                IWDG_entry
 .text.gpio_state_entry
                0x080006bc       0x70 ./Src/freertos.o
                0x080006bc                gpio_state_entry
 .text.i2c1_entry
                0x0800072c        0xa ./Src/freertos.o
                0x0800072c                i2c1_entry
 *fill*         0x08000736        0x2 
 .text.MX_FREERTOS_Init
                0x08000738      0x1c0 ./Src/freertos.o
                0x08000738                MX_FREERTOS_Init
 .text.aewin_dbg
                0x080008f8       0x6c ./Src/freertos.o
                0x080008f8                aewin_dbg
 .text.ignition_entry
                0x08000964      0x2a0 ./Src/freertos.o
                0x08000964                ignition_entry
 .text.adc_entry
                0x08000c04       0x78 ./Src/freertos.o
                0x08000c04                adc_entry
 .text.MX_GPIO_Init
                0x08000c7c       0xa8 ./Src/gpio.o
                0x08000c7c                MX_GPIO_Init
 .text.MX_I2C1_SMBUS_Init
                0x08000d24       0x64 ./Src/i2c.o
                0x08000d24                MX_I2C1_SMBUS_Init
 .text.MX_I2C2_Init
                0x08000d88       0x6c ./Src/i2c.o
                0x08000d88                MX_I2C2_Init
 .text.HAL_SMBUS_MspInit
                0x08000df4       0x70 ./Src/i2c.o
                0x08000df4                HAL_SMBUS_MspInit
 .text.HAL_I2C_MspInit
                0x08000e64       0x4c ./Src/i2c.o
                0x08000e64                HAL_I2C_MspInit
 .text.MX_IWDG_Init
                0x08000eb0       0x34 ./Src/iwdg.o
                0x08000eb0                MX_IWDG_Init
 .text.SystemClock_Config
                0x08000ee4       0x88 ./Src/main.o
                0x08000ee4                SystemClock_Config
 .text.startup.main
                0x08000f6c       0x4c ./Src/main.o
                0x08000f6c                main
 .text.HAL_TIM_PeriodElapsedCallback
                0x08000fb8       0x14 ./Src/main.o
                0x08000fb8                HAL_TIM_PeriodElapsedCallback
 .text._Error_Handler
                0x08000fcc        0x2 ./Src/main.o
                0x08000fcc                _Error_Handler
 *fill*         0x08000fce        0x2 
 .text.MX_RTC_Init
                0x08000fd0      0x104 ./Src/rtc.o
                0x08000fd0                MX_RTC_Init
 .text.HAL_RTC_MspInit
                0x080010d4       0x20 ./Src/rtc.o
                0x080010d4                HAL_RTC_MspInit
 .text.MX_SPI1_Init
                0x080010f4       0x54 ./Src/spi.o
                0x080010f4                MX_SPI1_Init
 .text.HAL_SPI_MspInit
                0x08001148       0x60 ./Src/spi.o
                0x08001148                HAL_SPI_MspInit
 .text.Reset_Handler
                0x080011a8       0x50 ./Src/startup_stm32f091xc.o
                0x080011a8                Reset_Handler
 .text.Default_Handler
                0x080011f8        0x2 ./Src/startup_stm32f091xc.o
                0x080011f8                TIM1_CC_IRQHandler
                0x080011f8                TSC_IRQHandler
                0x080011f8                ADC1_COMP_IRQHandler
                0x080011f8                RCC_CRS_IRQHandler
                0x080011f8                SPI1_IRQHandler
                0x080011f8                TIM6_DAC_IRQHandler
                0x080011f8                EXTI2_3_IRQHandler
                0x080011f8                I2C2_IRQHandler
                0x080011f8                TIM17_IRQHandler
                0x080011f8                RTC_IRQHandler
                0x080011f8                PVD_VDDIO2_IRQHandler
                0x080011f8                TIM16_IRQHandler
                0x080011f8                TIM3_IRQHandler
                0x080011f8                EXTI4_15_IRQHandler
                0x080011f8                USART3_8_IRQHandler
                0x080011f8                Default_Handler
                0x080011f8                TIM14_IRQHandler
                0x080011f8                TIM7_IRQHandler
                0x080011f8                TIM15_IRQHandler
                0x080011f8                EXTI0_1_IRQHandler
                0x080011f8                SPI2_IRQHandler
                0x080011f8                WWDG_IRQHandler
                0x080011f8                TIM2_IRQHandler
                0x080011f8                FLASH_IRQHandler
 *fill*         0x080011fa        0x2 
 .text.HAL_MspInit
                0x080011fc       0x3c ./Src/stm32f0xx_hal_msp.o
                0x080011fc                HAL_MspInit
 .text.HAL_InitTick
                0x08001238       0x7c ./Src/stm32f0xx_hal_timebase_TIM.o
                0x08001238                HAL_InitTick
 .text.NMI_Handler
                0x080012b4        0x2 ./Src/stm32f0xx_it.o
                0x080012b4                NMI_Handler
 .text.HardFault_Handler
                0x080012b6        0x2 ./Src/stm32f0xx_it.o
                0x080012b6                HardFault_Handler
 .text.SysTick_Handler
                0x080012b8        0x8 ./Src/stm32f0xx_it.o
                0x080012b8                SysTick_Handler
 .text.DMA1_Ch1_IRQHandler
                0x080012c0       0x10 ./Src/stm32f0xx_it.o
                0x080012c0                DMA1_Ch1_IRQHandler
 .text.DMA1_Ch2_3_DMA2_Ch1_2_IRQHandler
                0x080012d0       0x18 ./Src/stm32f0xx_it.o
                0x080012d0                DMA1_Ch2_3_DMA2_Ch1_2_IRQHandler
 .text.DMA1_Ch4_7_DMA2_Ch3_5_IRQHandler
                0x080012e8       0x18 ./Src/stm32f0xx_it.o
                0x080012e8                DMA1_Ch4_7_DMA2_Ch3_5_IRQHandler
 .text.TIM1_BRK_UP_TRG_COM_IRQHandler
                0x08001300       0x10 ./Src/stm32f0xx_it.o
                0x08001300                TIM1_BRK_UP_TRG_COM_IRQHandler
 .text.I2C1_IRQHandler
                0x08001310       0x20 ./Src/stm32f0xx_it.o
                0x08001310                I2C1_IRQHandler
 .text.USART1_IRQHandler
                0x08001330       0x10 ./Src/stm32f0xx_it.o
                0x08001330                USART1_IRQHandler
 .text.USART2_IRQHandler
                0x08001340       0x10 ./Src/stm32f0xx_it.o
                0x08001340                USART2_IRQHandler
 .text.CEC_CAN_IRQHandler
                0x08001350       0x10 ./Src/stm32f0xx_it.o
                0x08001350                CEC_CAN_IRQHandler
 .text.SystemInit
                0x08001360       0x60 ./Src/system_stm32f0xx.o
                0x08001360                SystemInit
 .text.MX_TIM2_Init
                0x080013c0       0x88 ./Src/tim.o
                0x080013c0                MX_TIM2_Init
 .text.HAL_TIM_Base_MspInit
                0x08001448       0x48 ./Src/tim.o
                0x08001448                HAL_TIM_Base_MspInit
 .text.HAL_TIM_MspPostInit
                0x08001490       0x30 ./Src/tim.o
                0x08001490                HAL_TIM_MspPostInit
 .text.MX_TIM14_Init
                0x080014c0       0x70 ./Src/tim.o
                0x080014c0                MX_TIM14_Init
 .text.MX_USART1_UART_Init
                0x08001530       0x54 ./Src/usart.o
                0x08001530                MX_USART1_UART_Init
 .text.MX_USART2_UART_Init
                0x08001584       0x54 ./Src/usart.o
                0x08001584                MX_USART2_UART_Init
 .text.MX_USART3_UART_Init
                0x080015d8       0x50 ./Src/usart.o
                0x080015d8                MX_USART3_UART_Init
 .text.HAL_UART_MspInit
                0x08001628      0x248 ./Src/usart.o
                0x08001628                HAL_UART_MspInit
 .text.unlikely.prvInsertBlockIntoFreeList
                0x08001870       0x48 ./Middlewares/Third_Party/FreeRTOS/Source/portable/MemMang/heap_4.o
 .text.pvPortMalloc
                0x080018b8      0x104 ./Middlewares/Third_Party/FreeRTOS/Source/portable/MemMang/heap_4.o
                0x080018b8                pvPortMalloc
 .text.vPortFree
                0x080019bc       0x48 ./Middlewares/Third_Party/FreeRTOS/Source/portable/MemMang/heap_4.o
                0x080019bc                vPortFree
 .text.prvTaskExitError
                0x08001a04       0x14 ./Middlewares/Third_Party/FreeRTOS/Source/portable/GCC/ARM_CM0/port.o
 *fill*         0x08001a18        0x8 
 .text.vPortStartFirstTask
                0x08001a20       0x34 ./Middlewares/Third_Party/FreeRTOS/Source/portable/GCC/ARM_CM0/port.o
 .text.pxPortInitialiseStack
                0x08001a54       0x20 ./Middlewares/Third_Party/FreeRTOS/Source/portable/GCC/ARM_CM0/port.o
                0x08001a54                pxPortInitialiseStack
 .text.SVC_Handler
                0x08001a74        0x2 ./Middlewares/Third_Party/FreeRTOS/Source/portable/GCC/ARM_CM0/port.o
                0x08001a74                SVC_Handler
 *fill*         0x08001a76        0x2 
 .text.vPortYield
                0x08001a78       0x18 ./Middlewares/Third_Party/FreeRTOS/Source/portable/GCC/ARM_CM0/port.o
                0x08001a78                vPortYield
 .text.vPortEnterCritical
                0x08001a90       0x18 ./Middlewares/Third_Party/FreeRTOS/Source/portable/GCC/ARM_CM0/port.o
                0x08001a90                vPortEnterCritical
 .text.vPortExitCritical
                0x08001aa8       0x1c ./Middlewares/Third_Party/FreeRTOS/Source/portable/GCC/ARM_CM0/port.o
                0x08001aa8                vPortExitCritical
 .text.ulSetInterruptMaskFromISR
                0x08001ac4        0xa ./Middlewares/Third_Party/FreeRTOS/Source/portable/GCC/ARM_CM0/port.o
                0x08001ac4                ulSetInterruptMaskFromISR
 .text.vClearInterruptMaskFromISR
                0x08001ace        0x6 ./Middlewares/Third_Party/FreeRTOS/Source/portable/GCC/ARM_CM0/port.o
                0x08001ace                vClearInterruptMaskFromISR
 *fill*         0x08001ad4        0xc 
 .text.PendSV_Handler
                0x08001ae0       0x44 ./Middlewares/Third_Party/FreeRTOS/Source/portable/GCC/ARM_CM0/port.o
                0x08001ae0                PendSV_Handler
 .text.xPortSysTickHandler
                0x08001b24       0x24 ./Middlewares/Third_Party/FreeRTOS/Source/portable/GCC/ARM_CM0/port.o
                0x08001b24                xPortSysTickHandler
 .text.vPortSetupTimerInterrupt
                0x08001b48       0x28 ./Middlewares/Third_Party/FreeRTOS/Source/portable/GCC/ARM_CM0/port.o
                0x08001b48                vPortSetupTimerInterrupt
 .text.xPortStartScheduler
                0x08001b70       0x34 ./Middlewares/Third_Party/FreeRTOS/Source/portable/GCC/ARM_CM0/port.o
                0x08001b70                xPortStartScheduler
 .text.osKernelStart
                0x08001ba4        0xa ./Middlewares/Third_Party/FreeRTOS/Source/CMSIS_RTOS/cmsis_os.o
                0x08001ba4                osKernelStart
 .text.osThreadCreate
                0x08001bae       0x30 ./Middlewares/Third_Party/FreeRTOS/Source/CMSIS_RTOS/cmsis_os.o
                0x08001bae                osThreadCreate
 .text.osDelay  0x08001bde       0x10 ./Middlewares/Third_Party/FreeRTOS/Source/CMSIS_RTOS/cmsis_os.o
                0x08001bde                osDelay
 .text.osMutexCreate
                0x08001bee        0xa ./Middlewares/Third_Party/FreeRTOS/Source/CMSIS_RTOS/cmsis_os.o
                0x08001bee                osMutexCreate
 .text.osMutexWait
                0x08001bf8       0x4c ./Middlewares/Third_Party/FreeRTOS/Source/CMSIS_RTOS/cmsis_os.o
                0x08001bf8                osMutexWait
 .text.osSemaphoreRelease
                0x08001c44       0x40 ./Middlewares/Third_Party/FreeRTOS/Source/CMSIS_RTOS/cmsis_os.o
                0x08001c44                osSemaphoreRelease
 .text.osMutexRelease
                0x08001c84        0x8 ./Middlewares/Third_Party/FreeRTOS/Source/CMSIS_RTOS/cmsis_os.o
                0x08001c84                osMutexRelease
 .text.osMessageCreate
                0x08001c8c        0xe ./Middlewares/Third_Party/FreeRTOS/Source/CMSIS_RTOS/cmsis_os.o
                0x08001c8c                osMessageCreate
 *fill*         0x08001c9a        0x2 
 .text.osMessagePut
                0x08001c9c       0x4c ./Middlewares/Third_Party/FreeRTOS/Source/CMSIS_RTOS/cmsis_os.o
                0x08001c9c                osMessagePut
 .text.osMessageGet
                0x08001ce8       0x74 ./Middlewares/Third_Party/FreeRTOS/Source/CMSIS_RTOS/cmsis_os.o
                0x08001ce8                osMessageGet
 .text.osSystickHandler
                0x08001d5c       0x10 ./Middlewares/Third_Party/FreeRTOS/Source/CMSIS_RTOS/cmsis_os.o
                0x08001d5c                osSystickHandler
 .text.vListInitialise
                0x08001d6c       0x16 ./Middlewares/Third_Party/FreeRTOS/Source/list.o
                0x08001d6c                vListInitialise
 .text.vListInitialiseItem
                0x08001d82        0x6 ./Middlewares/Third_Party/FreeRTOS/Source/list.o
                0x08001d82                vListInitialiseItem
 .text.vListInsertEnd
                0x08001d88       0x18 ./Middlewares/Third_Party/FreeRTOS/Source/list.o
                0x08001d88                vListInsertEnd
 .text.vListInsert
                0x08001da0       0x2e ./Middlewares/Third_Party/FreeRTOS/Source/list.o
                0x08001da0                vListInsert
 .text.uxListRemove
                0x08001dce       0x20 ./Middlewares/Third_Party/FreeRTOS/Source/list.o
                0x08001dce                uxListRemove
 .text.unlikely.prvCopyDataToQueue
                0x08001dee       0x70 ./Middlewares/Third_Party/FreeRTOS/Source/queue.o
 .text.unlikely.prvCopyDataFromQueue
                0x08001e5e       0x24 ./Middlewares/Third_Party/FreeRTOS/Source/queue.o
 .text.prvUnlockQueue
                0x08001e82       0x6a ./Middlewares/Third_Party/FreeRTOS/Source/queue.o
 .text.xQueueGenericReset
                0x08001eec       0x68 ./Middlewares/Third_Party/FreeRTOS/Source/queue.o
                0x08001eec                xQueueGenericReset
 .text.xQueueGenericCreate
                0x08001f54       0x3a ./Middlewares/Third_Party/FreeRTOS/Source/queue.o
                0x08001f54                xQueueGenericCreate
 .text.xQueueGenericSend
                0x08001f8e      0x11e ./Middlewares/Third_Party/FreeRTOS/Source/queue.o
                0x08001f8e                xQueueGenericSend
 .text.xQueueCreateMutex
                0x080020ac       0x24 ./Middlewares/Third_Party/FreeRTOS/Source/queue.o
                0x080020ac                xQueueCreateMutex
 .text.xQueueGenericSendFromISR
                0x080020d0       0x92 ./Middlewares/Third_Party/FreeRTOS/Source/queue.o
                0x080020d0                xQueueGenericSendFromISR
 .text.xQueueGiveFromISR
                0x08002162       0x7a ./Middlewares/Third_Party/FreeRTOS/Source/queue.o
                0x08002162                xQueueGiveFromISR
 .text.xQueueGenericReceive
                0x080021dc      0x14c ./Middlewares/Third_Party/FreeRTOS/Source/queue.o
                0x080021dc                xQueueGenericReceive
 .text.xQueueReceiveFromISR
                0x08002328       0x80 ./Middlewares/Third_Party/FreeRTOS/Source/queue.o
                0x08002328                xQueueReceiveFromISR
 .text.prvResetNextTaskUnblockTime
                0x080023a8       0x28 ./Middlewares/Third_Party/FreeRTOS/Source/tasks.o
 .text.prvAddCurrentTaskToDelayedList
                0x080023d0       0x70 ./Middlewares/Third_Party/FreeRTOS/Source/tasks.o
 .text.xTaskCreate
                0x08002440      0x188 ./Middlewares/Third_Party/FreeRTOS/Source/tasks.o
                0x08002440                xTaskCreate
 .text.vTaskStartScheduler
                0x080025c8       0x54 ./Middlewares/Third_Party/FreeRTOS/Source/tasks.o
                0x080025c8                vTaskStartScheduler
 .text.vTaskSuspendAll
                0x0800261c       0x10 ./Middlewares/Third_Party/FreeRTOS/Source/tasks.o
                0x0800261c                vTaskSuspendAll
 .text.xTaskIncrementTick
                0x0800262c       0xfc ./Middlewares/Third_Party/FreeRTOS/Source/tasks.o
                0x0800262c                xTaskIncrementTick
 .text.xTaskResumeAll
                0x08002728       0xd0 ./Middlewares/Third_Party/FreeRTOS/Source/tasks.o
                0x08002728                xTaskResumeAll
 .text.vTaskDelay
                0x080027f8       0x34 ./Middlewares/Third_Party/FreeRTOS/Source/tasks.o
                0x080027f8                vTaskDelay
 .text.prvIdleTask
                0x0800282c       0x68 ./Middlewares/Third_Party/FreeRTOS/Source/tasks.o
 .text.vTaskSwitchContext
                0x08002894       0x6c ./Middlewares/Third_Party/FreeRTOS/Source/tasks.o
                0x08002894                vTaskSwitchContext
 .text.vTaskPlaceOnEventList
                0x08002900       0x24 ./Middlewares/Third_Party/FreeRTOS/Source/tasks.o
                0x08002900                vTaskPlaceOnEventList
 .text.xTaskRemoveFromEventList
                0x08002924       0x78 ./Middlewares/Third_Party/FreeRTOS/Source/tasks.o
                0x08002924                xTaskRemoveFromEventList
 .text.vTaskSetTimeOutState
                0x0800299c       0x20 ./Middlewares/Third_Party/FreeRTOS/Source/tasks.o
                0x0800299c                vTaskSetTimeOutState
 .text.xTaskCheckForTimeOut
                0x080029bc       0x60 ./Middlewares/Third_Party/FreeRTOS/Source/tasks.o
                0x080029bc                xTaskCheckForTimeOut
 .text.vTaskMissedYield
                0x08002a1c        0xc ./Middlewares/Third_Party/FreeRTOS/Source/tasks.o
                0x08002a1c                vTaskMissedYield
 .text.xTaskGetSchedulerState
                0x08002a28       0x20 ./Middlewares/Third_Party/FreeRTOS/Source/tasks.o
                0x08002a28                xTaskGetSchedulerState
 .text.vTaskPriorityInherit
                0x08002a48       0x6c ./Middlewares/Third_Party/FreeRTOS/Source/tasks.o
                0x08002a48                vTaskPriorityInherit
 .text.xTaskPriorityDisinherit
                0x08002ab4       0x6c ./Middlewares/Third_Party/FreeRTOS/Source/tasks.o
                0x08002ab4                xTaskPriorityDisinherit
 .text.pvTaskIncrementMutexHeldCount
                0x08002b20       0x18 ./Middlewares/Third_Party/FreeRTOS/Source/tasks.o
                0x08002b20                pvTaskIncrementMutexHeldCount
 .text.HAL_Init
                0x08002b38       0x20 ./Drivers/STM32F0xx_HAL_Driver/Src/stm32f0xx_hal.o
                0x08002b38                HAL_Init
 .text.HAL_IncTick
                0x08002b58       0x10 ./Drivers/STM32F0xx_HAL_Driver/Src/stm32f0xx_hal.o
                0x08002b58                HAL_IncTick
 .text.HAL_GetTick
                0x08002b68        0xc ./Drivers/STM32F0xx_HAL_Driver/Src/stm32f0xx_hal.o
                0x08002b68                HAL_GetTick
 .text.ADC_Disable
                0x08002b74       0x72 ./Drivers/STM32F0xx_HAL_Driver/Src/stm32f0xx_hal_adc.o
 *fill*         0x08002be6        0x2 
 .text.ADC_Enable
                0x08002be8       0x98 ./Drivers/STM32F0xx_HAL_Driver/Src/stm32f0xx_hal_adc.o
 .text.ADC_ConversionStop
                0x08002c80       0x52 ./Drivers/STM32F0xx_HAL_Driver/Src/stm32f0xx_hal_adc.o
 *fill*         0x08002cd2        0x2 
 .text.HAL_ADC_Init
                0x08002cd4      0x14c ./Drivers/STM32F0xx_HAL_Driver/Src/stm32f0xx_hal_adc.o
                0x08002cd4                HAL_ADC_Init
 .text.HAL_ADC_Start_DMA
                0x08002e20       0x94 ./Drivers/STM32F0xx_HAL_Driver/Src/stm32f0xx_hal_adc.o
                0x08002e20                HAL_ADC_Start_DMA
 .text.HAL_ADC_Stop_DMA
                0x08002eb4       0x70 ./Drivers/STM32F0xx_HAL_Driver/Src/stm32f0xx_hal_adc.o
                0x08002eb4                HAL_ADC_Stop_DMA
 .text.HAL_ADC_ConvCpltCallback
                0x08002f24        0x2 ./Drivers/STM32F0xx_HAL_Driver/Src/stm32f0xx_hal_adc.o
                0x08002f24                HAL_ADC_ConvCpltCallback
 *fill*         0x08002f26        0x2 
 .text.ADC_DMAConvCplt
                0x08002f28       0x70 ./Drivers/STM32F0xx_HAL_Driver/Src/stm32f0xx_hal_adc.o
 .text.HAL_ADC_ConvHalfCpltCallback
                0x08002f98        0x2 ./Drivers/STM32F0xx_HAL_Driver/Src/stm32f0xx_hal_adc.o
                0x08002f98                HAL_ADC_ConvHalfCpltCallback
 .text.ADC_DMAHalfConvCplt
                0x08002f9a        0xa ./Drivers/STM32F0xx_HAL_Driver/Src/stm32f0xx_hal_adc.o
 .text.HAL_ADC_ErrorCallback
                0x08002fa4        0x2 ./Drivers/STM32F0xx_HAL_Driver/Src/stm32f0xx_hal_adc.o
                0x08002fa4                HAL_ADC_ErrorCallback
 .text.ADC_DMAError
                0x08002fa6       0x1a ./Drivers/STM32F0xx_HAL_Driver/Src/stm32f0xx_hal_adc.o
 .text.HAL_ADC_ConfigChannel
                0x08002fc0      0x100 ./Drivers/STM32F0xx_HAL_Driver/Src/stm32f0xx_hal_adc.o
                0x08002fc0                HAL_ADC_ConfigChannel
 .text.HAL_CAN_Init
                0x080030c0      0x13c ./Drivers/STM32F0xx_HAL_Driver/Src/stm32f0xx_hal_can.o
                0x080030c0                HAL_CAN_Init
 .text.HAL_CAN_TxCpltCallback
                0x080031fc        0x2 ./Drivers/STM32F0xx_HAL_Driver/Src/stm32f0xx_hal_can.o
                0x080031fc                HAL_CAN_TxCpltCallback
 .text.HAL_CAN_RxCpltCallback
                0x080031fe        0x2 ./Drivers/STM32F0xx_HAL_Driver/Src/stm32f0xx_hal_can.o
                0x080031fe                HAL_CAN_RxCpltCallback
 .text.CAN_Receive_IT
                0x08003200      0x10c ./Drivers/STM32F0xx_HAL_Driver/Src/stm32f0xx_hal_can.o
 .text.HAL_CAN_ErrorCallback
                0x0800330c        0x2 ./Drivers/STM32F0xx_HAL_Driver/Src/stm32f0xx_hal_can.o
                0x0800330c                HAL_CAN_ErrorCallback
 *fill*         0x0800330e        0x2 
 .text.HAL_CAN_IRQHandler
                0x08003310      0x1e4 ./Drivers/STM32F0xx_HAL_Driver/Src/stm32f0xx_hal_can.o
                0x08003310                HAL_CAN_IRQHandler
 .text.HAL_NVIC_SetPriority
                0x080034f4       0x60 ./Drivers/STM32F0xx_HAL_Driver/Src/stm32f0xx_hal_cortex.o
                0x080034f4                HAL_NVIC_SetPriority
 .text.HAL_NVIC_EnableIRQ
                0x08003554       0x14 ./Drivers/STM32F0xx_HAL_Driver/Src/stm32f0xx_hal_cortex.o
                0x08003554                HAL_NVIC_EnableIRQ
 .text.HAL_SYSTICK_Config
                0x08003568       0x34 ./Drivers/STM32F0xx_HAL_Driver/Src/stm32f0xx_hal_cortex.o
                0x08003568                HAL_SYSTICK_Config
 .text.HAL_SYSTICK_CLKSourceConfig
                0x0800359c       0x1c ./Drivers/STM32F0xx_HAL_Driver/Src/stm32f0xx_hal_cortex.o
                0x0800359c                HAL_SYSTICK_CLKSourceConfig
 .text.DMA_CalcBaseAndBitshift
                0x080035b8       0x48 ./Drivers/STM32F0xx_HAL_Driver/Src/stm32f0xx_hal_dma.o
 .text.HAL_DMA_Init
                0x08003600       0x58 ./Drivers/STM32F0xx_HAL_Driver/Src/stm32f0xx_hal_dma.o
                0x08003600                HAL_DMA_Init
 .text.HAL_DMA_Start_IT
                0x08003658       0x76 ./Drivers/STM32F0xx_HAL_Driver/Src/stm32f0xx_hal_dma.o
                0x08003658                HAL_DMA_Start_IT
 .text.HAL_DMA_Abort
                0x080036ce       0x2a ./Drivers/STM32F0xx_HAL_Driver/Src/stm32f0xx_hal_dma.o
                0x080036ce                HAL_DMA_Abort
 .text.HAL_DMA_Abort_IT
                0x080036f8       0x46 ./Drivers/STM32F0xx_HAL_Driver/Src/stm32f0xx_hal_dma.o
                0x080036f8                HAL_DMA_Abort_IT
 .text.HAL_DMA_IRQHandler
                0x0800373e       0x92 ./Drivers/STM32F0xx_HAL_Driver/Src/stm32f0xx_hal_dma.o
                0x0800373e                HAL_DMA_IRQHandler
 .text.HAL_GPIO_Init
                0x080037d0      0x178 ./Drivers/STM32F0xx_HAL_Driver/Src/stm32f0xx_hal_gpio.o
                0x080037d0                HAL_GPIO_Init
 .text.HAL_GPIO_ReadPin
                0x08003948        0xc ./Drivers/STM32F0xx_HAL_Driver/Src/stm32f0xx_hal_gpio.o
                0x08003948                HAL_GPIO_ReadPin
 .text.HAL_GPIO_WritePin
                0x08003954        0xc ./Drivers/STM32F0xx_HAL_Driver/Src/stm32f0xx_hal_gpio.o
                0x08003954                HAL_GPIO_WritePin
 .text.HAL_I2C_Init
                0x08003960       0xac ./Drivers/STM32F0xx_HAL_Driver/Src/stm32f0xx_hal_i2c.o
                0x08003960                HAL_I2C_Init
 .text.HAL_I2CEx_ConfigAnalogFilter
                0x08003a0c       0x4c ./Drivers/STM32F0xx_HAL_Driver/Src/stm32f0xx_hal_i2c_ex.o
                0x08003a0c                HAL_I2CEx_ConfigAnalogFilter
 .text.HAL_I2CEx_ConfigDigitalFilter
                0x08003a58       0x48 ./Drivers/STM32F0xx_HAL_Driver/Src/stm32f0xx_hal_i2c_ex.o
                0x08003a58                HAL_I2CEx_ConfigDigitalFilter
 .text.HAL_I2CEx_EnableFastModePlus
                0x08003aa0       0x28 ./Drivers/STM32F0xx_HAL_Driver/Src/stm32f0xx_hal_i2c_ex.o
                0x08003aa0                HAL_I2CEx_EnableFastModePlus
 .text.HAL_IWDG_Init
                0x08003ac8       0x58 ./Drivers/STM32F0xx_HAL_Driver/Src/stm32f0xx_hal_iwdg.o
                0x08003ac8                HAL_IWDG_Init
 .text.HAL_IWDG_Refresh
                0x08003b20       0x10 ./Drivers/STM32F0xx_HAL_Driver/Src/stm32f0xx_hal_iwdg.o
                0x08003b20                HAL_IWDG_Refresh
 .text.HAL_RCC_OscConfig
                0x08003b30      0x464 ./Drivers/STM32F0xx_HAL_Driver/Src/stm32f0xx_hal_rcc.o
                0x08003b30                HAL_RCC_OscConfig
 .text.HAL_RCC_GetSysClockFreq
                0x08003f94       0x78 ./Drivers/STM32F0xx_HAL_Driver/Src/stm32f0xx_hal_rcc.o
                0x08003f94                HAL_RCC_GetSysClockFreq
 .text.HAL_RCC_ClockConfig
                0x0800400c      0x15c ./Drivers/STM32F0xx_HAL_Driver/Src/stm32f0xx_hal_rcc.o
                0x0800400c                HAL_RCC_ClockConfig
 .text.HAL_RCC_GetHCLKFreq
                0x08004168        0xc ./Drivers/STM32F0xx_HAL_Driver/Src/stm32f0xx_hal_rcc.o
                0x08004168                HAL_RCC_GetHCLKFreq
 .text.HAL_RCC_GetPCLK1Freq
                0x08004174       0x20 ./Drivers/STM32F0xx_HAL_Driver/Src/stm32f0xx_hal_rcc.o
                0x08004174                HAL_RCC_GetPCLK1Freq
 .text.HAL_RCC_GetClockConfig
                0x08004194       0x38 ./Drivers/STM32F0xx_HAL_Driver/Src/stm32f0xx_hal_rcc.o
                0x08004194                HAL_RCC_GetClockConfig
 .text.HAL_RCCEx_PeriphCLKConfig
                0x080041cc      0x144 ./Drivers/STM32F0xx_HAL_Driver/Src/stm32f0xx_hal_rcc_ex.o
                0x080041cc                HAL_RCCEx_PeriphCLKConfig
 .text.HAL_RTC_WaitForSynchro
                0x08004310       0x34 ./Drivers/STM32F0xx_HAL_Driver/Src/stm32f0xx_hal_rtc.o
                0x08004310                HAL_RTC_WaitForSynchro
 .text.RTC_EnterInitMode
                0x08004344       0x38 ./Drivers/STM32F0xx_HAL_Driver/Src/stm32f0xx_hal_rtc.o
                0x08004344                RTC_EnterInitMode
 .text.HAL_RTC_Init
                0x0800437c       0xa8 ./Drivers/STM32F0xx_HAL_Driver/Src/stm32f0xx_hal_rtc.o
                0x0800437c                HAL_RTC_Init
 .text.RTC_ByteToBcd2
                0x08004424       0x16 ./Drivers/STM32F0xx_HAL_Driver/Src/stm32f0xx_hal_rtc.o
                0x08004424                RTC_ByteToBcd2
 *fill*         0x0800443a        0x2 
 .text.HAL_RTC_SetTime
                0x0800443c       0xe8 ./Drivers/STM32F0xx_HAL_Driver/Src/stm32f0xx_hal_rtc.o
                0x0800443c                HAL_RTC_SetTime
 .text.HAL_RTC_SetDate
                0x08004524       0xc8 ./Drivers/STM32F0xx_HAL_Driver/Src/stm32f0xx_hal_rtc.o
                0x08004524                HAL_RTC_SetDate
 .text.HAL_RTC_SetAlarm
                0x080045ec      0x108 ./Drivers/STM32F0xx_HAL_Driver/Src/stm32f0xx_hal_rtc.o
                0x080045ec                HAL_RTC_SetAlarm
 .text.HAL_RTCEx_SetTimeStamp
                0x080046f4       0x40 ./Drivers/STM32F0xx_HAL_Driver/Src/stm32f0xx_hal_rtc_ex.o
                0x080046f4                HAL_RTCEx_SetTimeStamp
 .text.HAL_RTCEx_SetWakeUpTimer
                0x08004734       0xbc ./Drivers/STM32F0xx_HAL_Driver/Src/stm32f0xx_hal_rtc_ex.o
                0x08004734                HAL_RTCEx_SetWakeUpTimer
 .text.HAL_RTCEx_BKUPWrite
                0x080047f0        0xc ./Drivers/STM32F0xx_HAL_Driver/Src/stm32f0xx_hal_rtc_ex.o
                0x080047f0                HAL_RTCEx_BKUPWrite
 .text.HAL_RTCEx_BKUPRead
                0x080047fc        0xc ./Drivers/STM32F0xx_HAL_Driver/Src/stm32f0xx_hal_rtc_ex.o
                0x080047fc                HAL_RTCEx_BKUPRead
 .text.SMBUS_Disable_IRQ
                0x08004808       0x80 ./Drivers/STM32F0xx_HAL_Driver/Src/stm32f0xx_hal_smbus.o
 .text.SMBUS_TransferConfig
                0x08004888       0x24 ./Drivers/STM32F0xx_HAL_Driver/Src/stm32f0xx_hal_smbus.o
 .text.HAL_SMBUS_Init
                0x080048ac       0xd8 ./Drivers/STM32F0xx_HAL_Driver/Src/stm32f0xx_hal_smbus.o
                0x080048ac                HAL_SMBUS_Init
 .text.HAL_SMBUS_EnableAlert_IT
                0x08004984       0x1e ./Drivers/STM32F0xx_HAL_Driver/Src/stm32f0xx_hal_smbus.o
                0x08004984                HAL_SMBUS_EnableAlert_IT
 .text.HAL_SMBUS_MasterTxCpltCallback
                0x080049a2        0x2 ./Drivers/STM32F0xx_HAL_Driver/Src/stm32f0xx_hal_smbus.o
                0x080049a2                HAL_SMBUS_MasterTxCpltCallback
 .text.HAL_SMBUS_MasterRxCpltCallback
                0x080049a4        0x2 ./Drivers/STM32F0xx_HAL_Driver/Src/stm32f0xx_hal_smbus.o
                0x080049a4                HAL_SMBUS_MasterRxCpltCallback
 .text.HAL_SMBUS_SlaveTxCpltCallback
                0x080049a6        0x2 ./Drivers/STM32F0xx_HAL_Driver/Src/stm32f0xx_hal_smbus.o
                0x080049a6                HAL_SMBUS_SlaveTxCpltCallback
 .text.HAL_SMBUS_SlaveRxCpltCallback
                0x080049a8        0x2 ./Drivers/STM32F0xx_HAL_Driver/Src/stm32f0xx_hal_smbus.o
                0x080049a8                HAL_SMBUS_SlaveRxCpltCallback
 .text.HAL_SMBUS_AddrCallback
                0x080049aa        0x2 ./Drivers/STM32F0xx_HAL_Driver/Src/stm32f0xx_hal_smbus.o
                0x080049aa                HAL_SMBUS_AddrCallback
 .text.HAL_SMBUS_ListenCpltCallback
                0x080049ac        0x2 ./Drivers/STM32F0xx_HAL_Driver/Src/stm32f0xx_hal_smbus.o
                0x080049ac                HAL_SMBUS_ListenCpltCallback
 .text.HAL_SMBUS_ErrorCallback
                0x080049ae        0x2 ./Drivers/STM32F0xx_HAL_Driver/Src/stm32f0xx_hal_smbus.o
                0x080049ae                HAL_SMBUS_ErrorCallback
 .text.SMBUS_ITErrorHandler
                0x080049b0       0xc0 ./Drivers/STM32F0xx_HAL_Driver/Src/stm32f0xx_hal_smbus.o
 .text.HAL_SMBUS_ER_IRQHandler
                0x08004a70        0x8 ./Drivers/STM32F0xx_HAL_Driver/Src/stm32f0xx_hal_smbus.o
                0x08004a70                HAL_SMBUS_ER_IRQHandler
 .text.SMBUS_Master_ISR.part.1
                0x08004a78      0x1c4 ./Drivers/STM32F0xx_HAL_Driver/Src/stm32f0xx_hal_smbus.o
 .text.SMBUS_Slave_ISR
                0x08004c3c      0x264 ./Drivers/STM32F0xx_HAL_Driver/Src/stm32f0xx_hal_smbus.o
 .text.HAL_SMBUS_EV_IRQHandler
                0x08004ea0       0xa6 ./Drivers/STM32F0xx_HAL_Driver/Src/stm32f0xx_hal_smbus.o
                0x08004ea0                HAL_SMBUS_EV_IRQHandler
 *fill*         0x08004f46        0x2 
 .text.HAL_SPI_Init
                0x08004f48       0xbc ./Drivers/STM32F0xx_HAL_Driver/Src/stm32f0xx_hal_spi.o
                0x08004f48                HAL_SPI_Init
 .text.TIM_OC1_SetConfig
                0x08005004       0x88 ./Drivers/STM32F0xx_HAL_Driver/Src/stm32f0xx_hal_tim.o
 .text.TIM_OC3_SetConfig
                0x0800508c       0x88 ./Drivers/STM32F0xx_HAL_Driver/Src/stm32f0xx_hal_tim.o
 .text.TIM_OC4_SetConfig
                0x08005114       0x74 ./Drivers/STM32F0xx_HAL_Driver/Src/stm32f0xx_hal_tim.o
 .text.HAL_TIM_Base_Start_IT
                0x08005188       0x14 ./Drivers/STM32F0xx_HAL_Driver/Src/stm32f0xx_hal_tim.o
                0x08005188                HAL_TIM_Base_Start_IT
 .text.HAL_TIM_PWM_MspInit
                0x0800519c        0x2 ./Drivers/STM32F0xx_HAL_Driver/Src/stm32f0xx_hal_tim.o
                0x0800519c                HAL_TIM_PWM_MspInit
 .text.HAL_TIM_OC_DelayElapsedCallback
                0x0800519e        0x2 ./Drivers/STM32F0xx_HAL_Driver/Src/stm32f0xx_hal_tim.o
                0x0800519e                HAL_TIM_OC_DelayElapsedCallback
 .text.HAL_TIM_IC_CaptureCallback
                0x080051a0        0x2 ./Drivers/STM32F0xx_HAL_Driver/Src/stm32f0xx_hal_tim.o
                0x080051a0                HAL_TIM_IC_CaptureCallback
 .text.HAL_TIM_PWM_PulseFinishedCallback
                0x080051a2        0x2 ./Drivers/STM32F0xx_HAL_Driver/Src/stm32f0xx_hal_tim.o
                0x080051a2                HAL_TIM_PWM_PulseFinishedCallback
 .text.HAL_TIM_TriggerCallback
                0x080051a4        0x2 ./Drivers/STM32F0xx_HAL_Driver/Src/stm32f0xx_hal_tim.o
                0x080051a4                HAL_TIM_TriggerCallback
 .text.HAL_TIM_IRQHandler
                0x080051a6      0x148 ./Drivers/STM32F0xx_HAL_Driver/Src/stm32f0xx_hal_tim.o
                0x080051a6                HAL_TIM_IRQHandler
 *fill*         0x080052ee        0x2 
 .text.TIM_Base_SetConfig
                0x080052f0       0xa0 ./Drivers/STM32F0xx_HAL_Driver/Src/stm32f0xx_hal_tim.o
                0x080052f0                TIM_Base_SetConfig
 .text.HAL_TIM_Base_Init
                0x08005390       0x36 ./Drivers/STM32F0xx_HAL_Driver/Src/stm32f0xx_hal_tim.o
                0x08005390                HAL_TIM_Base_Init
 .text.HAL_TIM_PWM_Init
                0x080053c6       0x36 ./Drivers/STM32F0xx_HAL_Driver/Src/stm32f0xx_hal_tim.o
                0x080053c6                HAL_TIM_PWM_Init
 .text.TIM_OC2_SetConfig
                0x080053fc       0x80 ./Drivers/STM32F0xx_HAL_Driver/Src/stm32f0xx_hal_tim.o
                0x080053fc                TIM_OC2_SetConfig
 .text.HAL_TIM_PWM_ConfigChannel
                0x0800547c       0xd4 ./Drivers/STM32F0xx_HAL_Driver/Src/stm32f0xx_hal_tim.o
                0x0800547c                HAL_TIM_PWM_ConfigChannel
 .text.TIM_ETR_SetConfig
                0x08005550       0x18 ./Drivers/STM32F0xx_HAL_Driver/Src/stm32f0xx_hal_tim.o
                0x08005550                TIM_ETR_SetConfig
 .text.HAL_TIM_ConfigClockSource
                0x08005568      0x168 ./Drivers/STM32F0xx_HAL_Driver/Src/stm32f0xx_hal_tim.o
                0x08005568                HAL_TIM_ConfigClockSource
 .text.TIM_SlaveTimer_SetConfig
                0x080056d0       0xa4 ./Drivers/STM32F0xx_HAL_Driver/Src/stm32f0xx_hal_tim.o
 .text.HAL_TIM_SlaveConfigSynchronization
                0x08005774       0x40 ./Drivers/STM32F0xx_HAL_Driver/Src/stm32f0xx_hal_tim.o
                0x08005774                HAL_TIM_SlaveConfigSynchronization
 .text.HAL_TIMEx_MasterConfigSynchronization
                0x080057b4       0x42 ./Drivers/STM32F0xx_HAL_Driver/Src/stm32f0xx_hal_tim_ex.o
                0x080057b4                HAL_TIMEx_MasterConfigSynchronization
 .text.HAL_TIMEx_CommutationCallback
                0x080057f6        0x2 ./Drivers/STM32F0xx_HAL_Driver/Src/stm32f0xx_hal_tim_ex.o
                0x080057f6                HAL_TIMEx_CommutationCallback
 .text.HAL_TIMEx_BreakCallback
                0x080057f8        0x2 ./Drivers/STM32F0xx_HAL_Driver/Src/stm32f0xx_hal_tim_ex.o
                0x080057f8                HAL_TIMEx_BreakCallback
 *fill*         0x080057fa        0x2 
 .text.UART_EndRxTransfer
                0x080057fc       0x20 ./Drivers/STM32F0xx_HAL_Driver/Src/stm32f0xx_hal_uart.o
 .text.HAL_UART_Transmit_DMA
                0x0800581c       0x8c ./Drivers/STM32F0xx_HAL_Driver/Src/stm32f0xx_hal_uart.o
                0x0800581c                HAL_UART_Transmit_DMA
 .text.HAL_UART_Receive_DMA
                0x080058a8       0x9c ./Drivers/STM32F0xx_HAL_Driver/Src/stm32f0xx_hal_uart.o
                0x080058a8                HAL_UART_Receive_DMA
 .text.HAL_UART_Abort
                0x08005944       0x74 ./Drivers/STM32F0xx_HAL_Driver/Src/stm32f0xx_hal_uart.o
                0x08005944                HAL_UART_Abort
 .text.HAL_UART_TxCpltCallback
                0x080059b8        0x2 ./Drivers/STM32F0xx_HAL_Driver/Src/stm32f0xx_hal_uart.o
                0x080059b8                HAL_UART_TxCpltCallback
 .text.UART_DMATransmitCplt
                0x080059ba       0x30 ./Drivers/STM32F0xx_HAL_Driver/Src/stm32f0xx_hal_uart.o
 .text.HAL_UART_TxHalfCpltCallback
                0x080059ea        0x2 ./Drivers/STM32F0xx_HAL_Driver/Src/stm32f0xx_hal_uart.o
                0x080059ea                HAL_UART_TxHalfCpltCallback
 .text.UART_DMATxHalfCplt
                0x080059ec        0xa ./Drivers/STM32F0xx_HAL_Driver/Src/stm32f0xx_hal_uart.o
 .text.HAL_UART_RxCpltCallback
                0x080059f6        0x2 ./Drivers/STM32F0xx_HAL_Driver/Src/stm32f0xx_hal_uart.o
                0x080059f6                HAL_UART_RxCpltCallback
 .text.UART_DMAReceiveCplt
                0x080059f8       0x44 ./Drivers/STM32F0xx_HAL_Driver/Src/stm32f0xx_hal_uart.o
 .text.HAL_UART_RxHalfCpltCallback
                0x08005a3c        0x2 ./Drivers/STM32F0xx_HAL_Driver/Src/stm32f0xx_hal_uart.o
                0x08005a3c                HAL_UART_RxHalfCpltCallback
 .text.UART_DMARxHalfCplt
                0x08005a3e        0xa ./Drivers/STM32F0xx_HAL_Driver/Src/stm32f0xx_hal_uart.o
 .text.HAL_UART_ErrorCallback
                0x08005a48        0x2 ./Drivers/STM32F0xx_HAL_Driver/Src/stm32f0xx_hal_uart.o
                0x08005a48                HAL_UART_ErrorCallback
 .text.UART_DMAError
                0x08005a4a       0x5a ./Drivers/STM32F0xx_HAL_Driver/Src/stm32f0xx_hal_uart.o
 .text.UART_DMAAbortOnError
                0x08005aa4       0x16 ./Drivers/STM32F0xx_HAL_Driver/Src/stm32f0xx_hal_uart.o
 *fill*         0x08005aba        0x2 
 .text.UART_SetConfig
                0x08005abc      0x1c0 ./Drivers/STM32F0xx_HAL_Driver/Src/stm32f0xx_hal_uart.o
                0x08005abc                UART_SetConfig
 .text.UART_AdvFeatureConfig
                0x08005c7c       0xd0 ./Drivers/STM32F0xx_HAL_Driver/Src/stm32f0xx_hal_uart.o
                0x08005c7c                UART_AdvFeatureConfig
 .text.UART_WaitOnFlagUntilTimeout
                0x08005d4c       0x64 ./Drivers/STM32F0xx_HAL_Driver/Src/stm32f0xx_hal_uart.o
                0x08005d4c                UART_WaitOnFlagUntilTimeout
 .text.HAL_UART_Transmit
                0x08005db0       0xcc ./Drivers/STM32F0xx_HAL_Driver/Src/stm32f0xx_hal_uart.o
                0x08005db0                HAL_UART_Transmit
 .text.HAL_UART_Receive
                0x08005e7c      0x100 ./Drivers/STM32F0xx_HAL_Driver/Src/stm32f0xx_hal_uart.o
                0x08005e7c                HAL_UART_Receive
 .text.UART_CheckIdleState
                0x08005f7c       0x84 ./Drivers/STM32F0xx_HAL_Driver/Src/stm32f0xx_hal_uart.o
                0x08005f7c                UART_CheckIdleState
 .text.HAL_UART_Init
                0x08006000       0x6c ./Drivers/STM32F0xx_HAL_Driver/Src/stm32f0xx_hal_uart.o
                0x08006000                HAL_UART_Init
 .text.UART_Transmit_IT
                0x0800606c       0x64 ./Drivers/STM32F0xx_HAL_Driver/Src/stm32f0xx_hal_uart.o
                0x0800606c                UART_Transmit_IT
 .text.UART_EndTransmit_IT
                0x080060d0       0x1c ./Drivers/STM32F0xx_HAL_Driver/Src/stm32f0xx_hal_uart.o
                0x080060d0                UART_EndTransmit_IT
 .text.UART_Receive_IT
                0x080060ec       0x7c ./Drivers/STM32F0xx_HAL_Driver/Src/stm32f0xx_hal_uart.o
                0x080060ec                UART_Receive_IT
 .text.HAL_UART_IRQHandler
                0x08006168      0x138 ./Drivers/STM32F0xx_HAL_Driver/Src/stm32f0xx_hal_uart.o
                0x08006168                HAL_UART_IRQHandler
 .text.HAL_UARTEx_WakeupCallback
                0x080062a0        0x2 ./Drivers/STM32F0xx_HAL_Driver/Src/stm32f0xx_hal_uart_ex.o
                0x080062a0                HAL_UARTEx_WakeupCallback
 *fill*         0x080062a2        0x2 
 .text.__libc_init_array
                0x080062a4       0x48 c:/program files (x86)/gnu tools arm embedded/6 2017-q2-update/bin/../lib/gcc/arm-none-eabi/6.3.1/../../../../arm-none-eabi/lib/thumb/v6-m\libg_nano.a(lib_a-init.o)
                0x080062a4                __libc_init_array
 .text.memcpy   0x080062ec       0x12 c:/program files (x86)/gnu tools arm embedded/6 2017-q2-update/bin/../lib/gcc/arm-none-eabi/6.3.1/../../../../arm-none-eabi/lib/thumb/v6-m\libg_nano.a(lib_a-memcpy-stub.o)
                0x080062ec                memcpy
 .text.memset   0x080062fe       0x10 c:/program files (x86)/gnu tools arm embedded/6 2017-q2-update/bin/../lib/gcc/arm-none-eabi/6.3.1/../../../../arm-none-eabi/lib/thumb/v6-m\libg_nano.a(lib_a-memset.o)
                0x080062fe                memset
 .text.strncpy  0x0800630e       0x2a c:/program files (x86)/gnu tools arm embedded/6 2017-q2-update/bin/../lib/gcc/arm-none-eabi/6.3.1/../../../../arm-none-eabi/lib/thumb/v6-m\libg_nano.a(lib_a-strncpy.o)
                0x0800630e                strncpy
 .text._vsnprintf_r
                0x08006338       0x56 c:/program files (x86)/gnu tools arm embedded/6 2017-q2-update/bin/../lib/gcc/arm-none-eabi/6.3.1/../../../../arm-none-eabi/lib/thumb/v6-m\libg_nano.a(lib_a-vsnprintf.o)
                0x08006338                _vsniprintf_r
                0x08006338                _vsnprintf_r
 *fill*         0x0800638e        0x2 
 .text.vsnprintf
                0x08006390       0x18 c:/program files (x86)/gnu tools arm embedded/6 2017-q2-update/bin/../lib/gcc/arm-none-eabi/6.3.1/../../../../arm-none-eabi/lib/thumb/v6-m\libg_nano.a(lib_a-vsnprintf.o)
                0x08006390                vsniprintf
                0x08006390                vsnprintf
 .text.__ssputs_r
                0x080063a8       0xc4 c:/program files (x86)/gnu tools arm embedded/6 2017-q2-update/bin/../lib/gcc/arm-none-eabi/6.3.1/../../../../arm-none-eabi/lib/thumb/v6-m\libg_nano.a(lib_a-nano-svfprintf.o)
                0x080063a8                __ssputs_r
 .text._svfprintf_r
                0x0800646c      0x208 c:/program files (x86)/gnu tools arm embedded/6 2017-q2-update/bin/../lib/gcc/arm-none-eabi/6.3.1/../../../../arm-none-eabi/lib/thumb/v6-m\libg_nano.a(lib_a-nano-svfprintf.o)
                0x0800646c                _svfiprintf_r
                0x0800646c                _svfprintf_r
 .text._printf_common
                0x08006674       0xda c:/program files (x86)/gnu tools arm embedded/6 2017-q2-update/bin/../lib/gcc/arm-none-eabi/6.3.1/../../../../arm-none-eabi/lib/thumb/v6-m\libg_nano.a(lib_a-nano-vfprintf_i.o)
                0x08006674                _printf_common
 *fill*         0x0800674e        0x2 
 .text._printf_i
                0x08006750      0x234 c:/program files (x86)/gnu tools arm embedded/6 2017-q2-update/bin/../lib/gcc/arm-none-eabi/6.3.1/../../../../arm-none-eabi/lib/thumb/v6-m\libg_nano.a(lib_a-nano-vfprintf_i.o)
                0x08006750                _printf_i
 .text.memchr   0x08006984       0x16 c:/program files (x86)/gnu tools arm embedded/6 2017-q2-update/bin/../lib/gcc/arm-none-eabi/6.3.1/../../../../arm-none-eabi/lib/thumb/v6-m\libg_nano.a(lib_a-memchr-stub.o)
                0x08006984                memchr
 .text.memmove  0x0800699a       0x24 c:/program files (x86)/gnu tools arm embedded/6 2017-q2-update/bin/../lib/gcc/arm-none-eabi/6.3.1/../../../../arm-none-eabi/lib/thumb/v6-m\libg_nano.a(lib_a-memmove.o)
                0x0800699a                memmove
 *fill*         0x080069be        0x2 
 .text._free_r  0x080069c0       0x94 c:/program files (x86)/gnu tools arm embedded/6 2017-q2-update/bin/../lib/gcc/arm-none-eabi/6.3.1/../../../../arm-none-eabi/lib/thumb/v6-m\libg_nano.a(lib_a-nano-freer.o)
                0x080069c0                _free_r
 .text._malloc_r
                0x08006a54       0xbc c:/program files (x86)/gnu tools arm embedded/6 2017-q2-update/bin/../lib/gcc/arm-none-eabi/6.3.1/../../../../arm-none-eabi/lib/thumb/v6-m\libg_nano.a(lib_a-nano-mallocr.o)
                0x08006a54                _malloc_r
 .text._realloc_r
                0x08006b10       0x4c c:/program files (x86)/gnu tools arm embedded/6 2017-q2-update/bin/../lib/gcc/arm-none-eabi/6.3.1/../../../../arm-none-eabi/lib/thumb/v6-m\libg_nano.a(lib_a-nano-reallocr.o)
                0x08006b10                _realloc_r
 .text._sbrk_r  0x08006b5c       0x24 c:/program files (x86)/gnu tools arm embedded/6 2017-q2-update/bin/../lib/gcc/arm-none-eabi/6.3.1/../../../../arm-none-eabi/lib/thumb/v6-m\libg_nano.a(lib_a-sbrkr.o)
                0x08006b5c                _sbrk_r
 .text.__malloc_lock
                0x08006b80        0x2 c:/program files (x86)/gnu tools arm embedded/6 2017-q2-update/bin/../lib/gcc/arm-none-eabi/6.3.1/../../../../arm-none-eabi/lib/thumb/v6-m\libg_nano.a(lib_a-mlock.o)
                0x08006b80                __malloc_lock
 .text.__malloc_unlock
                0x08006b82        0x2 c:/program files (x86)/gnu tools arm embedded/6 2017-q2-update/bin/../lib/gcc/arm-none-eabi/6.3.1/../../../../arm-none-eabi/lib/thumb/v6-m\libg_nano.a(lib_a-mlock.o)
                0x08006b82                __malloc_unlock
 .text._malloc_usable_size_r
                0x08006b84       0x10 c:/program files (x86)/gnu tools arm embedded/6 2017-q2-update/bin/../lib/gcc/arm-none-eabi/6.3.1/../../../../arm-none-eabi/lib/thumb/v6-m\libg_nano.a(lib_a-nano-msizer.o)
                0x08006b84                _malloc_usable_size_r
 .text._sbrk    0x08006b94       0x1c c:/program files (x86)/gnu tools arm embedded/6 2017-q2-update/bin/../lib/gcc/arm-none-eabi/6.3.1/../../../../arm-none-eabi/lib/thumb/v6-m\libnosys.a(sbrk.o)
                0x08006b94                _sbrk
 *(.glue_7)
 .glue_7        0x08006bb0        0x0 linker stubs
 *(.glue_7t)
 .glue_7t       0x08006bb0        0x0 linker stubs
 *(.eh_frame)
 .eh_frame      0x08006bb0        0x0 c:/program files (x86)/gnu tools arm embedded/6 2017-q2-update/bin/../lib/gcc/arm-none-eabi/6.3.1/thumb/v6-m/crtbegin.o
 *(.init)
 .init          0x08006bb0        0x4 c:/program files (x86)/gnu tools arm embedded/6 2017-q2-update/bin/../lib/gcc/arm-none-eabi/6.3.1/thumb/v6-m/crti.o
                0x08006bb0                _init
 .init          0x08006bb4        0x8 c:/program files (x86)/gnu tools arm embedded/6 2017-q2-update/bin/../lib/gcc/arm-none-eabi/6.3.1/thumb/v6-m/crtn.o
 *(.fini)
 .fini          0x08006bbc        0x4 c:/program files (x86)/gnu tools arm embedded/6 2017-q2-update/bin/../lib/gcc/arm-none-eabi/6.3.1/thumb/v6-m/crti.o
                0x08006bbc                _fini
 .fini          0x08006bc0        0x8 c:/program files (x86)/gnu tools arm embedded/6 2017-q2-update/bin/../lib/gcc/arm-none-eabi/6.3.1/thumb/v6-m/crtn.o
                0x08006bc8                . = ALIGN (0x4)
                0x08006bc8                _etext = .

.vfp11_veneer   0x08006bc8        0x0
 .vfp11_veneer  0x08006bc8        0x0 linker stubs

.v4_bx          0x08006bc8        0x0
 .v4_bx         0x08006bc8        0x0 linker stubs

.iplt           0x08006bc8        0x0
 .iplt          0x08006bc8        0x0 c:/program files (x86)/gnu tools arm embedded/6 2017-q2-update/bin/../lib/gcc/arm-none-eabi/6.3.1/thumb/v6-m/crtbegin.o

.rodata         0x08006bc8      0x640
                0x08006bc8                . = ALIGN (0x4)
 *(.rodata)
 .rodata        0x08006bc8      0x158 ./Src/freertos.o
 .rodata        0x08006d20       0x20 ./Drivers/STM32F0xx_HAL_Driver/Src/stm32f0xx_hal_rcc.o
 *(.rodata*)
 .rodata.MX_ADC_Init.str1.1
                0x08006d40        0xd ./Src/adc.o
 .rodata.MX_CAN_Init.str1.1
                0x08006d4d        0xd ./Src/can.o
 .rodata.adc_entry.str1.1
                0x08006d5a       0x55 ./Src/freertos.o
 .rodata.ignition_entry.str1.1
                0x08006daf      0x32d ./Src/freertos.o
 .rodata.str1.1
                0x080070dc       0x79 ./Src/freertos.o
 .rodata.usart3_entry.str1.1
                0x08007155        0xe ./Src/freertos.o
                                 0x10 (size before relaxing)
 .rodata.MX_I2C1_SMBUS_Init.str1.1
                0x08007163        0xd ./Src/i2c.o
 .rodata.MX_IWDG_Init.str1.1
                0x08007170        0xe ./Src/iwdg.o
 .rodata.MX_RTC_Init.str1.1
                0x0800717e        0xd ./Src/rtc.o
 .rodata.MX_SPI1_Init.str1.1
                0x0800718b        0xd ./Src/spi.o
 .rodata.AHBPrescTable
                0x08007198       0x10 ./Src/system_stm32f0xx.o
                0x08007198                AHBPrescTable
 .rodata.APBPrescTable
                0x080071a8        0x8 ./Src/system_stm32f0xx.o
                0x080071a8                APBPrescTable
 .rodata.MX_TIM2_Init.str1.1
                0x080071b0        0xd ./Src/tim.o
 .rodata.MX_USART1_UART_Init.str1.1
                0x080071bd        0xf ./Src/usart.o
 .rodata.vTaskStartScheduler.str1.1
                0x080071cc        0x5 ./Middlewares/Third_Party/FreeRTOS/Source/tasks.o
 .rodata.CSWTCH.50
                0x080071d1        0x4 ./Drivers/STM32F0xx_HAL_Driver/Src/stm32f0xx_hal_uart.o
 .rodata._svfprintf_r.str1.1
                0x080071d5       0x11 c:/program files (x86)/gnu tools arm embedded/6 2017-q2-update/bin/../lib/gcc/arm-none-eabi/6.3.1/../../../../arm-none-eabi/lib/thumb/v6-m\libg_nano.a(lib_a-nano-svfprintf.o)
 .rodata._printf_i.str1.1
                0x080071e6       0x22 c:/program files (x86)/gnu tools arm embedded/6 2017-q2-update/bin/../lib/gcc/arm-none-eabi/6.3.1/../../../../arm-none-eabi/lib/thumb/v6-m\libg_nano.a(lib_a-nano-vfprintf_i.o)
                0x08007208                . = ALIGN (0x4)

.rel.dyn        0x08007208        0x0
 .rel.iplt      0x08007208        0x0 c:/program files (x86)/gnu tools arm embedded/6 2017-q2-update/bin/../lib/gcc/arm-none-eabi/6.3.1/thumb/v6-m/crtbegin.o

.ARM.extab
 *(.ARM.extab* .gnu.linkonce.armextab.*)

.ARM            0x08007208        0x0
                0x08007208                __exidx_start = .
 *(.ARM.exidx*)
                0x08007208                __exidx_end = .

.preinit_array  0x08007208        0x0
                0x08007208                PROVIDE (__preinit_array_start, .)
 *(.preinit_array*)
                0x08007208                PROVIDE (__preinit_array_end, .)

.init_array     0x08007208        0x4
                0x08007208                PROVIDE (__init_array_start, .)
 *(SORT(.init_array.*))
 *(.init_array*)
 .init_array    0x08007208        0x4 c:/program files (x86)/gnu tools arm embedded/6 2017-q2-update/bin/../lib/gcc/arm-none-eabi/6.3.1/thumb/v6-m/crtbegin.o
                0x0800720c                PROVIDE (__init_array_end, .)

.fini_array     0x0800720c        0x4
                [!provide]                PROVIDE (__fini_array_start, .)
 *(SORT(.fini_array.*))
 *(.fini_array*)
 .fini_array    0x0800720c        0x4 c:/program files (x86)/gnu tools arm embedded/6 2017-q2-update/bin/../lib/gcc/arm-none-eabi/6.3.1/thumb/v6-m/crtbegin.o
                [!provide]                PROVIDE (__fini_array_end, .)
                0x08007210                _sidata = LOADADDR (.data)

.data           0x20000000       0x84 load address 0x08007210
                0x20000000                . = ALIGN (0x4)
                0x20000000                _sdata = .
 *(.data)
 *(.data*)
 .data.gIG_Event
                0x20000000       0x16 ./Src/freertos.o
                0x20000000                gIG_Event
 *fill*         0x20000016        0x2 
 .data.SystemCoreClock
                0x20000018        0x4 ./Src/system_stm32f0xx.o
                0x20000018                SystemCoreClock
 .data.uxCriticalNesting
                0x2000001c        0x4 ./Middlewares/Third_Party/FreeRTOS/Source/portable/GCC/ARM_CM0/port.o
 .data._impure_ptr
                0x20000020        0x4 c:/program files (x86)/gnu tools arm embedded/6 2017-q2-update/bin/../lib/gcc/arm-none-eabi/6.3.1/../../../../arm-none-eabi/lib/thumb/v6-m\libg_nano.a(lib_a-impure.o)
                0x20000020                _impure_ptr
 .data.impure_data
                0x20000024       0x60 c:/program files (x86)/gnu tools arm embedded/6 2017-q2-update/bin/../lib/gcc/arm-none-eabi/6.3.1/../../../../arm-none-eabi/lib/thumb/v6-m\libg_nano.a(lib_a-impure.o)
                0x20000084                . = ALIGN (0x4)
                0x20000084                _edata = .

.jcr            0x20000084        0x0 load address 0x08007294
 .jcr           0x20000084        0x0 c:/program files (x86)/gnu tools arm embedded/6 2017-q2-update/bin/../lib/gcc/arm-none-eabi/6.3.1/thumb/v6-m/crtbegin.o

.igot.plt       0x20000084        0x0 load address 0x08007294
 .igot.plt      0x20000084        0x0 c:/program files (x86)/gnu tools arm embedded/6 2017-q2-update/bin/../lib/gcc/arm-none-eabi/6.3.1/thumb/v6-m/crtbegin.o
                0x20000084                . = ALIGN (0x4)

.bss            0x20000084     0x2720 load address 0x08007294
                0x20000084                _sbss = .
                0x20000084                __bss_start__ = _sbss
 *(.bss)
 .bss           0x20000084       0x1c c:/program files (x86)/gnu tools arm embedded/6 2017-q2-update/bin/../lib/gcc/arm-none-eabi/6.3.1/thumb/v6-m/crtbegin.o
 *(.bss*)
 .bss.arg_ptr.9132
                0x200000a0        0x4 ./Src/freertos.o
 .bss.pxEnd     0x200000a4        0x4 ./Middlewares/Third_Party/FreeRTOS/Source/portable/MemMang/heap_4.o
 .bss.ucHeap    0x200000a8     0x2000 ./Middlewares/Third_Party/FreeRTOS/Source/portable/MemMang/heap_4.o
 .bss.xBlockAllocatedBit
                0x200020a8        0x4 ./Middlewares/Third_Party/FreeRTOS/Source/portable/MemMang/heap_4.o
 .bss.xFreeBytesRemaining
                0x200020ac        0x4 ./Middlewares/Third_Party/FreeRTOS/Source/portable/MemMang/heap_4.o
 .bss.xMinimumEverFreeBytesRemaining
                0x200020b0        0x4 ./Middlewares/Third_Party/FreeRTOS/Source/portable/MemMang/heap_4.o
 .bss.xStart    0x200020b4        0x8 ./Middlewares/Third_Party/FreeRTOS/Source/portable/MemMang/heap_4.o
 .bss.pxCurrentTCB
                0x200020bc        0x4 ./Middlewares/Third_Party/FreeRTOS/Source/tasks.o
                0x200020bc                pxCurrentTCB
 .bss.pxDelayedTaskList
                0x200020c0        0x4 ./Middlewares/Third_Party/FreeRTOS/Source/tasks.o
 .bss.pxOverflowDelayedTaskList
                0x200020c4        0x4 ./Middlewares/Third_Party/FreeRTOS/Source/tasks.o
 .bss.pxReadyTasksLists
                0x200020c8       0x8c ./Middlewares/Third_Party/FreeRTOS/Source/tasks.o
 .bss.uxCurrentNumberOfTasks
                0x20002154        0x4 ./Middlewares/Third_Party/FreeRTOS/Source/tasks.o
 .bss.uxDeletedTasksWaitingCleanUp
                0x20002158        0x4 ./Middlewares/Third_Party/FreeRTOS/Source/tasks.o
 .bss.uxPendedTicks
                0x2000215c        0x4 ./Middlewares/Third_Party/FreeRTOS/Source/tasks.o
 .bss.uxSchedulerSuspended
                0x20002160        0x4 ./Middlewares/Third_Party/FreeRTOS/Source/tasks.o
 .bss.uxTaskNumber
                0x20002164        0x4 ./Middlewares/Third_Party/FreeRTOS/Source/tasks.o
 .bss.uxTopReadyPriority
                0x20002168        0x4 ./Middlewares/Third_Party/FreeRTOS/Source/tasks.o
 .bss.xDelayedTaskList1
                0x2000216c       0x14 ./Middlewares/Third_Party/FreeRTOS/Source/tasks.o
 .bss.xDelayedTaskList2
                0x20002180       0x14 ./Middlewares/Third_Party/FreeRTOS/Source/tasks.o
 .bss.xIdleTaskHandle
                0x20002194        0x4 ./Middlewares/Third_Party/FreeRTOS/Source/tasks.o
 .bss.xNextTaskUnblockTime
                0x20002198        0x4 ./Middlewares/Third_Party/FreeRTOS/Source/tasks.o
 .bss.xNumOfOverflows
                0x2000219c        0x4 ./Middlewares/Third_Party/FreeRTOS/Source/tasks.o
 .bss.xPendingReadyList
                0x200021a0       0x14 ./Middlewares/Third_Party/FreeRTOS/Source/tasks.o
 .bss.xSchedulerRunning
                0x200021b4        0x4 ./Middlewares/Third_Party/FreeRTOS/Source/tasks.o
 .bss.xSuspendedTaskList
                0x200021b8       0x14 ./Middlewares/Third_Party/FreeRTOS/Source/tasks.o
 .bss.xTasksWaitingTermination
                0x200021cc       0x14 ./Middlewares/Third_Party/FreeRTOS/Source/tasks.o
 .bss.xTickCount
                0x200021e0        0x4 ./Middlewares/Third_Party/FreeRTOS/Source/tasks.o
 .bss.xYieldPending
                0x200021e4        0x4 ./Middlewares/Third_Party/FreeRTOS/Source/tasks.o
 .bss.__malloc_free_list
                0x200021e8        0x4 c:/program files (x86)/gnu tools arm embedded/6 2017-q2-update/bin/../lib/gcc/arm-none-eabi/6.3.1/../../../../arm-none-eabi/lib/thumb/v6-m\libg_nano.a(lib_a-nano-mallocr.o)
                0x200021e8                __malloc_free_list
 .bss.__malloc_sbrk_start
                0x200021ec        0x4 c:/program files (x86)/gnu tools arm embedded/6 2017-q2-update/bin/../lib/gcc/arm-none-eabi/6.3.1/../../../../arm-none-eabi/lib/thumb/v6-m\libg_nano.a(lib_a-nano-mallocr.o)
                0x200021ec                __malloc_sbrk_start
 .bss.heap_end.4116
                0x200021f0        0x4 c:/program files (x86)/gnu tools arm embedded/6 2017-q2-update/bin/../lib/gcc/arm-none-eabi/6.3.1/../../../../arm-none-eabi/lib/thumb/v6-m\libnosys.a(sbrk.o)
 *(COMMON)
 COMMON         0x200021f4       0x90 ./Src/adc.o
                0x200021f4                hdma_adc
                0x20002238                hadc
 COMMON         0x20002284       0x44 ./Src/can.o
                0x20002284                hcan
 COMMON         0x200022c8       0x81 ./Src/freertos.o
                0x200022c8                USART1_TaskHandle
                0x200022cc                defaultTaskHandle
                0x200022d0                USART3_TaskHandle
                0x200022d4                ADC_TaskHandle
                0x200022d8                dbg_buff
                0x20002318                IWDG_TaskHandle
                0x2000231c                I2C1_TaskHandle
                0x20002320                ADC_TEMP_QHandle
                0x20002324                MUTEX_DebugHandle
                0x20002328                sva_gpi
                0x2000232c                IGNITION_TaskHandle
                0x20002330                ADC_VOLT_QHandle
                0x20002334                MUTEX_ADC_QHandle
                0x20002338                GPIO_MISC_QHandle
                0x2000233c                GPIO_STATE_TaskHandle
                0x20002340                USART2_TaskHandle
                0x20002344                CMD_PROC_TaskHandle
                0x20002348                sva_gpo
 *fill*         0x20002349        0x3 
 COMMON         0x2000234c       0x9c ./Src/i2c.o
                0x2000234c                hi2c2
                0x20002398                hsmbus1
 COMMON         0x200023e8       0x10 ./Src/iwdg.o
                0x200023e8                hiwdg
 COMMON         0x200023f8       0x20 ./Src/rtc.o
                0x200023f8                hrtc
 COMMON         0x20002418       0x64 ./Src/spi.o
                0x20002418                hspi1
 COMMON         0x2000247c       0x40 ./Src/stm32f0xx_hal_timebase_TIM.o
                0x2000247c                htim1
 COMMON         0x200024bc       0x80 ./Src/tim.o
                0x200024bc                htim2
                0x200024fc                htim14
 COMMON         0x2000253c      0x260 ./Src/usart.o
                0x2000253c                hdma_usart2_rx
                0x20002580                huart3
                0x200025f0                hdma_usart1_tx
                0x20002634                hdma_usart1_rx
                0x20002678                hdma_usart2_tx
                0x200026bc                huart1
                0x2000272c                huart2
 COMMON         0x2000279c        0x4 ./Drivers/STM32F0xx_HAL_Driver/Src/stm32f0xx_hal.o
                0x2000279c                uwTick
 COMMON         0x200027a0        0x4 c:/program files (x86)/gnu tools arm embedded/6 2017-q2-update/bin/../lib/gcc/arm-none-eabi/6.3.1/../../../../arm-none-eabi/lib/thumb/v6-m\libg_nano.a(lib_a-reent.o)
                0x200027a0                errno
                0x200027a4                . = ALIGN (0x4)
                0x200027a4                _ebss = .
                0x200027a4                __bss_end__ = _ebss

._user_heap_stack
                0x200027a4      0x604 load address 0x08007294
                0x200027a8                . = ALIGN (0x8)
 *fill*         0x200027a4        0x4 
                0x200027a8                PROVIDE (end, .)
                [!provide]                PROVIDE (_end, .)
                0x200029a8                . = (. + _Min_Heap_Size)
 *fill*         0x200027a8      0x200 
                0x20002da8                . = (. + _Min_Stack_Size)
 *fill*         0x200029a8      0x400 
                0x20002da8                . = ALIGN (0x8)

/DISCARD/
 libc.a(*)
 libm.a(*)
 libgcc.a(*)

.ARM.attributes
                0x00000000       0x28
 *(.ARM.attributes)
 .ARM.attributes
                0x00000000       0x1e c:/program files (x86)/gnu tools arm embedded/6 2017-q2-update/bin/../lib/gcc/arm-none-eabi/6.3.1/thumb/v6-m/crti.o
 .ARM.attributes
                0x0000001e       0x2c c:/program files (x86)/gnu tools arm embedded/6 2017-q2-update/bin/../lib/gcc/arm-none-eabi/6.3.1/thumb/v6-m/crtbegin.o
 .ARM.attributes
                0x0000004a       0x31 ./Src/adc.o
 .ARM.attributes
                0x0000007b       0x31 ./Src/can.o
 .ARM.attributes
                0x000000ac       0x31 ./Src/dma.o
 .ARM.attributes
                0x000000dd       0x31 ./Src/freertos.o
 .ARM.attributes
                0x0000010e       0x31 ./Src/gpio.o
 .ARM.attributes
                0x0000013f       0x31 ./Src/i2c.o
 .ARM.attributes
                0x00000170       0x31 ./Src/iwdg.o
 .ARM.attributes
                0x000001a1       0x31 ./Src/main.o
 .ARM.attributes
                0x000001d2       0x31 ./Src/rtc.o
 .ARM.attributes
                0x00000203       0x31 ./Src/spi.o
 .ARM.attributes
                0x00000234       0x21 ./Src/startup_stm32f091xc.o
 .ARM.attributes
                0x00000255       0x31 ./Src/stm32f0xx_hal_msp.o
 .ARM.attributes
                0x00000286       0x31 ./Src/stm32f0xx_hal_timebase_TIM.o
 .ARM.attributes
                0x000002b7       0x31 ./Src/stm32f0xx_it.o
 .ARM.attributes
                0x000002e8       0x31 ./Src/system_stm32f0xx.o
 .ARM.attributes
                0x00000319       0x31 ./Src/tim.o
 .ARM.attributes
                0x0000034a       0x31 ./Src/usart.o
 .ARM.attributes
                0x0000037b       0x31 ./Middlewares/Third_Party/FreeRTOS/Source/portable/MemMang/heap_4.o
 .ARM.attributes
                0x000003ac       0x31 ./Middlewares/Third_Party/FreeRTOS/Source/portable/GCC/ARM_CM0/port.o
 .ARM.attributes
                0x000003dd       0x31 ./Middlewares/Third_Party/FreeRTOS/Source/CMSIS_RTOS/cmsis_os.o
 .ARM.attributes
                0x0000040e       0x31 ./Middlewares/Third_Party/FreeRTOS/Source/list.o
 .ARM.attributes
                0x0000043f       0x31 ./Middlewares/Third_Party/FreeRTOS/Source/queue.o
 .ARM.attributes
                0x00000470       0x31 ./Middlewares/Third_Party/FreeRTOS/Source/tasks.o
 .ARM.attributes
                0x000004a1       0x31 ./Drivers/STM32F0xx_HAL_Driver/Src/stm32f0xx_hal.o
 .ARM.attributes
                0x000004d2       0x31 ./Drivers/STM32F0xx_HAL_Driver/Src/stm32f0xx_hal_adc.o
 .ARM.attributes
                0x00000503       0x31 ./Drivers/STM32F0xx_HAL_Driver/Src/stm32f0xx_hal_can.o
 .ARM.attributes
                0x00000534       0x31 ./Drivers/STM32F0xx_HAL_Driver/Src/stm32f0xx_hal_cortex.o
 .ARM.attributes
                0x00000565       0x31 ./Drivers/STM32F0xx_HAL_Driver/Src/stm32f0xx_hal_dma.o
 .ARM.attributes
                0x00000596       0x31 ./Drivers/STM32F0xx_HAL_Driver/Src/stm32f0xx_hal_gpio.o
 .ARM.attributes
                0x000005c7       0x31 ./Drivers/STM32F0xx_HAL_Driver/Src/stm32f0xx_hal_i2c.o
 .ARM.attributes
                0x000005f8       0x31 ./Drivers/STM32F0xx_HAL_Driver/Src/stm32f0xx_hal_i2c_ex.o
 .ARM.attributes
                0x00000629       0x31 ./Drivers/STM32F0xx_HAL_Driver/Src/stm32f0xx_hal_iwdg.o
 .ARM.attributes
                0x0000065a       0x31 ./Drivers/STM32F0xx_HAL_Driver/Src/stm32f0xx_hal_rcc.o
 .ARM.attributes
                0x0000068b       0x31 ./Drivers/STM32F0xx_HAL_Driver/Src/stm32f0xx_hal_rcc_ex.o
 .ARM.attributes
                0x000006bc       0x31 ./Drivers/STM32F0xx_HAL_Driver/Src/stm32f0xx_hal_rtc.o
 .ARM.attributes
                0x000006ed       0x31 ./Drivers/STM32F0xx_HAL_Driver/Src/stm32f0xx_hal_rtc_ex.o
 .ARM.attributes
                0x0000071e       0x31 ./Drivers/STM32F0xx_HAL_Driver/Src/stm32f0xx_hal_smbus.o
 .ARM.attributes
                0x0000074f       0x31 ./Drivers/STM32F0xx_HAL_Driver/Src/stm32f0xx_hal_spi.o
 .ARM.attributes
                0x00000780       0x31 ./Drivers/STM32F0xx_HAL_Driver/Src/stm32f0xx_hal_tim.o
 .ARM.attributes
                0x000007b1       0x31 ./Drivers/STM32F0xx_HAL_Driver/Src/stm32f0xx_hal_tim_ex.o
 .ARM.attributes
                0x000007e2       0x31 ./Drivers/STM32F0xx_HAL_Driver/Src/stm32f0xx_hal_uart.o
 .ARM.attributes
                0x00000813       0x31 ./Drivers/STM32F0xx_HAL_Driver/Src/stm32f0xx_hal_uart_ex.o
 .ARM.attributes
                0x00000844       0x1e c:/program files (x86)/gnu tools arm embedded/6 2017-q2-update/bin/../lib/gcc/arm-none-eabi/6.3.1/thumb/v6-m\libgcc.a(_thumb1_case_sqi.o)
 .ARM.attributes
                0x00000862       0x1e c:/program files (x86)/gnu tools arm embedded/6 2017-q2-update/bin/../lib/gcc/arm-none-eabi/6.3.1/thumb/v6-m\libgcc.a(_thumb1_case_uqi.o)
 .ARM.attributes
                0x00000880       0x1e c:/program files (x86)/gnu tools arm embedded/6 2017-q2-update/bin/../lib/gcc/arm-none-eabi/6.3.1/thumb/v6-m\libgcc.a(_udivsi3.o)
 .ARM.attributes
                0x0000089e       0x1e c:/program files (x86)/gnu tools arm embedded/6 2017-q2-update/bin/../lib/gcc/arm-none-eabi/6.3.1/thumb/v6-m\libgcc.a(_dvmd_tls.o)
 .ARM.attributes
                0x000008bc       0x2c c:/program files (x86)/gnu tools arm embedded/6 2017-q2-update/bin/../lib/gcc/arm-none-eabi/6.3.1/../../../../arm-none-eabi/lib/thumb/v6-m\libg_nano.a(lib_a-impure.o)
 .ARM.attributes
                0x000008e8       0x2c c:/program files (x86)/gnu tools arm embedded/6 2017-q2-update/bin/../lib/gcc/arm-none-eabi/6.3.1/../../../../arm-none-eabi/lib/thumb/v6-m\libg_nano.a(lib_a-init.o)
 .ARM.attributes
                0x00000914       0x2c c:/program files (x86)/gnu tools arm embedded/6 2017-q2-update/bin/../lib/gcc/arm-none-eabi/6.3.1/../../../../arm-none-eabi/lib/thumb/v6-m\libg_nano.a(lib_a-memcpy-stub.o)
 .ARM.attributes
                0x00000940       0x2c c:/program files (x86)/gnu tools arm embedded/6 2017-q2-update/bin/../lib/gcc/arm-none-eabi/6.3.1/../../../../arm-none-eabi/lib/thumb/v6-m\libg_nano.a(lib_a-memset.o)
 .ARM.attributes
                0x0000096c       0x2c c:/program files (x86)/gnu tools arm embedded/6 2017-q2-update/bin/../lib/gcc/arm-none-eabi/6.3.1/../../../../arm-none-eabi/lib/thumb/v6-m\libg_nano.a(lib_a-strncpy.o)
 .ARM.attributes
                0x00000998       0x2c c:/program files (x86)/gnu tools arm embedded/6 2017-q2-update/bin/../lib/gcc/arm-none-eabi/6.3.1/../../../../arm-none-eabi/lib/thumb/v6-m\libg_nano.a(lib_a-vsnprintf.o)
 .ARM.attributes
                0x000009c4       0x2c c:/program files (x86)/gnu tools arm embedded/6 2017-q2-update/bin/../lib/gcc/arm-none-eabi/6.3.1/../../../../arm-none-eabi/lib/thumb/v6-m\libg_nano.a(lib_a-nano-svfprintf.o)
 .ARM.attributes
                0x000009f0       0x2c c:/program files (x86)/gnu tools arm embedded/6 2017-q2-update/bin/../lib/gcc/arm-none-eabi/6.3.1/../../../../arm-none-eabi/lib/thumb/v6-m\libg_nano.a(lib_a-nano-vfprintf_i.o)
 .ARM.attributes
                0x00000a1c       0x2c c:/program files (x86)/gnu tools arm embedded/6 2017-q2-update/bin/../lib/gcc/arm-none-eabi/6.3.1/../../../../arm-none-eabi/lib/thumb/v6-m\libg_nano.a(lib_a-memchr-stub.o)
 .ARM.attributes
                0x00000a48       0x2c c:/program files (x86)/gnu tools arm embedded/6 2017-q2-update/bin/../lib/gcc/arm-none-eabi/6.3.1/../../../../arm-none-eabi/lib/thumb/v6-m\libg_nano.a(lib_a-memmove.o)
 .ARM.attributes
                0x00000a74       0x2c c:/program files (x86)/gnu tools arm embedded/6 2017-q2-update/bin/../lib/gcc/arm-none-eabi/6.3.1/../../../../arm-none-eabi/lib/thumb/v6-m\libg_nano.a(lib_a-nano-freer.o)
 .ARM.attributes
                0x00000aa0       0x2c c:/program files (x86)/gnu tools arm embedded/6 2017-q2-update/bin/../lib/gcc/arm-none-eabi/6.3.1/../../../../arm-none-eabi/lib/thumb/v6-m\libg_nano.a(lib_a-nano-mallocr.o)
 .ARM.attributes
                0x00000acc       0x2c c:/program files (x86)/gnu tools arm embedded/6 2017-q2-update/bin/../lib/gcc/arm-none-eabi/6.3.1/../../../../arm-none-eabi/lib/thumb/v6-m\libg_nano.a(lib_a-nano-reallocr.o)
 .ARM.attributes
                0x00000af8       0x2c c:/program files (x86)/gnu tools arm embedded/6 2017-q2-update/bin/../lib/gcc/arm-none-eabi/6.3.1/../../../../arm-none-eabi/lib/thumb/v6-m\libg_nano.a(lib_a-sbrkr.o)
 .ARM.attributes
                0x00000b24       0x2c c:/program files (x86)/gnu tools arm embedded/6 2017-q2-update/bin/../lib/gcc/arm-none-eabi/6.3.1/../../../../arm-none-eabi/lib/thumb/v6-m\libg_nano.a(lib_a-mlock.o)
 .ARM.attributes
                0x00000b50       0x2c c:/program files (x86)/gnu tools arm embedded/6 2017-q2-update/bin/../lib/gcc/arm-none-eabi/6.3.1/../../../../arm-none-eabi/lib/thumb/v6-m\libg_nano.a(lib_a-nano-msizer.o)
 .ARM.attributes
                0x00000b7c       0x2c c:/program files (x86)/gnu tools arm embedded/6 2017-q2-update/bin/../lib/gcc/arm-none-eabi/6.3.1/../../../../arm-none-eabi/lib/thumb/v6-m\libg_nano.a(lib_a-reent.o)
 .ARM.attributes
                0x00000ba8       0x2c c:/program files (x86)/gnu tools arm embedded/6 2017-q2-update/bin/../lib/gcc/arm-none-eabi/6.3.1/../../../../arm-none-eabi/lib/thumb/v6-m\libnosys.a(sbrk.o)
 .ARM.attributes
                0x00000bd4       0x1e c:/program files (x86)/gnu tools arm embedded/6 2017-q2-update/bin/../lib/gcc/arm-none-eabi/6.3.1/thumb/v6-m/crtn.o
OUTPUT(STM32F091RCTx_freeRTOS.elf elf32-littlearm)

.debug_info     0x00000000    0x38934
 .debug_info    0x00000000     0x119f ./Src/adc.o
 .debug_info    0x0000119f     0x127f ./Src/can.o
 .debug_info    0x0000241e      0xb9d ./Src/dma.o
 .debug_info    0x00002fbb     0x25da ./Src/freertos.o
 .debug_info    0x00005595      0xc1c ./Src/gpio.o
 .debug_info    0x000061b1     0x15ac ./Src/i2c.o
 .debug_info    0x0000775d      0xa74 ./Src/iwdg.o
 .debug_info    0x000081d1     0x26ca ./Src/main.o
 .debug_info    0x0000a89b     0x1020 ./Src/rtc.o
 .debug_info    0x0000b8bb     0x1146 ./Src/spi.o
 .debug_info    0x0000ca01       0x87 ./Src/startup_stm32f091xc.o
 .debug_info    0x0000ca88      0xb5c ./Src/stm32f0xx_hal_msp.o
 .debug_info    0x0000d5e4     0x116b ./Src/stm32f0xx_hal_timebase_TIM.o
 .debug_info    0x0000e74f     0x195c ./Src/stm32f0xx_it.o
 .debug_info    0x000100ab      0xa77 ./Src/system_stm32f0xx.o
 .debug_info    0x00010b22     0x1465 ./Src/tim.o
 .debug_info    0x00011f87     0x15a4 ./Src/usart.o
 .debug_info    0x0001352b      0xbb8 ./Middlewares/Third_Party/FreeRTOS/Source/portable/MemMang/heap_4.o
 .debug_info    0x000140e3      0x2ac ./Middlewares/Third_Party/FreeRTOS/Source/portable/GCC/ARM_CM0/port.o
 .debug_info    0x0001438f     0x24dd ./Middlewares/Third_Party/FreeRTOS/Source/CMSIS_RTOS/cmsis_os.o
 .debug_info    0x0001686c      0xad0 ./Middlewares/Third_Party/FreeRTOS/Source/list.o
 .debug_info    0x0001733c     0x1b37 ./Middlewares/Third_Party/FreeRTOS/Source/queue.o
 .debug_info    0x00018e73     0x23dc ./Middlewares/Third_Party/FreeRTOS/Source/tasks.o
 .debug_info    0x0001b24f      0xe8e ./Drivers/STM32F0xx_HAL_Driver/Src/stm32f0xx_hal.o
 .debug_info    0x0001c0dd     0x16b6 ./Drivers/STM32F0xx_HAL_Driver/Src/stm32f0xx_hal_adc.o
 .debug_info    0x0001d793     0x13ef ./Drivers/STM32F0xx_HAL_Driver/Src/stm32f0xx_hal_can.o
 .debug_info    0x0001eb82     0x102d ./Drivers/STM32F0xx_HAL_Driver/Src/stm32f0xx_hal_cortex.o
 .debug_info    0x0001fbaf     0x1057 ./Drivers/STM32F0xx_HAL_Driver/Src/stm32f0xx_hal_dma.o
 .debug_info    0x00020c06      0xeab ./Drivers/STM32F0xx_HAL_Driver/Src/stm32f0xx_hal_gpio.o
 .debug_info    0x00021ab1     0x3980 ./Drivers/STM32F0xx_HAL_Driver/Src/stm32f0xx_hal_i2c.o
 .debug_info    0x00025431     0x10fb ./Drivers/STM32F0xx_HAL_Driver/Src/stm32f0xx_hal_i2c_ex.o
 .debug_info    0x0002652c      0xaa9 ./Drivers/STM32F0xx_HAL_Driver/Src/stm32f0xx_hal_iwdg.o
 .debug_info    0x00026fd5     0x11c6 ./Drivers/STM32F0xx_HAL_Driver/Src/stm32f0xx_hal_rcc.o
 .debug_info    0x0002819b      0xeaa ./Drivers/STM32F0xx_HAL_Driver/Src/stm32f0xx_hal_rcc_ex.o
 .debug_info    0x00029045     0x1585 ./Drivers/STM32F0xx_HAL_Driver/Src/stm32f0xx_hal_rtc.o
 .debug_info    0x0002a5ca     0x1758 ./Drivers/STM32F0xx_HAL_Driver/Src/stm32f0xx_hal_rtc_ex.o
 .debug_info    0x0002bd22     0x1ab6 ./Drivers/STM32F0xx_HAL_Driver/Src/stm32f0xx_hal_smbus.o
 .debug_info    0x0002d7d8     0x27b2 ./Drivers/STM32F0xx_HAL_Driver/Src/stm32f0xx_hal_spi.o
 .debug_info    0x0002ff8a     0x3c43 ./Drivers/STM32F0xx_HAL_Driver/Src/stm32f0xx_hal_tim.o
 .debug_info    0x00033bcd     0x1a3c ./Drivers/STM32F0xx_HAL_Driver/Src/stm32f0xx_hal_tim_ex.o
 .debug_info    0x00035609     0x210a ./Drivers/STM32F0xx_HAL_Driver/Src/stm32f0xx_hal_uart.o
 .debug_info    0x00037713     0x1221 ./Drivers/STM32F0xx_HAL_Driver/Src/stm32f0xx_hal_uart_ex.o

.debug_abbrev   0x00000000     0x7581
 .debug_abbrev  0x00000000      0x26d ./Src/adc.o
 .debug_abbrev  0x0000026d      0x276 ./Src/can.o
 .debug_abbrev  0x000004e3      0x22d ./Src/dma.o
 .debug_abbrev  0x00000710      0x37c ./Src/freertos.o
 .debug_abbrev  0x00000a8c      0x224 ./Src/gpio.o
 .debug_abbrev  0x00000cb0      0x265 ./Src/i2c.o
 .debug_abbrev  0x00000f15      0x219 ./Src/iwdg.o
 .debug_abbrev  0x0000112e      0x2eb ./Src/main.o
 .debug_abbrev  0x00001419      0x248 ./Src/rtc.o
 .debug_abbrev  0x00001661      0x251 ./Src/spi.o
 .debug_abbrev  0x000018b2       0x12 ./Src/startup_stm32f091xc.o
 .debug_abbrev  0x000018c4      0x22d ./Src/stm32f0xx_hal_msp.o
 .debug_abbrev  0x00001af1      0x2a1 ./Src/stm32f0xx_hal_timebase_TIM.o
 .debug_abbrev  0x00001d92      0x236 ./Src/stm32f0xx_it.o
 .debug_abbrev  0x00001fc8      0x202 ./Src/system_stm32f0xx.o
 .debug_abbrev  0x000021ca      0x2d2 ./Src/tim.o
 .debug_abbrev  0x0000249c      0x2ae ./Src/usart.o
 .debug_abbrev  0x0000274a      0x304 ./Middlewares/Third_Party/FreeRTOS/Source/portable/MemMang/heap_4.o
 .debug_abbrev  0x00002a4e      0x194 ./Middlewares/Third_Party/FreeRTOS/Source/portable/GCC/ARM_CM0/port.o
 .debug_abbrev  0x00002be2      0x436 ./Middlewares/Third_Party/FreeRTOS/Source/CMSIS_RTOS/cmsis_os.o
 .debug_abbrev  0x00003018      0x219 ./Middlewares/Third_Party/FreeRTOS/Source/list.o
 .debug_abbrev  0x00003231      0x357 ./Middlewares/Third_Party/FreeRTOS/Source/queue.o
 .debug_abbrev  0x00003588      0x3f5 ./Middlewares/Third_Party/FreeRTOS/Source/tasks.o
 .debug_abbrev  0x0000397d      0x309 ./Drivers/STM32F0xx_HAL_Driver/Src/stm32f0xx_hal.o
 .debug_abbrev  0x00003c86      0x382 ./Drivers/STM32F0xx_HAL_Driver/Src/stm32f0xx_hal_adc.o
 .debug_abbrev  0x00004008      0x334 ./Drivers/STM32F0xx_HAL_Driver/Src/stm32f0xx_hal_can.o
 .debug_abbrev  0x0000433c      0x333 ./Drivers/STM32F0xx_HAL_Driver/Src/stm32f0xx_hal_cortex.o
 .debug_abbrev  0x0000466f      0x2ed ./Drivers/STM32F0xx_HAL_Driver/Src/stm32f0xx_hal_dma.o
 .debug_abbrev  0x0000495c      0x2ad ./Drivers/STM32F0xx_HAL_Driver/Src/stm32f0xx_hal_gpio.o
 .debug_abbrev  0x00004c09      0x3c4 ./Drivers/STM32F0xx_HAL_Driver/Src/stm32f0xx_hal_i2c.o
 .debug_abbrev  0x00004fcd      0x26c ./Drivers/STM32F0xx_HAL_Driver/Src/stm32f0xx_hal_i2c_ex.o
 .debug_abbrev  0x00005239      0x21c ./Drivers/STM32F0xx_HAL_Driver/Src/stm32f0xx_hal_iwdg.o
 .debug_abbrev  0x00005455      0x322 ./Drivers/STM32F0xx_HAL_Driver/Src/stm32f0xx_hal_rcc.o
 .debug_abbrev  0x00005777      0x2e8 ./Drivers/STM32F0xx_HAL_Driver/Src/stm32f0xx_hal_rcc_ex.o
 .debug_abbrev  0x00005a5f      0x2ef ./Drivers/STM32F0xx_HAL_Driver/Src/stm32f0xx_hal_rtc.o
 .debug_abbrev  0x00005d4e      0x2fe ./Drivers/STM32F0xx_HAL_Driver/Src/stm32f0xx_hal_rtc_ex.o
 .debug_abbrev  0x0000604c      0x3be ./Drivers/STM32F0xx_HAL_Driver/Src/stm32f0xx_hal_smbus.o
 .debug_abbrev  0x0000640a      0x3ea ./Drivers/STM32F0xx_HAL_Driver/Src/stm32f0xx_hal_spi.o
 .debug_abbrev  0x000067f4      0x3dd ./Drivers/STM32F0xx_HAL_Driver/Src/stm32f0xx_hal_tim.o
 .debug_abbrev  0x00006bd1      0x345 ./Drivers/STM32F0xx_HAL_Driver/Src/stm32f0xx_hal_tim_ex.o
 .debug_abbrev  0x00006f16      0x390 ./Drivers/STM32F0xx_HAL_Driver/Src/stm32f0xx_hal_uart.o
 .debug_abbrev  0x000072a6      0x2db ./Drivers/STM32F0xx_HAL_Driver/Src/stm32f0xx_hal_uart_ex.o

.debug_loc      0x00000000    0x146b5
 .debug_loc     0x00000000       0x58 ./Src/adc.o
 .debug_loc     0x00000058       0x42 ./Src/can.o
 .debug_loc     0x0000009a      0xeb9 ./Src/freertos.o
 .debug_loc     0x00000f53       0x84 ./Src/i2c.o
 .debug_loc     0x00000fd7       0x21 ./Src/main.o
 .debug_loc     0x00000ff8       0x42 ./Src/spi.o
 .debug_loc     0x0000103a       0x7a ./Src/stm32f0xx_hal_timebase_TIM.o
 .debug_loc     0x000010b4       0xe7 ./Src/system_stm32f0xx.o
 .debug_loc     0x0000119b       0x7c ./Src/tim.o
 .debug_loc     0x00001217       0xb0 ./Src/usart.o
 .debug_loc     0x000012c7      0x2de ./Middlewares/Third_Party/FreeRTOS/Source/portable/MemMang/heap_4.o
 .debug_loc     0x000015a5       0xb4 ./Middlewares/Third_Party/FreeRTOS/Source/portable/GCC/ARM_CM0/port.o
 .debug_loc     0x00001659      0xffa ./Middlewares/Third_Party/FreeRTOS/Source/CMSIS_RTOS/cmsis_os.o
 .debug_loc     0x00002653       0x94 ./Middlewares/Third_Party/FreeRTOS/Source/list.o
 .debug_loc     0x000026e7     0x12f3 ./Middlewares/Third_Party/FreeRTOS/Source/queue.o
 .debug_loc     0x000039da     0x127f ./Middlewares/Third_Party/FreeRTOS/Source/tasks.o
 .debug_loc     0x00004c59       0x7c ./Drivers/STM32F0xx_HAL_Driver/Src/stm32f0xx_hal.o
 .debug_loc     0x00004cd5      0xaad ./Drivers/STM32F0xx_HAL_Driver/Src/stm32f0xx_hal_adc.o
 .debug_loc     0x00005782      0x7a3 ./Drivers/STM32F0xx_HAL_Driver/Src/stm32f0xx_hal_can.o
 .debug_loc     0x00005f25      0x3cc ./Drivers/STM32F0xx_HAL_Driver/Src/stm32f0xx_hal_cortex.o
 .debug_loc     0x000062f1      0x7c2 ./Drivers/STM32F0xx_HAL_Driver/Src/stm32f0xx_hal_dma.o
 .debug_loc     0x00006ab3      0x322 ./Drivers/STM32F0xx_HAL_Driver/Src/stm32f0xx_hal_gpio.o
 .debug_loc     0x00006dd5     0x329e ./Drivers/STM32F0xx_HAL_Driver/Src/stm32f0xx_hal_i2c.o
 .debug_loc     0x0000a073      0x1c8 ./Drivers/STM32F0xx_HAL_Driver/Src/stm32f0xx_hal_i2c_ex.o
 .debug_loc     0x0000a23b       0x76 ./Drivers/STM32F0xx_HAL_Driver/Src/stm32f0xx_hal_iwdg.o
 .debug_loc     0x0000a2b1      0x4cb ./Drivers/STM32F0xx_HAL_Driver/Src/stm32f0xx_hal_rcc.o
 .debug_loc     0x0000a77c      0x4c3 ./Drivers/STM32F0xx_HAL_Driver/Src/stm32f0xx_hal_rcc_ex.o
 .debug_loc     0x0000ac3f      0xa44 ./Drivers/STM32F0xx_HAL_Driver/Src/stm32f0xx_hal_rtc.o
 .debug_loc     0x0000b683      0xc4c ./Drivers/STM32F0xx_HAL_Driver/Src/stm32f0xx_hal_rtc_ex.o
 .debug_loc     0x0000c2cf      0xbab ./Drivers/STM32F0xx_HAL_Driver/Src/stm32f0xx_hal_smbus.o
 .debug_loc     0x0000ce7a     0x1916 ./Drivers/STM32F0xx_HAL_Driver/Src/stm32f0xx_hal_spi.o
 .debug_loc     0x0000e790     0x3b44 ./Drivers/STM32F0xx_HAL_Driver/Src/stm32f0xx_hal_tim.o
 .debug_loc     0x000122d4      0xcc7 ./Drivers/STM32F0xx_HAL_Driver/Src/stm32f0xx_hal_tim_ex.o
 .debug_loc     0x00012f9b     0x13bf ./Drivers/STM32F0xx_HAL_Driver/Src/stm32f0xx_hal_uart.o
 .debug_loc     0x0001435a      0x35b ./Drivers/STM32F0xx_HAL_Driver/Src/stm32f0xx_hal_uart_ex.o

.debug_aranges  0x00000000     0x1880
 .debug_aranges
                0x00000000       0x30 ./Src/adc.o
 .debug_aranges
                0x00000030       0x30 ./Src/can.o
 .debug_aranges
                0x00000060       0x20 ./Src/dma.o
 .debug_aranges
                0x00000080       0x70 ./Src/freertos.o
 .debug_aranges
                0x000000f0       0x20 ./Src/gpio.o
 .debug_aranges
                0x00000110       0x48 ./Src/i2c.o
 .debug_aranges
                0x00000158       0x20 ./Src/iwdg.o
 .debug_aranges
                0x00000178       0x38 ./Src/main.o
 .debug_aranges
                0x000001b0       0x30 ./Src/rtc.o
 .debug_aranges
                0x000001e0       0x30 ./Src/spi.o
 .debug_aranges
                0x00000210       0x28 ./Src/startup_stm32f091xc.o
 .debug_aranges
                0x00000238       0x20 ./Src/stm32f0xx_hal_msp.o
 .debug_aranges
                0x00000258       0x30 ./Src/stm32f0xx_hal_timebase_TIM.o
 .debug_aranges
                0x00000288       0x70 ./Src/stm32f0xx_it.o
 .debug_aranges
                0x000002f8       0x28 ./Src/system_stm32f0xx.o
 .debug_aranges
                0x00000320       0x40 ./Src/tim.o
 .debug_aranges
                0x00000360       0x40 ./Src/usart.o
 .debug_aranges
                0x000003a0       0x48 ./Middlewares/Third_Party/FreeRTOS/Source/portable/MemMang/heap_4.o
 .debug_aranges
                0x000003e8       0x88 ./Middlewares/Third_Party/FreeRTOS/Source/portable/GCC/ARM_CM0/port.o
 .debug_aranges
                0x00000470      0x190 ./Middlewares/Third_Party/FreeRTOS/Source/CMSIS_RTOS/cmsis_os.o
 .debug_aranges
                0x00000600       0x40 ./Middlewares/Third_Party/FreeRTOS/Source/list.o
 .debug_aranges
                0x00000640       0xc0 ./Middlewares/Third_Party/FreeRTOS/Source/queue.o
 .debug_aranges
                0x00000700      0x160 ./Middlewares/Third_Party/FreeRTOS/Source/tasks.o
 .debug_aranges
                0x00000860       0xb0 ./Drivers/STM32F0xx_HAL_Driver/Src/stm32f0xx_hal.o
 .debug_aranges
                0x00000910       0xd0 ./Drivers/STM32F0xx_HAL_Driver/Src/stm32f0xx_hal_adc.o
 .debug_aranges
                0x000009e0       0x88 ./Drivers/STM32F0xx_HAL_Driver/Src/stm32f0xx_hal_can.o
 .debug_aranges
                0x00000a68       0x78 ./Drivers/STM32F0xx_HAL_Driver/Src/stm32f0xx_hal_cortex.o
 .debug_aranges
                0x00000ae0       0x80 ./Drivers/STM32F0xx_HAL_Driver/Src/stm32f0xx_hal_dma.o
 .debug_aranges
                0x00000b60       0x58 ./Drivers/STM32F0xx_HAL_Driver/Src/stm32f0xx_hal_gpio.o
 .debug_aranges
                0x00000bb8      0x200 ./Drivers/STM32F0xx_HAL_Driver/Src/stm32f0xx_hal_i2c.o
 .debug_aranges
                0x00000db8       0x48 ./Drivers/STM32F0xx_HAL_Driver/Src/stm32f0xx_hal_i2c_ex.o
 .debug_aranges
                0x00000e00       0x28 ./Drivers/STM32F0xx_HAL_Driver/Src/stm32f0xx_hal_iwdg.o
 .debug_aranges
                0x00000e28       0x80 ./Drivers/STM32F0xx_HAL_Driver/Src/stm32f0xx_hal_rcc.o
 .debug_aranges
                0x00000ea8       0x68 ./Drivers/STM32F0xx_HAL_Driver/Src/stm32f0xx_hal_rcc_ex.o
 .debug_aranges
                0x00000f10       0xa8 ./Drivers/STM32F0xx_HAL_Driver/Src/stm32f0xx_hal_rtc.o
 .debug_aranges
                0x00000fb8      0x100 ./Drivers/STM32F0xx_HAL_Driver/Src/stm32f0xx_hal_rtc_ex.o
 .debug_aranges
                0x000010b8       0xf0 ./Drivers/STM32F0xx_HAL_Driver/Src/stm32f0xx_hal_smbus.o
 .debug_aranges
                0x000011a8      0x198 ./Drivers/STM32F0xx_HAL_Driver/Src/stm32f0xx_hal_spi.o
 .debug_aranges
                0x00001340      0x268 ./Drivers/STM32F0xx_HAL_Driver/Src/stm32f0xx_hal_tim.o
 .debug_aranges
                0x000015a8       0xf8 ./Drivers/STM32F0xx_HAL_Driver/Src/stm32f0xx_hal_tim_ex.o
 .debug_aranges
                0x000016a0      0x188 ./Drivers/STM32F0xx_HAL_Driver/Src/stm32f0xx_hal_uart.o
 .debug_aranges
                0x00001828       0x58 ./Drivers/STM32F0xx_HAL_Driver/Src/stm32f0xx_hal_uart_ex.o

.debug_ranges   0x00000000     0x2078
 .debug_ranges  0x00000000       0x40 ./Src/adc.o
 .debug_ranges  0x00000040       0x40 ./Src/can.o
 .debug_ranges  0x00000080       0x40 ./Src/dma.o
 .debug_ranges  0x000000c0       0x60 ./Src/freertos.o
 .debug_ranges  0x00000120       0xc0 ./Src/gpio.o
 .debug_ranges  0x000001e0       0x58 ./Src/i2c.o
 .debug_ranges  0x00000238       0x10 ./Src/iwdg.o
 .debug_ranges  0x00000248       0x28 ./Src/main.o
 .debug_ranges  0x00000270       0x20 ./Src/rtc.o
 .debug_ranges  0x00000290       0x48 ./Src/spi.o
 .debug_ranges  0x000002d8       0x20 ./Src/startup_stm32f091xc.o
 .debug_ranges  0x000002f8       0x40 ./Src/stm32f0xx_hal_msp.o
 .debug_ranges  0x00000338       0x40 ./Src/stm32f0xx_hal_timebase_TIM.o
 .debug_ranges  0x00000378       0x60 ./Src/stm32f0xx_it.o
 .debug_ranges  0x000003d8       0x18 ./Src/system_stm32f0xx.o
 .debug_ranges  0x000003f0       0x30 ./Src/tim.o
 .debug_ranges  0x00000420       0x88 ./Src/usart.o
 .debug_ranges  0x000004a8       0x50 ./Middlewares/Third_Party/FreeRTOS/Source/portable/MemMang/heap_4.o
 .debug_ranges  0x000004f8       0x78 ./Middlewares/Third_Party/FreeRTOS/Source/portable/GCC/ARM_CM0/port.o
 .debug_ranges  0x00000570      0x180 ./Middlewares/Third_Party/FreeRTOS/Source/CMSIS_RTOS/cmsis_os.o
 .debug_ranges  0x000006f0       0x30 ./Middlewares/Third_Party/FreeRTOS/Source/list.o
 .debug_ranges  0x00000720      0x1c8 ./Middlewares/Third_Party/FreeRTOS/Source/queue.o
 .debug_ranges  0x000008e8      0x240 ./Middlewares/Third_Party/FreeRTOS/Source/tasks.o
 .debug_ranges  0x00000b28       0xa0 ./Drivers/STM32F0xx_HAL_Driver/Src/stm32f0xx_hal.o
 .debug_ranges  0x00000bc8       0xc0 ./Drivers/STM32F0xx_HAL_Driver/Src/stm32f0xx_hal_adc.o
 .debug_ranges  0x00000c88       0x90 ./Drivers/STM32F0xx_HAL_Driver/Src/stm32f0xx_hal_can.o
 .debug_ranges  0x00000d18      0x120 ./Drivers/STM32F0xx_HAL_Driver/Src/stm32f0xx_hal_cortex.o
 .debug_ranges  0x00000e38       0xc0 ./Drivers/STM32F0xx_HAL_Driver/Src/stm32f0xx_hal_dma.o
 .debug_ranges  0x00000ef8       0x68 ./Drivers/STM32F0xx_HAL_Driver/Src/stm32f0xx_hal_gpio.o
 .debug_ranges  0x00000f60      0x280 ./Drivers/STM32F0xx_HAL_Driver/Src/stm32f0xx_hal_i2c.o
 .debug_ranges  0x000011e0       0x78 ./Drivers/STM32F0xx_HAL_Driver/Src/stm32f0xx_hal_i2c_ex.o
 .debug_ranges  0x00001258       0x18 ./Drivers/STM32F0xx_HAL_Driver/Src/stm32f0xx_hal_iwdg.o
 .debug_ranges  0x00001270       0xa0 ./Drivers/STM32F0xx_HAL_Driver/Src/stm32f0xx_hal_rcc.o