Archive member included to satisfy reference by file (symbol)

c:/program files (x86)/gnu tools arm embedded/6 2017-q2-update/bin/../lib/gcc/arm-none-eabi/6.3.1/thumb/v6-m\libgcc.a(_thumb1_case_sqi.o)
                              ./Drivers/STM32F0xx_HAL_Driver/Src/stm32f0xx_hal_uart.o (__gnu_thumb1_case_sqi)
c:/program files (x86)/gnu tools arm embedded/6 2017-q2-update/bin/../lib/gcc/arm-none-eabi/6.3.1/thumb/v6-m\libgcc.a(_thumb1_case_uqi.o)
                              ./Src/freertos.o (__gnu_thumb1_case_uqi)
c:/program files (x86)/gnu tools arm embedded/6 2017-q2-update/bin/../lib/gcc/arm-none-eabi/6.3.1/thumb/v6-m\libgcc.a(_thumb1_case_shi.o)
                              ./Src/freertos.o (__gnu_thumb1_case_shi)
c:/program files (x86)/gnu tools arm embedded/6 2017-q2-update/bin/../lib/gcc/arm-none-eabi/6.3.1/thumb/v6-m\libgcc.a(_thumb1_case_uhi.o)
                              ./Src/freertos.o (__gnu_thumb1_case_uhi)
c:/program files (x86)/gnu tools arm embedded/6 2017-q2-update/bin/../lib/gcc/arm-none-eabi/6.3.1/thumb/v6-m\libgcc.a(_udivsi3.o)
                              ./Src/freertos.o (__aeabi_uidiv)
c:/program files (x86)/gnu tools arm embedded/6 2017-q2-update/bin/../lib/gcc/arm-none-eabi/6.3.1/thumb/v6-m\libgcc.a(_dvmd_tls.o)
                              c:/program files (x86)/gnu tools arm embedded/6 2017-q2-update/bin/../lib/gcc/arm-none-eabi/6.3.1/thumb/v6-m\libgcc.a(_udivsi3.o) (__aeabi_idiv0)
c:/program files (x86)/gnu tools arm embedded/6 2017-q2-update/bin/../lib/gcc/arm-none-eabi/6.3.1/thumb/v6-m\libgcc.a(_lshrdi3.o)
                              ./Drivers/STM32F0xx_HAL_Driver/Src/stm32f0xx_hal_flash.o (__aeabi_llsr)
c:/program files (x86)/gnu tools arm embedded/6 2017-q2-update/bin/../lib/gcc/arm-none-eabi/6.3.1/../../../../arm-none-eabi/lib/thumb/v6-m\libg_nano.a(lib_a-exit.o)
                              c:/program files (x86)/gnu tools arm embedded/6 2017-q2-update/bin/../lib/gcc/arm-none-eabi/6.3.1/../../../../arm-none-eabi/lib/thumb/v6-m/crt0.o (exit)
c:/program files (x86)/gnu tools arm embedded/6 2017-q2-update/bin/../lib/gcc/arm-none-eabi/6.3.1/../../../../arm-none-eabi/lib/thumb/v6-m\libg_nano.a(lib_a-impure.o)
                              c:/program files (x86)/gnu tools arm embedded/6 2017-q2-update/bin/../lib/gcc/arm-none-eabi/6.3.1/../../../../arm-none-eabi/lib/thumb/v6-m\libg_nano.a(lib_a-exit.o) (_global_impure_ptr)
c:/program files (x86)/gnu tools arm embedded/6 2017-q2-update/bin/../lib/gcc/arm-none-eabi/6.3.1/../../../../arm-none-eabi/lib/thumb/v6-m\libg_nano.a(lib_a-init.o)
                              c:/program files (x86)/gnu tools arm embedded/6 2017-q2-update/bin/../lib/gcc/arm-none-eabi/6.3.1/../../../../arm-none-eabi/lib/thumb/v6-m/crt0.o (__libc_init_array)
c:/program files (x86)/gnu tools arm embedded/6 2017-q2-update/bin/../lib/gcc/arm-none-eabi/6.3.1/../../../../arm-none-eabi/lib/thumb/v6-m\libg_nano.a(lib_a-memcpy-stub.o)
                              ./Src/freertos.o (memcpy)
c:/program files (x86)/gnu tools arm embedded/6 2017-q2-update/bin/../lib/gcc/arm-none-eabi/6.3.1/../../../../arm-none-eabi/lib/thumb/v6-m\libg_nano.a(lib_a-memset.o)
                              c:/program files (x86)/gnu tools arm embedded/6 2017-q2-update/bin/../lib/gcc/arm-none-eabi/6.3.1/../../../../arm-none-eabi/lib/thumb/v6-m/crt0.o (memset)
c:/program files (x86)/gnu tools arm embedded/6 2017-q2-update/bin/../lib/gcc/arm-none-eabi/6.3.1/../../../../arm-none-eabi/lib/thumb/v6-m\libg_nano.a(lib_a-strncpy.o)
                              ./Src/freertos.o (strncpy)
c:/program files (x86)/gnu tools arm embedded/6 2017-q2-update/bin/../lib/gcc/arm-none-eabi/6.3.1/../../../../arm-none-eabi/lib/thumb/v6-m\libg_nano.a(lib_a-vsnprintf.o)
                              ./Src/freertos.o (vsnprintf)
c:/program files (x86)/gnu tools arm embedded/6 2017-q2-update/bin/../lib/gcc/arm-none-eabi/6.3.1/../../../../arm-none-eabi/lib/thumb/v6-m\libg_nano.a(lib_a-nano-svfprintf.o)
                              c:/program files (x86)/gnu tools arm embedded/6 2017-q2-update/bin/../lib/gcc/arm-none-eabi/6.3.1/../../../../arm-none-eabi/lib/thumb/v6-m\libg_nano.a(lib_a-vsnprintf.o) (_svfprintf_r)
c:/program files (x86)/gnu tools arm embedded/6 2017-q2-update/bin/../lib/gcc/arm-none-eabi/6.3.1/../../../../arm-none-eabi/lib/thumb/v6-m\libg_nano.a(lib_a-nano-vfprintf_i.o)
                              c:/program files (x86)/gnu tools arm embedded/6 2017-q2-update/bin/../lib/gcc/arm-none-eabi/6.3.1/../../../../arm-none-eabi/lib/thumb/v6-m\libg_nano.a(lib_a-nano-svfprintf.o) (_printf_i)
c:/program files (x86)/gnu tools arm embedded/6 2017-q2-update/bin/../lib/gcc/arm-none-eabi/6.3.1/../../../../arm-none-eabi/lib/thumb/v6-m\libg_nano.a(lib_a-memchr-stub.o)
                              c:/program files (x86)/gnu tools arm embedded/6 2017-q2-update/bin/../lib/gcc/arm-none-eabi/6.3.1/../../../../arm-none-eabi/lib/thumb/v6-m\libg_nano.a(lib_a-nano-svfprintf.o) (memchr)
[...]
Memory Configuration

Name             Origin             Length             Attributes
RAM              0x20000000         0x00008000         xrw
FLASH            0x08000000         0x00040000         xr
*default*        0x00000000         0xffffffff

Linker script and memory map

LOAD c:/program files (x86)/gnu tools arm embedded/6 2017-q2-update/bin/../lib/gcc/arm-none-eabi/6.3.1/thumb/v6-m/crti.o
LOAD c:/program files (x86)/gnu tools arm embedded/6 2017-q2-update/bin/../lib/gcc/arm-none-eabi/6.3.1/thumb/v6-m/crtbegin.o
LOAD c:/program files (x86)/gnu tools arm embedded/6 2017-q2-update/bin/../lib/gcc/arm-none-eabi/6.3.1/../../../../arm-none-eabi/lib/thumb/v6-m/crt0.o
LOAD ./Src/adc.o
LOAD ./Src/aewin_def.o
LOAD ./Src/can.o
LOAD ./Src/dma.o
LOAD ./Src/freertos.o
LOAD ./Src/gpio.o
LOAD ./Src/i2c.o
LOAD ./Src/iwdg.o
LOAD ./Src/main.o
LOAD ./Src/rtc.o
LOAD ./Src/spi.o
LOAD ./Src/startup_stm32f091xc.o
LOAD ./Src/stm32f0xx_hal_msp.o
LOAD ./Src/stm32f0xx_hal_timebase_TIM.o
LOAD ./Src/stm32f0xx_it.o
LOAD ./Src/system_stm32f0xx.o
LOAD ./Src/tim.o
LOAD ./Src/usart.o
LOAD ./Middlewares/Third_Party/FreeRTOS/Source/portable/MemMang/heap_4.o
LOAD ./Middlewares/Third_Party/FreeRTOS/Source/portable/GCC/ARM_CM0/port.o
LOAD ./Middlewares/Third_Party/FreeRTOS/Source/CMSIS_RTOS/cmsis_os.o
LOAD ./Middlewares/Third_Party/FreeRTOS/Source/croutine.o
LOAD ./Middlewares/Third_Party/FreeRTOS/Source/event_groups.o
LOAD ./Middlewares/Third_Party/FreeRTOS/Source/list.o
LOAD ./Middlewares/Third_Party/FreeRTOS/Source/queue.o
LOAD ./Middlewares/Third_Party/FreeRTOS/Source/tasks.o
LOAD ./Middlewares/Third_Party/FreeRTOS/Source/timers.o
LOAD ./Drivers/STM32F0xx_HAL_Driver/Src/stm32f0xx_hal.o
LOAD ./Drivers/STM32F0xx_HAL_Driver/Src/stm32f0xx_hal_adc.o
LOAD ./Drivers/STM32F0xx_HAL_Driver/Src/stm32f0xx_hal_adc_ex.o
LOAD ./Drivers/STM32F0xx_HAL_Driver/Src/stm32f0xx_hal_can.o
LOAD ./Drivers/STM32F0xx_HAL_Driver/Src/stm32f0xx_hal_cortex.o
LOAD ./Drivers/STM32F0xx_HAL_Driver/Src/stm32f0xx_hal_dma.o
LOAD ./Drivers/STM32F0xx_HAL_Driver/Src/stm32f0xx_hal_flash.o
LOAD ./Drivers/STM32F0xx_HAL_Driver/Src/stm32f0xx_hal_flash_ex.o
LOAD ./Drivers/STM32F0xx_HAL_Driver/Src/stm32f0xx_hal_gpio.o
LOAD ./Drivers/STM32F0xx_HAL_Driver/Src/stm32f0xx_hal_i2c.o
LOAD ./Drivers/STM32F0xx_HAL_Driver/Src/stm32f0xx_hal_i2c_ex.o
LOAD ./Drivers/STM32F0xx_HAL_Driver/Src/stm32f0xx_hal_iwdg.o
LOAD ./Drivers/STM32F0xx_HAL_Driver/Src/stm32f0xx_hal_pwr.o
LOAD ./Drivers/STM32F0xx_HAL_Driver/Src/stm32f0xx_hal_pwr_ex.o
LOAD ./Drivers/STM32F0xx_HAL_Driver/Src/stm32f0xx_hal_rcc.o
LOAD ./Drivers/STM32F0xx_HAL_Driver/Src/stm32f0xx_hal_rcc_ex.o
LOAD ./Drivers/STM32F0xx_HAL_Driver/Src/stm32f0xx_hal_rtc.o
LOAD ./Drivers/STM32F0xx_HAL_Driver/Src/stm32f0xx_hal_rtc_ex.o
LOAD ./Drivers/STM32F0xx_HAL_Driver/Src/stm32f0xx_hal_spi.o
LOAD ./Drivers/STM32F0xx_HAL_Driver/Src/stm32f0xx_hal_spi_ex.o
LOAD ./Drivers/STM32F0xx_HAL_Driver/Src/stm32f0xx_hal_tim.o
LOAD ./Drivers/STM32F0xx_HAL_Driver/Src/stm32f0xx_hal_tim_ex.o
LOAD ./Drivers/STM32F0xx_HAL_Driver/Src/stm32f0xx_hal_uart.o
LOAD ./Drivers/STM32F0xx_HAL_Driver/Src/stm32f0xx_hal_uart_ex.o
START GROUP
LOAD c:/program files (x86)/gnu tools arm embedded/6 2017-q2-update/bin/../lib/gcc/arm-none-eabi/6.3.1/thumb/v6-m\libgcc.a
LOAD c:/program files (x86)/gnu tools arm embedded/6 2017-q2-update/bin/../lib/gcc/arm-none-eabi/6.3.1/../../../../arm-none-eabi/lib/thumb/v6-m\libg_nano.a
LOAD c:/program files (x86)/gnu tools arm embedded/6 2017-q2-update/bin/../lib/gcc/arm-none-eabi/6.3.1/../../../../arm-none-eabi/lib/thumb/v6-m\libc_nano.a
END GROUP
START GROUP
LOAD c:/program files (x86)/gnu tools arm embedded/6 2017-q2-update/bin/../lib/gcc/arm-none-eabi/6.3.1/thumb/v6-m\libgcc.a
LOAD c:/program files (x86)/gnu tools arm embedded/6 2017-q2-update/bin/../lib/gcc/arm-none-eabi/6.3.1/../../../../arm-none-eabi/lib/thumb/v6-m\libc_nano.a
LOAD c:/program files (x86)/gnu tools arm embedded/6 2017-q2-update/bin/../lib/gcc/arm-none-eabi/6.3.1/../../../../arm-none-eabi/lib/thumb/v6-m\libnosys.a
END GROUP
START GROUP
LOAD c:/program files (x86)/gnu tools arm embedded/6 2017-q2-update/bin/../lib/gcc/arm-none-eabi/6.3.1/thumb/v6-m\libgcc.a
LOAD c:/program files (x86)/gnu tools arm embedded/6 2017-q2-update/bin/../lib/gcc/arm-none-eabi/6.3.1/../../../../arm-none-eabi/lib/thumb/v6-m\libc_nano.a
LOAD c:/program files (x86)/gnu tools arm embedded/6 2017-q2-update/bin/../lib/gcc/arm-none-eabi/6.3.1/../../../../arm-none-eabi/lib/thumb/v6-m\libnosys.a
END GROUP
LOAD c:/program files (x86)/gnu tools arm embedded/6 2017-q2-update/bin/../lib/gcc/arm-none-eabi/6.3.1/thumb/v6-m/crtend.o
LOAD c:/program files (x86)/gnu tools arm embedded/6 2017-q2-update/bin/../lib/gcc/arm-none-eabi/6.3.1/thumb/v6-m/crtn.o
                0x20008000                _estack = 0x20008000
                0x00000200                _Min_Heap_Size = 0x200
                0x00000400                _Min_Stack_Size = 0x400

.isr_vector     0x08000000       0xbc
                0x08000000                . = ALIGN (0x4)
 *(.isr_vector)
 .isr_vector    0x08000000       0xbc ./Src/startup_stm32f091xc.o
                0x08000000                g_pfnVectors
                0x080000bc                . = ALIGN (0x4)

.text           0x080000c0     0xa5a8
                0x080000c0                . = ALIGN (0x4)
 *(.text)
 .text          0x080000c0       0x60 c:/program files (x86)/gnu tools arm embedded/6 2017-q2-update/bin/../lib/gcc/arm-none-eabi/6.3.1/thumb/v6-m/crtbegin.o
 .text          0x08000120       0x14 c:/program files (x86)/gnu tools arm embedded/6 2017-q2-update/bin/../lib/gcc/arm-none-eabi/6.3.1/thumb/v6-m\libgcc.a(_thumb1_case_sqi.o)
                0x08000120                __gnu_thumb1_case_sqi
 .text          0x08000134       0x14 c:/program files (x86)/gnu tools arm embedded/6 2017-q2-update/bin/../lib/gcc/arm-none-eabi/6.3.1/thumb/v6-m\libgcc.a(_thumb1_case_uqi.o)
                0x08000134                __gnu_thumb1_case_uqi
 .text          0x08000148       0x14 c:/program files (x86)/gnu tools arm embedded/6 2017-q2-update/bin/../lib/gcc/arm-none-eabi/6.3.1/thumb/v6-m\libgcc.a(_thumb1_case_shi.o)
                0x08000148                __gnu_thumb1_case_shi
 .text          0x0800015c       0x14 c:/program files (x86)/gnu tools arm embedded/6 2017-q2-update/bin/../lib/gcc/arm-none-eabi/6.3.1/thumb/v6-m\libgcc.a(_thumb1_case_uhi.o)
                0x0800015c                __gnu_thumb1_case_uhi
 .text          0x08000170      0x114 c:/program files (x86)/gnu tools arm embedded/6 2017-q2-update/bin/../lib/gcc/arm-none-eabi/6.3.1/thumb/v6-m\libgcc.a(_udivsi3.o)
                0x08000170                __aeabi_uidiv
                0x08000170                __udivsi3
                0x0800027c                __aeabi_uidivmod
 .text          0x08000284        0x4 c:/program files (x86)/gnu tools arm embedded/6 2017-q2-update/bin/../lib/gcc/arm-none-eabi/6.3.1/thumb/v6-m\libgcc.a(_dvmd_tls.o)
                0x08000284                __aeabi_idiv0
                0x08000284                __aeabi_ldiv0
 .text          0x08000288       0x18 c:/program files (x86)/gnu tools arm embedded/6 2017-q2-update/bin/../lib/gcc/arm-none-eabi/6.3.1/thumb/v6-m\libgcc.a(_lshrdi3.o)
                0x08000288                __lshrdi3
                0x08000288                __aeabi_llsr
 *(.text*)
 .text.MX_ADC_Init
                0x080002a0       0x88 ./Src/adc.o
                0x080002a0                MX_ADC_Init
 .text.HAL_ADC_MspInit
                0x08000328       0x9c ./Src/adc.o
                0x08000328                HAL_ADC_MspInit
 .text.MX_CAN_Init
                0x080003c4       0x4c ./Src/can.o
                0x080003c4                MX_CAN_Init
 .text.HAL_CAN_MspInit
                0x08000410       0x60 ./Src/can.o
                0x08000410                HAL_CAN_MspInit
 .text.MX_DMA_Init
                0x08000470       0x5c ./Src/dma.o
                0x08000470                MX_DMA_Init
 .text.StartDefaultTask
                0x080004cc        0xa ./Src/freertos.o
                0x080004cc                StartDefaultTask
 *fill*         0x080004d6        0x2 
 .text.cmd_proc_entry
                0x080004d8       0x44 ./Src/freertos.o
                0x080004d8                cmd_proc_entry
 .text.usart3_entry
                0x0800051c      0x1b4 ./Src/freertos.o
                0x0800051c                usart3_entry
 .text.IWDG_entry
                0x080006d0       0x14 ./Src/freertos.o
                0x080006d0                IWDG_entry
 .text.gpio_state_entry
                0x080006e4       0xa0 ./Src/freertos.o
                0x080006e4                gpio_state_entry
 .text.spi1_entry
                0x08000784      0x608 ./Src/freertos.o
                0x08000784                spi1_entry
 .text.can_entry
                0x08000d8c       0xac ./Src/freertos.o
                0x08000d8c                can_entry
 .text.aewin_dbg
                0x08000e38       0x60 ./Src/freertos.o
                0x08000e38                aewin_dbg
 .text.i2c1_entry
                0x08000e98      0x108 ./Src/freertos.o
                0x08000e98                i2c1_entry
 .text.adc_entry
                0x08000fa0       0x78 ./Src/freertos.o
                0x08000fa0                adc_entry
 .text.HAL_RTC_AlarmAEventCallback
                0x08001018       0x34 ./Src/freertos.o
                0x08001018                HAL_RTC_AlarmAEventCallback
 .text.adc_voltageConversion_float
                0x0800104c       0x20 ./Src/freertos.o
                0x0800104c                adc_voltageConversion_float
 .text.adc_tempConversion_int
                0x0800106c       0x24 ./Src/freertos.o
                0x0800106c                adc_tempConversion_int
 .text.adc_tempConversion_float
                0x08001090       0x28 ./Src/freertos.o
                0x08001090                adc_tempConversion_float
 .text.usart1_entry
                0x080010b8      0xfa8 ./Src/freertos.o
                0x080010b8                usart1_entry
 .text.uart_findDataIndex
                0x08002060       0x36 ./Src/freertos.o
                0x08002060                uart_findDataIndex
 .text.uart2_isFindString
                0x08002096       0x54 ./Src/freertos.o
                0x08002096                uart2_isFindString
 *fill*         0x080020ea        0x2 
 .text.enable_4GModule
                0x080020ec       0x40 ./Src/freertos.o
                0x080020ec                enable_4GModule
 .text.print_atCommand
                0x0800212c       0x34 ./Src/freertos.o
                0x0800212c                print_atCommand
 .text.usart2_entry
                0x08002160      0xa48 ./Src/freertos.o
                0x08002160                usart2_entry
 .text.check_lowPower
                0x08002ba8       0x4c ./Src/freertos.o
                0x08002ba8                check_lowPower
 .text.check_highPower
                0x08002bf4       0x4c ./Src/freertos.o
                0x08002bf4                check_highPower
 .text.ignition_entry
                0x08002c40      0x410 ./Src/freertos.o
                0x08002c40                ignition_entry
 .text.config_recovery
                0x08003050       0x1c ./Src/freertos.o
                0x08003050                config_recovery
 .text.MX_FREERTOS_Init
                0x0800306c      0x35c ./Src/freertos.o
                0x0800306c                MX_FREERTOS_Init
 .text.MX_GPIO_Init
                0x080033c8       0xf4 ./Src/gpio.o
                0x080033c8                MX_GPIO_Init
 .text.MX_I2C1_Init
                0x080034bc       0x6c ./Src/i2c.o
                0x080034bc                MX_I2C1_Init
 .text.MX_I2C2_Init
                0x08003528       0x6c ./Src/i2c.o
                0x08003528                MX_I2C2_Init
 .text.HAL_I2C_MspInit
                0x08003594       0xac ./Src/i2c.o
                0x08003594                HAL_I2C_MspInit
 .text.MX_IWDG_Init
                0x08003640       0x34 ./Src/iwdg.o
                0x08003640                MX_IWDG_Init
 .text.SystemClock_Config
                0x08003674       0xa4 ./Src/main.o
                0x08003674                SystemClock_Config
 .text.startup.main
                0x08003718       0x4c ./Src/main.o
                0x08003718                main
 .text.HAL_TIM_PeriodElapsedCallback
                0x08003764       0x14 ./Src/main.o
                0x08003764                HAL_TIM_PeriodElapsedCallback
 .text._Error_Handler
                0x08003778        0x2 ./Src/main.o
                0x08003778                _Error_Handler
 *fill*         0x0800377a        0x2 
 .text.MX_RTC_Init
                0x0800377c      0x108 ./Src/rtc.o
                0x0800377c                MX_RTC_Init
 .text.HAL_RTC_MspInit
                0x08003884       0x30 ./Src/rtc.o
                0x08003884                HAL_RTC_MspInit
 .text.MX_SPI1_Init
                0x080038b4       0x54 ./Src/spi.o
                0x080038b4                MX_SPI1_Init
 .text.HAL_SPI_MspInit
                0x08003908       0x60 ./Src/spi.o
                0x08003908                HAL_SPI_MspInit
 .text.Reset_Handler
                0x08003968       0x50 ./Src/startup_stm32f091xc.o
                0x08003968                Reset_Handler
 .text.Default_Handler
                0x080039b8        0x2 ./Src/startup_stm32f091xc.o
                0x080039b8                TIM1_CC_IRQHandler
                0x080039b8                TSC_IRQHandler
                0x080039b8                ADC1_COMP_IRQHandler
                0x080039b8                RCC_CRS_IRQHandler
                0x080039b8                SPI1_IRQHandler
                0x080039b8                TIM6_DAC_IRQHandler
                0x080039b8                EXTI2_3_IRQHandler
                0x080039b8                I2C2_IRQHandler
                0x080039b8                TIM17_IRQHandler
                0x080039b8                PVD_VDDIO2_IRQHandler
                0x080039b8                TIM16_IRQHandler
                0x080039b8                TIM3_IRQHandler
                0x080039b8                EXTI4_15_IRQHandler
                0x080039b8                Default_Handler
                0x080039b8                TIM14_IRQHandler
                0x080039b8                TIM7_IRQHandler
                0x080039b8                TIM15_IRQHandler
                0x080039b8                EXTI0_1_IRQHandler
                0x080039b8                SPI2_IRQHandler
                0x080039b8                WWDG_IRQHandler
                0x080039b8                TIM2_IRQHandler
                0x080039b8                FLASH_IRQHandler
 *fill*         0x080039ba        0x2 
 .text.HAL_MspInit
                0x080039bc       0x3c ./Src/stm32f0xx_hal_msp.o
                0x080039bc                HAL_MspInit
 .text.HAL_InitTick
                0x080039f8       0x7c ./Src/stm32f0xx_hal_timebase_TIM.o
                0x080039f8                HAL_InitTick
 .text.NMI_Handler
                0x08003a74        0x2 ./Src/stm32f0xx_it.o
                0x08003a74                NMI_Handler
 .text.HardFault_Handler
                0x08003a76        0x2 ./Src/stm32f0xx_it.o
                0x08003a76                HardFault_Handler
 .text.SysTick_Handler
                0x08003a78        0x8 ./Src/stm32f0xx_it.o
                0x08003a78                SysTick_Handler
 .text.RTC_IRQHandler
                0x08003a80       0x1c ./Src/stm32f0xx_it.o
                0x08003a80                RTC_IRQHandler
 .text.DMA1_Ch1_IRQHandler
                0x08003a9c       0x10 ./Src/stm32f0xx_it.o
                0x08003a9c                DMA1_Ch1_IRQHandler
 .text.DMA1_Ch2_3_DMA2_Ch1_2_IRQHandler
                0x08003aac       0x2c ./Src/stm32f0xx_it.o
                0x08003aac                DMA1_Ch2_3_DMA2_Ch1_2_IRQHandler
 .text.DMA1_Ch4_7_DMA2_Ch3_5_IRQHandler
                0x08003ad8       0x18 ./Src/stm32f0xx_it.o
                0x08003ad8                DMA1_Ch4_7_DMA2_Ch3_5_IRQHandler
 .text.TIM1_BRK_UP_TRG_COM_IRQHandler
                0x08003af0       0x10 ./Src/stm32f0xx_it.o
                0x08003af0                TIM1_BRK_UP_TRG_COM_IRQHandler
 .text.I2C1_IRQHandler
                0x08003b00       0x20 ./Src/stm32f0xx_it.o
                0x08003b00                I2C1_IRQHandler
 .text.USART1_IRQHandler
                0x08003b20       0x10 ./Src/stm32f0xx_it.o
                0x08003b20                USART1_IRQHandler
 .text.USART2_IRQHandler
                0x08003b30       0x10 ./Src/stm32f0xx_it.o
                0x08003b30                USART2_IRQHandler
 .text.USART3_8_IRQHandler
                0x08003b40       0x10 ./Src/stm32f0xx_it.o
                0x08003b40                USART3_8_IRQHandler
 .text.CEC_CAN_IRQHandler
                0x08003b50       0x10 ./Src/stm32f0xx_it.o
                0x08003b50                CEC_CAN_IRQHandler
 .text.SystemInit
                0x08003b60       0x60 ./Src/system_stm32f0xx.o
                0x08003b60                SystemInit
 .text.MX_TIM2_Init
                0x08003bc0       0x88 ./Src/tim.o
                0x08003bc0                MX_TIM2_Init
 .text.HAL_TIM_Base_MspInit
                0x08003c48       0x48 ./Src/tim.o
                0x08003c48                HAL_TIM_Base_MspInit
 .text.HAL_TIM_MspPostInit
                0x08003c90       0x30 ./Src/tim.o
                0x08003c90                HAL_TIM_MspPostInit
 .text.MX_TIM14_Init
                0x08003cc0       0x70 ./Src/tim.o
                0x08003cc0                MX_TIM14_Init
 .text.MX_USART1_UART_Init
                0x08003d30       0x40 ./Src/usart.o
                0x08003d30                MX_USART1_UART_Init
 .text.MX_USART2_UART_Init
                0x08003d70       0x40 ./Src/usart.o
                0x08003d70                MX_USART2_UART_Init
 .text.MX_USART3_UART_Init
                0x08003db0       0x50 ./Src/usart.o
                0x08003db0                MX_USART3_UART_Init
 .text.HAL_UART_MspInit
                0x08003e00      0x2f0 ./Src/usart.o
                0x08003e00                HAL_UART_MspInit
 .text.unlikely.prvInsertBlockIntoFreeList
                0x080040f0       0x48 ./Middlewares/Third_Party/FreeRTOS/Source/portable/MemMang/heap_4.o
 .text.pvPortMalloc
                0x08004138      0x104 ./Middlewares/Third_Party/FreeRTOS/Source/portable/MemMang/heap_4.o
                0x08004138                pvPortMalloc
 .text.vPortFree
                0x0800423c       0x48 ./Middlewares/Third_Party/FreeRTOS/Source/portable/MemMang/heap_4.o
                0x0800423c                vPortFree
 .text.prvTaskExitError
                0x08004284       0x14 ./Middlewares/Third_Party/FreeRTOS/Source/portable/GCC/ARM_CM0/port.o
 *fill*         0x08004298        0x8 
 .text.vPortStartFirstTask
                0x080042a0       0x34 ./Middlewares/Third_Party/FreeRTOS/Source/portable/GCC/ARM_CM0/port.o
 .text.pxPortInitialiseStack
                0x080042d4       0x20 ./Middlewares/Third_Party/FreeRTOS/Source/portable/GCC/ARM_CM0/port.o
                0x080042d4                pxPortInitialiseStack
 .text.SVC_Handler
                0x080042f4        0x2 ./Middlewares/Third_Party/FreeRTOS/Source/portable/GCC/ARM_CM0/port.o
                0x080042f4                SVC_Handler
 *fill*         0x080042f6        0x2 
 .text.vPortYield
                0x080042f8       0x18 ./Middlewares/Third_Party/FreeRTOS/Source/portable/GCC/ARM_CM0/port.o
                0x080042f8                vPortYield
 .text.vPortEnterCritical
                0x08004310       0x18 ./Middlewares/Third_Party/FreeRTOS/Source/portable/GCC/ARM_CM0/port.o
                0x08004310                vPortEnterCritical
 .text.vPortExitCritical
                0x08004328       0x1c ./Middlewares/Third_Party/FreeRTOS/Source/portable/GCC/ARM_CM0/port.o
                0x08004328                vPortExitCritical
 .text.ulSetInterruptMaskFromISR
                0x08004344        0xa ./Middlewares/Third_Party/FreeRTOS/Source/portable/GCC/ARM_CM0/port.o
                0x08004344                ulSetInterruptMaskFromISR
 .text.vClearInterruptMaskFromISR
                0x0800434e        0x6 ./Middlewares/Third_Party/FreeRTOS/Source/portable/GCC/ARM_CM0/port.o
                0x0800434e                vClearInterruptMaskFromISR
 *fill*         0x08004354        0xc 
 .text.PendSV_Handler
                0x08004360       0x44 ./Middlewares/Third_Party/FreeRTOS/Source/portable/GCC/ARM_CM0/port.o
                0x08004360                PendSV_Handler
 .text.xPortSysTickHandler
                0x080043a4       0x24 ./Middlewares/Third_Party/FreeRTOS/Source/portable/GCC/ARM_CM0/port.o
                0x080043a4                xPortSysTickHandler
 .text.vPortSetupTimerInterrupt
                0x080043c8       0x28 ./Middlewares/Third_Party/FreeRTOS/Source/portable/GCC/ARM_CM0/port.o
                0x080043c8                vPortSetupTimerInterrupt
 .text.xPortStartScheduler
                0x080043f0       0x34 ./Middlewares/Third_Party/FreeRTOS/Source/portable/GCC/ARM_CM0/port.o
                0x080043f0                xPortStartScheduler
 .text.osKernelStart
                0x08004424        0xa ./Middlewares/Third_Party/FreeRTOS/Source/CMSIS_RTOS/cmsis_os.o
                0x08004424                osKernelStart
 .text.osThreadCreate
                0x0800442e       0x30 ./Middlewares/Third_Party/FreeRTOS/Source/CMSIS_RTOS/cmsis_os.o
                0x0800442e                osThreadCreate
 .text.osDelay  0x0800445e       0x10 ./Middlewares/Third_Party/FreeRTOS/Source/CMSIS_RTOS/cmsis_os.o
                0x0800445e                osDelay
 .text.osMutexCreate
                0x0800446e        0xa ./Middlewares/Third_Party/FreeRTOS/Source/CMSIS_RTOS/cmsis_os.o
                0x0800446e                osMutexCreate
 .text.osMutexWait
                0x08004478       0x4c ./Middlewares/Third_Party/FreeRTOS/Source/CMSIS_RTOS/cmsis_os.o
                0x08004478                osMutexWait
 .text.osSemaphoreRelease
                0x080044c4       0x40 ./Middlewares/Third_Party/FreeRTOS/Source/CMSIS_RTOS/cmsis_os.o
                0x080044c4                osSemaphoreRelease
 .text.osMutexRelease
                0x08004504        0x8 ./Middlewares/Third_Party/FreeRTOS/Source/CMSIS_RTOS/cmsis_os.o
                0x08004504                osMutexRelease
 .text.osMessageCreate
                0x0800450c        0xe ./Middlewares/Third_Party/FreeRTOS/Source/CMSIS_RTOS/cmsis_os.o
                0x0800450c                osMessageCreate
 *fill*         0x0800451a        0x2 
 .text.osMessagePut
                0x0800451c       0x4c ./Middlewares/Third_Party/FreeRTOS/Source/CMSIS_RTOS/cmsis_os.o
                0x0800451c                osMessagePut
 .text.osMessageGet
                0x08004568       0x74 ./Middlewares/Third_Party/FreeRTOS/Source/CMSIS_RTOS/cmsis_os.o
                0x08004568                osMessageGet
 .text.osSystickHandler
                0x080045dc       0x10 ./Middlewares/Third_Party/FreeRTOS/Source/CMSIS_RTOS/cmsis_os.o
                0x080045dc                osSystickHandler
 .text.vListInitialise
                0x080045ec       0x16 ./Middlewares/Third_Party/FreeRTOS/Source/list.o
                0x080045ec                vListInitialise
 .text.vListInitialiseItem
                0x08004602        0x6 ./Middlewares/Third_Party/FreeRTOS/Source/list.o
                0x08004602                vListInitialiseItem
 .text.vListInsertEnd
                0x08004608       0x18 ./Middlewares/Third_Party/FreeRTOS/Source/list.o
                0x08004608                vListInsertEnd
 .text.vListInsert
                0x08004620       0x2e ./Middlewares/Third_Party/FreeRTOS/Source/list.o
                0x08004620                vListInsert
 .text.uxListRemove
                0x0800464e       0x20 ./Middlewares/Third_Party/FreeRTOS/Source/list.o
                0x0800464e                uxListRemove
 .text.unlikely.prvCopyDataToQueue
                0x0800466e       0x70 ./Middlewares/Third_Party/FreeRTOS/Source/queue.o
 .text.unlikely.prvCopyDataFromQueue
                0x080046de       0x24 ./Middlewares/Third_Party/FreeRTOS/Source/queue.o
 .text.prvUnlockQueue
                0x08004702       0x6a ./Middlewares/Third_Party/FreeRTOS/Source/queue.o
 .text.xQueueGenericReset
                0x0800476c       0x68 ./Middlewares/Third_Party/FreeRTOS/Source/queue.o
                0x0800476c                xQueueGenericReset
 .text.xQueueGenericCreate
                0x080047d4       0x3a ./Middlewares/Third_Party/FreeRTOS/Source/queue.o
                0x080047d4                xQueueGenericCreate
 .text.xQueueGenericSend
                0x0800480e      0x11e ./Middlewares/Third_Party/FreeRTOS/Source/queue.o
                0x0800480e                xQueueGenericSend
 .text.xQueueCreateMutex
                0x0800492c       0x24 ./Middlewares/Third_Party/FreeRTOS/Source/queue.o
                0x0800492c                xQueueCreateMutex
 .text.xQueueGenericSendFromISR
                0x08004950       0x92 ./Middlewares/Third_Party/FreeRTOS/Source/queue.o
                0x08004950                xQueueGenericSendFromISR
 .text.xQueueGiveFromISR
                0x080049e2       0x7a ./Middlewares/Third_Party/FreeRTOS/Source/queue.o
                0x080049e2                xQueueGiveFromISR
 .text.xQueueGenericReceive
                0x08004a5c      0x14c ./Middlewares/Third_Party/FreeRTOS/Source/queue.o
                0x08004a5c                xQueueGenericReceive
 .text.xQueueReceiveFromISR
                0x08004ba8       0x80 ./Middlewares/Third_Party/FreeRTOS/Source/queue.o
                0x08004ba8                xQueueReceiveFromISR
 .text.prvResetNextTaskUnblockTime
                0x08004c28       0x28 ./Middlewares/Third_Party/FreeRTOS/Source/tasks.o
 .text.prvAddCurrentTaskToDelayedList
                0x08004c50       0x70 ./Middlewares/Third_Party/FreeRTOS/Source/tasks.o
 .text.xTaskCreate
                0x08004cc0      0x188 ./Middlewares/Third_Party/FreeRTOS/Source/tasks.o
                0x08004cc0                xTaskCreate
 .text.vTaskStartScheduler
                0x08004e48       0x54 ./Middlewares/Third_Party/FreeRTOS/Source/tasks.o
                0x08004e48                vTaskStartScheduler
 .text.vTaskSuspendAll
                0x08004e9c       0x10 ./Middlewares/Third_Party/FreeRTOS/Source/tasks.o
                0x08004e9c                vTaskSuspendAll
 .text.xTaskIncrementTick
                0x08004eac       0xfc ./Middlewares/Third_Party/FreeRTOS/Source/tasks.o
                0x08004eac                xTaskIncrementTick
 .text.xTaskResumeAll
                0x08004fa8       0xd0 ./Middlewares/Third_Party/FreeRTOS/Source/tasks.o
                0x08004fa8                xTaskResumeAll
 .text.vTaskDelay
                0x08005078       0x34 ./Middlewares/Third_Party/FreeRTOS/Source/tasks.o
                0x08005078                vTaskDelay
 .text.prvIdleTask
                0x080050ac       0x68 ./Middlewares/Third_Party/FreeRTOS/Source/tasks.o
 .text.vTaskSwitchContext
                0x08005114       0x6c ./Middlewares/Third_Party/FreeRTOS/Source/tasks.o
                0x08005114                vTaskSwitchContext
 .text.vTaskPlaceOnEventList
                0x08005180       0x24 ./Middlewares/Third_Party/FreeRTOS/Source/tasks.o
                0x08005180                vTaskPlaceOnEventList
 .text.xTaskRemoveFromEventList
                0x080051a4       0x78 ./Middlewares/Third_Party/FreeRTOS/Source/tasks.o
                0x080051a4                xTaskRemoveFromEventList
 .text.vTaskSetTimeOutState
                0x0800521c       0x20 ./Middlewares/Third_Party/FreeRTOS/Source/tasks.o
                0x0800521c                vTaskSetTimeOutState
 .text.xTaskCheckForTimeOut
                0x0800523c       0x60 ./Middlewares/Third_Party/FreeRTOS/Source/tasks.o
                0x0800523c                xTaskCheckForTimeOut
 .text.vTaskMissedYield
                0x0800529c        0xc ./Middlewares/Third_Party/FreeRTOS/Source/tasks.o
                0x0800529c                vTaskMissedYield
 .text.xTaskGetSchedulerState
                0x080052a8       0x20 ./Middlewares/Third_Party/FreeRTOS/Source/tasks.o
                0x080052a8                xTaskGetSchedulerState
 .text.vTaskPriorityInherit
                0x080052c8       0x6c ./Middlewares/Third_Party/FreeRTOS/Source/tasks.o
                0x080052c8                vTaskPriorityInherit
 .text.xTaskPriorityDisinherit
                0x08005334       0x6c ./Middlewares/Third_Party/FreeRTOS/Source/tasks.o
                0x08005334                xTaskPriorityDisinherit
 .text.pvTaskIncrementMutexHeldCount
                0x080053a0       0x18 ./Middlewares/Third_Party/FreeRTOS/Source/tasks.o
                0x080053a0                pvTaskIncrementMutexHeldCount
 .text.HAL_Init
                0x080053b8       0x20 ./Drivers/STM32F0xx_HAL_Driver/Src/stm32f0xx_hal.o
                0x080053b8                HAL_Init
 .text.HAL_IncTick
                0x080053d8       0x10 ./Drivers/STM32F0xx_HAL_Driver/Src/stm32f0xx_hal.o
                0x080053d8                HAL_IncTick
 .text.HAL_GetTick
                0x080053e8        0xc ./Drivers/STM32F0xx_HAL_Driver/Src/stm32f0xx_hal.o
                0x080053e8                HAL_GetTick
 .text.HAL_Delay
                0x080053f4       0x20 ./Drivers/STM32F0xx_HAL_Driver/Src/stm32f0xx_hal.o
                0x080053f4                HAL_Delay
 .text.ADC_Disable
                0x08005414       0x72 ./Drivers/STM32F0xx_HAL_Driver/Src/stm32f0xx_hal_adc.o
 *fill*         0x08005486        0x2 
 .text.ADC_Enable
                0x08005488       0x98 ./Drivers/STM32F0xx_HAL_Driver/Src/stm32f0xx_hal_adc.o
 .text.ADC_ConversionStop
                0x08005520       0x52 ./Drivers/STM32F0xx_HAL_Driver/Src/stm32f0xx_hal_adc.o
 *fill*         0x08005572        0x2 
 .text.HAL_ADC_Init
                0x08005574      0x14c ./Drivers/STM32F0xx_HAL_Driver/Src/stm32f0xx_hal_adc.o
                0x08005574                HAL_ADC_Init
 .text.HAL_ADC_Start_DMA
                0x080056c0       0x94 ./Drivers/STM32F0xx_HAL_Driver/Src/stm32f0xx_hal_adc.o
                0x080056c0                HAL_ADC_Start_DMA
 .text.HAL_ADC_Stop_DMA
                0x08005754       0x70 ./Drivers/STM32F0xx_HAL_Driver/Src/stm32f0xx_hal_adc.o
                0x08005754                HAL_ADC_Stop_DMA
 .text.HAL_ADC_ConvCpltCallback
                0x080057c4        0x2 ./Drivers/STM32F0xx_HAL_Driver/Src/stm32f0xx_hal_adc.o
                0x080057c4                HAL_ADC_ConvCpltCallback
 *fill*         0x080057c6        0x2 
 .text.ADC_DMAConvCplt
                0x080057c8       0x70 ./Drivers/STM32F0xx_HAL_Driver/Src/stm32f0xx_hal_adc.o
 .text.HAL_ADC_ConvHalfCpltCallback
                0x08005838        0x2 ./Drivers/STM32F0xx_HAL_Driver/Src/stm32f0xx_hal_adc.o
                0x08005838                HAL_ADC_ConvHalfCpltCallback
 .text.ADC_DMAHalfConvCplt
                0x0800583a        0xa ./Drivers/STM32F0xx_HAL_Driver/Src/stm32f0xx_hal_adc.o
 .text.HAL_ADC_ErrorCallback
                0x08005844        0x2 ./Drivers/STM32F0xx_HAL_Driver/Src/stm32f0xx_hal_adc.o
                0x08005844                HAL_ADC_ErrorCallback
 .text.ADC_DMAError
                0x08005846       0x1a ./Drivers/STM32F0xx_HAL_Driver/Src/stm32f0xx_hal_adc.o
 .text.HAL_ADC_ConfigChannel
                0x08005860      0x100 ./Drivers/STM32F0xx_HAL_Driver/Src/stm32f0xx_hal_adc.o
                0x08005860                HAL_ADC_ConfigChannel
 .text.HAL_CAN_ConfigFilter
                0x08005960       0xdc ./Drivers/STM32F0xx_HAL_Driver/Src/stm32f0xx_hal_can.o
                0x08005960                HAL_CAN_ConfigFilter
 .text.HAL_CAN_Init
                0x08005a3c      0x13c ./Drivers/STM32F0xx_HAL_Driver/Src/stm32f0xx_hal_can.o
                0x08005a3c                HAL_CAN_Init
 .text.HAL_CAN_Transmit
                0x08005b78      0x1c0 ./Drivers/STM32F0xx_HAL_Driver/Src/stm32f0xx_hal_can.o
                0x08005b78                HAL_CAN_Transmit
 .text.HAL_CAN_Receive_IT
                0x08005d38       0xbc ./Drivers/STM32F0xx_HAL_Driver/Src/stm32f0xx_hal_can.o
                0x08005d38                HAL_CAN_Receive_IT
 .text.HAL_CAN_TxCpltCallback
                0x08005df4        0x2 ./Drivers/STM32F0xx_HAL_Driver/Src/stm32f0xx_hal_can.o
                0x08005df4                HAL_CAN_TxCpltCallback
 .text.HAL_CAN_RxCpltCallback
                0x08005df6        0x2 ./Drivers/STM32F0xx_HAL_Driver/Src/stm32f0xx_hal_can.o
                0x08005df6                HAL_CAN_RxCpltCallback
 .text.CAN_Receive_IT
                0x08005df8      0x10c ./Drivers/STM32F0xx_HAL_Driver/Src/stm32f0xx_hal_can.o
 .text.HAL_CAN_ErrorCallback
                0x08005f04        0x2 ./Drivers/STM32F0xx_HAL_Driver/Src/stm32f0xx_hal_can.o
                0x08005f04                HAL_CAN_ErrorCallback
 *fill*         0x08005f06        0x2 
 .text.HAL_CAN_IRQHandler
                0x08005f08      0x1e4 ./Drivers/STM32F0xx_HAL_Driver/Src/stm32f0xx_hal_can.o
                0x08005f08                HAL_CAN_IRQHandler
 .text.HAL_NVIC_SetPriority
                0x080060ec       0x60 ./Drivers/STM32F0xx_HAL_Driver/Src/stm32f0xx_hal_cortex.o
                0x080060ec                HAL_NVIC_SetPriority
 .text.HAL_NVIC_EnableIRQ
                0x0800614c       0x14 ./Drivers/STM32F0xx_HAL_Driver/Src/stm32f0xx_hal_cortex.o
                0x0800614c                HAL_NVIC_EnableIRQ
 .text.HAL_SYSTICK_Config
                0x08006160       0x34 ./Drivers/STM32F0xx_HAL_Driver/Src/stm32f0xx_hal_cortex.o
                0x08006160                HAL_SYSTICK_Config
 .text.HAL_SYSTICK_CLKSourceConfig
                0x08006194       0x1c ./Drivers/STM32F0xx_HAL_Driver/Src/stm32f0xx_hal_cortex.o
                0x08006194                HAL_SYSTICK_CLKSourceConfig
 .text.DMA_CalcBaseAndBitshift
                0x080061b0       0x48 ./Drivers/STM32F0xx_HAL_Driver/Src/stm32f0xx_hal_dma.o
 .text.HAL_DMA_Init
                0x080061f8       0x58 ./Drivers/STM32F0xx_HAL_Driver/Src/stm32f0xx_hal_dma.o
                0x080061f8                HAL_DMA_Init
 .text.HAL_DMA_Start_IT
                0x08006250       0x76 ./Drivers/STM32F0xx_HAL_Driver/Src/stm32f0xx_hal_dma.o
                0x08006250                HAL_DMA_Start_IT
 .text.HAL_DMA_Abort
                0x080062c6       0x2a ./Drivers/STM32F0xx_HAL_Driver/Src/stm32f0xx_hal_dma.o
                0x080062c6                HAL_DMA_Abort
 .text.HAL_DMA_Abort_IT
                0x080062f0       0x46 ./Drivers/STM32F0xx_HAL_Driver/Src/stm32f0xx_hal_dma.o
                0x080062f0                HAL_DMA_Abort_IT
 .text.HAL_DMA_IRQHandler
                0x08006336       0x92 ./Drivers/STM32F0xx_HAL_Driver/Src/stm32f0xx_hal_dma.o
                0x08006336                HAL_DMA_IRQHandler
 .text.FLASH_SetErrorCode
                0x080063c8       0x3c ./Drivers/STM32F0xx_HAL_Driver/Src/stm32f0xx_hal_flash.o
 .text.FLASH_WaitForLastOperation
                0x08006404       0x54 ./Drivers/STM32F0xx_HAL_Driver/Src/stm32f0xx_hal_flash.o
                0x08006404                FLASH_WaitForLastOperation
 .text.HAL_FLASH_Program
                0x08006458       0x84 ./Drivers/STM32F0xx_HAL_Driver/Src/stm32f0xx_hal_flash.o
                0x08006458                HAL_FLASH_Program
 .text.FLASH_MassErase
                0x080064dc       0x24 ./Drivers/STM32F0xx_HAL_Driver/Src/stm32f0xx_hal_flash_ex.o
 .text.FLASH_PageErase
                0x08006500       0x24 ./Drivers/STM32F0xx_HAL_Driver/Src/stm32f0xx_hal_flash_ex.o
                0x08006500                FLASH_PageErase
 .text.HAL_FLASHEx_Erase
                0x08006524       0x94 ./Drivers/STM32F0xx_HAL_Driver/Src/stm32f0xx_hal_flash_ex.o
                0x08006524                HAL_FLASHEx_Erase
 .text.HAL_GPIO_Init
                0x080065b8      0x178 ./Drivers/STM32F0xx_HAL_Driver/Src/stm32f0xx_hal_gpio.o
                0x080065b8                HAL_GPIO_Init
 .text.HAL_GPIO_ReadPin
                0x08006730        0xc ./Drivers/STM32F0xx_HAL_Driver/Src/stm32f0xx_hal_gpio.o
                0x08006730                HAL_GPIO_ReadPin
 .text.HAL_GPIO_WritePin
                0x0800673c        0xc ./Drivers/STM32F0xx_HAL_Driver/Src/stm32f0xx_hal_gpio.o
                0x0800673c                HAL_GPIO_WritePin
 .text.I2C_Flush_TXDR
                0x08006748       0x1c ./Drivers/STM32F0xx_HAL_Driver/Src/stm32f0xx_hal_i2c.o
 .text.I2C_TransferConfig
                0x08006764       0x24 ./Drivers/STM32F0xx_HAL_Driver/Src/stm32f0xx_hal_i2c.o
 .text.I2C_Disable_IRQ
                0x08006788       0x60 ./Drivers/STM32F0xx_HAL_Driver/Src/stm32f0xx_hal_i2c.o
 .text.I2C_WaitOnFlagUntilTimeout
                0x080067e8       0x4c ./Drivers/STM32F0xx_HAL_Driver/Src/stm32f0xx_hal_i2c.o
 .text.I2C_IsAcknowledgeFailed
                0x08006834       0x80 ./Drivers/STM32F0xx_HAL_Driver/Src/stm32f0xx_hal_i2c.o
 .text.I2C_WaitOnTXISFlagUntilTimeout
                0x080068b4       0x5a ./Drivers/STM32F0xx_HAL_Driver/Src/stm32f0xx_hal_i2c.o
 *fill*         0x0800690e        0x2 
 .text.I2C_WaitOnRXNEFlagUntilTimeout
                0x08006910       0x78 ./Drivers/STM32F0xx_HAL_Driver/Src/stm32f0xx_hal_i2c.o
 .text.I2C_WaitOnSTOPFlagUntilTimeout
                0x08006988       0x56 ./Drivers/STM32F0xx_HAL_Driver/Src/stm32f0xx_hal_i2c.o
 *fill*         0x080069de        0x2 
 .text.HAL_I2C_Init
                0x080069e0       0xac ./Drivers/STM32F0xx_HAL_Driver/Src/stm32f0xx_hal_i2c.o
                0x080069e0                HAL_I2C_Init
 .text.HAL_I2C_Master_Transmit
                0x08006a8c      0x130 ./Drivers/STM32F0xx_HAL_Driver/Src/stm32f0xx_hal_i2c.o
                0x08006a8c                HAL_I2C_Master_Transmit
 .text.HAL_I2C_Master_Receive
                0x08006bbc      0x130 ./Drivers/STM32F0xx_HAL_Driver/Src/stm32f0xx_hal_i2c.o
                0x08006bbc                HAL_I2C_Master_Receive
 .text.HAL_I2C_EV_IRQHandler
                0x08006cec       0x12 ./Drivers/STM32F0xx_HAL_Driver/Src/stm32f0xx_hal_i2c.o
                0x08006cec                HAL_I2C_EV_IRQHandler
 .text.HAL_I2C_SlaveTxCpltCallback
                0x08006cfe        0x2 ./Drivers/STM32F0xx_HAL_Driver/Src/stm32f0xx_hal_i2c.o
                0x08006cfe                HAL_I2C_SlaveTxCpltCallback
 .text.HAL_I2C_SlaveRxCpltCallback
                0x08006d00        0x2 ./Drivers/STM32F0xx_HAL_Driver/Src/stm32f0xx_hal_i2c.o
                0x08006d00                HAL_I2C_SlaveRxCpltCallback
 .text.I2C_ITSlaveSequentialCplt
                0x08006d02       0x52 ./Drivers/STM32F0xx_HAL_Driver/Src/stm32f0xx_hal_i2c.o
 .text.HAL_I2C_AddrCallback
                0x08006d54        0x2 ./Drivers/STM32F0xx_HAL_Driver/Src/stm32f0xx_hal_i2c.o
                0x08006d54                HAL_I2C_AddrCallback
 .text.HAL_I2C_ListenCpltCallback
                0x08006d56        0x2 ./Drivers/STM32F0xx_HAL_Driver/Src/stm32f0xx_hal_i2c.o
                0x08006d56                HAL_I2C_ListenCpltCallback
 .text.I2C_ITListenCplt
                0x08006d58       0x64 ./Drivers/STM32F0xx_HAL_Driver/Src/stm32f0xx_hal_i2c.o
 .text.HAL_I2C_ErrorCallback
                0x08006dbc        0x2 ./Drivers/STM32F0xx_HAL_Driver/Src/stm32f0xx_hal_i2c.o
                0x08006dbc                HAL_I2C_ErrorCallback
 .text.HAL_I2C_AbortCpltCallback
                0x08006dbe        0x2 ./Drivers/STM32F0xx_HAL_Driver/Src/stm32f0xx_hal_i2c.o
                0x08006dbe                HAL_I2C_AbortCpltCallback
 .text.I2C_ITError
                0x08006dc0       0xe0 ./Drivers/STM32F0xx_HAL_Driver/Src/stm32f0xx_hal_i2c.o
 .text.I2C_ITSlaveCplt
                0x08006ea0       0xf8 ./Drivers/STM32F0xx_HAL_Driver/Src/stm32f0xx_hal_i2c.o
 .text.I2C_Slave_ISR_IT
                0x08006f98      0x1d0 ./Drivers/STM32F0xx_HAL_Driver/Src/stm32f0xx_hal_i2c.o
 .text.HAL_I2C_ER_IRQHandler
                0x08007168       0x5a ./Drivers/STM32F0xx_HAL_Driver/Src/stm32f0xx_hal_i2c.o
                0x08007168                HAL_I2C_ER_IRQHandler
 .text.I2C_DMAAbort
                0x080071c2       0x34 ./Drivers/STM32F0xx_HAL_Driver/Src/stm32f0xx_hal_i2c.o
 *fill*         0x080071f6        0x2 
 .text.HAL_I2CEx_ConfigAnalogFilter
                0x080071f8       0x4c ./Drivers/STM32F0xx_HAL_Driver/Src/stm32f0xx_hal_i2c_ex.o
                0x080071f8                HAL_I2CEx_ConfigAnalogFilter
 .text.HAL_I2CEx_ConfigDigitalFilter
                0x08007244       0x48 ./Drivers/STM32F0xx_HAL_Driver/Src/stm32f0xx_hal_i2c_ex.o
                0x08007244                HAL_I2CEx_ConfigDigitalFilter
 .text.HAL_I2CEx_EnableFastModePlus
                0x0800728c       0x28 ./Drivers/STM32F0xx_HAL_Driver/Src/stm32f0xx_hal_i2c_ex.o
                0x0800728c                HAL_I2CEx_EnableFastModePlus
 .text.HAL_IWDG_Init
                0x080072b4       0x58 ./Drivers/STM32F0xx_HAL_Driver/Src/stm32f0xx_hal_iwdg.o
                0x080072b4                HAL_IWDG_Init
 .text.HAL_IWDG_Refresh
                0x0800730c       0x10 ./Drivers/STM32F0xx_HAL_Driver/Src/stm32f0xx_hal_iwdg.o
                0x0800730c                HAL_IWDG_Refresh
 .text.HAL_PWR_EnableBkUpAccess
                0x0800731c       0x14 ./Drivers/STM32F0xx_HAL_Driver/Src/stm32f0xx_hal_pwr.o
                0x0800731c                HAL_PWR_EnableBkUpAccess
 .text.HAL_RCC_OscConfig
                0x08007330      0x464 ./Drivers/STM32F0xx_HAL_Driver/Src/stm32f0xx_hal_rcc.o
                0x08007330                HAL_RCC_OscConfig
 .text.HAL_RCC_MCOConfig
                0x08007794       0x54 ./Drivers/STM32F0xx_HAL_Driver/Src/stm32f0xx_hal_rcc.o
                0x08007794                HAL_RCC_MCOConfig
 .text.HAL_RCC_GetSysClockFreq
                0x080077e8       0x78 ./Drivers/STM32F0xx_HAL_Driver/Src/stm32f0xx_hal_rcc.o
                0x080077e8                HAL_RCC_GetSysClockFreq
 .text.HAL_RCC_ClockConfig
                0x08007860      0x15c ./Drivers/STM32F0xx_HAL_Driver/Src/stm32f0xx_hal_rcc.o
                0x08007860                HAL_RCC_ClockConfig
 .text.HAL_RCC_GetHCLKFreq
                0x080079bc        0xc ./Drivers/STM32F0xx_HAL_Driver/Src/stm32f0xx_hal_rcc.o
                0x080079bc                HAL_RCC_GetHCLKFreq
 .text.HAL_RCC_GetPCLK1Freq
                0x080079c8       0x20 ./Drivers/STM32F0xx_HAL_Driver/Src/stm32f0xx_hal_rcc.o
                0x080079c8                HAL_RCC_GetPCLK1Freq
 .text.HAL_RCC_GetClockConfig
                0x080079e8       0x38 ./Drivers/STM32F0xx_HAL_Driver/Src/stm32f0xx_hal_rcc.o
                0x080079e8                HAL_RCC_GetClockConfig
 .text.HAL_RCCEx_PeriphCLKConfig
                0x08007a20      0x144 ./Drivers/STM32F0xx_HAL_Driver/Src/stm32f0xx_hal_rcc_ex.o
                0x08007a20                HAL_RCCEx_PeriphCLKConfig
 .text.HAL_RTC_AlarmIRQHandler
                0x08007b64       0x38 ./Drivers/STM32F0xx_HAL_Driver/Src/stm32f0xx_hal_rtc.o
                0x08007b64                HAL_RTC_AlarmIRQHandler
 .text.HAL_RTC_WaitForSynchro
                0x08007b9c       0x34 ./Drivers/STM32F0xx_HAL_Driver/Src/stm32f0xx_hal_rtc.o
                0x08007b9c                HAL_RTC_WaitForSynchro
 .text.RTC_EnterInitMode
                0x08007bd0       0x38 ./Drivers/STM32F0xx_HAL_Driver/Src/stm32f0xx_hal_rtc.o
                0x08007bd0                RTC_EnterInitMode
 .text.HAL_RTC_Init
                0x08007c08       0xa8 ./Drivers/STM32F0xx_HAL_Driver/Src/stm32f0xx_hal_rtc.o
                0x08007c08                HAL_RTC_Init
 .text.RTC_ByteToBcd2
                0x08007cb0       0x16 ./Drivers/STM32F0xx_HAL_Driver/Src/stm32f0xx_hal_rtc.o
                0x08007cb0                RTC_ByteToBcd2
 *fill*         0x08007cc6        0x2 
 .text.HAL_RTC_SetTime
                0x08007cc8       0xe8 ./Drivers/STM32F0xx_HAL_Driver/Src/stm32f0xx_hal_rtc.o
                0x08007cc8                HAL_RTC_SetTime
 .text.HAL_RTC_SetDate
                0x08007db0       0xc8 ./Drivers/STM32F0xx_HAL_Driver/Src/stm32f0xx_hal_rtc.o
                0x08007db0                HAL_RTC_SetDate
 .text.HAL_RTC_SetAlarm_IT
                0x08007e78      0x12c ./Drivers/STM32F0xx_HAL_Driver/Src/stm32f0xx_hal_rtc.o
                0x08007e78                HAL_RTC_SetAlarm_IT
 .text.RTC_Bcd2ToByte
                0x08007fa4       0x10 ./Drivers/STM32F0xx_HAL_Driver/Src/stm32f0xx_hal_rtc.o
                0x08007fa4                RTC_Bcd2ToByte
 .text.HAL_RTC_GetTime
                0x08007fb4       0x4c ./Drivers/STM32F0xx_HAL_Driver/Src/stm32f0xx_hal_rtc.o
                0x08007fb4                HAL_RTC_GetTime
 .text.HAL_RTC_GetDate
                0x08008000       0x3e ./Drivers/STM32F0xx_HAL_Driver/Src/stm32f0xx_hal_rtc.o
                0x08008000                HAL_RTC_GetDate
 *fill*         0x0800803e        0x2 
 .text.HAL_RTC_GetAlarm
                0x08008040       0x7c ./Drivers/STM32F0xx_HAL_Driver/Src/stm32f0xx_hal_rtc.o
                0x08008040                HAL_RTC_GetAlarm
 .text.HAL_RTCEx_SetTimeStamp_IT
                0x080080bc       0x60 ./Drivers/STM32F0xx_HAL_Driver/Src/stm32f0xx_hal_rtc_ex.o
                0x080080bc                HAL_RTCEx_SetTimeStamp_IT
 .text.HAL_RTCEx_TimeStampEventCallback
                0x0800811c        0x2 ./Drivers/STM32F0xx_HAL_Driver/Src/stm32f0xx_hal_rtc_ex.o
                0x0800811c                HAL_RTCEx_TimeStampEventCallback
 .text.HAL_RTCEx_Tamper1EventCallback
                0x0800811e        0x2 ./Drivers/STM32F0xx_HAL_Driver/Src/stm32f0xx_hal_rtc_ex.o
                0x0800811e                HAL_RTCEx_Tamper1EventCallback
 .text.HAL_RTCEx_Tamper2EventCallback
                0x08008120        0x2 ./Drivers/STM32F0xx_HAL_Driver/Src/stm32f0xx_hal_rtc_ex.o
                0x08008120                HAL_RTCEx_Tamper2EventCallback
 .text.HAL_RTCEx_Tamper3EventCallback
                0x08008122        0x2 ./Drivers/STM32F0xx_HAL_Driver/Src/stm32f0xx_hal_rtc_ex.o
                0x08008122                HAL_RTCEx_Tamper3EventCallback
 .text.HAL_RTCEx_TamperTimeStampIRQHandler
                0x08008124       0xa4 ./Drivers/STM32F0xx_HAL_Driver/Src/stm32f0xx_hal_rtc_ex.o
                0x08008124                HAL_RTCEx_TamperTimeStampIRQHandler
 .text.HAL_RTCEx_SetWakeUpTimer_IT
                0x080081c8       0xec ./Drivers/STM32F0xx_HAL_Driver/Src/stm32f0xx_hal_rtc_ex.o
                0x080081c8                HAL_RTCEx_SetWakeUpTimer_IT
 .text.HAL_RTCEx_WakeUpTimerEventCallback
                0x080082b4        0x2 ./Drivers/STM32F0xx_HAL_Driver/Src/stm32f0xx_hal_rtc_ex.o
                0x080082b4                HAL_RTCEx_WakeUpTimerEventCallback
 *fill*         0x080082b6        0x2 
 .text.HAL_RTCEx_WakeUpTimerIRQHandler
                0x080082b8       0x38 ./Drivers/STM32F0xx_HAL_Driver/Src/stm32f0xx_hal_rtc_ex.o
                0x080082b8                HAL_RTCEx_WakeUpTimerIRQHandler
 .text.HAL_RTCEx_BKUPWrite
                0x080082f0        0xc ./Drivers/STM32F0xx_HAL_Driver/Src/stm32f0xx_hal_rtc_ex.o
                0x080082f0                HAL_RTCEx_BKUPWrite
 .text.HAL_RTCEx_BKUPRead
                0x080082fc        0xc ./Drivers/STM32F0xx_HAL_Driver/Src/stm32f0xx_hal_rtc_ex.o
                0x080082fc                HAL_RTCEx_BKUPRead
 .text.SPI_WaitFifoStateUntilTimeout.part.1
                0x08008308       0x60 ./Drivers/STM32F0xx_HAL_Driver/Src/stm32f0xx_hal_spi.o
 .text.SPI_WaitFlagStateUntilTimeout.constprop.9
                0x08008368       0x2e ./Drivers/STM32F0xx_HAL_Driver/Src/stm32f0xx_hal_spi.o
 .text.SPI_WaitFifoStateUntilTimeout.constprop.10
                0x08008396       0x48 ./Drivers/STM32F0xx_HAL_Driver/Src/stm32f0xx_hal_spi.o
 .text.SPI_EndRxTxTransaction
                0x080083de       0x46 ./Drivers/STM32F0xx_HAL_Driver/Src/stm32f0xx_hal_spi.o
 .text.SPI_EndRxTransaction
                0x08008424       0x7a ./Drivers/STM32F0xx_HAL_Driver/Src/stm32f0xx_hal_spi.o
 *fill*         0x0800849e        0x2 
 .text.HAL_SPI_Init
                0x080084a0       0xbc ./Drivers/STM32F0xx_HAL_Driver/Src/stm32f0xx_hal_spi.o
                0x080084a0                HAL_SPI_Init
 .text.HAL_SPI_Transmit
                0x0800855c      0x1aa ./Drivers/STM32F0xx_HAL_Driver/Src/stm32f0xx_hal_spi.o
                0x0800855c                HAL_SPI_Transmit
 *fill*         0x08008706        0x2 
 .text.HAL_SPI_TransmitReceive
                0x08008708      0x268 ./Drivers/STM32F0xx_HAL_Driver/Src/stm32f0xx_hal_spi.o
                0x08008708                HAL_SPI_TransmitReceive
 .text.HAL_SPI_Receive
                0x08008970      0x17c ./Drivers/STM32F0xx_HAL_Driver/Src/stm32f0xx_hal_spi.o
                0x08008970                HAL_SPI_Receive
 .text.TIM_OC1_SetConfig
                0x08008aec       0x88 ./Drivers/STM32F0xx_HAL_Driver/Src/stm32f0xx_hal_tim.o
 .text.TIM_OC3_SetConfig
                0x08008b74       0x88 ./Drivers/STM32F0xx_HAL_Driver/Src/stm32f0xx_hal_tim.o
 .text.TIM_OC4_SetConfig
                0x08008bfc       0x74 ./Drivers/STM32F0xx_HAL_Driver/Src/stm32f0xx_hal_tim.o
 .text.HAL_TIM_Base_Start_IT
                0x08008c70       0x14 ./Drivers/STM32F0xx_HAL_Driver/Src/stm32f0xx_hal_tim.o
                0x08008c70                HAL_TIM_Base_Start_IT
 .text.HAL_TIM_PWM_MspInit
                0x08008c84        0x2 ./Drivers/STM32F0xx_HAL_Driver/Src/stm32f0xx_hal_tim.o
                0x08008c84                HAL_TIM_PWM_MspInit
 .text.HAL_TIM_OC_DelayElapsedCallback
                0x08008c86        0x2 ./Drivers/STM32F0xx_HAL_Driver/Src/stm32f0xx_hal_tim.o
                0x08008c86                HAL_TIM_OC_DelayElapsedCallback
 .text.HAL_TIM_IC_CaptureCallback
                0x08008c88        0x2 ./Drivers/STM32F0xx_HAL_Driver/Src/stm32f0xx_hal_tim.o
                0x08008c88                HAL_TIM_IC_CaptureCallback
 .text.HAL_TIM_PWM_PulseFinishedCallback
                0x08008c8a        0x2 ./Drivers/STM32F0xx_HAL_Driver/Src/stm32f0xx_hal_tim.o
                0x08008c8a                HAL_TIM_PWM_PulseFinishedCallback
 .text.HAL_TIM_TriggerCallback
                0x08008c8c        0x2 ./Drivers/STM32F0xx_HAL_Driver/Src/stm32f0xx_hal_tim.o
                0x08008c8c                HAL_TIM_TriggerCallback
 .text.HAL_TIM_IRQHandler
                0x08008c8e      0x148 ./Drivers/STM32F0xx_HAL_Driver/Src/stm32f0xx_hal_tim.o
                0x08008c8e                HAL_TIM_IRQHandler
 *fill*         0x08008dd6        0x2 
 .text.TIM_Base_SetConfig
                0x08008dd8       0xa0 ./Drivers/STM32F0xx_HAL_Driver/Src/stm32f0xx_hal_tim.o
                0x08008dd8                TIM_Base_SetConfig
 .text.HAL_TIM_Base_Init
                0x08008e78       0x36 ./Drivers/STM32F0xx_HAL_Driver/Src/stm32f0xx_hal_tim.o
                0x08008e78                HAL_TIM_Base_Init
 .text.HAL_TIM_PWM_Init
                0x08008eae       0x36 ./Drivers/STM32F0xx_HAL_Driver/Src/stm32f0xx_hal_tim.o
                0x08008eae                HAL_TIM_PWM_Init
 .text.TIM_OC2_SetConfig
                0x08008ee4       0x80 ./Drivers/STM32F0xx_HAL_Driver/Src/stm32f0xx_hal_tim.o
                0x08008ee4                TIM_OC2_SetConfig
 .text.HAL_TIM_PWM_ConfigChannel
                0x08008f64       0xd4 ./Drivers/STM32F0xx_HAL_Driver/Src/stm32f0xx_hal_tim.o
                0x08008f64                HAL_TIM_PWM_ConfigChannel
 .text.TIM_ETR_SetConfig
                0x08009038       0x18 ./Drivers/STM32F0xx_HAL_Driver/Src/stm32f0xx_hal_tim.o
                0x08009038                TIM_ETR_SetConfig
 .text.HAL_TIM_ConfigClockSource
                0x08009050      0x168 ./Drivers/STM32F0xx_HAL_Driver/Src/stm32f0xx_hal_tim.o
                0x08009050                HAL_TIM_ConfigClockSource
 .text.TIM_SlaveTimer_SetConfig
                0x080091b8       0xa4 ./Drivers/STM32F0xx_HAL_Driver/Src/stm32f0xx_hal_tim.o
 .text.HAL_TIM_SlaveConfigSynchronization
                0x0800925c       0x40 ./Drivers/STM32F0xx_HAL_Driver/Src/stm32f0xx_hal_tim.o
                0x0800925c                HAL_TIM_SlaveConfigSynchronization
 .text.HAL_TIMEx_MasterConfigSynchronization
                0x0800929c       0x42 ./Drivers/STM32F0xx_HAL_Driver/Src/stm32f0xx_hal_tim_ex.o
                0x0800929c                HAL_TIMEx_MasterConfigSynchronization
 .text.HAL_TIMEx_CommutationCallback
                0x080092de        0x2 ./Drivers/STM32F0xx_HAL_Driver/Src/stm32f0xx_hal_tim_ex.o
                0x080092de                HAL_TIMEx_CommutationCallback
 .text.HAL_TIMEx_BreakCallback
                0x080092e0        0x2 ./Drivers/STM32F0xx_HAL_Driver/Src/stm32f0xx_hal_tim_ex.o
                0x080092e0                HAL_TIMEx_BreakCallback
 *fill*         0x080092e2        0x2 
 .text.UART_EndRxTransfer
                0x080092e4       0x20 ./Drivers/STM32F0xx_HAL_Driver/Src/stm32f0xx_hal_uart.o
 .text.HAL_UART_Transmit_DMA
                0x08009304       0x8c ./Drivers/STM32F0xx_HAL_Driver/Src/stm32f0xx_hal_uart.o
                0x08009304                HAL_UART_Transmit_DMA
 .text.HAL_UART_Receive_DMA
                0x08009390       0x9c ./Drivers/STM32F0xx_HAL_Driver/Src/stm32f0xx_hal_uart.o
                0x08009390                HAL_UART_Receive_DMA
 .text.HAL_UART_TxCpltCallback
                0x0800942c        0x2 ./Drivers/STM32F0xx_HAL_Driver/Src/stm32f0xx_hal_uart.o
                0x0800942c                HAL_UART_TxCpltCallback
 .text.UART_DMATransmitCplt
                0x0800942e       0x30 ./Drivers/STM32F0xx_HAL_Driver/Src/stm32f0xx_hal_uart.o
 .text.HAL_UART_TxHalfCpltCallback
                0x0800945e        0x2 ./Drivers/STM32F0xx_HAL_Driver/Src/stm32f0xx_hal_uart.o
                0x0800945e                HAL_UART_TxHalfCpltCallback
 .text.UART_DMATxHalfCplt
                0x08009460        0xa ./Drivers/STM32F0xx_HAL_Driver/Src/stm32f0xx_hal_uart.o
 .text.HAL_UART_RxCpltCallback
                0x0800946a        0x2 ./Drivers/STM32F0xx_HAL_Driver/Src/stm32f0xx_hal_uart.o
                0x0800946a                HAL_UART_RxCpltCallback
 .text.UART_DMAReceiveCplt
                0x0800946c       0x44 ./Drivers/STM32F0xx_HAL_Driver/Src/stm32f0xx_hal_uart.o
 .text.HAL_UART_RxHalfCpltCallback
                0x080094b0        0x2 ./Drivers/STM32F0xx_HAL_Driver/Src/stm32f0xx_hal_uart.o
                0x080094b0                HAL_UART_RxHalfCpltCallback
 .text.UART_DMARxHalfCplt
                0x080094b2        0xa ./Drivers/STM32F0xx_HAL_Driver/Src/stm32f0xx_hal_uart.o
 .text.HAL_UART_ErrorCallback
                0x080094bc        0x2 ./Drivers/STM32F0xx_HAL_Driver/Src/stm32f0xx_hal_uart.o
                0x080094bc                HAL_UART_ErrorCallback
 .text.UART_DMAError
                0x080094be       0x5a ./Drivers/STM32F0xx_HAL_Driver/Src/stm32f0xx_hal_uart.o
 .text.UART_DMAAbortOnError
                0x08009518       0x16 ./Drivers/STM32F0xx_HAL_Driver/Src/stm32f0xx_hal_uart.o
 .text.HAL_UART_AbortCpltCallback
                0x0800952e        0x2 ./Drivers/STM32F0xx_HAL_Driver/Src/stm32f0xx_hal_uart.o
                0x0800952e                HAL_UART_AbortCpltCallback
 .text.HAL_UART_Abort_IT
                0x08009530       0xc0 ./Drivers/STM32F0xx_HAL_Driver/Src/stm32f0xx_hal_uart.o
                0x08009530                HAL_UART_Abort_IT
 .text.UART_DMARxAbortCallback
                0x080095f0       0x36 ./Drivers/STM32F0xx_HAL_Driver/Src/stm32f0xx_hal_uart.o
 .text.UART_DMATxAbortCallback
                0x08009626       0x36 ./Drivers/STM32F0xx_HAL_Driver/Src/stm32f0xx_hal_uart.o
 .text.UART_SetConfig
                0x0800965c      0x1c0 ./Drivers/STM32F0xx_HAL_Driver/Src/stm32f0xx_hal_uart.o
                0x0800965c                UART_SetConfig
 .text.UART_AdvFeatureConfig
                0x0800981c       0xd0 ./Drivers/STM32F0xx_HAL_Driver/Src/stm32f0xx_hal_uart.o
                0x0800981c                UART_AdvFeatureConfig
 .text.UART_WaitOnFlagUntilTimeout
                0x080098ec       0x64 ./Drivers/STM32F0xx_HAL_Driver/Src/stm32f0xx_hal_uart.o
                0x080098ec                UART_WaitOnFlagUntilTimeout
 .text.HAL_UART_Transmit
                0x08009950       0xcc ./Drivers/STM32F0xx_HAL_Driver/Src/stm32f0xx_hal_uart.o
                0x08009950                HAL_UART_Transmit
 .text.UART_CheckIdleState
                0x08009a1c       0x84 ./Drivers/STM32F0xx_HAL_Driver/Src/stm32f0xx_hal_uart.o
                0x08009a1c                UART_CheckIdleState
 .text.HAL_UART_Init
                0x08009aa0       0x6c ./Drivers/STM32F0xx_HAL_Driver/Src/stm32f0xx_hal_uart.o
                0x08009aa0                HAL_UART_Init
 .text.UART_Transmit_IT
                0x08009b0c       0x64 ./Drivers/STM32F0xx_HAL_Driver/Src/stm32f0xx_hal_uart.o
                0x08009b0c                UART_Transmit_IT
 .text.UART_EndTransmit_IT
                0x08009b70       0x1c ./Drivers/STM32F0xx_HAL_Driver/Src/stm32f0xx_hal_uart.o
                0x08009b70                UART_EndTransmit_IT
 .text.UART_Receive_IT
                0x08009b8c       0x7c ./Drivers/STM32F0xx_HAL_Driver/Src/stm32f0xx_hal_uart.o
                0x08009b8c                UART_Receive_IT
 .text.HAL_UART_IRQHandler
                0x08009c08      0x138 ./Drivers/STM32F0xx_HAL_Driver/Src/stm32f0xx_hal_uart.o
                0x08009c08                HAL_UART_IRQHandler
 .text.HAL_UARTEx_WakeupCallback
                0x08009d40        0x2 ./Drivers/STM32F0xx_HAL_Driver/Src/stm32f0xx_hal_uart_ex.o
                0x08009d40                HAL_UARTEx_WakeupCallback
 *fill*         0x08009d42        0x2 
 .text.__libc_init_array
                0x08009d44       0x48 c:/program files (x86)/gnu tools arm embedded/6 2017-q2-update/bin/../lib/gcc/arm-none-eabi/6.3.1/../../../../arm-none-eabi/lib/thumb/v6-m\libg_nano.a(lib_a-init.o)
                0x08009d44                __libc_init_array
 .text.memcpy   0x08009d8c       0x12 c:/program files (x86)/gnu tools arm embedded/6 2017-q2-update/bin/../lib/gcc/arm-none-eabi/6.3.1/../../../../arm-none-eabi/lib/thumb/v6-m\libg_nano.a(lib_a-memcpy-stub.o)
                0x08009d8c                memcpy
 .text.memset   0x08009d9e       0x10 c:/program files (x86)/gnu tools arm embedded/6 2017-q2-update/bin/../lib/gcc/arm-none-eabi/6.3.1/../../../../arm-none-eabi/lib/thumb/v6-m\libg_nano.a(lib_a-memset.o)
                0x08009d9e                memset
 .text.strncpy  0x08009dae       0x2a c:/program files (x86)/gnu tools arm embedded/6 2017-q2-update/bin/../lib/gcc/arm-none-eabi/6.3.1/../../../../arm-none-eabi/lib/thumb/v6-m\libg_nano.a(lib_a-strncpy.o)
                0x08009dae                strncpy
 .text._vsnprintf_r
                0x08009dd8       0x56 c:/program files (x86)/gnu tools arm embedded/6 2017-q2-update/bin/../lib/gcc/arm-none-eabi/6.3.1/../../../../arm-none-eabi/lib/thumb/v6-m\libg_nano.a(lib_a-vsnprintf.o)
                0x08009dd8                _vsniprintf_r
                0x08009dd8                _vsnprintf_r
 *fill*         0x08009e2e        0x2 
 .text.vsnprintf
                0x08009e30       0x18 c:/program files (x86)/gnu tools arm embedded/6 2017-q2-update/bin/../lib/gcc/arm-none-eabi/6.3.1/../../../../arm-none-eabi/lib/thumb/v6-m\libg_nano.a(lib_a-vsnprintf.o)
                0x08009e30                vsniprintf
                0x08009e30                vsnprintf
 .text.__ssputs_r
                0x08009e48       0xc4 c:/program files (x86)/gnu tools arm embedded/6 2017-q2-update/bin/../lib/gcc/arm-none-eabi/6.3.1/../../../../arm-none-eabi/lib/thumb/v6-m\libg_nano.a(lib_a-nano-svfprintf.o)
                0x08009e48                __ssputs_r
 .text._svfprintf_r
                0x08009f0c      0x208 c:/program files (x86)/gnu tools arm embedded/6 2017-q2-update/bin/../lib/gcc/arm-none-eabi/6.3.1/../../../../arm-none-eabi/lib/thumb/v6-m\libg_nano.a(lib_a-nano-svfprintf.o)
                0x08009f0c                _svfiprintf_r
                0x08009f0c                _svfprintf_r
 .text._printf_common
                0x0800a114       0xda c:/program files (x86)/gnu tools arm embedded/6 2017-q2-update/bin/../lib/gcc/arm-none-eabi/6.3.1/../../../../arm-none-eabi/lib/thumb/v6-m\libg_nano.a(lib_a-nano-vfprintf_i.o)
                0x0800a114                _printf_common
 *fill*         0x0800a1ee        0x2 
 .text._printf_i
                0x0800a1f0      0x234 c:/program files (x86)/gnu tools arm embedded/6 2017-q2-update/bin/../lib/gcc/arm-none-eabi/6.3.1/../../../../arm-none-eabi/lib/thumb/v6-m\libg_nano.a(lib_a-nano-vfprintf_i.o)
                0x0800a1f0                _printf_i
 .text.memchr   0x0800a424       0x16 c:/program files (x86)/gnu tools arm embedded/6 2017-q2-update/bin/../lib/gcc/arm-none-eabi/6.3.1/../../../../arm-none-eabi/lib/thumb/v6-m\libg_nano.a(lib_a-memchr-stub.o)
                0x0800a424                memchr
 .text.memmove  0x0800a43a       0x24 c:/program files (x86)/gnu tools arm embedded/6 2017-q2-update/bin/../lib/gcc/arm-none-eabi/6.3.1/../../../../arm-none-eabi/lib/thumb/v6-m\libg_nano.a(lib_a-memmove.o)
                0x0800a43a                memmove
 *fill*         0x0800a45e        0x2 
 .text._free_r  0x0800a460       0x94 c:/program files (x86)/gnu tools arm embedded/6 2017-q2-update/bin/../lib/gcc/arm-none-eabi/6.3.1/../../../../arm-none-eabi/lib/thumb/v6-m\libg_nano.a(lib_a-nano-freer.o)
                0x0800a460                _free_r
 .text._malloc_r
                0x0800a4f4       0xbc c:/program files (x86)/gnu tools arm embedded/6 2017-q2-update/bin/../lib/gcc/arm-none-eabi/6.3.1/../../../../arm-none-eabi/lib/thumb/v6-m\libg_nano.a(lib_a-nano-mallocr.o)
                0x0800a4f4                _malloc_r
 .text._realloc_r
                0x0800a5b0       0x4c c:/program files (x86)/gnu tools arm embedded/6 2017-q2-update/bin/../lib/gcc/arm-none-eabi/6.3.1/../../../../arm-none-eabi/lib/thumb/v6-m\libg_nano.a(lib_a-nano-reallocr.o)
                0x0800a5b0                _realloc_r
 .text._sbrk_r  0x0800a5fc       0x24 c:/program files (x86)/gnu tools arm embedded/6 2017-q2-update/bin/../lib/gcc/arm-none-eabi/6.3.1/../../../../arm-none-eabi/lib/thumb/v6-m\libg_nano.a(lib_a-sbrkr.o)
                0x0800a5fc                _sbrk_r
 .text.__malloc_lock
                0x0800a620        0x2 c:/program files (x86)/gnu tools arm embedded/6 2017-q2-update/bin/../lib/gcc/arm-none-eabi/6.3.1/../../../../arm-none-eabi/lib/thumb/v6-m\libg_nano.a(lib_a-mlock.o)
                0x0800a620                __malloc_lock
 .text.__malloc_unlock
                0x0800a622        0x2 c:/program files (x86)/gnu tools arm embedded/6 2017-q2-update/bin/../lib/gcc/arm-none-eabi/6.3.1/../../../../arm-none-eabi/lib/thumb/v6-m\libg_nano.a(lib_a-mlock.o)
                0x0800a622                __malloc_unlock
 .text._malloc_usable_size_r
                0x0800a624       0x10 c:/program files (x86)/gnu tools arm embedded/6 2017-q2-update/bin/../lib/gcc/arm-none-eabi/6.3.1/../../../../arm-none-eabi/lib/thumb/v6-m\libg_nano.a(lib_a-nano-msizer.o)
                0x0800a624                _malloc_usable_size_r
 .text._sbrk    0x0800a634       0x1c c:/program files (x86)/gnu tools arm embedded/6 2017-q2-update/bin/../lib/gcc/arm-none-eabi/6.3.1/../../../../arm-none-eabi/lib/thumb/v6-m\libnosys.a(sbrk.o)
                0x0800a634                _sbrk
 *(.glue_7)
 .glue_7        0x0800a650        0x0 linker stubs
 *(.glue_7t)
 .glue_7t       0x0800a650        0x0 linker stubs
 *(.eh_frame)
 .eh_frame      0x0800a650        0x0 c:/program files (x86)/gnu tools arm embedded/6 2017-q2-update/bin/../lib/gcc/arm-none-eabi/6.3.1/thumb/v6-m/crtbegin.o
 *(.init)
 .init          0x0800a650        0x4 c:/program files (x86)/gnu tools arm embedded/6 2017-q2-update/bin/../lib/gcc/arm-none-eabi/6.3.1/thumb/v6-m/crti.o
                0x0800a650                _init
 .init          0x0800a654        0x8 c:/program files (x86)/gnu tools arm embedded/6 2017-q2-update/bin/../lib/gcc/arm-none-eabi/6.3.1/thumb/v6-m/crtn.o
 *(.fini)
 .fini          0x0800a65c        0x4 c:/program files (x86)/gnu tools arm embedded/6 2017-q2-update/bin/../lib/gcc/arm-none-eabi/6.3.1/thumb/v6-m/crti.o
                0x0800a65c                _fini
 .fini          0x0800a660        0x8 c:/program files (x86)/gnu tools arm embedded/6 2017-q2-update/bin/../lib/gcc/arm-none-eabi/6.3.1/thumb/v6-m/crtn.o
                0x0800a668                . = ALIGN (0x4)
                0x0800a668                _etext = .

.vfp11_veneer   0x0800a668        0x0
 .vfp11_veneer  0x0800a668        0x0 linker stubs

.v4_bx          0x0800a668        0x0
 .v4_bx         0x0800a668        0x0 linker stubs

.iplt           0x0800a668        0x0
 .iplt          0x0800a668        0x0 c:/program files (x86)/gnu tools arm embedded/6 2017-q2-update/bin/../lib/gcc/arm-none-eabi/6.3.1/thumb/v6-m/crtbegin.o

.rodata         0x0800a668      0xf1c
                0x0800a668                . = ALIGN (0x4)
 *(.rodata)
 .rodata        0x0800a668      0x114 ./Src/freertos.o
 .rodata        0x0800a77c       0x20 ./Drivers/STM32F0xx_HAL_Driver/Src/stm32f0xx_hal_rcc.o
 *(.rodata*)
 .rodata.MX_ADC_Init.str1.1
                0x0800a79c        0xd ./Src/adc.o
 .rodata.MX_CAN_Init.str1.1
                0x0800a7a9        0xd ./Src/can.o
 .rodata.adc_entry.str1.1
                0x0800a7b6       0x55 ./Src/freertos.o
 .rodata.can_entry.str1.1
                0x0800a80b       0x12 ./Src/freertos.o
 .rodata.i2c1_entry.str1.1
                0x0800a81d       0x78 ./Src/freertos.o
 .rodata.ignition_entry.str1.1
                0x0800a895      0x466 ./Src/freertos.o
 .rodata.print_atCommand.str1.1
                0x0800acfb       0x32 ./Src/freertos.o
 .rodata.str1.1
                0x0800ad2d       0x8c ./Src/freertos.o
 .rodata.usart1_entry.str1.1
                0x0800adb9      0x6bc ./Src/freertos.o
 .rodata.usart2_entry.str1.1
                0x0800b475       0x5b ./Src/freertos.o
                                 0x5d (size before relaxing)
 .rodata.usart3_entry.str1.1
                0x0800b4d0        0xe ./Src/freertos.o
                                 0x10 (size before relaxing)
 .rodata.MX_I2C1_Init.str1.1
                0x0800b4de        0xd ./Src/i2c.o
 .rodata.MX_IWDG_Init.str1.1
                0x0800b4eb        0xe ./Src/iwdg.o
 .rodata.MX_RTC_Init.str1.1
                0x0800b4f9        0xd ./Src/rtc.o
 .rodata.MX_SPI1_Init.str1.1
                0x0800b506        0xd ./Src/spi.o
 .rodata.AHBPrescTable
                0x0800b513       0x10 ./Src/system_stm32f0xx.o
                0x0800b513                AHBPrescTable
 .rodata.APBPrescTable
                0x0800b523        0x8 ./Src/system_stm32f0xx.o
                0x0800b523                APBPrescTable
 .rodata.MX_TIM2_Init.str1.1
                0x0800b52b        0xd ./Src/tim.o
 .rodata.MX_USART1_UART_Init.str1.1
                0x0800b538        0xf ./Src/usart.o
 .rodata.vTaskStartScheduler.str1.1
                0x0800b547        0x5 ./Middlewares/Third_Party/FreeRTOS/Source/tasks.o
 .rodata.CSWTCH.50
                0x0800b54c        0x4 ./Drivers/STM32F0xx_HAL_Driver/Src/stm32f0xx_hal_uart.o
 .rodata._svfprintf_r.str1.1
                0x0800b550       0x11 c:/program files (x86)/gnu tools arm embedded/6 2017-q2-update/bin/../lib/gcc/arm-none-eabi/6.3.1/../../../../arm-none-eabi/lib/thumb/v6-m\libg_nano.a(lib_a-nano-svfprintf.o)
 .rodata._printf_i.str1.1
                0x0800b561       0x22 c:/program files (x86)/gnu tools arm embedded/6 2017-q2-update/bin/../lib/gcc/arm-none-eabi/6.3.1/../../../../arm-none-eabi/lib/thumb/v6-m\libg_nano.a(lib_a-nano-vfprintf_i.o)
                0x0800b584                . = ALIGN (0x4)
 *fill*         0x0800b583        0x1 

.rel.dyn        0x0800b584        0x0
 .rel.iplt      0x0800b584        0x0 c:/program files (x86)/gnu tools arm embedded/6 2017-q2-update/bin/../lib/gcc/arm-none-eabi/6.3.1/thumb/v6-m/crtbegin.o

.ARM.extab
 *(.ARM.extab* .gnu.linkonce.armextab.*)

.ARM            0x0800b584        0x0
                0x0800b584                __exidx_start = .
 *(.ARM.exidx*)
                0x0800b584                __exidx_end = .

.preinit_array  0x0800b584        0x0
                0x0800b584                PROVIDE (__preinit_array_start, .)
 *(.preinit_array*)
                0x0800b584                PROVIDE (__preinit_array_end, .)

.init_array     0x0800b584        0x4
                0x0800b584                PROVIDE (__init_array_start, .)
 *(SORT(.init_array.*))
 *(.init_array*)
 .init_array    0x0800b584        0x4 c:/program files (x86)/gnu tools arm embedded/6 2017-q2-update/bin/../lib/gcc/arm-none-eabi/6.3.1/thumb/v6-m/crtbegin.o
                0x0800b588                PROVIDE (__init_array_end, .)

.fini_array     0x0800b588        0x4
                [!provide]                PROVIDE (__fini_array_start, .)
 *(SORT(.fini_array.*))
 *(.fini_array*)
 .fini_array    0x0800b588        0x4 c:/program files (x86)/gnu tools arm embedded/6 2017-q2-update/bin/../lib/gcc/arm-none-eabi/6.3.1/thumb/v6-m/crtbegin.o
                [!provide]                PROVIDE (__fini_array_end, .)
                0x0800b58c                _sidata = LOADADDR (.data)

.data           0x20000000      0x290 load address 0x0800b58c
                0x20000000                . = ALIGN (0x4)
                0x20000000                _sdata = .
 *(.data)
 *(.data*)
 .data.eeprom_test
                0x20000000       0x18 ./Src/freertos.o
                0x20000000                eeprom_test
 .data.flash_IgEvent
                0x20000018       0x32 ./Src/freertos.o
                0x20000018                flash_IgEvent
 .data.ig_var   0x2000004a        0x3 ./Src/freertos.o
                0x2000004a                ig_var
 .data.uart2_msg_print_switch
                0x2000004d        0x1 ./Src/freertos.o
                0x2000004d                uart2_msg_print_switch
 .data.uart_Tx  0x2000004e      0x1d4 ./Src/freertos.o
                0x2000004e                uart_Tx
 *fill*         0x20000222        0x2 
 .data.SystemCoreClock
                0x20000224        0x4 ./Src/system_stm32f0xx.o
                0x20000224                SystemCoreClock
 .data.uxCriticalNesting
                0x20000228        0x4 ./Middlewares/Third_Party/FreeRTOS/Source/portable/GCC/ARM_CM0/port.o
 .data._impure_ptr
                0x2000022c        0x4 c:/program files (x86)/gnu tools arm embedded/6 2017-q2-update/bin/../lib/gcc/arm-none-eabi/6.3.1/../../../../arm-none-eabi/lib/thumb/v6-m\libg_nano.a(lib_a-impure.o)
                0x2000022c                _impure_ptr
 .data.impure_data
                0x20000230       0x60 c:/program files (x86)/gnu tools arm embedded/6 2017-q2-update/bin/../lib/gcc/arm-none-eabi/6.3.1/../../../../arm-none-eabi/lib/thumb/v6-m\libg_nano.a(lib_a-impure.o)
                0x20000290                . = ALIGN (0x4)
                0x20000290                _edata = .

.jcr            0x20000290        0x0 load address 0x0800b81c
 .jcr           0x20000290        0x0 c:/program files (x86)/gnu tools arm embedded/6 2017-q2-update/bin/../lib/gcc/arm-none-eabi/6.3.1/thumb/v6-m/crtbegin.o

.igot.plt       0x20000290        0x0 load address 0x0800b81c
 .igot.plt      0x20000290        0x0 c:/program files (x86)/gnu tools arm embedded/6 2017-q2-update/bin/../lib/gcc/arm-none-eabi/6.3.1/thumb/v6-m/crtbegin.o
                0x20000290                . = ALIGN (0x4)

.bss            0x20000290     0x356c load address 0x0800b81c
                0x20000290                _sbss = .
                0x20000290                __bss_start__ = _sbss
 *(.bss)
 .bss           0x20000290       0x1c c:/program files (x86)/gnu tools arm embedded/6 2017-q2-update/bin/../lib/gcc/arm-none-eabi/6.3.1/thumb/v6-m/crtbegin.o
 *(.bss*)
 .bss.EraseInitStruct
                0x200002ac        0xc ./Src/freertos.o
 .bss.PageError
                0x200002b8        0x4 ./Src/freertos.o
                0x200002b8                PageError
 .bss.arg_ptr.9998
                0x200002bc        0x4 ./Src/freertos.o
 .bss.cml_array
                0x200002c0       0x40 ./Src/freertos.o
                0x200002c0                cml_array
 .bss.cml_proc  0x20000300       0x40 ./Src/freertos.o
                0x20000300                cml_proc
 .bss.countdown_timer
                0x20000340        0x9 ./Src/freertos.o
                0x20000340                countdown_timer
 .bss.flag_flashWrite
                0x20000349        0x1 ./Src/freertos.o
                0x20000349                flag_flashWrite
 .bss.r280_module_state
                0x2000034a        0xc ./Src/freertos.o
                0x2000034a                r280_module_state
 *fill*         0x20000356        0x2 
 .bss.sAlarm    0x20000358       0x28 ./Src/freertos.o
                0x20000358                sAlarm
 .bss.sDate     0x20000380        0x4 ./Src/freertos.o
                0x20000380                sDate
 .bss.sTime     0x20000384       0x14 ./Src/freertos.o
                0x20000384                sTime
 .bss.sva_gpi   0x20000398        0x1 ./Src/freertos.o
                0x20000398                sva_gpi
 .bss.sva_gpo   0x20000399        0x2 ./Src/freertos.o
                0x20000399                sva_gpo
 .bss.wwan_command
                0x2000039b        0x1 ./Src/freertos.o
                0x2000039b                wwan_command
 .bss.pxEnd     0x2000039c        0x4 ./Middlewares/Third_Party/FreeRTOS/Source/portable/MemMang/heap_4.o
 .bss.ucHeap    0x200003a0     0x2c00 ./Middlewares/Third_Party/FreeRTOS/Source/portable/MemMang/heap_4.o
 .bss.xBlockAllocatedBit
                0x20002fa0        0x4 ./Middlewares/Third_Party/FreeRTOS/Source/portable/MemMang/heap_4.o
 .bss.xFreeBytesRemaining
                0x20002fa4        0x4 ./Middlewares/Third_Party/FreeRTOS/Source/portable/MemMang/heap_4.o
 .bss.xMinimumEverFreeBytesRemaining
                0x20002fa8        0x4 ./Middlewares/Third_Party/FreeRTOS/Source/portable/MemMang/heap_4.o
 .bss.xStart    0x20002fac        0x8 ./Middlewares/Third_Party/FreeRTOS/Source/portable/MemMang/heap_4.o
 .bss.pxCurrentTCB
                0x20002fb4        0x4 ./Middlewares/Third_Party/FreeRTOS/Source/tasks.o
                0x20002fb4                pxCurrentTCB
 .bss.pxDelayedTaskList
                0x20002fb8        0x4 ./Middlewares/Third_Party/FreeRTOS/Source/tasks.o
 .bss.pxOverflowDelayedTaskList
                0x20002fbc        0x4 ./Middlewares/Third_Party/FreeRTOS/Source/tasks.o
 .bss.pxReadyTasksLists
                0x20002fc0       0x8c ./Middlewares/Third_Party/FreeRTOS/Source/tasks.o
 .bss.uxCurrentNumberOfTasks
                0x2000304c        0x4 ./Middlewares/Third_Party/FreeRTOS/Source/tasks.o
 .bss.uxDeletedTasksWaitingCleanUp
                0x20003050        0x4 ./Middlewares/Third_Party/FreeRTOS/Source/tasks.o
 .bss.uxPendedTicks
                0x20003054        0x4 ./Middlewares/Third_Party/FreeRTOS/Source/tasks.o
 .bss.uxSchedulerSuspended
                0x20003058        0x4 ./Middlewares/Third_Party/FreeRTOS/Source/tasks.o
 .bss.uxTaskNumber
                0x2000305c        0x4 ./Middlewares/Third_Party/FreeRTOS/Source/tasks.o
 .bss.uxTopReadyPriority
                0x20003060        0x4 ./Middlewares/Third_Party/FreeRTOS/Source/tasks.o
 .bss.xDelayedTaskList1
                0x20003064       0x14 ./Middlewares/Third_Party/FreeRTOS/Source/tasks.o
 .bss.xDelayedTaskList2
                0x20003078       0x14 ./Middlewares/Third_Party/FreeRTOS/Source/tasks.o
 .bss.xIdleTaskHandle
                0x2000308c        0x4 ./Middlewares/Third_Party/FreeRTOS/Source/tasks.o
 .bss.xNextTaskUnblockTime
                0x20003090        0x4 ./Middlewares/Third_Party/FreeRTOS/Source/tasks.o
 .bss.xNumOfOverflows
                0x20003094        0x4 ./Middlewares/Third_Party/FreeRTOS/Source/tasks.o
 .bss.xPendingReadyList
                0x20003098       0x14 ./Middlewares/Third_Party/FreeRTOS/Source/tasks.o
 .bss.xSchedulerRunning
                0x200030ac        0x4 ./Middlewares/Third_Party/FreeRTOS/Source/tasks.o
 .bss.xSuspendedTaskList
                0x200030b0       0x14 ./Middlewares/Third_Party/FreeRTOS/Source/tasks.o
 .bss.xTasksWaitingTermination
                0x200030c4       0x14 ./Middlewares/Third_Party/FreeRTOS/Source/tasks.o
 .bss.xTickCount
                0x200030d8        0x4 ./Middlewares/Third_Party/FreeRTOS/Source/tasks.o
 .bss.xYieldPending
                0x200030dc        0x4 ./Middlewares/Third_Party/FreeRTOS/Source/tasks.o
 .bss.__malloc_free_list
                0x200030e0        0x4 c:/program files (x86)/gnu tools arm embedded/6 2017-q2-update/bin/../lib/gcc/arm-none-eabi/6.3.1/../../../../arm-none-eabi/lib/thumb/v6-m\libg_nano.a(lib_a-nano-mallocr.o)
                0x200030e0                __malloc_free_list
 .bss.__malloc_sbrk_start
                0x200030e4        0x4 c:/program files (x86)/gnu tools arm embedded/6 2017-q2-update/bin/../lib/gcc/arm-none-eabi/6.3.1/../../../../arm-none-eabi/lib/thumb/v6-m\libg_nano.a(lib_a-nano-mallocr.o)
                0x200030e4                __malloc_sbrk_start
 .bss.heap_end.4116
                0x200030e8        0x4 c:/program files (x86)/gnu tools arm embedded/6 2017-q2-update/bin/../lib/gcc/arm-none-eabi/6.3.1/../../../../arm-none-eabi/lib/thumb/v6-m\libnosys.a(sbrk.o)
 *(COMMON)
 COMMON         0x200030ec       0x90 ./Src/adc.o
                0x200030ec                hdma_adc
                0x20003130                hadc
 COMMON         0x2000317c       0x44 ./Src/can.o
                0x2000317c                hcan
 COMMON         0x200031c0      0x1c4 ./Src/freertos.o
                0x200031c0                ig_event
                0x200031e0                USART1_TaskHandle
                0x200031e4                defaultTaskHandle
                0x200031e8                I2C1_ZAXIS_QHandle
                0x200031ec                xTimeNow
                0x200031f0                I2C1_GSENSOR_QHandle
                0x200031f4                MUTEX_SPI1Handle
                0x200031f8                USART3_TaskHandle
                0x200031fc                SPI1_TaskHandle
                0x20003200                ADC_TaskHandle
                0x20003204                hdma_usart1_tx
                0x20003248                dbg_buff
                0x200032c8                UART2_LAT_QHandle
                0x200032cc                IWDG_TaskHandle
                0x200032d0                hdma_usart1_rx
                0x20003314                I2C1_XAXIS_QHandle
                0x20003318                current_IgEvent
                0x2000334c                I2C1_YAXIS_QHandle
                0x20003350                I2C1_TaskHandle
                0x20003354                ADC_TEMP_QHandle
                0x20003358                MUTEX_DebugHandle
                0x2000335c                CAN_TaskHandle
                0x20003360                IGNITION_TaskHandle
                0x20003364                ADC_VOLT_QHandle
                0x20003368                UART2_LONG_QHandle
                0x2000336c                MUTEX_ADC_QHandle
                0x20003370                GPIO_MISC_QHandle
                0x20003374                MUTEX_CMD_PROCHandle
                0x20003378                GPIO_STATE_TaskHandle
                0x2000337c                USART2_TaskHandle
                0x20003380                CMD_PROC_TaskHandle
 COMMON         0x20003384       0x98 ./Src/i2c.o
                0x20003384                hi2c1
                0x200033d0                hi2c2
 COMMON         0x2000341c       0x10 ./Src/iwdg.o
                0x2000341c                hiwdg
 COMMON         0x2000342c       0x20 ./Src/rtc.o
                0x2000342c                hrtc
 COMMON         0x2000344c       0x64 ./Src/spi.o
                0x2000344c                hspi1
 COMMON         0x200034b0       0x40 ./Src/stm32f0xx_hal_timebase_TIM.o
                0x200034b0                htim1
 COMMON         0x200034f0       0x80 ./Src/tim.o
                0x200034f0                htim2
                0x20003530                htim14
 COMMON         0x20003570      0x260 ./Src/usart.o
                0x20003570                hdma_usart2_rx
                0x200035b4                hdma_usart3_rx
                0x200035f8                huart3
                0x20003668                hdma_usart3_tx
                0x200036ac                hdma_usart2_tx
                0x200036f0                huart1
                0x20003760                huart2
 COMMON         0x200037d0        0x4 ./Drivers/STM32F0xx_HAL_Driver/Src/stm32f0xx_hal.o
                0x200037d0                uwTick
 *fill*         0x200037d4        0x4 
 COMMON         0x200037d8       0x20 ./Drivers/STM32F0xx_HAL_Driver/Src/stm32f0xx_hal_flash.o
                0x200037d8                pFlash
 COMMON         0x200037f8        0x4 c:/program files (x86)/gnu tools arm embedded/6 2017-q2-update/bin/../lib/gcc/arm-none-eabi/6.3.1/../../../../arm-none-eabi/lib/thumb/v6-m\libg_nano.a(lib_a-reent.o)
                0x200037f8                errno
                0x200037fc                . = ALIGN (0x4)
                0x200037fc                _ebss = .
                0x200037fc                __bss_end__ = _ebss

._user_heap_stack
                0x200037fc      0x604 load address 0x0800b81c
                0x20003800                . = ALIGN (0x8)
 *fill*         0x200037fc        0x4 
                0x20003800                PROVIDE (end, .)
                [!provide]                PROVIDE (_end, .)
                0x20003a00                . = (. + _Min_Heap_Size)
 *fill*         0x20003800      0x200 
                0x20003e00                . = (. + _Min_Stack_Size)
 *fill*         0x20003a00      0x400 
                0x20003e00                . = ALIGN (0x8)

/DISCARD/
 libc.a(*)
 libm.a(*)
 libgcc.a(*)

.ARM.attributes
                0x00000000       0x28
 *(.ARM.attributes)
 .ARM.attributes
                0x00000000       0x1e c:/program files (x86)/gnu tools arm embedded/6 2017-q2-update/bin/../lib/gcc/arm-none-eabi/6.3.1/thumb/v6-m/crti.o
 .ARM.attributes
                0x0000001e       0x2c c:/program files (x86)/gnu tools arm embedded/6 2017-q2-update/bin/../lib/gcc/arm-none-eabi/6.3.1/thumb/v6-m/crtbegin.o
 .ARM.attributes
                0x0000004a       0x31 ./Src/adc.o
 .ARM.attributes
                0x0000007b       0x31 ./Src/can.o
 .ARM.attributes
                0x000000ac       0x31 ./Src/dma.o
 .ARM.attributes
                0x000000dd       0x31 ./Src/freertos.o
 .ARM.attributes
                0x0000010e       0x31 ./Src/gpio.o
 .ARM.attributes
                0x0000013f       0x31 ./Src/i2c.o
 .ARM.attributes
                0x00000170       0x31 ./Src/iwdg.o
 .ARM.attributes
                0x000001a1       0x31 ./Src/main.o
 .ARM.attributes
                0x000001d2       0x31 ./Src/rtc.o
 .ARM.attributes
                0x00000203       0x31 ./Src/spi.o
 .ARM.attributes
                0x00000234       0x21 ./Src/startup_stm32f091xc.o
 .ARM.attributes
                0x00000255       0x31 ./Src/stm32f0xx_hal_msp.o
 .ARM.attributes
                0x00000286       0x31 ./Src/stm32f0xx_hal_timebase_TIM.o
 .ARM.attributes
                0x000002b7       0x31 ./Src/stm32f0xx_it.o
 .ARM.attributes
                0x000002e8       0x31 ./Src/system_stm32f0xx.o
 .ARM.attributes
                0x00000319       0x31 ./Src/tim.o
 .ARM.attributes
                0x0000034a       0x31 ./Src/usart.o
 .ARM.attributes
                0x0000037b       0x31 ./Middlewares/Third_Party/FreeRTOS/Source/portable/MemMang/heap_4.o
 .ARM.attributes
                0x000003ac       0x31 ./Middlewares/Third_Party/FreeRTOS/Source/portable/GCC/ARM_CM0/port.o
 .ARM.attributes
                0x000003dd       0x31 ./Middlewares/Third_Party/FreeRTOS/Source/CMSIS_RTOS/cmsis_os.o
 .ARM.attributes
                0x0000040e       0x31 ./Middlewares/Third_Party/FreeRTOS/Source/list.o
 .ARM.attributes
                0x0000043f       0x31 ./Middlewares/Third_Party/FreeRTOS/Source/queue.o
 .ARM.attributes
                0x00000470       0x31 ./Middlewares/Third_Party/FreeRTOS/Source/tasks.o
 .ARM.attributes
                0x000004a1       0x31 ./Drivers/STM32F0xx_HAL_Driver/Src/stm32f0xx_hal.o
 .ARM.attributes
                0x000004d2       0x31 ./Drivers/STM32F0xx_HAL_Driver/Src/stm32f0xx_hal_adc.o
 .ARM.attributes
                0x00000503       0x31 ./Drivers/STM32F0xx_HAL_Driver/Src/stm32f0xx_hal_can.o
 .ARM.attributes
                0x00000534       0x31 ./Drivers/STM32F0xx_HAL_Driver/Src/stm32f0xx_hal_cortex.o
 .ARM.attributes
                0x00000565       0x31 ./Drivers/STM32F0xx_HAL_Driver/Src/stm32f0xx_hal_dma.o
 .ARM.attributes
                0x00000596       0x31 ./Drivers/STM32F0xx_HAL_Driver/Src/stm32f0xx_hal_flash.o
 .ARM.attributes
                0x000005c7       0x31 ./Drivers/STM32F0xx_HAL_Driver/Src/stm32f0xx_hal_flash_ex.o
 .ARM.attributes
                0x000005f8       0x31 ./Drivers/STM32F0xx_HAL_Driver/Src/stm32f0xx_hal_gpio.o
 .ARM.attributes
                0x00000629       0x31 ./Drivers/STM32F0xx_HAL_Driver/Src/stm32f0xx_hal_i2c.o
 .ARM.attributes
                0x0000065a       0x31 ./Drivers/STM32F0xx_HAL_Driver/Src/stm32f0xx_hal_i2c_ex.o
 .ARM.attributes
                0x0000068b       0x31 ./Drivers/STM32F0xx_HAL_Driver/Src/stm32f0xx_hal_iwdg.o
 .ARM.attributes
                0x000006bc       0x31 ./Drivers/STM32F0xx_HAL_Driver/Src/stm32f0xx_hal_pwr.o
 .ARM.attributes
                0x000006ed       0x31 ./Drivers/STM32F0xx_HAL_Driver/Src/stm32f0xx_hal_rcc.o
 .ARM.attributes
                0x0000071e       0x31 ./Drivers/STM32F0xx_HAL_Driver/Src/stm32f0xx_hal_rcc_ex.o
 .ARM.attributes
                0x0000074f       0x31 ./Drivers/STM32F0xx_HAL_Driver/Src/stm32f0xx_hal_rtc.o
 .ARM.attributes
                0x00000780       0x31 ./Drivers/STM32F0xx_HAL_Driver/Src/stm32f0xx_hal_rtc_ex.o
 .ARM.attributes
                0x000007b1       0x31 ./Drivers/STM32F0xx_HAL_Driver/Src/stm32f0xx_hal_spi.o
 .ARM.attributes
                0x000007e2       0x31 ./Drivers/STM32F0xx_HAL_Driver/Src/stm32f0xx_hal_tim.o
 .ARM.attributes
                0x00000813       0x31 ./Drivers/STM32F0xx_HAL_Driver/Src/stm32f0xx_hal_tim_ex.o
 .ARM.attributes
                0x00000844       0x31 ./Drivers/STM32F0xx_HAL_Driver/Src/stm32f0xx_hal_uart.o
 .ARM.attributes
                0x00000875       0x31 ./Drivers/STM32F0xx_HAL_Driver/Src/stm32f0xx_hal_uart_ex.o
 .ARM.attributes
                0x000008a6       0x1e c:/program files (x86)/gnu tools arm embedded/6 2017-q2-update/bin/../lib/gcc/arm-none-eabi/6.3.1/thumb/v6-m\libgcc.a(_thumb1_case_sqi.o)
 .ARM.attributes
                0x000008c4       0x1e c:/program files (x86)/gnu tools arm embedded/6 2017-q2-update/bin/../lib/gcc/arm-none-eabi/6.3.1/thumb/v6-m\libgcc.a(_thumb1_case_uqi.o)
 .ARM.attributes
                0x000008e2       0x1e c:/program files (x86)/gnu tools arm embedded/6 2017-q2-update/bin/../lib/gcc/arm-none-eabi/6.3.1/thumb/v6-m\libgcc.a(_thumb1_case_shi.o)
 .ARM.attributes
                0x00000900       0x1e c:/program files (x86)/gnu tools arm embedded/6 2017-q2-update/bin/../lib/gcc/arm-none-eabi/6.3.1/thumb/v6-m\libgcc.a(_thumb1_case_uhi.o)
 .ARM.attributes
                0x0000091e       0x1e c:/program files (x86)/gnu tools arm embedded/6 2017-q2-update/bin/../lib/gcc/arm-none-eabi/6.3.1/thumb/v6-m\libgcc.a(_udivsi3.o)
 .ARM.attributes
                0x0000093c       0x1e c:/program files (x86)/gnu tools arm embedded/6 2017-q2-update/bin/../lib/gcc/arm-none-eabi/6.3.1/thumb/v6-m\libgcc.a(_dvmd_tls.o)
 .ARM.attributes
                0x0000095a       0x1e c:/program files (x86)/gnu tools arm embedded/6 2017-q2-update/bin/../lib/gcc/arm-none-eabi/6.3.1/thumb/v6-m\libgcc.a(_lshrdi3.o)
 .ARM.attributes
                0x00000978       0x2c c:/program files (x86)/gnu tools arm embedded/6 2017-q2-update/bin/../lib/gcc/arm-none-eabi/6.3.1/../../../../arm-none-eabi/lib/thumb/v6-m\libg_nano.a(lib_a-impure.o)
 .ARM.attributes
                0x000009a4       0x2c c:/program files (x86)/gnu tools arm embedded/6 2017-q2-update/bin/../lib/gcc/arm-none-eabi/6.3.1/../../../../arm-none-eabi/lib/thumb/v6-m\libg_nano.a(lib_a-init.o)
 .ARM.attributes
                0x000009d0       0x2c c:/program files (x86)/gnu tools arm embedded/6 2017-q2-update/bin/../lib/gcc/arm-none-eabi/6.3.1/../../../../arm-none-eabi/lib/thumb/v6-m\libg_nano.a(lib_a-memcpy-stub.o)
 .ARM.attributes
                0x000009fc       0x2c c:/program files (x86)/gnu tools arm embedded/6 2017-q2-update/bin/../lib/gcc/arm-none-eabi/6.3.1/../../../../arm-none-eabi/lib/thumb/v6-m\libg_nano.a(lib_a-memset.o)
 .ARM.attributes
                0x00000a28       0x2c c:/program files (x86)/gnu tools arm embedded/6 2017-q2-update/bin/../lib/gcc/arm-none-eabi/6.3.1/../../../../arm-none-eabi/lib/thumb/v6-m\libg_nano.a(lib_a-strncpy.o)
 .ARM.attributes
                0x00000a54       0x2c c:/program files (x86)/gnu tools arm embedded/6 2017-q2-update/bin/../lib/gcc/arm-none-eabi/6.3.1/../../../../arm-none-eabi/lib/thumb/v6-m\libg_nano.a(lib_a-vsnprintf.o)
 .ARM.attributes
                0x00000a80       0x2c c:/program files (x86)/gnu tools arm embedded/6 2017-q2-update/bin/../lib/gcc/arm-none-eabi/6.3.1/../../../../arm-none-eabi/lib/thumb/v6-m\libg_nano.a(lib_a-nano-svfprintf.o)
 .ARM.attributes
                0x00000aac       0x2c c:/program files (x86)/gnu tools arm embedded/6 2017-q2-update/bin/../lib/gcc/arm-none-eabi/6.3.1/../../../../arm-none-eabi/lib/thumb/v6-m\libg_nano.a(lib_a-nano-vfprintf_i.o)
 .ARM.attributes
                0x00000ad8       0x2c c:/program files (x86)/gnu tools arm embedded/6 2017-q2-update/bin/../lib/gcc/arm-none-eabi/6.3.1/../../../../arm-none-eabi/lib/thumb/v6-m\libg_nano.a(lib_a-memchr-stub.o)
 .ARM.attributes
                0x00000b04       0x2c c:/program files (x86)/gnu tools arm embedded/6 2017-q2-update/bin/../lib/gcc/arm-none-eabi/6.3.1/../../../../arm-none-eabi/lib/thumb/v6-m\libg_nano.a(lib_a-memmove.o)
 .ARM.attributes
                0x00000b30       0x2c c:/program files (x86)/gnu tools arm embedded/6 2017-q2-update/bin/../lib/gcc/arm-none-eabi/6.3.1/../../../../arm-none-eabi/lib/thumb/v6-m\libg_nano.a(lib_a-nano-freer.o)
 .ARM.attributes
                0x00000b5c       0x2c c:/program files (x86)/gnu tools arm embedded/6 2017-q2-update/bin/../lib/gcc/arm-none-eabi/6.3.1/../../../../arm-none-eabi/lib/thumb/v6-m\libg_nano.a(lib_a-nano-mallocr.o)
 .ARM.attributes
                0x00000b88       0x2c c:/program files (x86)/gnu tools arm embedded/6 2017-q2-update/bin/../lib/gcc/arm-none-eabi/6.3.1/../../../../arm-none-eabi/lib/thumb/v6-m\libg_nano.a(lib_a-nano-reallocr.o)
 .ARM.attributes
                0x00000bb4       0x2c c:/program files (x86)/gnu tools arm embedded/6 2017-q2-update/bin/../lib/gcc/arm-none-eabi/6.3.1/../../../../arm-none-eabi/lib/thumb/v6-m\libg_nano.a(lib_a-sbrkr.o)
 .ARM.attributes
                0x00000be0       0x2c c:/program files (x86)/gnu tools arm embedded/6 2017-q2-update/bin/../lib/gcc/arm-none-eabi/6.3.1/../../../../arm-none-eabi/lib/thumb/v6-m\libg_nano.a(lib_a-mlock.o)
 .ARM.attributes
                0x00000c0c       0x2c c:/program files (x86)/gnu tools arm embedded/6 2017-q2-update/bin/../lib/gcc/arm-none-eabi/6.3.1/../../../../arm-none-eabi/lib/thumb/v6-m\libg_nano.a(lib_a-nano-msizer.o)
 .ARM.attributes
                0x00000c38       0x2c c:/program files (x86)/gnu tools arm embedded/6 2017-q2-update/bin/../lib/gcc/arm-none-eabi/6.3.1/../../../../arm-none-eabi/lib/thumb/v6-m\libg_nano.a(lib_a-reent.o)
 .ARM.attributes
                0x00000c64       0x2c c:/program files (x86)/gnu tools arm embedded/6 2017-q2-update/bin/../lib/gcc/arm-none-eabi/6.3.1/../../../../arm-none-eabi/lib/thumb/v6-m\libnosys.a(sbrk.o)
 .ARM.attributes
                0x00000c90       0x1e c:/program files (x86)/gnu tools arm embedded/6 2017-q2-update/bin/../lib/gcc/arm-none-eabi/6.3.1/thumb/v6-m/crtn.o
OUTPUT(STM32F091RCTx_freeRTOS.elf elf32-littlearm)

.debug_info     0x00000000    0x3f483
 .debug_info    0x00000000     0x119f ./Src/adc.o
 .debug_info    0x0000119f     0x127f ./Src/can.o
 .debug_info    0x0000241e      0xbb5 ./Src/dma.o
 .debug_info    0x00002fd3     0x78b5 ./Src/freertos.o
 .debug_info    0x0000a888      0xc92 ./Src/gpio.o
 .debug_info    0x0000b51a     0x1449 ./Src/i2c.o
 .debug_info    0x0000c963      0xa74 ./Src/iwdg.o
 .debug_info    0x0000d3d7     0x26a9 ./Src/main.o
 .debug_info    0x0000fa80     0x1165 ./Src/rtc.o
 .debug_info    0x00010be5     0x1146 ./Src/spi.o
 .debug_info    0x00011d2b       0x8b ./Src/startup_stm32f091xc.o
 .debug_info    0x00011db6      0xb5c ./Src/stm32f0xx_hal_msp.o
 .debug_info    0x00012912     0x116b ./Src/stm32f0xx_hal_timebase_TIM.o
 .debug_info    0x00013a7d     0x1d5d ./Src/stm32f0xx_it.o
 .debug_info    0x000157da      0xa77 ./Src/system_stm32f0xx.o
 .debug_info    0x00016251     0x1465 ./Src/tim.o
 .debug_info    0x000176b6     0x165d ./Src/usart.o
 .debug_info    0x00018d13      0xbb8 ./Middlewares/Third_Party/FreeRTOS/Source/portable/MemMang/heap_4.o
 .debug_info    0x000198cb      0x2ac ./Middlewares/Third_Party/FreeRTOS/Source/portable/GCC/ARM_CM0/port.o
 .debug_info    0x00019b77     0x24dd ./Middlewares/Third_Party/FreeRTOS/Source/CMSIS_RTOS/cmsis_os.o
 .debug_info    0x0001c054      0xad0 ./Middlewares/Third_Party/FreeRTOS/Source/list.o
 .debug_info    0x0001cb24     0x1b37 ./Middlewares/Third_Party/FreeRTOS/Source/queue.o
 .debug_info    0x0001e65b     0x23dc ./Middlewares/Third_Party/FreeRTOS/Source/tasks.o
 .debug_info    0x00020a37      0xe8e ./Drivers/STM32F0xx_HAL_Driver/Src/stm32f0xx_hal.o
 .debug_info    0x000218c5     0x16b6 ./Drivers/STM32F0xx_HAL_Driver/Src/stm32f0xx_hal_adc.o
 .debug_info    0x00022f7b     0x13ef ./Drivers/STM32F0xx_HAL_Driver/Src/stm32f0xx_hal_can.o
 .debug_info    0x0002436a     0x102d ./Drivers/STM32F0xx_HAL_Driver/Src/stm32f0xx_hal_cortex.o
 .debug_info    0x00025397     0x1057 ./Drivers/STM32F0xx_HAL_Driver/Src/stm32f0xx_hal_dma.o
 .debug_info    0x000263ee      0xe71 ./Drivers/STM32F0xx_HAL_Driver/Src/stm32f0xx_hal_flash.o
 .debug_info    0x0002725f     0x12ed ./Drivers/STM32F0xx_HAL_Driver/Src/stm32f0xx_hal_flash_ex.o
 .debug_info    0x0002854c      0xeab ./Drivers/STM32F0xx_HAL_Driver/Src/stm32f0xx_hal_gpio.o
 .debug_info    0x000293f7     0x3980 ./Drivers/STM32F0xx_HAL_Driver/Src/stm32f0xx_hal_i2c.o