Archive member included to satisfy reference by file (symbol)

c:/program files (x86)/gnu tools arm embedded/6 2017-q2-update/bin/../lib/gcc/arm-none-eabi/6.3.1/thumb/v6-m\libgcc.a(_thumb1_case_sqi.o)
                              ./Drivers/STM32F0xx_HAL_Driver/Src/stm32f0xx_hal_uart.o (__gnu_thumb1_case_sqi)
c:/program files (x86)/gnu tools arm embedded/6 2017-q2-update/bin/../lib/gcc/arm-none-eabi/6.3.1/thumb/v6-m\libgcc.a(_thumb1_case_uqi.o)
                              ./Src/freertos.o (__gnu_thumb1_case_uqi)
c:/program files (x86)/gnu tools arm embedded/6 2017-q2-update/bin/../lib/gcc/arm-none-eabi/6.3.1/thumb/v6-m\libgcc.a(_thumb1_case_shi.o)
                              ./Src/freertos.o (__gnu_thumb1_case_shi)
c:/program files (x86)/gnu tools arm embedded/6 2017-q2-update/bin/../lib/gcc/arm-none-eabi/6.3.1/thumb/v6-m\libgcc.a(_udivsi3.o)
                              ./Src/freertos.o (__aeabi_uidiv)
c:/program files (x86)/gnu tools arm embedded/6 2017-q2-update/bin/../lib/gcc/arm-none-eabi/6.3.1/thumb/v6-m\libgcc.a(_dvmd_tls.o)
                              c:/program files (x86)/gnu tools arm embedded/6 2017-q2-update/bin/../lib/gcc/arm-none-eabi/6.3.1/thumb/v6-m\libgcc.a(_udivsi3.o) (__aeabi_idiv0)
c:/program files (x86)/gnu tools arm embedded/6 2017-q2-update/bin/../lib/gcc/arm-none-eabi/6.3.1/thumb/v6-m\libgcc.a(_lshrdi3.o)
                              ./Drivers/STM32F0xx_HAL_Driver/Src/stm32f0xx_hal_flash.o (__aeabi_llsr)
c:/program files (x86)/gnu tools arm embedded/6 2017-q2-update/bin/../lib/gcc/arm-none-eabi/6.3.1/thumb/v6-m\libgcc.a(adddf3.o)
                              ./Src/freertos.o (__aeabi_dadd)
c:/program files (x86)/gnu tools arm embedded/6 2017-q2-update/bin/../lib/gcc/arm-none-eabi/6.3.1/thumb/v6-m\libgcc.a(muldf3.o)
                              ./Src/freertos.o (__aeabi_dmul)
c:/program files (x86)/gnu tools arm embedded/6 2017-q2-update/bin/../lib/gcc/arm-none-eabi/6.3.1/thumb/v6-m\libgcc.a(floatsidf.o)
                              ./Src/freertos.o (__aeabi_i2d)
c:/program files (x86)/gnu tools arm embedded/6 2017-q2-update/bin/../lib/gcc/arm-none-eabi/6.3.1/thumb/v6-m\libgcc.a(_clzsi2.o)
                              c:/program files (x86)/gnu tools arm embedded/6 2017-q2-update/bin/../lib/gcc/arm-none-eabi/6.3.1/thumb/v6-m\libgcc.a(adddf3.o) (__clzsi2)
c:/program files (x86)/gnu tools arm embedded/6 2017-q2-update/bin/../lib/gcc/arm-none-eabi/6.3.1/../../../../arm-none-eabi/lib/thumb/v6-m\libg_nano.a(lib_a-exit.o)
                              c:/program files (x86)/gnu tools arm embedded/6 2017-q2-update/bin/../lib/gcc/arm-none-eabi/6.3.1/../../../../arm-none-eabi/lib/thumb/v6-m/crt0.o (exit)
c:/program files (x86)/gnu tools arm embedded/6 2017-q2-update/bin/../lib/gcc/arm-none-eabi/6.3.1/../../../../arm-none-eabi/lib/thumb/v6-m\libg_nano.a(lib_a-impure.o)
                              c:/program files (x86)/gnu tools arm embedded/6 2017-q2-update/bin/../lib/gcc/arm-none-eabi/6.3.1/../../../../arm-none-eabi/lib/thumb/v6-m\libg_nano.a(lib_a-exit.o) (_global_impure_ptr)
c:/program files (x86)/gnu tools arm embedded/6 2017-q2-update/bin/../lib/gcc/arm-none-eabi/6.3.1/../../../../arm-none-eabi/lib/thumb/v6-m\libg_nano.a(lib_a-init.o)
                              c:/program files (x86)/gnu tools arm embedded/6 2017-q2-update/bin/../lib/gcc/arm-none-eabi/6.3.1/../../../../arm-none-eabi/lib/thumb/v6-m/crt0.o (__libc_init_array)
c:/program files (x86)/gnu tools arm embedded/6 2017-q2-update/bin/../lib/gcc/arm-none-eabi/6.3.1/../../../../arm-none-eabi/lib/thumb/v6-m\libg_nano.a(lib_a-memcpy-stub.o)
                              ./Src/freertos.o (memcpy)
c:/program files (x86)/gnu tools arm embedded/6 2017-q2-update/bin/../lib/gcc/arm-none-eabi/6.3.1/../../../../arm-none-eabi/lib/thumb/v6-m\libg_nano.a(lib_a-memset.o)
                              c:/program files (x86)/gnu tools arm embedded/6 2017-q2-update/bin/../lib/gcc/arm-none-eabi/6.3.1/../../../../arm-none-eabi/lib/thumb/v6-m/crt0.o (memset)
c:/program files (x86)/gnu tools arm embedded/6 2017-q2-update/bin/../lib/gcc/arm-none-eabi/6.3.1/../../../../arm-none-eabi/lib/thumb/v6-m\libg_nano.a(lib_a-strncpy.o)
                              ./Src/freertos.o (strncpy)
c:/program files (x86)/gnu tools arm embedded/6 2017-q2-update/bin/../lib/gcc/arm-none-eabi/6.3.1/../../../../arm-none-eabi/lib/thumb/v6-m\libg_nano.a(lib_a-vsnprintf.o)
                              ./Src/freertos.o (vsnprintf)
c:/program files (x86)/gnu tools arm embedded/6 2017-q2-update/bin/../lib/gcc/arm-none-eabi/6.3.1/../../../../arm-none-eabi/lib/thumb/v6-m\libg_nano.a(lib_a-nano-svfprintf.o)
                              c:/program files (x86)/gnu tools arm embedded/6 2017-q2-update/bin/../lib/gcc/arm-none-eabi/6.3.1/../../../../arm-none-eabi/lib/thumb/v6-m\libg_nano.a(lib_a-vsnprintf.o) (_svfprintf_r)
[...]
Memory Configuration

Name             Origin             Length             Attributes
RAM              0x20000000         0x00008000         xrw
FLASH            0x08000000         0x00040000         xr
*default*        0x00000000         0xffffffff

Linker script and memory map

LOAD c:/program files (x86)/gnu tools arm embedded/6 2017-q2-update/bin/../lib/gcc/arm-none-eabi/6.3.1/thumb/v6-m/crti.o
LOAD c:/program files (x86)/gnu tools arm embedded/6 2017-q2-update/bin/../lib/gcc/arm-none-eabi/6.3.1/thumb/v6-m/crtbegin.o
LOAD c:/program files (x86)/gnu tools arm embedded/6 2017-q2-update/bin/../lib/gcc/arm-none-eabi/6.3.1/../../../../arm-none-eabi/lib/thumb/v6-m/crt0.o
LOAD ./Src/adc.o
LOAD ./Src/aewin_def.o
LOAD ./Src/can.o
LOAD ./Src/dma.o
LOAD ./Src/freertos.o
LOAD ./Src/gpio.o
LOAD ./Src/i2c.o
LOAD ./Src/iwdg.o
LOAD ./Src/main.o
LOAD ./Src/rtc.o
LOAD ./Src/spi.o
LOAD ./Src/startup_stm32f091xc.o
LOAD ./Src/stm32f0xx_hal_msp.o
LOAD ./Src/stm32f0xx_hal_timebase_TIM.o
LOAD ./Src/stm32f0xx_it.o
LOAD ./Src/system_stm32f0xx.o
LOAD ./Src/tim.o
LOAD ./Src/usart.o
LOAD ./Middlewares/Third_Party/FreeRTOS/Source/portable/MemMang/heap_4.o
LOAD ./Middlewares/Third_Party/FreeRTOS/Source/portable/GCC/ARM_CM0/port.o
LOAD ./Middlewares/Third_Party/FreeRTOS/Source/CMSIS_RTOS/cmsis_os.o
LOAD ./Middlewares/Third_Party/FreeRTOS/Source/croutine.o
LOAD ./Middlewares/Third_Party/FreeRTOS/Source/event_groups.o
LOAD ./Middlewares/Third_Party/FreeRTOS/Source/list.o
LOAD ./Middlewares/Third_Party/FreeRTOS/Source/queue.o
LOAD ./Middlewares/Third_Party/FreeRTOS/Source/tasks.o
LOAD ./Middlewares/Third_Party/FreeRTOS/Source/timers.o
LOAD ./Drivers/STM32F0xx_HAL_Driver/Src/stm32f0xx_hal.o
LOAD ./Drivers/STM32F0xx_HAL_Driver/Src/stm32f0xx_hal_adc.o
LOAD ./Drivers/STM32F0xx_HAL_Driver/Src/stm32f0xx_hal_adc_ex.o
LOAD ./Drivers/STM32F0xx_HAL_Driver/Src/stm32f0xx_hal_can.o
LOAD ./Drivers/STM32F0xx_HAL_Driver/Src/stm32f0xx_hal_cortex.o
LOAD ./Drivers/STM32F0xx_HAL_Driver/Src/stm32f0xx_hal_dma.o
LOAD ./Drivers/STM32F0xx_HAL_Driver/Src/stm32f0xx_hal_flash.o
LOAD ./Drivers/STM32F0xx_HAL_Driver/Src/stm32f0xx_hal_flash_ex.o
LOAD ./Drivers/STM32F0xx_HAL_Driver/Src/stm32f0xx_hal_gpio.o
LOAD ./Drivers/STM32F0xx_HAL_Driver/Src/stm32f0xx_hal_i2c.o
LOAD ./Drivers/STM32F0xx_HAL_Driver/Src/stm32f0xx_hal_i2c_ex.o
LOAD ./Drivers/STM32F0xx_HAL_Driver/Src/stm32f0xx_hal_iwdg.o
LOAD ./Drivers/STM32F0xx_HAL_Driver/Src/stm32f0xx_hal_pwr.o
LOAD ./Drivers/STM32F0xx_HAL_Driver/Src/stm32f0xx_hal_pwr_ex.o
LOAD ./Drivers/STM32F0xx_HAL_Driver/Src/stm32f0xx_hal_rcc.o
LOAD ./Drivers/STM32F0xx_HAL_Driver/Src/stm32f0xx_hal_rcc_ex.o
LOAD ./Drivers/STM32F0xx_HAL_Driver/Src/stm32f0xx_hal_rtc.o
LOAD ./Drivers/STM32F0xx_HAL_Driver/Src/stm32f0xx_hal_rtc_ex.o
LOAD ./Drivers/STM32F0xx_HAL_Driver/Src/stm32f0xx_hal_spi.o
LOAD ./Drivers/STM32F0xx_HAL_Driver/Src/stm32f0xx_hal_spi_ex.o
LOAD ./Drivers/STM32F0xx_HAL_Driver/Src/stm32f0xx_hal_tim.o
LOAD ./Drivers/STM32F0xx_HAL_Driver/Src/stm32f0xx_hal_tim_ex.o
LOAD ./Drivers/STM32F0xx_HAL_Driver/Src/stm32f0xx_hal_uart.o
LOAD ./Drivers/STM32F0xx_HAL_Driver/Src/stm32f0xx_hal_uart_ex.o
START GROUP
LOAD c:/program files (x86)/gnu tools arm embedded/6 2017-q2-update/bin/../lib/gcc/arm-none-eabi/6.3.1/thumb/v6-m\libgcc.a
LOAD c:/program files (x86)/gnu tools arm embedded/6 2017-q2-update/bin/../lib/gcc/arm-none-eabi/6.3.1/../../../../arm-none-eabi/lib/thumb/v6-m\libg_nano.a
LOAD c:/program files (x86)/gnu tools arm embedded/6 2017-q2-update/bin/../lib/gcc/arm-none-eabi/6.3.1/../../../../arm-none-eabi/lib/thumb/v6-m\libc_nano.a
END GROUP
START GROUP
LOAD c:/program files (x86)/gnu tools arm embedded/6 2017-q2-update/bin/../lib/gcc/arm-none-eabi/6.3.1/thumb/v6-m\libgcc.a
LOAD c:/program files (x86)/gnu tools arm embedded/6 2017-q2-update/bin/../lib/gcc/arm-none-eabi/6.3.1/../../../../arm-none-eabi/lib/thumb/v6-m\libc_nano.a
LOAD c:/program files (x86)/gnu tools arm embedded/6 2017-q2-update/bin/../lib/gcc/arm-none-eabi/6.3.1/../../../../arm-none-eabi/lib/thumb/v6-m\libnosys.a
END GROUP
START GROUP
LOAD c:/program files (x86)/gnu tools arm embedded/6 2017-q2-update/bin/../lib/gcc/arm-none-eabi/6.3.1/thumb/v6-m\libgcc.a
LOAD c:/program files (x86)/gnu tools arm embedded/6 2017-q2-update/bin/../lib/gcc/arm-none-eabi/6.3.1/../../../../arm-none-eabi/lib/thumb/v6-m\libc_nano.a
LOAD c:/program files (x86)/gnu tools arm embedded/6 2017-q2-update/bin/../lib/gcc/arm-none-eabi/6.3.1/../../../../arm-none-eabi/lib/thumb/v6-m\libnosys.a
END GROUP
LOAD c:/program files (x86)/gnu tools arm embedded/6 2017-q2-update/bin/../lib/gcc/arm-none-eabi/6.3.1/thumb/v6-m/crtend.o
LOAD c:/program files (x86)/gnu tools arm embedded/6 2017-q2-update/bin/../lib/gcc/arm-none-eabi/6.3.1/thumb/v6-m/crtn.o
                0x20008000                _estack = 0x20008000
                0x00000200                _Min_Heap_Size = 0x200
                0x00000400                _Min_Stack_Size = 0x400

.isr_vector     0x08000000       0xbc
                0x08000000                . = ALIGN (0x4)
 *(.isr_vector)
 .isr_vector    0x08000000       0xbc ./Src/startup_stm32f091xc.o
                0x08000000                g_pfnVectors
                0x080000bc                . = ALIGN (0x4)

.text           0x080000c0     0xb420
                0x080000c0                . = ALIGN (0x4)
 *(.text)
 .text          0x080000c0       0x60 c:/program files (x86)/gnu tools arm embedded/6 2017-q2-update/bin/../lib/gcc/arm-none-eabi/6.3.1/thumb/v6-m/crtbegin.o
 .text          0x08000120       0x14 c:/program files (x86)/gnu tools arm embedded/6 2017-q2-update/bin/../lib/gcc/arm-none-eabi/6.3.1/thumb/v6-m\libgcc.a(_thumb1_case_sqi.o)
                0x08000120                __gnu_thumb1_case_sqi
 .text          0x08000134       0x14 c:/program files (x86)/gnu tools arm embedded/6 2017-q2-update/bin/../lib/gcc/arm-none-eabi/6.3.1/thumb/v6-m\libgcc.a(_thumb1_case_uqi.o)
                0x08000134                __gnu_thumb1_case_uqi
 .text          0x08000148       0x14 c:/program files (x86)/gnu tools arm embedded/6 2017-q2-update/bin/../lib/gcc/arm-none-eabi/6.3.1/thumb/v6-m\libgcc.a(_thumb1_case_shi.o)
                0x08000148                __gnu_thumb1_case_shi
 .text          0x0800015c      0x114 c:/program files (x86)/gnu tools arm embedded/6 2017-q2-update/bin/../lib/gcc/arm-none-eabi/6.3.1/thumb/v6-m\libgcc.a(_udivsi3.o)
                0x0800015c                __aeabi_uidiv
                0x0800015c                __udivsi3
                0x08000268                __aeabi_uidivmod
 .text          0x08000270        0x4 c:/program files (x86)/gnu tools arm embedded/6 2017-q2-update/bin/../lib/gcc/arm-none-eabi/6.3.1/thumb/v6-m\libgcc.a(_dvmd_tls.o)
                0x08000270                __aeabi_idiv0
                0x08000270                __aeabi_ldiv0
 .text          0x08000274       0x18 c:/program files (x86)/gnu tools arm embedded/6 2017-q2-update/bin/../lib/gcc/arm-none-eabi/6.3.1/thumb/v6-m\libgcc.a(_lshrdi3.o)
                0x08000274                __lshrdi3
                0x08000274                __aeabi_llsr
 .text          0x0800028c      0x620 c:/program files (x86)/gnu tools arm embedded/6 2017-q2-update/bin/../lib/gcc/arm-none-eabi/6.3.1/thumb/v6-m\libgcc.a(adddf3.o)
                0x0800028c                __aeabi_dadd
 .text          0x080008ac      0x500 c:/program files (x86)/gnu tools arm embedded/6 2017-q2-update/bin/../lib/gcc/arm-none-eabi/6.3.1/thumb/v6-m\libgcc.a(muldf3.o)
                0x080008ac                __aeabi_dmul
 .text          0x08000dac       0x84 c:/program files (x86)/gnu tools arm embedded/6 2017-q2-update/bin/../lib/gcc/arm-none-eabi/6.3.1/thumb/v6-m\libgcc.a(floatsidf.o)
                0x08000dac                __aeabi_i2d
 .text          0x08000e30       0x3c c:/program files (x86)/gnu tools arm embedded/6 2017-q2-update/bin/../lib/gcc/arm-none-eabi/6.3.1/thumb/v6-m\libgcc.a(_clzsi2.o)
                0x08000e30                __clzsi2
 *(.text*)
 .text.MX_ADC_Init
                0x08000e6c       0x88 ./Src/adc.o
                0x08000e6c                MX_ADC_Init
 .text.HAL_ADC_MspInit
                0x08000ef4       0x9c ./Src/adc.o
                0x08000ef4                HAL_ADC_MspInit
 .text.MX_CAN_Init
                0x08000f90       0x4c ./Src/can.o
                0x08000f90                MX_CAN_Init
 .text.HAL_CAN_MspInit
                0x08000fdc       0x60 ./Src/can.o
                0x08000fdc                HAL_CAN_MspInit
 .text.MX_DMA_Init
                0x0800103c       0x5c ./Src/dma.o
                0x0800103c                MX_DMA_Init
 .text.StartDefaultTask
                0x08001098        0xa ./Src/freertos.o
                0x08001098                StartDefaultTask
 *fill*         0x080010a2        0x2 
 .text.cmd_proc_entry
                0x080010a4       0x44 ./Src/freertos.o
                0x080010a4                cmd_proc_entry
 .text.usart3_entry
                0x080010e8      0x1b4 ./Src/freertos.o
                0x080010e8                usart3_entry
 .text.gpio_state_entry
                0x0800129c       0xa0 ./Src/freertos.o
                0x0800129c                gpio_state_entry
 .text.can_entry
                0x0800133c       0xac ./Src/freertos.o
                0x0800133c                can_entry
 .text.aewin_dbg
                0x080013e8       0x60 ./Src/freertos.o
                0x080013e8                aewin_dbg
 .text.i2c1_entry
                0x08001448      0x108 ./Src/freertos.o
                0x08001448                i2c1_entry
 .text.adc_entry
                0x08001550       0x78 ./Src/freertos.o
                0x08001550                adc_entry
 .text.HAL_RTC_AlarmAEventCallback
                0x080015c8       0x54 ./Src/freertos.o
                0x080015c8                HAL_RTC_AlarmAEventCallback
 .text.adc_voltageConversion_float
                0x0800161c       0x20 ./Src/freertos.o
                0x0800161c                adc_voltageConversion_float
 .text.adc_tempConversion_int
                0x0800163c       0x24 ./Src/freertos.o
                0x0800163c                adc_tempConversion_int
 .text.adc_tempConversion_float
                0x08001660       0x28 ./Src/freertos.o
                0x08001660                adc_tempConversion_float
 .text.usart1_entry
                0x08001688      0xfc8 ./Src/freertos.o
                0x08001688                usart1_entry
 .text.uart_findDataIndex
                0x08002650       0x36 ./Src/freertos.o
                0x08002650                uart_findDataIndex
 .text.uart2_isFindString
                0x08002686       0x54 ./Src/freertos.o
                0x08002686                uart2_isFindString
 *fill*         0x080026da        0x2 
 .text.enable_4GModule
                0x080026dc       0x40 ./Src/freertos.o
                0x080026dc                enable_4GModule
 .text.print_atCommand
                0x0800271c       0x34 ./Src/freertos.o
                0x0800271c                print_atCommand
 .text.usart2_entry
                0x08002750      0xa00 ./Src/freertos.o
                0x08002750                usart2_entry
 .text.check_lowPower
                0x08003150       0x4c ./Src/freertos.o
                0x08003150                check_lowPower
 .text.check_highPower
                0x0800319c       0x4c ./Src/freertos.o
                0x0800319c                check_highPower
 .text.ignition_entry
                0x080031e8      0x458 ./Src/freertos.o
                0x080031e8                ignition_entry
 .text.config_recovery
                0x08003640       0x1c ./Src/freertos.o
                0x08003640                config_recovery
 .text.MX_FREERTOS_Init
                0x0800365c      0x364 ./Src/freertos.o
                0x0800365c                MX_FREERTOS_Init
 .text.write_setting_to_eeprom
                0x080039c0       0x58 ./Src/freertos.o
                0x080039c0                write_setting_to_eeprom
 .text.spi1_entry
                0x08003a18      0x60c ./Src/freertos.o
                0x08003a18                spi1_entry
 .text.JumpToBootloader
                0x08004024       0x84 ./Src/freertos.o
                0x08004024                JumpToBootloader
 .text.IWDG_entry
                0x080040a8       0xa4 ./Src/freertos.o
                0x080040a8                IWDG_entry
 .text.MX_GPIO_Init
                0x0800414c       0xf4 ./Src/gpio.o
                0x0800414c                MX_GPIO_Init
 .text.MX_I2C1_Init
                0x08004240       0x6c ./Src/i2c.o
                0x08004240                MX_I2C1_Init
 .text.MX_I2C2_Init
                0x080042ac       0x6c ./Src/i2c.o
                0x080042ac                MX_I2C2_Init
 .text.HAL_I2C_MspInit
                0x08004318       0xac ./Src/i2c.o
                0x08004318                HAL_I2C_MspInit
 .text.MX_IWDG_Init
                0x080043c4       0x34 ./Src/iwdg.o
                0x080043c4                MX_IWDG_Init
 .text.SystemClock_Config
                0x080043f8       0xa4 ./Src/main.o
                0x080043f8                SystemClock_Config
 .text.startup.main
                0x0800449c       0x4c ./Src/main.o
                0x0800449c                main
 .text.HAL_TIM_PeriodElapsedCallback
                0x080044e8       0x14 ./Src/main.o
                0x080044e8                HAL_TIM_PeriodElapsedCallback
 .text._Error_Handler
                0x080044fc        0x2 ./Src/main.o
                0x080044fc                _Error_Handler
 *fill*         0x080044fe        0x2 
 .text.MX_RTC_Init
                0x08004500      0x108 ./Src/rtc.o
                0x08004500                MX_RTC_Init
 .text.HAL_RTC_MspInit
                0x08004608       0x30 ./Src/rtc.o
                0x08004608                HAL_RTC_MspInit
 .text.MX_SPI1_Init
                0x08004638       0x54 ./Src/spi.o
                0x08004638                MX_SPI1_Init
 .text.HAL_SPI_MspInit
                0x0800468c       0x60 ./Src/spi.o
                0x0800468c                HAL_SPI_MspInit
 .text.Reset_Handler
                0x080046ec       0x50 ./Src/startup_stm32f091xc.o
                0x080046ec                Reset_Handler
 .text.Default_Handler
                0x0800473c        0x2 ./Src/startup_stm32f091xc.o
                0x0800473c                TIM1_CC_IRQHandler
                0x0800473c                TSC_IRQHandler
                0x0800473c                ADC1_COMP_IRQHandler
                0x0800473c                RCC_CRS_IRQHandler
                0x0800473c                SPI1_IRQHandler
                0x0800473c                TIM6_DAC_IRQHandler
                0x0800473c                EXTI2_3_IRQHandler
                0x0800473c                I2C2_IRQHandler
                0x0800473c                TIM17_IRQHandler
                0x0800473c                PVD_VDDIO2_IRQHandler
                0x0800473c                TIM16_IRQHandler
                0x0800473c                TIM3_IRQHandler
                0x0800473c                EXTI4_15_IRQHandler
                0x0800473c                Default_Handler
                0x0800473c                TIM14_IRQHandler
                0x0800473c                TIM7_IRQHandler
                0x0800473c                TIM15_IRQHandler
                0x0800473c                EXTI0_1_IRQHandler
                0x0800473c                SPI2_IRQHandler
                0x0800473c                WWDG_IRQHandler
                0x0800473c                TIM2_IRQHandler
                0x0800473c                FLASH_IRQHandler
 *fill*         0x0800473e        0x2 
 .text.HAL_MspInit
                0x08004740       0x3c ./Src/stm32f0xx_hal_msp.o
                0x08004740                HAL_MspInit
 .text.HAL_InitTick
                0x0800477c       0x7c ./Src/stm32f0xx_hal_timebase_TIM.o
                0x0800477c                HAL_InitTick
 .text.NMI_Handler
                0x080047f8        0x2 ./Src/stm32f0xx_it.o
                0x080047f8                NMI_Handler
 .text.HardFault_Handler
                0x080047fa        0x2 ./Src/stm32f0xx_it.o
                0x080047fa                HardFault_Handler
 .text.SysTick_Handler
                0x080047fc        0x8 ./Src/stm32f0xx_it.o
                0x080047fc                SysTick_Handler
 .text.RTC_IRQHandler
                0x08004804       0x1c ./Src/stm32f0xx_it.o
                0x08004804                RTC_IRQHandler
 .text.DMA1_Ch1_IRQHandler
                0x08004820       0x10 ./Src/stm32f0xx_it.o
                0x08004820                DMA1_Ch1_IRQHandler
 .text.DMA1_Ch2_3_DMA2_Ch1_2_IRQHandler
                0x08004830       0x2c ./Src/stm32f0xx_it.o
                0x08004830                DMA1_Ch2_3_DMA2_Ch1_2_IRQHandler
 .text.DMA1_Ch4_7_DMA2_Ch3_5_IRQHandler
                0x0800485c       0x18 ./Src/stm32f0xx_it.o
                0x0800485c                DMA1_Ch4_7_DMA2_Ch3_5_IRQHandler
 .text.TIM1_BRK_UP_TRG_COM_IRQHandler
                0x08004874       0x10 ./Src/stm32f0xx_it.o
                0x08004874                TIM1_BRK_UP_TRG_COM_IRQHandler
 .text.I2C1_IRQHandler
                0x08004884       0x20 ./Src/stm32f0xx_it.o
                0x08004884                I2C1_IRQHandler
 .text.USART1_IRQHandler
                0x080048a4       0x10 ./Src/stm32f0xx_it.o
                0x080048a4                USART1_IRQHandler
 .text.USART2_IRQHandler
                0x080048b4       0x10 ./Src/stm32f0xx_it.o
                0x080048b4                USART2_IRQHandler
 .text.USART3_8_IRQHandler
                0x080048c4       0x10 ./Src/stm32f0xx_it.o
                0x080048c4                USART3_8_IRQHandler
 .text.CEC_CAN_IRQHandler
                0x080048d4       0x10 ./Src/stm32f0xx_it.o
                0x080048d4                CEC_CAN_IRQHandler
 .text.SystemInit
                0x080048e4       0x60 ./Src/system_stm32f0xx.o
                0x080048e4                SystemInit
 .text.MX_TIM2_Init
                0x08004944       0x88 ./Src/tim.o
                0x08004944                MX_TIM2_Init
 .text.HAL_TIM_Base_MspInit
                0x080049cc       0x48 ./Src/tim.o
                0x080049cc                HAL_TIM_Base_MspInit
 .text.HAL_TIM_MspPostInit
                0x08004a14       0x30 ./Src/tim.o
                0x08004a14                HAL_TIM_MspPostInit
 .text.MX_TIM14_Init
                0x08004a44       0x70 ./Src/tim.o
                0x08004a44                MX_TIM14_Init
 .text.MX_USART1_UART_Init
                0x08004ab4       0x40 ./Src/usart.o
                0x08004ab4                MX_USART1_UART_Init
 .text.MX_USART2_UART_Init
                0x08004af4       0x40 ./Src/usart.o
                0x08004af4                MX_USART2_UART_Init
 .text.MX_USART3_UART_Init
                0x08004b34       0x50 ./Src/usart.o
                0x08004b34                MX_USART3_UART_Init
 .text.HAL_UART_MspInit
                0x08004b84      0x2f0 ./Src/usart.o
                0x08004b84                HAL_UART_MspInit
 .text.unlikely.prvInsertBlockIntoFreeList
                0x08004e74       0x48 ./Middlewares/Third_Party/FreeRTOS/Source/portable/MemMang/heap_4.o
 .text.pvPortMalloc
                0x08004ebc      0x104 ./Middlewares/Third_Party/FreeRTOS/Source/portable/MemMang/heap_4.o
                0x08004ebc                pvPortMalloc
 .text.vPortFree
                0x08004fc0       0x48 ./Middlewares/Third_Party/FreeRTOS/Source/portable/MemMang/heap_4.o
                0x08004fc0                vPortFree
 .text.prvTaskExitError
                0x08005008       0x14 ./Middlewares/Third_Party/FreeRTOS/Source/portable/GCC/ARM_CM0/port.o
 *fill*         0x0800501c        0x4 
 .text.vPortStartFirstTask
                0x08005020       0x34 ./Middlewares/Third_Party/FreeRTOS/Source/portable/GCC/ARM_CM0/port.o
 .text.pxPortInitialiseStack
                0x08005054       0x20 ./Middlewares/Third_Party/FreeRTOS/Source/portable/GCC/ARM_CM0/port.o
                0x08005054                pxPortInitialiseStack
 .text.SVC_Handler
                0x08005074        0x2 ./Middlewares/Third_Party/FreeRTOS/Source/portable/GCC/ARM_CM0/port.o
                0x08005074                SVC_Handler
 *fill*         0x08005076        0x2 
 .text.vPortYield
                0x08005078       0x18 ./Middlewares/Third_Party/FreeRTOS/Source/portable/GCC/ARM_CM0/port.o
                0x08005078                vPortYield
 .text.vPortEnterCritical
                0x08005090       0x18 ./Middlewares/Third_Party/FreeRTOS/Source/portable/GCC/ARM_CM0/port.o
                0x08005090                vPortEnterCritical
 .text.vPortExitCritical
                0x080050a8       0x1c ./Middlewares/Third_Party/FreeRTOS/Source/portable/GCC/ARM_CM0/port.o
                0x080050a8                vPortExitCritical
 .text.ulSetInterruptMaskFromISR
                0x080050c4        0xa ./Middlewares/Third_Party/FreeRTOS/Source/portable/GCC/ARM_CM0/port.o
                0x080050c4                ulSetInterruptMaskFromISR
 .text.vClearInterruptMaskFromISR
                0x080050ce        0x6 ./Middlewares/Third_Party/FreeRTOS/Source/portable/GCC/ARM_CM0/port.o
                0x080050ce                vClearInterruptMaskFromISR
 *fill*         0x080050d4        0xc 
 .text.PendSV_Handler
                0x080050e0       0x44 ./Middlewares/Third_Party/FreeRTOS/Source/portable/GCC/ARM_CM0/port.o
                0x080050e0                PendSV_Handler
 .text.xPortSysTickHandler
                0x08005124       0x24 ./Middlewares/Third_Party/FreeRTOS/Source/portable/GCC/ARM_CM0/port.o
                0x08005124                xPortSysTickHandler
 .text.vPortSetupTimerInterrupt
                0x08005148       0x28 ./Middlewares/Third_Party/FreeRTOS/Source/portable/GCC/ARM_CM0/port.o
                0x08005148                vPortSetupTimerInterrupt
 .text.xPortStartScheduler
                0x08005170       0x34 ./Middlewares/Third_Party/FreeRTOS/Source/portable/GCC/ARM_CM0/port.o
                0x08005170                xPortStartScheduler
 .text.osKernelStart
                0x080051a4        0xa ./Middlewares/Third_Party/FreeRTOS/Source/CMSIS_RTOS/cmsis_os.o
                0x080051a4                osKernelStart
 .text.osThreadCreate
                0x080051ae       0x30 ./Middlewares/Third_Party/FreeRTOS/Source/CMSIS_RTOS/cmsis_os.o
                0x080051ae                osThreadCreate
 .text.osThreadTerminate
                0x080051de        0xa ./Middlewares/Third_Party/FreeRTOS/Source/CMSIS_RTOS/cmsis_os.o
                0x080051de                osThreadTerminate
 .text.osDelay  0x080051e8       0x10 ./Middlewares/Third_Party/FreeRTOS/Source/CMSIS_RTOS/cmsis_os.o
                0x080051e8                osDelay
 .text.osMutexCreate
                0x080051f8        0xa ./Middlewares/Third_Party/FreeRTOS/Source/CMSIS_RTOS/cmsis_os.o
                0x080051f8                osMutexCreate
 *fill*         0x08005202        0x2 
 .text.osMutexWait
                0x08005204       0x4c ./Middlewares/Third_Party/FreeRTOS/Source/CMSIS_RTOS/cmsis_os.o
                0x08005204                osMutexWait
 .text.osSemaphoreRelease
                0x08005250       0x40 ./Middlewares/Third_Party/FreeRTOS/Source/CMSIS_RTOS/cmsis_os.o
                0x08005250                osSemaphoreRelease
 .text.osMutexRelease
                0x08005290        0x8 ./Middlewares/Third_Party/FreeRTOS/Source/CMSIS_RTOS/cmsis_os.o
                0x08005290                osMutexRelease
 .text.osMessageCreate
                0x08005298        0xe ./Middlewares/Third_Party/FreeRTOS/Source/CMSIS_RTOS/cmsis_os.o
                0x08005298                osMessageCreate
 *fill*         0x080052a6        0x2 
 .text.osMessagePut
                0x080052a8       0x4c ./Middlewares/Third_Party/FreeRTOS/Source/CMSIS_RTOS/cmsis_os.o
                0x080052a8                osMessagePut
 .text.osMessageGet
                0x080052f4       0x74 ./Middlewares/Third_Party/FreeRTOS/Source/CMSIS_RTOS/cmsis_os.o
                0x080052f4                osMessageGet
 .text.osSystickHandler
                0x08005368       0x10 ./Middlewares/Third_Party/FreeRTOS/Source/CMSIS_RTOS/cmsis_os.o
                0x08005368                osSystickHandler
 .text.vListInitialise
                0x08005378       0x16 ./Middlewares/Third_Party/FreeRTOS/Source/list.o
                0x08005378                vListInitialise
 .text.vListInitialiseItem
                0x0800538e        0x6 ./Middlewares/Third_Party/FreeRTOS/Source/list.o
                0x0800538e                vListInitialiseItem
 .text.vListInsertEnd
                0x08005394       0x18 ./Middlewares/Third_Party/FreeRTOS/Source/list.o
                0x08005394                vListInsertEnd
 .text.vListInsert
                0x080053ac       0x2e ./Middlewares/Third_Party/FreeRTOS/Source/list.o
                0x080053ac                vListInsert
 .text.uxListRemove
                0x080053da       0x20 ./Middlewares/Third_Party/FreeRTOS/Source/list.o
                0x080053da                uxListRemove
 .text.unlikely.prvCopyDataToQueue
                0x080053fa       0x70 ./Middlewares/Third_Party/FreeRTOS/Source/queue.o
 .text.unlikely.prvCopyDataFromQueue
                0x0800546a       0x24 ./Middlewares/Third_Party/FreeRTOS/Source/queue.o
 .text.prvUnlockQueue
                0x0800548e       0x6a ./Middlewares/Third_Party/FreeRTOS/Source/queue.o
 .text.xQueueGenericReset
                0x080054f8       0x68 ./Middlewares/Third_Party/FreeRTOS/Source/queue.o
                0x080054f8                xQueueGenericReset
 .text.xQueueGenericCreate
                0x08005560       0x3a ./Middlewares/Third_Party/FreeRTOS/Source/queue.o
                0x08005560                xQueueGenericCreate
 .text.xQueueGenericSend
                0x0800559a      0x11e ./Middlewares/Third_Party/FreeRTOS/Source/queue.o
                0x0800559a                xQueueGenericSend
 .text.xQueueCreateMutex
                0x080056b8       0x24 ./Middlewares/Third_Party/FreeRTOS/Source/queue.o
                0x080056b8                xQueueCreateMutex
 .text.xQueueGenericSendFromISR
                0x080056dc       0x92 ./Middlewares/Third_Party/FreeRTOS/Source/queue.o
                0x080056dc                xQueueGenericSendFromISR
 .text.xQueueGiveFromISR
                0x0800576e       0x7a ./Middlewares/Third_Party/FreeRTOS/Source/queue.o
                0x0800576e                xQueueGiveFromISR
 .text.xQueueGenericReceive
                0x080057e8      0x14c ./Middlewares/Third_Party/FreeRTOS/Source/queue.o
                0x080057e8                xQueueGenericReceive
 .text.xQueueReceiveFromISR
                0x08005934       0x80 ./Middlewares/Third_Party/FreeRTOS/Source/queue.o
                0x08005934                xQueueReceiveFromISR
 .text.prvResetNextTaskUnblockTime
                0x080059b4       0x28 ./Middlewares/Third_Party/FreeRTOS/Source/tasks.o
 .text.prvAddCurrentTaskToDelayedList
                0x080059dc       0x70 ./Middlewares/Third_Party/FreeRTOS/Source/tasks.o
 .text.xTaskCreate
                0x08005a4c      0x188 ./Middlewares/Third_Party/FreeRTOS/Source/tasks.o
                0x08005a4c                xTaskCreate
 .text.vTaskDelete
                0x08005bd4       0xa0 ./Middlewares/Third_Party/FreeRTOS/Source/tasks.o
                0x08005bd4                vTaskDelete
 .text.vTaskStartScheduler
                0x08005c74       0x54 ./Middlewares/Third_Party/FreeRTOS/Source/tasks.o
                0x08005c74                vTaskStartScheduler
 .text.vTaskSuspendAll
                0x08005cc8       0x10 ./Middlewares/Third_Party/FreeRTOS/Source/tasks.o
                0x08005cc8                vTaskSuspendAll
 .text.xTaskIncrementTick
                0x08005cd8       0xfc ./Middlewares/Third_Party/FreeRTOS/Source/tasks.o
                0x08005cd8                xTaskIncrementTick
 .text.xTaskResumeAll
                0x08005dd4       0xd0 ./Middlewares/Third_Party/FreeRTOS/Source/tasks.o
                0x08005dd4                xTaskResumeAll
 .text.vTaskDelay
                0x08005ea4       0x34 ./Middlewares/Third_Party/FreeRTOS/Source/tasks.o
                0x08005ea4                vTaskDelay
 .text.prvIdleTask
                0x08005ed8       0x68 ./Middlewares/Third_Party/FreeRTOS/Source/tasks.o
 .text.vTaskSwitchContext
                0x08005f40       0x6c ./Middlewares/Third_Party/FreeRTOS/Source/tasks.o
                0x08005f40                vTaskSwitchContext
 .text.vTaskPlaceOnEventList
                0x08005fac       0x24 ./Middlewares/Third_Party/FreeRTOS/Source/tasks.o
                0x08005fac                vTaskPlaceOnEventList
 .text.xTaskRemoveFromEventList
                0x08005fd0       0x78 ./Middlewares/Third_Party/FreeRTOS/Source/tasks.o
                0x08005fd0                xTaskRemoveFromEventList
 .text.vTaskSetTimeOutState
                0x08006048       0x20 ./Middlewares/Third_Party/FreeRTOS/Source/tasks.o
                0x08006048                vTaskSetTimeOutState
 .text.xTaskCheckForTimeOut
                0x08006068       0x60 ./Middlewares/Third_Party/FreeRTOS/Source/tasks.o
                0x08006068                xTaskCheckForTimeOut
 .text.vTaskMissedYield
                0x080060c8        0xc ./Middlewares/Third_Party/FreeRTOS/Source/tasks.o
                0x080060c8                vTaskMissedYield
 .text.xTaskGetSchedulerState
                0x080060d4       0x20 ./Middlewares/Third_Party/FreeRTOS/Source/tasks.o
                0x080060d4                xTaskGetSchedulerState
 .text.vTaskPriorityInherit
                0x080060f4       0x6c ./Middlewares/Third_Party/FreeRTOS/Source/tasks.o
                0x080060f4                vTaskPriorityInherit
 .text.xTaskPriorityDisinherit
                0x08006160       0x6c ./Middlewares/Third_Party/FreeRTOS/Source/tasks.o
                0x08006160                xTaskPriorityDisinherit
 .text.pvTaskIncrementMutexHeldCount
                0x080061cc       0x18 ./Middlewares/Third_Party/FreeRTOS/Source/tasks.o
                0x080061cc                pvTaskIncrementMutexHeldCount
 .text.HAL_Init
                0x080061e4       0x20 ./Drivers/STM32F0xx_HAL_Driver/Src/stm32f0xx_hal.o
                0x080061e4                HAL_Init
 .text.HAL_IncTick
                0x08006204       0x10 ./Drivers/STM32F0xx_HAL_Driver/Src/stm32f0xx_hal.o
                0x08006204                HAL_IncTick
 .text.HAL_GetTick
                0x08006214        0xc ./Drivers/STM32F0xx_HAL_Driver/Src/stm32f0xx_hal.o
                0x08006214                HAL_GetTick
 .text.HAL_Delay
                0x08006220       0x20 ./Drivers/STM32F0xx_HAL_Driver/Src/stm32f0xx_hal.o
                0x08006220                HAL_Delay
 .text.ADC_Disable
                0x08006240       0x72 ./Drivers/STM32F0xx_HAL_Driver/Src/stm32f0xx_hal_adc.o
 *fill*         0x080062b2        0x2 
 .text.ADC_Enable
                0x080062b4       0x98 ./Drivers/STM32F0xx_HAL_Driver/Src/stm32f0xx_hal_adc.o
 .text.ADC_ConversionStop
                0x0800634c       0x52 ./Drivers/STM32F0xx_HAL_Driver/Src/stm32f0xx_hal_adc.o
 *fill*         0x0800639e        0x2 
 .text.HAL_ADC_Init
                0x080063a0      0x14c ./Drivers/STM32F0xx_HAL_Driver/Src/stm32f0xx_hal_adc.o
                0x080063a0                HAL_ADC_Init
 .text.HAL_ADC_Start_DMA
                0x080064ec       0x94 ./Drivers/STM32F0xx_HAL_Driver/Src/stm32f0xx_hal_adc.o
                0x080064ec                HAL_ADC_Start_DMA
 .text.HAL_ADC_Stop_DMA
                0x08006580       0x70 ./Drivers/STM32F0xx_HAL_Driver/Src/stm32f0xx_hal_adc.o
                0x08006580                HAL_ADC_Stop_DMA
 .text.HAL_ADC_ConvCpltCallback
                0x080065f0        0x2 ./Drivers/STM32F0xx_HAL_Driver/Src/stm32f0xx_hal_adc.o
                0x080065f0                HAL_ADC_ConvCpltCallback
 *fill*         0x080065f2        0x2 
 .text.ADC_DMAConvCplt
                0x080065f4       0x70 ./Drivers/STM32F0xx_HAL_Driver/Src/stm32f0xx_hal_adc.o
 .text.HAL_ADC_ConvHalfCpltCallback
                0x08006664        0x2 ./Drivers/STM32F0xx_HAL_Driver/Src/stm32f0xx_hal_adc.o
                0x08006664                HAL_ADC_ConvHalfCpltCallback
 .text.ADC_DMAHalfConvCplt
                0x08006666        0xa ./Drivers/STM32F0xx_HAL_Driver/Src/stm32f0xx_hal_adc.o
 .text.HAL_ADC_ErrorCallback
                0x08006670        0x2 ./Drivers/STM32F0xx_HAL_Driver/Src/stm32f0xx_hal_adc.o
                0x08006670                HAL_ADC_ErrorCallback
 .text.ADC_DMAError
                0x08006672       0x1a ./Drivers/STM32F0xx_HAL_Driver/Src/stm32f0xx_hal_adc.o
 .text.HAL_ADC_ConfigChannel
                0x0800668c      0x100 ./Drivers/STM32F0xx_HAL_Driver/Src/stm32f0xx_hal_adc.o
                0x0800668c                HAL_ADC_ConfigChannel
 .text.HAL_CAN_ConfigFilter
                0x0800678c       0xdc ./Drivers/STM32F0xx_HAL_Driver/Src/stm32f0xx_hal_can.o
                0x0800678c                HAL_CAN_ConfigFilter
 .text.HAL_CAN_Init
                0x08006868      0x13c ./Drivers/STM32F0xx_HAL_Driver/Src/stm32f0xx_hal_can.o
                0x08006868                HAL_CAN_Init
 .text.HAL_CAN_Transmit
                0x080069a4      0x1c0 ./Drivers/STM32F0xx_HAL_Driver/Src/stm32f0xx_hal_can.o
                0x080069a4                HAL_CAN_Transmit
 .text.HAL_CAN_Receive_IT
                0x08006b64       0xbc ./Drivers/STM32F0xx_HAL_Driver/Src/stm32f0xx_hal_can.o
                0x08006b64                HAL_CAN_Receive_IT
 .text.HAL_CAN_TxCpltCallback
                0x08006c20        0x2 ./Drivers/STM32F0xx_HAL_Driver/Src/stm32f0xx_hal_can.o
                0x08006c20                HAL_CAN_TxCpltCallback
 .text.HAL_CAN_RxCpltCallback
                0x08006c22        0x2 ./Drivers/STM32F0xx_HAL_Driver/Src/stm32f0xx_hal_can.o
                0x08006c22                HAL_CAN_RxCpltCallback
 .text.CAN_Receive_IT
                0x08006c24      0x10c ./Drivers/STM32F0xx_HAL_Driver/Src/stm32f0xx_hal_can.o
 .text.HAL_CAN_ErrorCallback
                0x08006d30        0x2 ./Drivers/STM32F0xx_HAL_Driver/Src/stm32f0xx_hal_can.o
                0x08006d30                HAL_CAN_ErrorCallback
 *fill*         0x08006d32        0x2 
 .text.HAL_CAN_IRQHandler
                0x08006d34      0x1e4 ./Drivers/STM32F0xx_HAL_Driver/Src/stm32f0xx_hal_can.o
                0x08006d34                HAL_CAN_IRQHandler
 .text.HAL_NVIC_SetPriority
                0x08006f18       0x60 ./Drivers/STM32F0xx_HAL_Driver/Src/stm32f0xx_hal_cortex.o
                0x08006f18                HAL_NVIC_SetPriority
 .text.HAL_NVIC_EnableIRQ
                0x08006f78       0x14 ./Drivers/STM32F0xx_HAL_Driver/Src/stm32f0xx_hal_cortex.o
                0x08006f78                HAL_NVIC_EnableIRQ
 .text.HAL_SYSTICK_Config
                0x08006f8c       0x34 ./Drivers/STM32F0xx_HAL_Driver/Src/stm32f0xx_hal_cortex.o
                0x08006f8c                HAL_SYSTICK_Config
 .text.HAL_SYSTICK_CLKSourceConfig
                0x08006fc0       0x1c ./Drivers/STM32F0xx_HAL_Driver/Src/stm32f0xx_hal_cortex.o
                0x08006fc0                HAL_SYSTICK_CLKSourceConfig
 .text.DMA_CalcBaseAndBitshift
                0x08006fdc       0x48 ./Drivers/STM32F0xx_HAL_Driver/Src/stm32f0xx_hal_dma.o
 .text.HAL_DMA_Init
                0x08007024       0x58 ./Drivers/STM32F0xx_HAL_Driver/Src/stm32f0xx_hal_dma.o
                0x08007024                HAL_DMA_Init
 .text.HAL_DMA_Start_IT
                0x0800707c       0x76 ./Drivers/STM32F0xx_HAL_Driver/Src/stm32f0xx_hal_dma.o
                0x0800707c                HAL_DMA_Start_IT
 .text.HAL_DMA_Abort
                0x080070f2       0x2a ./Drivers/STM32F0xx_HAL_Driver/Src/stm32f0xx_hal_dma.o
                0x080070f2                HAL_DMA_Abort
 .text.HAL_DMA_Abort_IT
                0x0800711c       0x46 ./Drivers/STM32F0xx_HAL_Driver/Src/stm32f0xx_hal_dma.o
                0x0800711c                HAL_DMA_Abort_IT
 .text.HAL_DMA_IRQHandler
                0x08007162       0x92 ./Drivers/STM32F0xx_HAL_Driver/Src/stm32f0xx_hal_dma.o
                0x08007162                HAL_DMA_IRQHandler
 .text.FLASH_SetErrorCode
                0x080071f4       0x3c ./Drivers/STM32F0xx_HAL_Driver/Src/stm32f0xx_hal_flash.o
 .text.FLASH_WaitForLastOperation
                0x08007230       0x54 ./Drivers/STM32F0xx_HAL_Driver/Src/stm32f0xx_hal_flash.o
                0x08007230                FLASH_WaitForLastOperation
 .text.HAL_FLASH_Program
                0x08007284       0x84 ./Drivers/STM32F0xx_HAL_Driver/Src/stm32f0xx_hal_flash.o
                0x08007284                HAL_FLASH_Program
 .text.FLASH_MassErase
                0x08007308       0x24 ./Drivers/STM32F0xx_HAL_Driver/Src/stm32f0xx_hal_flash_ex.o
 .text.FLASH_PageErase
                0x0800732c       0x24 ./Drivers/STM32F0xx_HAL_Driver/Src/stm32f0xx_hal_flash_ex.o
                0x0800732c                FLASH_PageErase
 .text.HAL_FLASHEx_Erase
                0x08007350       0x94 ./Drivers/STM32F0xx_HAL_Driver/Src/stm32f0xx_hal_flash_ex.o
                0x08007350                HAL_FLASHEx_Erase
 .text.HAL_GPIO_Init
                0x080073e4      0x178 ./Drivers/STM32F0xx_HAL_Driver/Src/stm32f0xx_hal_gpio.o
                0x080073e4                HAL_GPIO_Init
 .text.HAL_GPIO_ReadPin
                0x0800755c        0xc ./Drivers/STM32F0xx_HAL_Driver/Src/stm32f0xx_hal_gpio.o
                0x0800755c                HAL_GPIO_ReadPin
 .text.HAL_GPIO_WritePin
                0x08007568        0xc ./Drivers/STM32F0xx_HAL_Driver/Src/stm32f0xx_hal_gpio.o
                0x08007568                HAL_GPIO_WritePin
 .text.I2C_Flush_TXDR
                0x08007574       0x1c ./Drivers/STM32F0xx_HAL_Driver/Src/stm32f0xx_hal_i2c.o
 .text.I2C_TransferConfig
                0x08007590       0x24 ./Drivers/STM32F0xx_HAL_Driver/Src/stm32f0xx_hal_i2c.o
 .text.I2C_Disable_IRQ
                0x080075b4       0x60 ./Drivers/STM32F0xx_HAL_Driver/Src/stm32f0xx_hal_i2c.o
 .text.I2C_WaitOnFlagUntilTimeout
                0x08007614       0x4c ./Drivers/STM32F0xx_HAL_Driver/Src/stm32f0xx_hal_i2c.o
 .text.I2C_IsAcknowledgeFailed
                0x08007660       0x80 ./Drivers/STM32F0xx_HAL_Driver/Src/stm32f0xx_hal_i2c.o
 .text.I2C_WaitOnTXISFlagUntilTimeout
                0x080076e0       0x5a ./Drivers/STM32F0xx_HAL_Driver/Src/stm32f0xx_hal_i2c.o
 *fill*         0x0800773a        0x2 
 .text.I2C_WaitOnRXNEFlagUntilTimeout
                0x0800773c       0x78 ./Drivers/STM32F0xx_HAL_Driver/Src/stm32f0xx_hal_i2c.o
 .text.I2C_WaitOnSTOPFlagUntilTimeout
                0x080077b4       0x56 ./Drivers/STM32F0xx_HAL_Driver/Src/stm32f0xx_hal_i2c.o
 *fill*         0x0800780a        0x2 
 .text.HAL_I2C_Init
                0x0800780c       0xac ./Drivers/STM32F0xx_HAL_Driver/Src/stm32f0xx_hal_i2c.o
                0x0800780c                HAL_I2C_Init
 .text.HAL_I2C_Master_Transmit
                0x080078b8      0x130 ./Drivers/STM32F0xx_HAL_Driver/Src/stm32f0xx_hal_i2c.o
                0x080078b8                HAL_I2C_Master_Transmit
 .text.HAL_I2C_Master_Receive
                0x080079e8      0x130 ./Drivers/STM32F0xx_HAL_Driver/Src/stm32f0xx_hal_i2c.o
                0x080079e8                HAL_I2C_Master_Receive
 .text.HAL_I2C_EV_IRQHandler
                0x08007b18       0x12 ./Drivers/STM32F0xx_HAL_Driver/Src/stm32f0xx_hal_i2c.o
                0x08007b18                HAL_I2C_EV_IRQHandler
 .text.HAL_I2C_SlaveTxCpltCallback
                0x08007b2a        0x2 ./Drivers/STM32F0xx_HAL_Driver/Src/stm32f0xx_hal_i2c.o
                0x08007b2a                HAL_I2C_SlaveTxCpltCallback
 .text.HAL_I2C_SlaveRxCpltCallback
                0x08007b2c        0x2 ./Drivers/STM32F0xx_HAL_Driver/Src/stm32f0xx_hal_i2c.o
                0x08007b2c                HAL_I2C_SlaveRxCpltCallback
 .text.I2C_ITSlaveSequentialCplt
                0x08007b2e       0x52 ./Drivers/STM32F0xx_HAL_Driver/Src/stm32f0xx_hal_i2c.o
 .text.HAL_I2C_AddrCallback
                0x08007b80        0x2 ./Drivers/STM32F0xx_HAL_Driver/Src/stm32f0xx_hal_i2c.o
                0x08007b80                HAL_I2C_AddrCallback
 .text.HAL_I2C_ListenCpltCallback
                0x08007b82        0x2 ./Drivers/STM32F0xx_HAL_Driver/Src/stm32f0xx_hal_i2c.o
                0x08007b82                HAL_I2C_ListenCpltCallback
 .text.I2C_ITListenCplt
                0x08007b84       0x64 ./Drivers/STM32F0xx_HAL_Driver/Src/stm32f0xx_hal_i2c.o
 .text.HAL_I2C_ErrorCallback
                0x08007be8        0x2 ./Drivers/STM32F0xx_HAL_Driver/Src/stm32f0xx_hal_i2c.o
                0x08007be8                HAL_I2C_ErrorCallback
 .text.HAL_I2C_AbortCpltCallback
                0x08007bea        0x2 ./Drivers/STM32F0xx_HAL_Driver/Src/stm32f0xx_hal_i2c.o
                0x08007bea                HAL_I2C_AbortCpltCallback
 .text.I2C_ITError
                0x08007bec       0xe0 ./Drivers/STM32F0xx_HAL_Driver/Src/stm32f0xx_hal_i2c.o
 .text.I2C_ITSlaveCplt
                0x08007ccc       0xf8 ./Drivers/STM32F0xx_HAL_Driver/Src/stm32f0xx_hal_i2c.o
 .text.I2C_Slave_ISR_IT
                0x08007dc4      0x1d0 ./Drivers/STM32F0xx_HAL_Driver/Src/stm32f0xx_hal_i2c.o
 .text.HAL_I2C_ER_IRQHandler
                0x08007f94       0x5a ./Drivers/STM32F0xx_HAL_Driver/Src/stm32f0xx_hal_i2c.o
                0x08007f94                HAL_I2C_ER_IRQHandler
 .text.I2C_DMAAbort
                0x08007fee       0x34 ./Drivers/STM32F0xx_HAL_Driver/Src/stm32f0xx_hal_i2c.o
 *fill*         0x08008022        0x2 
 .text.HAL_I2CEx_ConfigAnalogFilter
                0x08008024       0x4c ./Drivers/STM32F0xx_HAL_Driver/Src/stm32f0xx_hal_i2c_ex.o
                0x08008024                HAL_I2CEx_ConfigAnalogFilter
 .text.HAL_I2CEx_ConfigDigitalFilter
                0x08008070       0x48 ./Drivers/STM32F0xx_HAL_Driver/Src/stm32f0xx_hal_i2c_ex.o
                0x08008070                HAL_I2CEx_ConfigDigitalFilter
 .text.HAL_I2CEx_EnableFastModePlus
                0x080080b8       0x28 ./Drivers/STM32F0xx_HAL_Driver/Src/stm32f0xx_hal_i2c_ex.o
                0x080080b8                HAL_I2CEx_EnableFastModePlus
 .text.HAL_IWDG_Init
                0x080080e0       0x58 ./Drivers/STM32F0xx_HAL_Driver/Src/stm32f0xx_hal_iwdg.o
                0x080080e0                HAL_IWDG_Init
 .text.HAL_IWDG_Refresh
                0x08008138       0x10 ./Drivers/STM32F0xx_HAL_Driver/Src/stm32f0xx_hal_iwdg.o
                0x08008138                HAL_IWDG_Refresh
 .text.HAL_PWR_EnableBkUpAccess
                0x08008148       0x14 ./Drivers/STM32F0xx_HAL_Driver/Src/stm32f0xx_hal_pwr.o
                0x08008148                HAL_PWR_EnableBkUpAccess
 .text.HAL_RCC_DeInit
                0x0800815c       0x4c ./Drivers/STM32F0xx_HAL_Driver/Src/stm32f0xx_hal_rcc.o
                0x0800815c                HAL_RCC_DeInit
 .text.HAL_RCC_OscConfig
                0x080081a8      0x464 ./Drivers/STM32F0xx_HAL_Driver/Src/stm32f0xx_hal_rcc.o
                0x080081a8                HAL_RCC_OscConfig
 .text.HAL_RCC_MCOConfig
                0x0800860c       0x54 ./Drivers/STM32F0xx_HAL_Driver/Src/stm32f0xx_hal_rcc.o
                0x0800860c                HAL_RCC_MCOConfig
 .text.HAL_RCC_GetSysClockFreq
                0x08008660       0x78 ./Drivers/STM32F0xx_HAL_Driver/Src/stm32f0xx_hal_rcc.o
                0x08008660                HAL_RCC_GetSysClockFreq
 .text.HAL_RCC_ClockConfig
                0x080086d8      0x15c ./Drivers/STM32F0xx_HAL_Driver/Src/stm32f0xx_hal_rcc.o
                0x080086d8                HAL_RCC_ClockConfig
 .text.HAL_RCC_GetHCLKFreq
                0x08008834        0xc ./Drivers/STM32F0xx_HAL_Driver/Src/stm32f0xx_hal_rcc.o
                0x08008834                HAL_RCC_GetHCLKFreq
 .text.HAL_RCC_GetPCLK1Freq
                0x08008840       0x20 ./Drivers/STM32F0xx_HAL_Driver/Src/stm32f0xx_hal_rcc.o
                0x08008840                HAL_RCC_GetPCLK1Freq
 .text.HAL_RCC_GetClockConfig
                0x08008860       0x38 ./Drivers/STM32F0xx_HAL_Driver/Src/stm32f0xx_hal_rcc.o
                0x08008860                HAL_RCC_GetClockConfig
 .text.HAL_RCCEx_PeriphCLKConfig
                0x08008898      0x144 ./Drivers/STM32F0xx_HAL_Driver/Src/stm32f0xx_hal_rcc_ex.o
                0x08008898                HAL_RCCEx_PeriphCLKConfig
 .text.HAL_RTC_AlarmIRQHandler
                0x080089dc       0x38 ./Drivers/STM32F0xx_HAL_Driver/Src/stm32f0xx_hal_rtc.o
                0x080089dc                HAL_RTC_AlarmIRQHandler
 .text.HAL_RTC_WaitForSynchro
                0x08008a14       0x34 ./Drivers/STM32F0xx_HAL_Driver/Src/stm32f0xx_hal_rtc.o
                0x08008a14                HAL_RTC_WaitForSynchro
 .text.RTC_EnterInitMode
                0x08008a48       0x38 ./Drivers/STM32F0xx_HAL_Driver/Src/stm32f0xx_hal_rtc.o
                0x08008a48                RTC_EnterInitMode
 .text.HAL_RTC_Init
                0x08008a80       0xa8 ./Drivers/STM32F0xx_HAL_Driver/Src/stm32f0xx_hal_rtc.o
                0x08008a80                HAL_RTC_Init
 .text.RTC_ByteToBcd2
                0x08008b28       0x16 ./Drivers/STM32F0xx_HAL_Driver/Src/stm32f0xx_hal_rtc.o
                0x08008b28                RTC_ByteToBcd2
 *fill*         0x08008b3e        0x2 
 .text.HAL_RTC_SetTime
                0x08008b40       0xe8 ./Drivers/STM32F0xx_HAL_Driver/Src/stm32f0xx_hal_rtc.o
                0x08008b40                HAL_RTC_SetTime
 .text.HAL_RTC_SetDate
                0x08008c28       0xc8 ./Drivers/STM32F0xx_HAL_Driver/Src/stm32f0xx_hal_rtc.o
                0x08008c28                HAL_RTC_SetDate
 .text.HAL_RTC_SetAlarm_IT
                0x08008cf0      0x12c ./Drivers/STM32F0xx_HAL_Driver/Src/stm32f0xx_hal_rtc.o
                0x08008cf0                HAL_RTC_SetAlarm_IT
 .text.RTC_Bcd2ToByte
                0x08008e1c       0x10 ./Drivers/STM32F0xx_HAL_Driver/Src/stm32f0xx_hal_rtc.o
                0x08008e1c                RTC_Bcd2ToByte
 .text.HAL_RTC_GetTime
                0x08008e2c       0x4c ./Drivers/STM32F0xx_HAL_Driver/Src/stm32f0xx_hal_rtc.o
                0x08008e2c                HAL_RTC_GetTime
 .text.HAL_RTC_GetDate
                0x08008e78       0x3e ./Drivers/STM32F0xx_HAL_Driver/Src/stm32f0xx_hal_rtc.o
                0x08008e78                HAL_RTC_GetDate
 *fill*         0x08008eb6        0x2 
 .text.HAL_RTC_GetAlarm
                0x08008eb8       0x7c ./Drivers/STM32F0xx_HAL_Driver/Src/stm32f0xx_hal_rtc.o
                0x08008eb8                HAL_RTC_GetAlarm
 .text.HAL_RTCEx_SetTimeStamp_IT
                0x08008f34       0x60 ./Drivers/STM32F0xx_HAL_Driver/Src/stm32f0xx_hal_rtc_ex.o
                0x08008f34                HAL_RTCEx_SetTimeStamp_IT
 .text.HAL_RTCEx_TimeStampEventCallback
                0x08008f94        0x2 ./Drivers/STM32F0xx_HAL_Driver/Src/stm32f0xx_hal_rtc_ex.o
                0x08008f94                HAL_RTCEx_TimeStampEventCallback
 .text.HAL_RTCEx_Tamper1EventCallback
                0x08008f96        0x2 ./Drivers/STM32F0xx_HAL_Driver/Src/stm32f0xx_hal_rtc_ex.o
                0x08008f96                HAL_RTCEx_Tamper1EventCallback
 .text.HAL_RTCEx_Tamper2EventCallback
                0x08008f98        0x2 ./Drivers/STM32F0xx_HAL_Driver/Src/stm32f0xx_hal_rtc_ex.o
                0x08008f98                HAL_RTCEx_Tamper2EventCallback
 .text.HAL_RTCEx_Tamper3EventCallback
                0x08008f9a        0x2 ./Drivers/STM32F0xx_HAL_Driver/Src/stm32f0xx_hal_rtc_ex.o
                0x08008f9a                HAL_RTCEx_Tamper3EventCallback
 .text.HAL_RTCEx_TamperTimeStampIRQHandler
                0x08008f9c       0xa4 ./Drivers/STM32F0xx_HAL_Driver/Src/stm32f0xx_hal_rtc_ex.o
                0x08008f9c                HAL_RTCEx_TamperTimeStampIRQHandler
 .text.HAL_RTCEx_SetWakeUpTimer_IT
                0x08009040       0xec ./Drivers/STM32F0xx_HAL_Driver/Src/stm32f0xx_hal_rtc_ex.o
                0x08009040                HAL_RTCEx_SetWakeUpTimer_IT
 .text.HAL_RTCEx_WakeUpTimerEventCallback
                0x0800912c        0x2 ./Drivers/STM32F0xx_HAL_Driver/Src/stm32f0xx_hal_rtc_ex.o
                0x0800912c                HAL_RTCEx_WakeUpTimerEventCallback
 *fill*         0x0800912e        0x2 
 .text.HAL_RTCEx_WakeUpTimerIRQHandler
                0x08009130       0x38 ./Drivers/STM32F0xx_HAL_Driver/Src/stm32f0xx_hal_rtc_ex.o
                0x08009130                HAL_RTCEx_WakeUpTimerIRQHandler
 .text.HAL_RTCEx_BKUPWrite
                0x08009168        0xc ./Drivers/STM32F0xx_HAL_Driver/Src/stm32f0xx_hal_rtc_ex.o
                0x08009168                HAL_RTCEx_BKUPWrite
 .text.HAL_RTCEx_BKUPRead
                0x08009174        0xc ./Drivers/STM32F0xx_HAL_Driver/Src/stm32f0xx_hal_rtc_ex.o
                0x08009174                HAL_RTCEx_BKUPRead
 .text.SPI_WaitFifoStateUntilTimeout.part.1
                0x08009180       0x60 ./Drivers/STM32F0xx_HAL_Driver/Src/stm32f0xx_hal_spi.o
 .text.SPI_WaitFlagStateUntilTimeout.constprop.9
                0x080091e0       0x2e ./Drivers/STM32F0xx_HAL_Driver/Src/stm32f0xx_hal_spi.o
 .text.SPI_WaitFifoStateUntilTimeout.constprop.10
                0x0800920e       0x48 ./Drivers/STM32F0xx_HAL_Driver/Src/stm32f0xx_hal_spi.o
 .text.SPI_EndRxTxTransaction
                0x08009256       0x46 ./Drivers/STM32F0xx_HAL_Driver/Src/stm32f0xx_hal_spi.o
 .text.SPI_EndRxTransaction
                0x0800929c       0x7a ./Drivers/STM32F0xx_HAL_Driver/Src/stm32f0xx_hal_spi.o
 *fill*         0x08009316        0x2 
 .text.HAL_SPI_Init
                0x08009318       0xbc ./Drivers/STM32F0xx_HAL_Driver/Src/stm32f0xx_hal_spi.o
                0x08009318                HAL_SPI_Init
 .text.HAL_SPI_Transmit
                0x080093d4      0x1aa ./Drivers/STM32F0xx_HAL_Driver/Src/stm32f0xx_hal_spi.o
                0x080093d4                HAL_SPI_Transmit
 *fill*         0x0800957e        0x2 
 .text.HAL_SPI_TransmitReceive
                0x08009580      0x268 ./Drivers/STM32F0xx_HAL_Driver/Src/stm32f0xx_hal_spi.o
                0x08009580                HAL_SPI_TransmitReceive
 .text.HAL_SPI_Receive
                0x080097e8      0x17c ./Drivers/STM32F0xx_HAL_Driver/Src/stm32f0xx_hal_spi.o
                0x080097e8                HAL_SPI_Receive
 .text.TIM_OC1_SetConfig
                0x08009964       0x88 ./Drivers/STM32F0xx_HAL_Driver/Src/stm32f0xx_hal_tim.o
 .text.TIM_OC3_SetConfig
                0x080099ec       0x88 ./Drivers/STM32F0xx_HAL_Driver/Src/stm32f0xx_hal_tim.o
 .text.TIM_OC4_SetConfig
                0x08009a74       0x74 ./Drivers/STM32F0xx_HAL_Driver/Src/stm32f0xx_hal_tim.o
 .text.HAL_TIM_Base_Start_IT
                0x08009ae8       0x14 ./Drivers/STM32F0xx_HAL_Driver/Src/stm32f0xx_hal_tim.o
                0x08009ae8                HAL_TIM_Base_Start_IT
 .text.HAL_TIM_PWM_MspInit
                0x08009afc        0x2 ./Drivers/STM32F0xx_HAL_Driver/Src/stm32f0xx_hal_tim.o
                0x08009afc                HAL_TIM_PWM_MspInit
 .text.HAL_TIM_OC_DelayElapsedCallback
                0x08009afe        0x2 ./Drivers/STM32F0xx_HAL_Driver/Src/stm32f0xx_hal_tim.o
                0x08009afe                HAL_TIM_OC_DelayElapsedCallback
 .text.HAL_TIM_IC_CaptureCallback
                0x08009b00        0x2 ./Drivers/STM32F0xx_HAL_Driver/Src/stm32f0xx_hal_tim.o
                0x08009b00                HAL_TIM_IC_CaptureCallback
 .text.HAL_TIM_PWM_PulseFinishedCallback
                0x08009b02        0x2 ./Drivers/STM32F0xx_HAL_Driver/Src/stm32f0xx_hal_tim.o
                0x08009b02                HAL_TIM_PWM_PulseFinishedCallback
 .text.HAL_TIM_TriggerCallback
                0x08009b04        0x2 ./Drivers/STM32F0xx_HAL_Driver/Src/stm32f0xx_hal_tim.o
                0x08009b04                HAL_TIM_TriggerCallback
 .text.HAL_TIM_IRQHandler
                0x08009b06      0x148 ./Drivers/STM32F0xx_HAL_Driver/Src/stm32f0xx_hal_tim.o
                0x08009b06                HAL_TIM_IRQHandler
 *fill*         0x08009c4e        0x2 
 .text.TIM_Base_SetConfig
                0x08009c50       0xa0 ./Drivers/STM32F0xx_HAL_Driver/Src/stm32f0xx_hal_tim.o
                0x08009c50                TIM_Base_SetConfig
 .text.HAL_TIM_Base_Init
                0x08009cf0       0x36 ./Drivers/STM32F0xx_HAL_Driver/Src/stm32f0xx_hal_tim.o
                0x08009cf0                HAL_TIM_Base_Init
 .text.HAL_TIM_PWM_Init
                0x08009d26       0x36 ./Drivers/STM32F0xx_HAL_Driver/Src/stm32f0xx_hal_tim.o
                0x08009d26                HAL_TIM_PWM_Init
 .text.TIM_OC2_SetConfig
                0x08009d5c       0x80 ./Drivers/STM32F0xx_HAL_Driver/Src/stm32f0xx_hal_tim.o
                0x08009d5c                TIM_OC2_SetConfig
 .text.HAL_TIM_PWM_ConfigChannel
                0x08009ddc       0xd4 ./Drivers/STM32F0xx_HAL_Driver/Src/stm32f0xx_hal_tim.o
                0x08009ddc                HAL_TIM_PWM_ConfigChannel
 .text.TIM_ETR_SetConfig
                0x08009eb0       0x18 ./Drivers/STM32F0xx_HAL_Driver/Src/stm32f0xx_hal_tim.o
                0x08009eb0                TIM_ETR_SetConfig
 .text.HAL_TIM_ConfigClockSource
                0x08009ec8      0x168 ./Drivers/STM32F0xx_HAL_Driver/Src/stm32f0xx_hal_tim.o
                0x08009ec8                HAL_TIM_ConfigClockSource
 .text.TIM_SlaveTimer_SetConfig
                0x0800a030       0xa4 ./Drivers/STM32F0xx_HAL_Driver/Src/stm32f0xx_hal_tim.o
 .text.HAL_TIM_SlaveConfigSynchronization
                0x0800a0d4       0x40 ./Drivers/STM32F0xx_HAL_Driver/Src/stm32f0xx_hal_tim.o
                0x0800a0d4                HAL_TIM_SlaveConfigSynchronization
 .text.HAL_TIMEx_MasterConfigSynchronization
                0x0800a114       0x42 ./Drivers/STM32F0xx_HAL_Driver/Src/stm32f0xx_hal_tim_ex.o
                0x0800a114                HAL_TIMEx_MasterConfigSynchronization
 .text.HAL_TIMEx_CommutationCallback
                0x0800a156        0x2 ./Drivers/STM32F0xx_HAL_Driver/Src/stm32f0xx_hal_tim_ex.o
                0x0800a156                HAL_TIMEx_CommutationCallback
 .text.HAL_TIMEx_BreakCallback
                0x0800a158        0x2 ./Drivers/STM32F0xx_HAL_Driver/Src/stm32f0xx_hal_tim_ex.o
                0x0800a158                HAL_TIMEx_BreakCallback
 *fill*         0x0800a15a        0x2 
 .text.UART_EndRxTransfer
                0x0800a15c       0x20 ./Drivers/STM32F0xx_HAL_Driver/Src/stm32f0xx_hal_uart.o
 .text.HAL_UART_Transmit_DMA
                0x0800a17c       0x8c ./Drivers/STM32F0xx_HAL_Driver/Src/stm32f0xx_hal_uart.o
                0x0800a17c                HAL_UART_Transmit_DMA
 .text.HAL_UART_Receive_DMA
                0x0800a208       0x9c ./Drivers/STM32F0xx_HAL_Driver/Src/stm32f0xx_hal_uart.o
                0x0800a208                HAL_UART_Receive_DMA
 .text.HAL_UART_TxCpltCallback
                0x0800a2a4        0x2 ./Drivers/STM32F0xx_HAL_Driver/Src/stm32f0xx_hal_uart.o
                0x0800a2a4                HAL_UART_TxCpltCallback
 .text.UART_DMATransmitCplt
                0x0800a2a6       0x30 ./Drivers/STM32F0xx_HAL_Driver/Src/stm32f0xx_hal_uart.o
 .text.HAL_UART_TxHalfCpltCallback
                0x0800a2d6        0x2 ./Drivers/STM32F0xx_HAL_Driver/Src/stm32f0xx_hal_uart.o
                0x0800a2d6                HAL_UART_TxHalfCpltCallback
 .text.UART_DMATxHalfCplt
                0x0800a2d8        0xa ./Drivers/STM32F0xx_HAL_Driver/Src/stm32f0xx_hal_uart.o
 .text.HAL_UART_RxCpltCallback
                0x0800a2e2        0x2 ./Drivers/STM32F0xx_HAL_Driver/Src/stm32f0xx_hal_uart.o
                0x0800a2e2                HAL_UART_RxCpltCallback
 .text.UART_DMAReceiveCplt
                0x0800a2e4       0x44 ./Drivers/STM32F0xx_HAL_Driver/Src/stm32f0xx_hal_uart.o
 .text.HAL_UART_RxHalfCpltCallback
                0x0800a328        0x2 ./Drivers/STM32F0xx_HAL_Driver/Src/stm32f0xx_hal_uart.o
                0x0800a328                HAL_UART_RxHalfCpltCallback
 .text.UART_DMARxHalfCplt
                0x0800a32a        0xa ./Drivers/STM32F0xx_HAL_Driver/Src/stm32f0xx_hal_uart.o
 .text.HAL_UART_ErrorCallback
                0x0800a334        0x2 ./Drivers/STM32F0xx_HAL_Driver/Src/stm32f0xx_hal_uart.o
                0x0800a334                HAL_UART_ErrorCallback
 .text.UART_DMAError
                0x0800a336       0x5a ./Drivers/STM32F0xx_HAL_Driver/Src/stm32f0xx_hal_uart.o
 .text.UART_DMAAbortOnError
                0x0800a390       0x16 ./Drivers/STM32F0xx_HAL_Driver/Src/stm32f0xx_hal_uart.o
 .text.HAL_UART_AbortCpltCallback
                0x0800a3a6        0x2 ./Drivers/STM32F0xx_HAL_Driver/Src/stm32f0xx_hal_uart.o
                0x0800a3a6                HAL_UART_AbortCpltCallback
 .text.HAL_UART_Abort_IT
                0x0800a3a8       0xc0 ./Drivers/STM32F0xx_HAL_Driver/Src/stm32f0xx_hal_uart.o
                0x0800a3a8                HAL_UART_Abort_IT
 .text.UART_DMARxAbortCallback
                0x0800a468       0x36 ./Drivers/STM32F0xx_HAL_Driver/Src/stm32f0xx_hal_uart.o
 .text.UART_DMATxAbortCallback
                0x0800a49e       0x36 ./Drivers/STM32F0xx_HAL_Driver/Src/stm32f0xx_hal_uart.o
 .text.UART_SetConfig
                0x0800a4d4      0x1c0 ./Drivers/STM32F0xx_HAL_Driver/Src/stm32f0xx_hal_uart.o
                0x0800a4d4                UART_SetConfig
 .text.UART_AdvFeatureConfig
                0x0800a694       0xd0 ./Drivers/STM32F0xx_HAL_Driver/Src/stm32f0xx_hal_uart.o
                0x0800a694                UART_AdvFeatureConfig
 .text.UART_WaitOnFlagUntilTimeout
                0x0800a764       0x64 ./Drivers/STM32F0xx_HAL_Driver/Src/stm32f0xx_hal_uart.o
                0x0800a764                UART_WaitOnFlagUntilTimeout
 .text.HAL_UART_Transmit
                0x0800a7c8       0xcc ./Drivers/STM32F0xx_HAL_Driver/Src/stm32f0xx_hal_uart.o
                0x0800a7c8                HAL_UART_Transmit
 .text.UART_CheckIdleState
                0x0800a894       0x84 ./Drivers/STM32F0xx_HAL_Driver/Src/stm32f0xx_hal_uart.o
                0x0800a894                UART_CheckIdleState
 .text.HAL_UART_Init
                0x0800a918       0x6c ./Drivers/STM32F0xx_HAL_Driver/Src/stm32f0xx_hal_uart.o
                0x0800a918                HAL_UART_Init
 .text.UART_Transmit_IT
                0x0800a984       0x64 ./Drivers/STM32F0xx_HAL_Driver/Src/stm32f0xx_hal_uart.o
                0x0800a984                UART_Transmit_IT
 .text.UART_EndTransmit_IT
                0x0800a9e8       0x1c ./Drivers/STM32F0xx_HAL_Driver/Src/stm32f0xx_hal_uart.o
                0x0800a9e8                UART_EndTransmit_IT
 .text.UART_Receive_IT
                0x0800aa04       0x7c ./Drivers/STM32F0xx_HAL_Driver/Src/stm32f0xx_hal_uart.o
                0x0800aa04                UART_Receive_IT
 .text.HAL_UART_IRQHandler
                0x0800aa80      0x138 ./Drivers/STM32F0xx_HAL_Driver/Src/stm32f0xx_hal_uart.o
                0x0800aa80                HAL_UART_IRQHandler
 .text.HAL_UARTEx_WakeupCallback
                0x0800abb8        0x2 ./Drivers/STM32F0xx_HAL_Driver/Src/stm32f0xx_hal_uart_ex.o
                0x0800abb8                HAL_UARTEx_WakeupCallback
 *fill*         0x0800abba        0x2 
 .text.__libc_init_array
                0x0800abbc       0x48 c:/program files (x86)/gnu tools arm embedded/6 2017-q2-update/bin/../lib/gcc/arm-none-eabi/6.3.1/../../../../arm-none-eabi/lib/thumb/v6-m\libg_nano.a(lib_a-init.o)
                0x0800abbc                __libc_init_array
 .text.memcpy   0x0800ac04       0x12 c:/program files (x86)/gnu tools arm embedded/6 2017-q2-update/bin/../lib/gcc/arm-none-eabi/6.3.1/../../../../arm-none-eabi/lib/thumb/v6-m\libg_nano.a(lib_a-memcpy-stub.o)
                0x0800ac04                memcpy
 .text.memset   0x0800ac16       0x10 c:/program files (x86)/gnu tools arm embedded/6 2017-q2-update/bin/../lib/gcc/arm-none-eabi/6.3.1/../../../../arm-none-eabi/lib/thumb/v6-m\libg_nano.a(lib_a-memset.o)
                0x0800ac16                memset
 .text.strncpy  0x0800ac26       0x2a c:/program files (x86)/gnu tools arm embedded/6 2017-q2-update/bin/../lib/gcc/arm-none-eabi/6.3.1/../../../../arm-none-eabi/lib/thumb/v6-m\libg_nano.a(lib_a-strncpy.o)
                0x0800ac26                strncpy
 .text._vsnprintf_r
                0x0800ac50       0x56 c:/program files (x86)/gnu tools arm embedded/6 2017-q2-update/bin/../lib/gcc/arm-none-eabi/6.3.1/../../../../arm-none-eabi/lib/thumb/v6-m\libg_nano.a(lib_a-vsnprintf.o)
                0x0800ac50                _vsniprintf_r
                0x0800ac50                _vsnprintf_r
 *fill*         0x0800aca6        0x2 
 .text.vsnprintf
                0x0800aca8       0x18 c:/program files (x86)/gnu tools arm embedded/6 2017-q2-update/bin/../lib/gcc/arm-none-eabi/6.3.1/../../../../arm-none-eabi/lib/thumb/v6-m\libg_nano.a(lib_a-vsnprintf.o)
                0x0800aca8                vsniprintf
                0x0800aca8                vsnprintf
 .text.__ssputs_r
                0x0800acc0       0xc4 c:/program files (x86)/gnu tools arm embedded/6 2017-q2-update/bin/../lib/gcc/arm-none-eabi/6.3.1/../../../../arm-none-eabi/lib/thumb/v6-m\libg_nano.a(lib_a-nano-svfprintf.o)
                0x0800acc0                __ssputs_r
 .text._svfprintf_r
                0x0800ad84      0x208 c:/program files (x86)/gnu tools arm embedded/6 2017-q2-update/bin/../lib/gcc/arm-none-eabi/6.3.1/../../../../arm-none-eabi/lib/thumb/v6-m\libg_nano.a(lib_a-nano-svfprintf.o)
                0x0800ad84                _svfiprintf_r
                0x0800ad84                _svfprintf_r
 .text._printf_common
                0x0800af8c       0xda c:/program files (x86)/gnu tools arm embedded/6 2017-q2-update/bin/../lib/gcc/arm-none-eabi/6.3.1/../../../../arm-none-eabi/lib/thumb/v6-m\libg_nano.a(lib_a-nano-vfprintf_i.o)
                0x0800af8c                _printf_common
 *fill*         0x0800b066        0x2 
 .text._printf_i
                0x0800b068      0x234 c:/program files (x86)/gnu tools arm embedded/6 2017-q2-update/bin/../lib/gcc/arm-none-eabi/6.3.1/../../../../arm-none-eabi/lib/thumb/v6-m\libg_nano.a(lib_a-nano-vfprintf_i.o)
                0x0800b068                _printf_i
 .text.memchr   0x0800b29c       0x16 c:/program files (x86)/gnu tools arm embedded/6 2017-q2-update/bin/../lib/gcc/arm-none-eabi/6.3.1/../../../../arm-none-eabi/lib/thumb/v6-m\libg_nano.a(lib_a-memchr-stub.o)
                0x0800b29c                memchr
 .text.memmove  0x0800b2b2       0x24 c:/program files (x86)/gnu tools arm embedded/6 2017-q2-update/bin/../lib/gcc/arm-none-eabi/6.3.1/../../../../arm-none-eabi/lib/thumb/v6-m\libg_nano.a(lib_a-memmove.o)
                0x0800b2b2                memmove
 *fill*         0x0800b2d6        0x2 
 .text._free_r  0x0800b2d8       0x94 c:/program files (x86)/gnu tools arm embedded/6 2017-q2-update/bin/../lib/gcc/arm-none-eabi/6.3.1/../../../../arm-none-eabi/lib/thumb/v6-m\libg_nano.a(lib_a-nano-freer.o)
                0x0800b2d8                _free_r
 .text._malloc_r
                0x0800b36c       0xbc c:/program files (x86)/gnu tools arm embedded/6 2017-q2-update/bin/../lib/gcc/arm-none-eabi/6.3.1/../../../../arm-none-eabi/lib/thumb/v6-m\libg_nano.a(lib_a-nano-mallocr.o)
                0x0800b36c                _malloc_r
 .text._realloc_r
                0x0800b428       0x4c c:/program files (x86)/gnu tools arm embedded/6 2017-q2-update/bin/../lib/gcc/arm-none-eabi/6.3.1/../../../../arm-none-eabi/lib/thumb/v6-m\libg_nano.a(lib_a-nano-reallocr.o)
                0x0800b428                _realloc_r
 .text._sbrk_r  0x0800b474       0x24 c:/program files (x86)/gnu tools arm embedded/6 2017-q2-update/bin/../lib/gcc/arm-none-eabi/6.3.1/../../../../arm-none-eabi/lib/thumb/v6-m\libg_nano.a(lib_a-sbrkr.o)
                0x0800b474                _sbrk_r
 .text.__malloc_lock
                0x0800b498        0x2 c:/program files (x86)/gnu tools arm embedded/6 2017-q2-update/bin/../lib/gcc/arm-none-eabi/6.3.1/../../../../arm-none-eabi/lib/thumb/v6-m\libg_nano.a(lib_a-mlock.o)
                0x0800b498                __malloc_lock
 .text.__malloc_unlock
                0x0800b49a        0x2 c:/program files (x86)/gnu tools arm embedded/6 2017-q2-update/bin/../lib/gcc/arm-none-eabi/6.3.1/../../../../arm-none-eabi/lib/thumb/v6-m\libg_nano.a(lib_a-mlock.o)
                0x0800b49a                __malloc_unlock
 .text._malloc_usable_size_r
                0x0800b49c       0x10 c:/program files (x86)/gnu tools arm embedded/6 2017-q2-update/bin/../lib/gcc/arm-none-eabi/6.3.1/../../../../arm-none-eabi/lib/thumb/v6-m\libg_nano.a(lib_a-nano-msizer.o)
                0x0800b49c                _malloc_usable_size_r
 .text._sbrk    0x0800b4ac       0x1c c:/program files (x86)/gnu tools arm embedded/6 2017-q2-update/bin/../lib/gcc/arm-none-eabi/6.3.1/../../../../arm-none-eabi/lib/thumb/v6-m\libnosys.a(sbrk.o)
                0x0800b4ac                _sbrk
 *(.glue_7)
 .glue_7        0x0800b4c8        0x0 linker stubs
 *(.glue_7t)
 .glue_7t       0x0800b4c8        0x0 linker stubs
 *(.eh_frame)
 .eh_frame      0x0800b4c8        0x0 c:/program files (x86)/gnu tools arm embedded/6 2017-q2-update/bin/../lib/gcc/arm-none-eabi/6.3.1/thumb/v6-m/crtbegin.o
 *(.init)
 .init          0x0800b4c8        0x4 c:/program files (x86)/gnu tools arm embedded/6 2017-q2-update/bin/../lib/gcc/arm-none-eabi/6.3.1/thumb/v6-m/crti.o
                0x0800b4c8                _init
 .init          0x0800b4cc        0x8 c:/program files (x86)/gnu tools arm embedded/6 2017-q2-update/bin/../lib/gcc/arm-none-eabi/6.3.1/thumb/v6-m/crtn.o
 *(.fini)
 .fini          0x0800b4d4        0x4 c:/program files (x86)/gnu tools arm embedded/6 2017-q2-update/bin/../lib/gcc/arm-none-eabi/6.3.1/thumb/v6-m/crti.o
                0x0800b4d4                _fini
 .fini          0x0800b4d8        0x8 c:/program files (x86)/gnu tools arm embedded/6 2017-q2-update/bin/../lib/gcc/arm-none-eabi/6.3.1/thumb/v6-m/crtn.o
                0x0800b4e0                . = ALIGN (0x4)
                0x0800b4e0                _etext = .

.vfp11_veneer   0x0800b4e0        0x0
 .vfp11_veneer  0x0800b4e0        0x0 linker stubs

.v4_bx          0x0800b4e0        0x0
 .v4_bx         0x0800b4e0        0x0 linker stubs

.iplt           0x0800b4e0        0x0
 .iplt          0x0800b4e0        0x0 c:/program files (x86)/gnu tools arm embedded/6 2017-q2-update/bin/../lib/gcc/arm-none-eabi/6.3.1/thumb/v6-m/crtbegin.o

.rodata         0x0800b4e0     0x1094
                0x0800b4e0                . = ALIGN (0x4)
 *(.rodata)
 .rodata        0x0800b4e0      0x124 ./Src/freertos.o
 .rodata        0x0800b604       0x20 ./Drivers/STM32F0xx_HAL_Driver/Src/stm32f0xx_hal_rcc.o
 .rodata        0x0800b624       0x40 c:/program files (x86)/gnu tools arm embedded/6 2017-q2-update/bin/../lib/gcc/arm-none-eabi/6.3.1/thumb/v6-m\libgcc.a(muldf3.o)
 *(.rodata*)
 .rodata.MX_ADC_Init.str1.1
                0x0800b664        0xd ./Src/adc.o
 .rodata.MX_CAN_Init.str1.1
                0x0800b671        0xd ./Src/can.o
 .rodata.adc_entry.str1.1
                0x0800b67e       0x55 ./Src/freertos.o
 .rodata.can_entry.str1.1
                0x0800b6d3       0x12 ./Src/freertos.o
 .rodata.i2c1_entry.str1.1
                0x0800b6e5       0x78 ./Src/freertos.o
 .rodata.ignition_entry.str1.1
                0x0800b75d      0x4f4 ./Src/freertos.o
 .rodata.print_atCommand.str1.1
                0x0800bc51       0x34 ./Src/freertos.o
 .rodata.str1.1
                0x0800bc85       0x8c ./Src/freertos.o
 .rodata.usart1_entry.str1.1
                0x0800bd11      0x706 ./Src/freertos.o
 .rodata.usart2_entry.str1.1
                0x0800c417       0xa8 ./Src/freertos.o
                                 0xaa (size before relaxing)
 .rodata.usart3_entry.str1.1
                0x0800c4bf        0xe ./Src/freertos.o
                                 0x10 (size before relaxing)
 .rodata.MX_I2C1_Init.str1.1
                0x0800c4cd        0xd ./Src/i2c.o
 .rodata.MX_IWDG_Init.str1.1
                0x0800c4da        0xe ./Src/iwdg.o
 .rodata.MX_RTC_Init.str1.1
                0x0800c4e8        0xd ./Src/rtc.o
 .rodata.MX_SPI1_Init.str1.1
                0x0800c4f5        0xd ./Src/spi.o
 .rodata.AHBPrescTable
                0x0800c502       0x10 ./Src/system_stm32f0xx.o
                0x0800c502                AHBPrescTable
 .rodata.APBPrescTable
                0x0800c512        0x8 ./Src/system_stm32f0xx.o
                0x0800c512                APBPrescTable
 .rodata.MX_TIM2_Init.str1.1
                0x0800c51a        0xd ./Src/tim.o
 .rodata.MX_USART1_UART_Init.str1.1
                0x0800c527        0xf ./Src/usart.o
 .rodata.vTaskStartScheduler.str1.1
                0x0800c536        0x5 ./Middlewares/Third_Party/FreeRTOS/Source/tasks.o
 .rodata.CSWTCH.50
                0x0800c53b        0x4 ./Drivers/STM32F0xx_HAL_Driver/Src/stm32f0xx_hal_uart.o
 .rodata._svfprintf_r.str1.1
                0x0800c53f       0x11 c:/program files (x86)/gnu tools arm embedded/6 2017-q2-update/bin/../lib/gcc/arm-none-eabi/6.3.1/../../../../arm-none-eabi/lib/thumb/v6-m\libg_nano.a(lib_a-nano-svfprintf.o)
 .rodata._printf_i.str1.1
                0x0800c550       0x22 c:/program files (x86)/gnu tools arm embedded/6 2017-q2-update/bin/../lib/gcc/arm-none-eabi/6.3.1/../../../../arm-none-eabi/lib/thumb/v6-m\libg_nano.a(lib_a-nano-vfprintf_i.o)
                0x0800c574                . = ALIGN (0x4)
 *fill*         0x0800c572        0x2 

.rel.dyn        0x0800c574        0x0
 .rel.iplt      0x0800c574        0x0 c:/program files (x86)/gnu tools arm embedded/6 2017-q2-update/bin/../lib/gcc/arm-none-eabi/6.3.1/thumb/v6-m/crtbegin.o

.ARM.extab
 *(.ARM.extab* .gnu.linkonce.armextab.*)

.ARM            0x0800c574        0x0
                0x0800c574                __exidx_start = .
 *(.ARM.exidx*)
                0x0800c574                __exidx_end = .

.preinit_array  0x0800c574        0x0
                0x0800c574                PROVIDE (__preinit_array_start, .)
 *(.preinit_array*)
                0x0800c574                PROVIDE (__preinit_array_end, .)

.init_array     0x0800c574        0x4
                0x0800c574                PROVIDE (__init_array_start, .)
 *(SORT(.init_array.*))
 *(.init_array*)
 .init_array    0x0800c574        0x4 c:/program files (x86)/gnu tools arm embedded/6 2017-q2-update/bin/../lib/gcc/arm-none-eabi/6.3.1/thumb/v6-m/crtbegin.o
                0x0800c578                PROVIDE (__init_array_end, .)

.fini_array     0x0800c578        0x4
                [!provide]                PROVIDE (__fini_array_start, .)
 *(SORT(.fini_array.*))
 *(.fini_array*)
 .fini_array    0x0800c578        0x4 c:/program files (x86)/gnu tools arm embedded/6 2017-q2-update/bin/../lib/gcc/arm-none-eabi/6.3.1/thumb/v6-m/crtbegin.o
                [!provide]                PROVIDE (__fini_array_end, .)
                0x0800c57c                _sidata = LOADADDR (.data)

.data           0x20000000      0x2d4 load address 0x0800c57c
                0x20000000                . = ALIGN (0x4)
                0x20000000                _sdata = .
 *(.data)
 *(.data*)
 .data.eeprom_test
                0x20000000       0x5c ./Src/freertos.o
                0x20000000                eeprom_test
 .data.flash_IgEvent
                0x2000005c       0x32 ./Src/freertos.o
                0x2000005c                flash_IgEvent
 .data.ig_var   0x2000008e        0x3 ./Src/freertos.o
                0x2000008e                ig_var
 .data.uart2_msg_print_switch
                0x20000091        0x1 ./Src/freertos.o
                0x20000091                uart2_msg_print_switch
 .data.uart_Tx  0x20000092      0x1d4 ./Src/freertos.o
                0x20000092                uart_Tx
 *fill*         0x20000266        0x2 
 .data.SystemCoreClock
                0x20000268        0x4 ./Src/system_stm32f0xx.o
                0x20000268                SystemCoreClock
 .data.uxCriticalNesting
                0x2000026c        0x4 ./Middlewares/Third_Party/FreeRTOS/Source/portable/GCC/ARM_CM0/port.o
 .data._impure_ptr
                0x20000270        0x4 c:/program files (x86)/gnu tools arm embedded/6 2017-q2-update/bin/../lib/gcc/arm-none-eabi/6.3.1/../../../../arm-none-eabi/lib/thumb/v6-m\libg_nano.a(lib_a-impure.o)
                0x20000270                _impure_ptr
 .data.impure_data
                0x20000274       0x60 c:/program files (x86)/gnu tools arm embedded/6 2017-q2-update/bin/../lib/gcc/arm-none-eabi/6.3.1/../../../../arm-none-eabi/lib/thumb/v6-m\libg_nano.a(lib_a-impure.o)
                0x200002d4                . = ALIGN (0x4)
                0x200002d4                _edata = .

.jcr            0x200002d4        0x0 load address 0x0800c850
 .jcr           0x200002d4        0x0 c:/program files (x86)/gnu tools arm embedded/6 2017-q2-update/bin/../lib/gcc/arm-none-eabi/6.3.1/thumb/v6-m/crtbegin.o

.igot.plt       0x200002d4        0x0 load address 0x0800c850
 .igot.plt      0x200002d4        0x0 c:/program files (x86)/gnu tools arm embedded/6 2017-q2-update/bin/../lib/gcc/arm-none-eabi/6.3.1/thumb/v6-m/crtbegin.o
                0x200002d4                . = ALIGN (0x4)

.bss            0x200002d8     0x3574 load address 0x0800c850
                0x200002d8                _sbss = .
                0x200002d8                __bss_start__ = _sbss
 *(.bss)
 .bss           0x200002d8       0x1c c:/program files (x86)/gnu tools arm embedded/6 2017-q2-update/bin/../lib/gcc/arm-none-eabi/6.3.1/thumb/v6-m/crtbegin.o
 *(.bss*)
 .bss.EraseInitStruct
                0x200002f4        0xc ./Src/freertos.o
 .bss.PageError
                0x20000300        0x4 ./Src/freertos.o
                0x20000300                PageError
 .bss.arg_ptr.10017
                0x20000304        0x4 ./Src/freertos.o
 .bss.cml_array
                0x20000308       0x40 ./Src/freertos.o
                0x20000308                cml_array
 .bss.cml_proc  0x20000348       0x40 ./Src/freertos.o
                0x20000348                cml_proc
 .bss.countdown_timer
                0x20000388        0x9 ./Src/freertos.o
                0x20000388                countdown_timer
 .bss.flag_flashWrite
                0x20000391        0x1 ./Src/freertos.o
                0x20000391                flag_flashWrite
 .bss.flag_jumpToBootloader
                0x20000392        0x1 ./Src/freertos.o
                0x20000392                flag_jumpToBootloader
 .bss.r280_module_state
                0x20000393        0xc ./Src/freertos.o
                0x20000393                r280_module_state
 *fill*         0x2000039f        0x1 
 .bss.sAlarm    0x200003a0       0x28 ./Src/freertos.o
                0x200003a0                sAlarm
 .bss.sDate     0x200003c8        0x4 ./Src/freertos.o
                0x200003c8                sDate
 .bss.sTime     0x200003cc       0x14 ./Src/freertos.o
                0x200003cc                sTime
 .bss.sva_gpi   0x200003e0        0x1 ./Src/freertos.o
                0x200003e0                sva_gpi
 .bss.sva_gpo   0x200003e1        0x2 ./Src/freertos.o
                0x200003e1                sva_gpo
 .bss.wwan_command
                0x200003e3        0x1 ./Src/freertos.o
                0x200003e3                wwan_command
 .bss.pxEnd     0x200003e4        0x4 ./Middlewares/Third_Party/FreeRTOS/Source/portable/MemMang/heap_4.o
 .bss.ucHeap    0x200003e8     0x2c00 ./Middlewares/Third_Party/FreeRTOS/Source/portable/MemMang/heap_4.o
 .bss.xBlockAllocatedBit
                0x20002fe8        0x4 ./Middlewares/Third_Party/FreeRTOS/Source/portable/MemMang/heap_4.o
 .bss.xFreeBytesRemaining
                0x20002fec        0x4 ./Middlewares/Third_Party/FreeRTOS/Source/portable/MemMang/heap_4.o
 .bss.xMinimumEverFreeBytesRemaining
                0x20002ff0        0x4 ./Middlewares/Third_Party/FreeRTOS/Source/portable/MemMang/heap_4.o
 .bss.xStart    0x20002ff4        0x8 ./Middlewares/Third_Party/FreeRTOS/Source/portable/MemMang/heap_4.o
 .bss.pxCurrentTCB
                0x20002ffc        0x4 ./Middlewares/Third_Party/FreeRTOS/Source/tasks.o
                0x20002ffc                pxCurrentTCB
 .bss.pxDelayedTaskList
                0x20003000        0x4 ./Middlewares/Third_Party/FreeRTOS/Source/tasks.o
 .bss.pxOverflowDelayedTaskList
                0x20003004        0x4 ./Middlewares/Third_Party/FreeRTOS/Source/tasks.o
 .bss.pxReadyTasksLists
                0x20003008       0x8c ./Middlewares/Third_Party/FreeRTOS/Source/tasks.o
 .bss.uxCurrentNumberOfTasks
                0x20003094        0x4 ./Middlewares/Third_Party/FreeRTOS/Source/tasks.o
 .bss.uxDeletedTasksWaitingCleanUp
                0x20003098        0x4 ./Middlewares/Third_Party/FreeRTOS/Source/tasks.o
 .bss.uxPendedTicks
                0x2000309c        0x4 ./Middlewares/Third_Party/FreeRTOS/Source/tasks.o
 .bss.uxSchedulerSuspended
                0x200030a0        0x4 ./Middlewares/Third_Party/FreeRTOS/Source/tasks.o
 .bss.uxTaskNumber
                0x200030a4        0x4 ./Middlewares/Third_Party/FreeRTOS/Source/tasks.o
 .bss.uxTopReadyPriority
                0x200030a8        0x4 ./Middlewares/Third_Party/FreeRTOS/Source/tasks.o
 .bss.xDelayedTaskList1
                0x200030ac       0x14 ./Middlewares/Third_Party/FreeRTOS/Source/tasks.o
 .bss.xDelayedTaskList2
                0x200030c0       0x14 ./Middlewares/Third_Party/FreeRTOS/Source/tasks.o
 .bss.xIdleTaskHandle
                0x200030d4        0x4 ./Middlewares/Third_Party/FreeRTOS/Source/tasks.o
 .bss.xNextTaskUnblockTime
                0x200030d8        0x4 ./Middlewares/Third_Party/FreeRTOS/Source/tasks.o
 .bss.xNumOfOverflows
                0x200030dc        0x4 ./Middlewares/Third_Party/FreeRTOS/Source/tasks.o
 .bss.xPendingReadyList
                0x200030e0       0x14 ./Middlewares/Third_Party/FreeRTOS/Source/tasks.o
 .bss.xSchedulerRunning
                0x200030f4        0x4 ./Middlewares/Third_Party/FreeRTOS/Source/tasks.o
 .bss.xSuspendedTaskList
                0x200030f8       0x14 ./Middlewares/Third_Party/FreeRTOS/Source/tasks.o
 .bss.xTasksWaitingTermination
                0x2000310c       0x14 ./Middlewares/Third_Party/FreeRTOS/Source/tasks.o
 .bss.xTickCount
                0x20003120        0x4 ./Middlewares/Third_Party/FreeRTOS/Source/tasks.o
 .bss.xYieldPending
                0x20003124        0x4 ./Middlewares/Third_Party/FreeRTOS/Source/tasks.o
 .bss.__malloc_free_list
                0x20003128        0x4 c:/program files (x86)/gnu tools arm embedded/6 2017-q2-update/bin/../lib/gcc/arm-none-eabi/6.3.1/../../../../arm-none-eabi/lib/thumb/v6-m\libg_nano.a(lib_a-nano-mallocr.o)
                0x20003128                __malloc_free_list
 .bss.__malloc_sbrk_start
                0x2000312c        0x4 c:/program files (x86)/gnu tools arm embedded/6 2017-q2-update/bin/../lib/gcc/arm-none-eabi/6.3.1/../../../../arm-none-eabi/lib/thumb/v6-m\libg_nano.a(lib_a-nano-mallocr.o)
                0x2000312c                __malloc_sbrk_start
 .bss.heap_end.4116
                0x20003130        0x4 c:/program files (x86)/gnu tools arm embedded/6 2017-q2-update/bin/../lib/gcc/arm-none-eabi/6.3.1/../../../../arm-none-eabi/lib/thumb/v6-m\libnosys.a(sbrk.o)
 *(COMMON)
 COMMON         0x20003134       0x90 ./Src/adc.o
                0x20003134                hdma_adc
                0x20003178                hadc
 COMMON         0x200031c4       0x44 ./Src/can.o
                0x200031c4                hcan
 COMMON         0x20003208      0x1cc ./Src/freertos.o
                0x20003208                ig_event
                0x20003228                USART1_TaskHandle
                0x2000322c                defaultTaskHandle
                0x20003230                I2C1_ZAXIS_QHandle
                0x20003234                xTimeNow
                0x20003238                I2C1_GSENSOR_QHandle
                0x2000323c                MUTEX_SPI1Handle
                0x20003240                JumpAddress
                0x20003244                USART3_TaskHandle
                0x20003248                SPI1_TaskHandle
                0x2000324c                ADC_TaskHandle
                0x20003250                hdma_usart1_tx
                0x20003294                dbg_buff
                0x20003314                UART2_LAT_QHandle
                0x20003318                IWDG_TaskHandle
                0x2000331c                hdma_usart1_rx
                0x20003360                I2C1_XAXIS_QHandle
                0x20003364                current_IgEvent
                0x20003398                I2C1_YAXIS_QHandle
                0x2000339c                I2C1_TaskHandle
                0x200033a0                ADC_TEMP_QHandle
                0x200033a4                MUTEX_DebugHandle
                0x200033a8                CAN_TaskHandle
                0x200033ac                IGNITION_TaskHandle
                0x200033b0                ADC_VOLT_QHandle
                0x200033b4                UART2_LONG_QHandle
                0x200033b8                MUTEX_ADC_QHandle
                0x200033bc                GPIO_MISC_QHandle
                0x200033c0                JumpToApplication
                0x200033c4                MUTEX_CMD_PROCHandle
                0x200033c8                GPIO_STATE_TaskHandle
                0x200033cc                USART2_TaskHandle
                0x200033d0                CMD_PROC_TaskHandle
 COMMON         0x200033d4       0x98 ./Src/i2c.o
                0x200033d4                hi2c1
                0x20003420                hi2c2
 COMMON         0x2000346c       0x10 ./Src/iwdg.o
                0x2000346c                hiwdg
 COMMON         0x2000347c       0x20 ./Src/rtc.o
                0x2000347c                hrtc
 COMMON         0x2000349c       0x64 ./Src/spi.o
                0x2000349c                hspi1
 COMMON         0x20003500       0x40 ./Src/stm32f0xx_hal_timebase_TIM.o
                0x20003500                htim1
 COMMON         0x20003540       0x80 ./Src/tim.o
                0x20003540                htim2
                0x20003580                htim14
 COMMON         0x200035c0      0x260 ./Src/usart.o
                0x200035c0                hdma_usart2_rx
                0x20003604                hdma_usart3_rx
                0x20003648                huart3
                0x200036b8                hdma_usart3_tx
                0x200036fc                hdma_usart2_tx
                0x20003740                huart1
                0x200037b0                huart2
 COMMON         0x20003820        0x4 ./Drivers/STM32F0xx_HAL_Driver/Src/stm32f0xx_hal.o
                0x20003820                uwTick
 *fill*         0x20003824        0x4 
 COMMON         0x20003828       0x20 ./Drivers/STM32F0xx_HAL_Driver/Src/stm32f0xx_hal_flash.o
                0x20003828                pFlash
 COMMON         0x20003848        0x4 c:/program files (x86)/gnu tools arm embedded/6 2017-q2-update/bin/../lib/gcc/arm-none-eabi/6.3.1/../../../../arm-none-eabi/lib/thumb/v6-m\libg_nano.a(lib_a-reent.o)
                0x20003848                errno
                0x2000384c                . = ALIGN (0x4)
                0x2000384c                _ebss = .
                0x2000384c                __bss_end__ = _ebss

._user_heap_stack
                0x2000384c      0x604 load address 0x0800c850
                0x20003850                . = ALIGN (0x8)
 *fill*         0x2000384c        0x4 
                0x20003850                PROVIDE (end, .)
                [!provide]                PROVIDE (_end, .)
                0x20003a50                . = (. + _Min_Heap_Size)
 *fill*         0x20003850      0x200 
                0x20003e50                . = (. + _Min_Stack_Size)
 *fill*         0x20003a50      0x400 
                0x20003e50                . = ALIGN (0x8)

/DISCARD/
 libc.a(*)
 libm.a(*)
 libgcc.a(*)

.ARM.attributes
                0x00000000       0x28
 *(.ARM.attributes)
 .ARM.attributes
                0x00000000       0x1e c:/program files (x86)/gnu tools arm embedded/6 2017-q2-update/bin/../lib/gcc/arm-none-eabi/6.3.1/thumb/v6-m/crti.o
 .ARM.attributes
                0x0000001e       0x2c c:/program files (x86)/gnu tools arm embedded/6 2017-q2-update/bin/../lib/gcc/arm-none-eabi/6.3.1/thumb/v6-m/crtbegin.o
 .ARM.attributes
                0x0000004a       0x31 ./Src/adc.o
 .ARM.attributes
                0x0000007b       0x31 ./Src/can.o
 .ARM.attributes
                0x000000ac       0x31 ./Src/dma.o
 .ARM.attributes
                0x000000dd       0x31 ./Src/freertos.o
 .ARM.attributes
                0x0000010e       0x31 ./Src/gpio.o
 .ARM.attributes
                0x0000013f       0x31 ./Src/i2c.o
 .ARM.attributes
                0x00000170       0x31 ./Src/iwdg.o
 .ARM.attributes
                0x000001a1       0x31 ./Src/main.o
 .ARM.attributes
                0x000001d2       0x31 ./Src/rtc.o
 .ARM.attributes
                0x00000203       0x31 ./Src/spi.o
 .ARM.attributes
                0x00000234       0x21 ./Src/startup_stm32f091xc.o
 .ARM.attributes
                0x00000255       0x31 ./Src/stm32f0xx_hal_msp.o
 .ARM.attributes
                0x00000286       0x31 ./Src/stm32f0xx_hal_timebase_TIM.o
 .ARM.attributes
                0x000002b7       0x31 ./Src/stm32f0xx_it.o
 .ARM.attributes
                0x000002e8       0x31 ./Src/system_stm32f0xx.o
 .ARM.attributes
                0x00000319       0x31 ./Src/tim.o
 .ARM.attributes
                0x0000034a       0x31 ./Src/usart.o
 .ARM.attributes
                0x0000037b       0x31 ./Middlewares/Third_Party/FreeRTOS/Source/portable/MemMang/heap_4.o
 .ARM.attributes
                0x000003ac       0x31 ./Middlewares/Third_Party/FreeRTOS/Source/portable/GCC/ARM_CM0/port.o
 .ARM.attributes
                0x000003dd       0x31 ./Middlewares/Third_Party/FreeRTOS/Source/CMSIS_RTOS/cmsis_os.o
 .ARM.attributes
                0x0000040e       0x31 ./Middlewares/Third_Party/FreeRTOS/Source/list.o
 .ARM.attributes
                0x0000043f       0x31 ./Middlewares/Third_Party/FreeRTOS/Source/queue.o
 .ARM.attributes
                0x00000470       0x31 ./Middlewares/Third_Party/FreeRTOS/Source/tasks.o
 .ARM.attributes
                0x000004a1       0x31 ./Drivers/STM32F0xx_HAL_Driver/Src/stm32f0xx_hal.o
 .ARM.attributes
                0x000004d2       0x31 ./Drivers/STM32F0xx_HAL_Driver/Src/stm32f0xx_hal_adc.o
 .ARM.attributes
                0x00000503       0x31 ./Drivers/STM32F0xx_HAL_Driver/Src/stm32f0xx_hal_can.o
 .ARM.attributes
                0x00000534       0x31 ./Drivers/STM32F0xx_HAL_Driver/Src/stm32f0xx_hal_cortex.o
 .ARM.attributes
                0x00000565       0x31 ./Drivers/STM32F0xx_HAL_Driver/Src/stm32f0xx_hal_dma.o
 .ARM.attributes
                0x00000596       0x31 ./Drivers/STM32F0xx_HAL_Driver/Src/stm32f0xx_hal_flash.o
 .ARM.attributes
                0x000005c7       0x31 ./Drivers/STM32F0xx_HAL_Driver/Src/stm32f0xx_hal_flash_ex.o
 .ARM.attributes
                0x000005f8       0x31 ./Drivers/STM32F0xx_HAL_Driver/Src/stm32f0xx_hal_gpio.o
 .ARM.attributes
                0x00000629       0x31 ./Drivers/STM32F0xx_HAL_Driver/Src/stm32f0xx_hal_i2c.o
 .ARM.attributes
                0x0000065a       0x31 ./Drivers/STM32F0xx_HAL_Driver/Src/stm32f0xx_hal_i2c_ex.o
 .ARM.attributes
                0x0000068b       0x31 ./Drivers/STM32F0xx_HAL_Driver/Src/stm32f0xx_hal_iwdg.o
 .ARM.attributes
                0x000006bc       0x31 ./Drivers/STM32F0xx_HAL_Driver/Src/stm32f0xx_hal_pwr.o
 .ARM.attributes
                0x000006ed       0x31 ./Drivers/STM32F0xx_HAL_Driver/Src/stm32f0xx_hal_rcc.o
 .ARM.attributes
                0x0000071e       0x31 ./Drivers/STM32F0xx_HAL_Driver/Src/stm32f0xx_hal_rcc_ex.o
 .ARM.attributes
                0x0000074f       0x31 ./Drivers/STM32F0xx_HAL_Driver/Src/stm32f0xx_hal_rtc.o
 .ARM.attributes
                0x00000780       0x31 ./Drivers/STM32F0xx_HAL_Driver/Src/stm32f0xx_hal_rtc_ex.o
 .ARM.attributes
                0x000007b1       0x31 ./Drivers/STM32F0xx_HAL_Driver/Src/stm32f0xx_hal_spi.o
 .ARM.attributes
                0x000007e2       0x31 ./Drivers/STM32F0xx_HAL_Driver/Src/stm32f0xx_hal_tim.o
 .ARM.attributes
                0x00000813       0x31 ./Drivers/STM32F0xx_HAL_Driver/Src/stm32f0xx_hal_tim_ex.o
 .ARM.attributes
                0x00000844       0x31 ./Drivers/STM32F0xx_HAL_Driver/Src/stm32f0xx_hal_uart.o
 .ARM.attributes
                0x00000875       0x31 ./Drivers/STM32F0xx_HAL_Driver/Src/stm32f0xx_hal_uart_ex.o
 .ARM.attributes
                0x000008a6       0x1e c:/program files (x86)/gnu tools arm embedded/6 2017-q2-update/bin/../lib/gcc/arm-none-eabi/6.3.1/thumb/v6-m\libgcc.a(_thumb1_case_sqi.o)
 .ARM.attributes
                0x000008c4       0x1e c:/program files (x86)/gnu tools arm embedded/6 2017-q2-update/bin/../lib/gcc/arm-none-eabi/6.3.1/thumb/v6-m\libgcc.a(_thumb1_case_uqi.o)
 .ARM.attributes
                0x000008e2       0x1e c:/program files (x86)/gnu tools arm embedded/6 2017-q2-update/bin/../lib/gcc/arm-none-eabi/6.3.1/thumb/v6-m\libgcc.a(_thumb1_case_shi.o)
 .ARM.attributes
                0x00000900       0x1e c:/program files (x86)/gnu tools arm embedded/6 2017-q2-update/bin/../lib/gcc/arm-none-eabi/6.3.1/thumb/v6-m\libgcc.a(_udivsi3.o)
 .ARM.attributes
                0x0000091e       0x1e c:/program files (x86)/gnu tools arm embedded/6 2017-q2-update/bin/../lib/gcc/arm-none-eabi/6.3.1/thumb/v6-m\libgcc.a(_dvmd_tls.o)
 .ARM.attributes
                0x0000093c       0x1e c:/program files (x86)/gnu tools arm embedded/6 2017-q2-update/bin/../lib/gcc/arm-none-eabi/6.3.1/thumb/v6-m\libgcc.a(_lshrdi3.o)
 .ARM.attributes
                0x0000095a       0x2c c:/program files (x86)/gnu tools arm embedded/6 2017-q2-update/bin/../lib/gcc/arm-none-eabi/6.3.1/thumb/v6-m\libgcc.a(adddf3.o)
 .ARM.attributes
                0x00000986       0x2c c:/program files (x86)/gnu tools arm embedded/6 2017-q2-update/bin/../lib/gcc/arm-none-eabi/6.3.1/thumb/v6-m\libgcc.a(muldf3.o)
 .ARM.attributes
                0x000009b2       0x2c c:/program files (x86)/gnu tools arm embedded/6 2017-q2-update/bin/../lib/gcc/arm-none-eabi/6.3.1/thumb/v6-m\libgcc.a(floatsidf.o)
 .ARM.attributes
                0x000009de       0x1e c:/program files (x86)/gnu tools arm embedded/6 2017-q2-update/bin/../lib/gcc/arm-none-eabi/6.3.1/thumb/v6-m\libgcc.a(_clzsi2.o)
 .ARM.attributes
                0x000009fc       0x2c c:/program files (x86)/gnu tools arm embedded/6 2017-q2-update/bin/../lib/gcc/arm-none-eabi/6.3.1/../../../../arm-none-eabi/lib/thumb/v6-m\libg_nano.a(lib_a-impure.o)
 .ARM.attributes
                0x00000a28       0x2c c:/program files (x86)/gnu tools arm embedded/6 2017-q2-update/bin/../lib/gcc/arm-none-eabi/6.3.1/../../../../arm-none-eabi/lib/thumb/v6-m\libg_nano.a(lib_a-init.o)
 .ARM.attributes
                0x00000a54       0x2c c:/program files (x86)/gnu tools arm embedded/6 2017-q2-update/bin/../lib/gcc/arm-none-eabi/6.3.1/../../../../arm-none-eabi/lib/thumb/v6-m\libg_nano.a(lib_a-memcpy-stub.o)
 .ARM.attributes
                0x00000a80       0x2c c:/program files (x86)/gnu tools arm embedded/6 2017-q2-update/bin/../lib/gcc/arm-none-eabi/6.3.1/../../../../arm-none-eabi/lib/thumb/v6-m\libg_nano.a(lib_a-memset.o)
 .ARM.attributes
                0x00000aac       0x2c c:/program files (x86)/gnu tools arm embedded/6 2017-q2-update/bin/../lib/gcc/arm-none-eabi/6.3.1/../../../../arm-none-eabi/lib/thumb/v6-m\libg_nano.a(lib_a-strncpy.o)
 .ARM.attributes
                0x00000ad8       0x2c c:/program files (x86)/gnu tools arm embedded/6 2017-q2-update/bin/../lib/gcc/arm-none-eabi/6.3.1/../../../../arm-none-eabi/lib/thumb/v6-m\libg_nano.a(lib_a-vsnprintf.o)
 .ARM.attributes
                0x00000b04       0x2c c:/program files (x86)/gnu tools arm embedded/6 2017-q2-update/bin/../lib/gcc/arm-none-eabi/6.3.1/../../../../arm-none-eabi/lib/thumb/v6-m\libg_nano.a(lib_a-nano-svfprintf.o)
 .ARM.attributes
                0x00000b30       0x2c c:/program files (x86)/gnu tools arm embedded/6 2017-q2-update/bin/../lib/gcc/arm-none-eabi/6.3.1/../../../../arm-none-eabi/lib/thumb/v6-m\libg_nano.a(lib_a-nano-vfprintf_i.o)
 .ARM.attributes
                0x00000b5c       0x2c c:/program files (x86)/gnu tools arm embedded/6 2017-q2-update/bin/../lib/gcc/arm-none-eabi/6.3.1/../../../../arm-none-eabi/lib/thumb/v6-m\libg_nano.a(lib_a-memchr-stub.o)
 .ARM.attributes
                0x00000b88       0x2c c:/program files (x86)/gnu tools arm embedded/6 2017-q2-update/bin/../lib/gcc/arm-none-eabi/6.3.1/../../../../arm-none-eabi/lib/thumb/v6-m\libg_nano.a(lib_a-memmove.o)
 .ARM.attributes
                0x00000bb4       0x2c c:/program files (x86)/gnu tools arm embedded/6 2017-q2-update/bin/../lib/gcc/arm-none-eabi/6.3.1/../../../../arm-none-eabi/lib/thumb/v6-m\libg_nano.a(lib_a-nano-freer.o)
 .ARM.attributes
                0x00000be0       0x2c c:/program files (x86)/gnu tools arm embedded/6 2017-q2-update/bin/../lib/gcc/arm-none-eabi/6.3.1/../../../../arm-none-eabi/lib/thumb/v6-m\libg_nano.a(lib_a-nano-mallocr.o)
 .ARM.attributes
                0x00000c0c       0x2c c:/program files (x86)/gnu tools arm embedded/6 2017-q2-update/bin/../lib/gcc/arm-none-eabi/6.3.1/../../../../arm-none-eabi/lib/thumb/v6-m\libg_nano.a(lib_a-nano-reallocr.o)
 .ARM.attributes
                0x00000c38       0x2c c:/program files (x86)/gnu tools arm embedded/6 2017-q2-update/bin/../lib/gcc/arm-none-eabi/6.3.1/../../../../arm-none-eabi/lib/thumb/v6-m\libg_nano.a(lib_a-sbrkr.o)
 .ARM.attributes
                0x00000c64       0x2c c:/program files (x86)/gnu tools arm embedded/6 2017-q2-update/bin/../lib/gcc/arm-none-eabi/6.3.1/../../../../arm-none-eabi/lib/thumb/v6-m\libg_nano.a(lib_a-mlock.o)
 .ARM.attributes
                0x00000c90       0x2c c:/program files (x86)/gnu tools arm embedded/6 2017-q2-update/bin/../lib/gcc/arm-none-eabi/6.3.1/../../../../arm-none-eabi/lib/thumb/v6-m\libg_nano.a(lib_a-nano-msizer.o)
 .ARM.attributes
                0x00000cbc       0x2c c:/program files (x86)/gnu tools arm embedded/6 2017-q2-update/bin/../lib/gcc/arm-none-eabi/6.3.1/../../../../arm-none-eabi/lib/thumb/v6-m\libg_nano.a(lib_a-reent.o)
 .ARM.attributes
                0x00000ce8       0x2c c:/program files (x86)/gnu tools arm embedded/6 2017-q2-update/bin/../lib/gcc/arm-none-eabi/6.3.1/../../../../arm-none-eabi/lib/thumb/v6-m\libnosys.a(sbrk.o)
 .ARM.attributes