Archive member included to satisfy reference by file (symbol)

c:/program files (x86)/gnu tools arm embedded/6 2017-q2-update/bin/../lib/gcc/arm-none-eabi/6.3.1/thumb/v6-m\libgcc.a(_thumb1_case_sqi.o)
                              ./Drivers/STM32F0xx_HAL_Driver/Src/stm32f0xx_hal_uart.o (__gnu_thumb1_case_sqi)
c:/program files (x86)/gnu tools arm embedded/6 2017-q2-update/bin/../lib/gcc/arm-none-eabi/6.3.1/thumb/v6-m\libgcc.a(_thumb1_case_uqi.o)
                              ./Src/freertos.o (__gnu_thumb1_case_uqi)
c:/program files (x86)/gnu tools arm embedded/6 2017-q2-update/bin/../lib/gcc/arm-none-eabi/6.3.1/thumb/v6-m\libgcc.a(_thumb1_case_shi.o)
                              ./Src/freertos.o (__gnu_thumb1_case_shi)
c:/program files (x86)/gnu tools arm embedded/6 2017-q2-update/bin/../lib/gcc/arm-none-eabi/6.3.1/thumb/v6-m\libgcc.a(_thumb1_case_uhi.o)
                              ./Src/freertos.o (__gnu_thumb1_case_uhi)
c:/program files (x86)/gnu tools arm embedded/6 2017-q2-update/bin/../lib/gcc/arm-none-eabi/6.3.1/thumb/v6-m\libgcc.a(_udivsi3.o)
                              ./Src/freertos.o (__aeabi_uidiv)
c:/program files (x86)/gnu tools arm embedded/6 2017-q2-update/bin/../lib/gcc/arm-none-eabi/6.3.1/thumb/v6-m\libgcc.a(_dvmd_tls.o)
                              c:/program files (x86)/gnu tools arm embedded/6 2017-q2-update/bin/../lib/gcc/arm-none-eabi/6.3.1/thumb/v6-m\libgcc.a(_udivsi3.o) (__aeabi_idiv0)
c:/program files (x86)/gnu tools arm embedded/6 2017-q2-update/bin/../lib/gcc/arm-none-eabi/6.3.1/thumb/v6-m\libgcc.a(_lshrdi3.o)
                              ./Drivers/STM32F0xx_HAL_Driver/Src/stm32f0xx_hal_flash.o (__aeabi_llsr)
c:/program files (x86)/gnu tools arm embedded/6 2017-q2-update/bin/../lib/gcc/arm-none-eabi/6.3.1/../../../../arm-none-eabi/lib/thumb/v6-m\libg_nano.a(lib_a-exit.o)
                              c:/program files (x86)/gnu tools arm embedded/6 2017-q2-update/bin/../lib/gcc/arm-none-eabi/6.3.1/../../../../arm-none-eabi/lib/thumb/v6-m/crt0.o (exit)
c:/program files (x86)/gnu tools arm embedded/6 2017-q2-update/bin/../lib/gcc/arm-none-eabi/6.3.1/../../../../arm-none-eabi/lib/thumb/v6-m\libg_nano.a(lib_a-impure.o)
                              c:/program files (x86)/gnu tools arm embedded/6 2017-q2-update/bin/../lib/gcc/arm-none-eabi/6.3.1/../../../../arm-none-eabi/lib/thumb/v6-m\libg_nano.a(lib_a-exit.o) (_global_impure_ptr)
c:/program files (x86)/gnu tools arm embedded/6 2017-q2-update/bin/../lib/gcc/arm-none-eabi/6.3.1/../../../../arm-none-eabi/lib/thumb/v6-m\libg_nano.a(lib_a-init.o)
                              c:/program files (x86)/gnu tools arm embedded/6 2017-q2-update/bin/../lib/gcc/arm-none-eabi/6.3.1/../../../../arm-none-eabi/lib/thumb/v6-m/crt0.o (__libc_init_array)
c:/program files (x86)/gnu tools arm embedded/6 2017-q2-update/bin/../lib/gcc/arm-none-eabi/6.3.1/../../../../arm-none-eabi/lib/thumb/v6-m\libg_nano.a(lib_a-memcpy-stub.o)
                              ./Src/freertos.o (memcpy)
c:/program files (x86)/gnu tools arm embedded/6 2017-q2-update/bin/../lib/gcc/arm-none-eabi/6.3.1/../../../../arm-none-eabi/lib/thumb/v6-m\libg_nano.a(lib_a-memset.o)
                              c:/program files (x86)/gnu tools arm embedded/6 2017-q2-update/bin/../lib/gcc/arm-none-eabi/6.3.1/../../../../arm-none-eabi/lib/thumb/v6-m/crt0.o (memset)
c:/program files (x86)/gnu tools arm embedded/6 2017-q2-update/bin/../lib/gcc/arm-none-eabi/6.3.1/../../../../arm-none-eabi/lib/thumb/v6-m\libg_nano.a(lib_a-strncpy.o)
                              ./Src/freertos.o (strncpy)
c:/program files (x86)/gnu tools arm embedded/6 2017-q2-update/bin/../lib/gcc/arm-none-eabi/6.3.1/../../../../arm-none-eabi/lib/thumb/v6-m\libg_nano.a(lib_a-vsnprintf.o)
                              ./Src/freertos.o (vsnprintf)
c:/program files (x86)/gnu tools arm embedded/6 2017-q2-update/bin/../lib/gcc/arm-none-eabi/6.3.1/../../../../arm-none-eabi/lib/thumb/v6-m\libg_nano.a(lib_a-nano-svfprintf.o)
                              c:/program files (x86)/gnu tools arm embedded/6 2017-q2-update/bin/../lib/gcc/arm-none-eabi/6.3.1/../../../../arm-none-eabi/lib/thumb/v6-m\libg_nano.a(lib_a-vsnprintf.o) (_svfprintf_r)
c:/program files (x86)/gnu tools arm embedded/6 2017-q2-update/bin/../lib/gcc/arm-none-eabi/6.3.1/../../../../arm-none-eabi/lib/thumb/v6-m\libg_nano.a(lib_a-nano-vfprintf_i.o)
                              c:/program files (x86)/gnu tools arm embedded/6 2017-q2-update/bin/../lib/gcc/arm-none-eabi/6.3.1/../../../../arm-none-eabi/lib/thumb/v6-m\libg_nano.a(lib_a-nano-svfprintf.o) (_printf_i)
c:/program files (x86)/gnu tools arm embedded/6 2017-q2-update/bin/../lib/gcc/arm-none-eabi/6.3.1/../../../../arm-none-eabi/lib/thumb/v6-m\libg_nano.a(lib_a-memchr-stub.o)
                              c:/program files (x86)/gnu tools arm embedded/6 2017-q2-update/bin/../lib/gcc/arm-none-eabi/6.3.1/../../../../arm-none-eabi/lib/thumb/v6-m\libg_nano.a(lib_a-nano-svfprintf.o) (memchr)
[...]
Memory Configuration

Name             Origin             Length             Attributes
RAM              0x20000000         0x00008000         xrw
FLASH            0x08000000         0x00040000         xr
*default*        0x00000000         0xffffffff

Linker script and memory map

LOAD c:/program files (x86)/gnu tools arm embedded/6 2017-q2-update/bin/../lib/gcc/arm-none-eabi/6.3.1/thumb/v6-m/crti.o
LOAD c:/program files (x86)/gnu tools arm embedded/6 2017-q2-update/bin/../lib/gcc/arm-none-eabi/6.3.1/thumb/v6-m/crtbegin.o
LOAD c:/program files (x86)/gnu tools arm embedded/6 2017-q2-update/bin/../lib/gcc/arm-none-eabi/6.3.1/../../../../arm-none-eabi/lib/thumb/v6-m/crt0.o
LOAD ./Src/adc.o
LOAD ./Src/aewin_def.o
LOAD ./Src/can.o
LOAD ./Src/dma.o
LOAD ./Src/freertos.o
LOAD ./Src/gpio.o
LOAD ./Src/i2c.o
LOAD ./Src/iwdg.o
LOAD ./Src/main.o
LOAD ./Src/rtc.o
LOAD ./Src/spi.o
LOAD ./Src/startup_stm32f091xc.o
LOAD ./Src/stm32f0xx_hal_msp.o
LOAD ./Src/stm32f0xx_hal_timebase_TIM.o
LOAD ./Src/stm32f0xx_it.o
LOAD ./Src/system_stm32f0xx.o
LOAD ./Src/tim.o
LOAD ./Src/usart.o
LOAD ./Middlewares/Third_Party/FreeRTOS/Source/portable/MemMang/heap_4.o
LOAD ./Middlewares/Third_Party/FreeRTOS/Source/portable/GCC/ARM_CM0/port.o
LOAD ./Middlewares/Third_Party/FreeRTOS/Source/CMSIS_RTOS/cmsis_os.o
LOAD ./Middlewares/Third_Party/FreeRTOS/Source/croutine.o
LOAD ./Middlewares/Third_Party/FreeRTOS/Source/event_groups.o
LOAD ./Middlewares/Third_Party/FreeRTOS/Source/list.o
LOAD ./Middlewares/Third_Party/FreeRTOS/Source/queue.o
LOAD ./Middlewares/Third_Party/FreeRTOS/Source/tasks.o
LOAD ./Middlewares/Third_Party/FreeRTOS/Source/timers.o
LOAD ./Drivers/STM32F0xx_HAL_Driver/Src/stm32f0xx_hal.o
LOAD ./Drivers/STM32F0xx_HAL_Driver/Src/stm32f0xx_hal_adc.o
LOAD ./Drivers/STM32F0xx_HAL_Driver/Src/stm32f0xx_hal_adc_ex.o
LOAD ./Drivers/STM32F0xx_HAL_Driver/Src/stm32f0xx_hal_can.o
LOAD ./Drivers/STM32F0xx_HAL_Driver/Src/stm32f0xx_hal_cortex.o
LOAD ./Drivers/STM32F0xx_HAL_Driver/Src/stm32f0xx_hal_dma.o
LOAD ./Drivers/STM32F0xx_HAL_Driver/Src/stm32f0xx_hal_flash.o
LOAD ./Drivers/STM32F0xx_HAL_Driver/Src/stm32f0xx_hal_flash_ex.o
LOAD ./Drivers/STM32F0xx_HAL_Driver/Src/stm32f0xx_hal_gpio.o
LOAD ./Drivers/STM32F0xx_HAL_Driver/Src/stm32f0xx_hal_i2c.o
LOAD ./Drivers/STM32F0xx_HAL_Driver/Src/stm32f0xx_hal_i2c_ex.o
LOAD ./Drivers/STM32F0xx_HAL_Driver/Src/stm32f0xx_hal_iwdg.o
LOAD ./Drivers/STM32F0xx_HAL_Driver/Src/stm32f0xx_hal_pwr.o
LOAD ./Drivers/STM32F0xx_HAL_Driver/Src/stm32f0xx_hal_pwr_ex.o
LOAD ./Drivers/STM32F0xx_HAL_Driver/Src/stm32f0xx_hal_rcc.o
LOAD ./Drivers/STM32F0xx_HAL_Driver/Src/stm32f0xx_hal_rcc_ex.o
LOAD ./Drivers/STM32F0xx_HAL_Driver/Src/stm32f0xx_hal_rtc.o
LOAD ./Drivers/STM32F0xx_HAL_Driver/Src/stm32f0xx_hal_rtc_ex.o
LOAD ./Drivers/STM32F0xx_HAL_Driver/Src/stm32f0xx_hal_spi.o
LOAD ./Drivers/STM32F0xx_HAL_Driver/Src/stm32f0xx_hal_spi_ex.o
LOAD ./Drivers/STM32F0xx_HAL_Driver/Src/stm32f0xx_hal_tim.o
LOAD ./Drivers/STM32F0xx_HAL_Driver/Src/stm32f0xx_hal_tim_ex.o
LOAD ./Drivers/STM32F0xx_HAL_Driver/Src/stm32f0xx_hal_uart.o
LOAD ./Drivers/STM32F0xx_HAL_Driver/Src/stm32f0xx_hal_uart_ex.o
START GROUP
LOAD c:/program files (x86)/gnu tools arm embedded/6 2017-q2-update/bin/../lib/gcc/arm-none-eabi/6.3.1/thumb/v6-m\libgcc.a
LOAD c:/program files (x86)/gnu tools arm embedded/6 2017-q2-update/bin/../lib/gcc/arm-none-eabi/6.3.1/../../../../arm-none-eabi/lib/thumb/v6-m\libg_nano.a
LOAD c:/program files (x86)/gnu tools arm embedded/6 2017-q2-update/bin/../lib/gcc/arm-none-eabi/6.3.1/../../../../arm-none-eabi/lib/thumb/v6-m\libc_nano.a
END GROUP
START GROUP
LOAD c:/program files (x86)/gnu tools arm embedded/6 2017-q2-update/bin/../lib/gcc/arm-none-eabi/6.3.1/thumb/v6-m\libgcc.a
LOAD c:/program files (x86)/gnu tools arm embedded/6 2017-q2-update/bin/../lib/gcc/arm-none-eabi/6.3.1/../../../../arm-none-eabi/lib/thumb/v6-m\libc_nano.a
LOAD c:/program files (x86)/gnu tools arm embedded/6 2017-q2-update/bin/../lib/gcc/arm-none-eabi/6.3.1/../../../../arm-none-eabi/lib/thumb/v6-m\libnosys.a
END GROUP
START GROUP
LOAD c:/program files (x86)/gnu tools arm embedded/6 2017-q2-update/bin/../lib/gcc/arm-none-eabi/6.3.1/thumb/v6-m\libgcc.a
LOAD c:/program files (x86)/gnu tools arm embedded/6 2017-q2-update/bin/../lib/gcc/arm-none-eabi/6.3.1/../../../../arm-none-eabi/lib/thumb/v6-m\libc_nano.a
LOAD c:/program files (x86)/gnu tools arm embedded/6 2017-q2-update/bin/../lib/gcc/arm-none-eabi/6.3.1/../../../../arm-none-eabi/lib/thumb/v6-m\libnosys.a
END GROUP
LOAD c:/program files (x86)/gnu tools arm embedded/6 2017-q2-update/bin/../lib/gcc/arm-none-eabi/6.3.1/thumb/v6-m/crtend.o
LOAD c:/program files (x86)/gnu tools arm embedded/6 2017-q2-update/bin/../lib/gcc/arm-none-eabi/6.3.1/thumb/v6-m/crtn.o
                0x20008000                _estack = 0x20008000
                0x00000200                _Min_Heap_Size = 0x200
                0x00000400                _Min_Stack_Size = 0x400

.isr_vector     0x08000000       0xbc
                0x08000000                . = ALIGN (0x4)
 *(.isr_vector)
 .isr_vector    0x08000000       0xbc ./Src/startup_stm32f091xc.o
                0x08000000                g_pfnVectors
                0x080000bc                . = ALIGN (0x4)

.text           0x080000c0     0xa0e8
                0x080000c0                . = ALIGN (0x4)
 *(.text)
 .text          0x080000c0       0x60 c:/program files (x86)/gnu tools arm embedded/6 2017-q2-update/bin/../lib/gcc/arm-none-eabi/6.3.1/thumb/v6-m/crtbegin.o
 .text          0x08000120       0x14 c:/program files (x86)/gnu tools arm embedded/6 2017-q2-update/bin/../lib/gcc/arm-none-eabi/6.3.1/thumb/v6-m\libgcc.a(_thumb1_case_sqi.o)
                0x08000120                __gnu_thumb1_case_sqi
 .text          0x08000134       0x14 c:/program files (x86)/gnu tools arm embedded/6 2017-q2-update/bin/../lib/gcc/arm-none-eabi/6.3.1/thumb/v6-m\libgcc.a(_thumb1_case_uqi.o)
                0x08000134                __gnu_thumb1_case_uqi
 .text          0x08000148       0x14 c:/program files (x86)/gnu tools arm embedded/6 2017-q2-update/bin/../lib/gcc/arm-none-eabi/6.3.1/thumb/v6-m\libgcc.a(_thumb1_case_shi.o)
                0x08000148                __gnu_thumb1_case_shi
 .text          0x0800015c       0x14 c:/program files (x86)/gnu tools arm embedded/6 2017-q2-update/bin/../lib/gcc/arm-none-eabi/6.3.1/thumb/v6-m\libgcc.a(_thumb1_case_uhi.o)
                0x0800015c                __gnu_thumb1_case_uhi
 .text          0x08000170      0x114 c:/program files (x86)/gnu tools arm embedded/6 2017-q2-update/bin/../lib/gcc/arm-none-eabi/6.3.1/thumb/v6-m\libgcc.a(_udivsi3.o)
                0x08000170                __aeabi_uidiv
                0x08000170                __udivsi3
                0x0800027c                __aeabi_uidivmod
 .text          0x08000284        0x4 c:/program files (x86)/gnu tools arm embedded/6 2017-q2-update/bin/../lib/gcc/arm-none-eabi/6.3.1/thumb/v6-m\libgcc.a(_dvmd_tls.o)
                0x08000284                __aeabi_idiv0
                0x08000284                __aeabi_ldiv0
 *(.text*)
 .text.MX_ADC_Init
                0x08000288       0x88 ./Src/adc.o
                0x08000288                MX_ADC_Init
 .text.HAL_ADC_MspInit
                0x08000310       0x9c ./Src/adc.o
                0x08000310                HAL_ADC_MspInit
 .text.MX_CAN_Init
                0x080003ac       0x4c ./Src/can.o
                0x080003ac                MX_CAN_Init
 .text.HAL_CAN_MspInit
                0x080003f8       0x60 ./Src/can.o
                0x080003f8                HAL_CAN_MspInit
 .text.MX_DMA_Init
                0x08000458       0x5c ./Src/dma.o
                0x08000458                MX_DMA_Init
 .text.StartDefaultTask
                0x080004b4        0xa ./Src/freertos.o
                0x080004b4                StartDefaultTask
 *fill*         0x080004be        0x2 
 .text.cmd_proc_entry
                0x080004c0       0x44 ./Src/freertos.o
                0x080004c0                cmd_proc_entry
 .text.usart3_entry
                0x08000504      0x1b4 ./Src/freertos.o
                0x08000504                usart3_entry
 .text.IWDG_entry
                0x080006b8       0x34 ./Src/freertos.o
                0x080006b8                IWDG_entry
 .text.gpio_state_entry
                0x080006ec       0x88 ./Src/freertos.o
                0x080006ec                gpio_state_entry
 .text.spi1_entry
                0x08000774      0x608 ./Src/freertos.o
                0x08000774                spi1_entry
 .text.can_entry
                0x08000d7c       0xa8 ./Src/freertos.o
                0x08000d7c                can_entry
 .text.aewin_dbg
                0x08000e24       0x60 ./Src/freertos.o
                0x08000e24                aewin_dbg
 .text.i2c1_entry
                0x08000e84      0x108 ./Src/freertos.o
                0x08000e84                i2c1_entry
 .text.adc_entry
                0x08000f8c       0x78 ./Src/freertos.o
                0x08000f8c                adc_entry
 .text.HAL_RTC_AlarmAEventCallback
                0x08001004       0x34 ./Src/freertos.o
                0x08001004                HAL_RTC_AlarmAEventCallback
 .text.adc_voltageConversion_float
                0x08001038       0x20 ./Src/freertos.o
                0x08001038                adc_voltageConversion_float
 .text.adc_tempConversion_int
                0x08001058       0x24 ./Src/freertos.o
                0x08001058                adc_tempConversion_int
 .text.adc_tempConversion_float
                0x0800107c       0x28 ./Src/freertos.o
                0x0800107c                adc_tempConversion_float
 .text.usart1_entry
                0x080010a4      0xfa8 ./Src/freertos.o
                0x080010a4                usart1_entry
 .text.uart2_findCommaIndexNext
                0x0800204c       0x28 ./Src/freertos.o
                0x0800204c                uart2_findCommaIndexNext
 .text.uart_findDataIndex
                0x08002074       0x32 ./Src/freertos.o
                0x08002074                uart_findDataIndex
 .text.uart2_isFindString
                0x080020a6       0x4e ./Src/freertos.o
                0x080020a6                uart2_isFindString
 .text.enable_4GModule
                0x080020f4       0x40 ./Src/freertos.o
                0x080020f4                enable_4GModule
 .text.print_atCommand
                0x08002134       0x34 ./Src/freertos.o
                0x08002134                print_atCommand
 .text.usart2_entry
                0x08002168      0x818 ./Src/freertos.o
                0x08002168                usart2_entry
 .text.check_lowPower
                0x08002980       0x4c ./Src/freertos.o
                0x08002980                check_lowPower
 .text.check_highPower
                0x080029cc       0x4c ./Src/freertos.o
                0x080029cc                check_highPower
 .text.ignition_entry
                0x08002a18      0x3cc ./Src/freertos.o
                0x08002a18                ignition_entry
 .text.config_recovery
                0x08002de4       0x1c ./Src/freertos.o
                0x08002de4                config_recovery
 .text.MX_FREERTOS_Init
                0x08002e00      0x2f8 ./Src/freertos.o
                0x08002e00                MX_FREERTOS_Init
 .text.MX_GPIO_Init
                0x080030f8       0xf4 ./Src/gpio.o
                0x080030f8                MX_GPIO_Init
 .text.MX_I2C1_Init
                0x080031ec       0x6c ./Src/i2c.o
                0x080031ec                MX_I2C1_Init
 .text.MX_I2C2_Init
                0x08003258       0x6c ./Src/i2c.o
                0x08003258                MX_I2C2_Init
 .text.HAL_I2C_MspInit
                0x080032c4       0xac ./Src/i2c.o
                0x080032c4                HAL_I2C_MspInit
 .text.MX_IWDG_Init
                0x08003370       0x34 ./Src/iwdg.o
                0x08003370                MX_IWDG_Init
 .text.SystemClock_Config
                0x080033a4       0xa4 ./Src/main.o
                0x080033a4                SystemClock_Config
 .text.startup.main
                0x08003448       0x4c ./Src/main.o
                0x08003448                main
 .text.HAL_TIM_PeriodElapsedCallback
                0x08003494       0x14 ./Src/main.o
                0x08003494                HAL_TIM_PeriodElapsedCallback
 .text._Error_Handler
                0x080034a8        0x2 ./Src/main.o
                0x080034a8                _Error_Handler
 *fill*         0x080034aa        0x2 
 .text.MX_RTC_Init
                0x080034ac      0x108 ./Src/rtc.o
                0x080034ac                MX_RTC_Init
 .text.HAL_RTC_MspInit
                0x080035b4       0x30 ./Src/rtc.o
                0x080035b4                HAL_RTC_MspInit
 .text.MX_SPI1_Init
                0x080035e4       0x54 ./Src/spi.o
                0x080035e4                MX_SPI1_Init
 .text.HAL_SPI_MspInit
                0x08003638       0x60 ./Src/spi.o
                0x08003638                HAL_SPI_MspInit
 .text.Reset_Handler
                0x08003698       0x50 ./Src/startup_stm32f091xc.o
                0x08003698                Reset_Handler
 .text.Default_Handler
                0x080036e8        0x2 ./Src/startup_stm32f091xc.o
                0x080036e8                TIM1_CC_IRQHandler
                0x080036e8                TSC_IRQHandler
                0x080036e8                ADC1_COMP_IRQHandler
                0x080036e8                RCC_CRS_IRQHandler
                0x080036e8                SPI1_IRQHandler
                0x080036e8                TIM6_DAC_IRQHandler
                0x080036e8                EXTI2_3_IRQHandler
                0x080036e8                I2C2_IRQHandler
                0x080036e8                TIM17_IRQHandler
                0x080036e8                PVD_VDDIO2_IRQHandler
                0x080036e8                TIM16_IRQHandler
                0x080036e8                TIM3_IRQHandler
                0x080036e8                EXTI4_15_IRQHandler
                0x080036e8                Default_Handler
                0x080036e8                TIM14_IRQHandler
                0x080036e8                TIM7_IRQHandler
                0x080036e8                TIM15_IRQHandler
                0x080036e8                EXTI0_1_IRQHandler
                0x080036e8                SPI2_IRQHandler
                0x080036e8                WWDG_IRQHandler
                0x080036e8                TIM2_IRQHandler
                0x080036e8                FLASH_IRQHandler
 *fill*         0x080036ea        0x2 
 .text.HAL_MspInit
                0x080036ec       0x3c ./Src/stm32f0xx_hal_msp.o
                0x080036ec                HAL_MspInit
 .text.HAL_InitTick
                0x08003728       0x7c ./Src/stm32f0xx_hal_timebase_TIM.o
                0x08003728                HAL_InitTick
 .text.NMI_Handler
                0x080037a4        0x2 ./Src/stm32f0xx_it.o
                0x080037a4                NMI_Handler
 .text.HardFault_Handler
                0x080037a6        0x2 ./Src/stm32f0xx_it.o
                0x080037a6                HardFault_Handler
 .text.SysTick_Handler
                0x080037a8        0x8 ./Src/stm32f0xx_it.o
                0x080037a8                SysTick_Handler
 .text.RTC_IRQHandler
                0x080037b0       0x1c ./Src/stm32f0xx_it.o
                0x080037b0                RTC_IRQHandler
 .text.DMA1_Ch1_IRQHandler
                0x080037cc       0x10 ./Src/stm32f0xx_it.o
                0x080037cc                DMA1_Ch1_IRQHandler
 .text.DMA1_Ch2_3_DMA2_Ch1_2_IRQHandler
                0x080037dc       0x2c ./Src/stm32f0xx_it.o
                0x080037dc                DMA1_Ch2_3_DMA2_Ch1_2_IRQHandler
 .text.DMA1_Ch4_7_DMA2_Ch3_5_IRQHandler
                0x08003808       0x18 ./Src/stm32f0xx_it.o
                0x08003808                DMA1_Ch4_7_DMA2_Ch3_5_IRQHandler
 .text.TIM1_BRK_UP_TRG_COM_IRQHandler
                0x08003820       0x10 ./Src/stm32f0xx_it.o
                0x08003820                TIM1_BRK_UP_TRG_COM_IRQHandler
 .text.I2C1_IRQHandler
                0x08003830       0x20 ./Src/stm32f0xx_it.o
                0x08003830                I2C1_IRQHandler
 .text.USART1_IRQHandler
                0x08003850       0x10 ./Src/stm32f0xx_it.o
                0x08003850                USART1_IRQHandler
 .text.USART2_IRQHandler
                0x08003860       0x10 ./Src/stm32f0xx_it.o
                0x08003860                USART2_IRQHandler
 .text.USART3_8_IRQHandler
                0x08003870       0x10 ./Src/stm32f0xx_it.o
                0x08003870                USART3_8_IRQHandler
 .text.CEC_CAN_IRQHandler
                0x08003880       0x10 ./Src/stm32f0xx_it.o
                0x08003880                CEC_CAN_IRQHandler
 .text.SystemInit
                0x08003890       0x60 ./Src/system_stm32f0xx.o
                0x08003890                SystemInit
 .text.MX_TIM2_Init
                0x080038f0       0x88 ./Src/tim.o
                0x080038f0                MX_TIM2_Init
 .text.HAL_TIM_Base_MspInit
                0x08003978       0x48 ./Src/tim.o
                0x08003978                HAL_TIM_Base_MspInit
 .text.HAL_TIM_MspPostInit
                0x080039c0       0x30 ./Src/tim.o
                0x080039c0                HAL_TIM_MspPostInit
 .text.MX_TIM14_Init
                0x080039f0       0x70 ./Src/tim.o
                0x080039f0                MX_TIM14_Init
 .text.MX_USART1_UART_Init
                0x08003a60       0x40 ./Src/usart.o
                0x08003a60                MX_USART1_UART_Init
 .text.MX_USART2_UART_Init
                0x08003aa0       0x40 ./Src/usart.o
                0x08003aa0                MX_USART2_UART_Init
 .text.MX_USART3_UART_Init
                0x08003ae0       0x50 ./Src/usart.o
                0x08003ae0                MX_USART3_UART_Init
 .text.HAL_UART_MspInit
                0x08003b30      0x2f0 ./Src/usart.o
                0x08003b30                HAL_UART_MspInit
 .text.unlikely.prvInsertBlockIntoFreeList
                0x08003e20       0x48 ./Middlewares/Third_Party/FreeRTOS/Source/portable/MemMang/heap_4.o
 .text.pvPortMalloc
                0x08003e68      0x104 ./Middlewares/Third_Party/FreeRTOS/Source/portable/MemMang/heap_4.o
                0x08003e68                pvPortMalloc
 .text.vPortFree
                0x08003f6c       0x48 ./Middlewares/Third_Party/FreeRTOS/Source/portable/MemMang/heap_4.o
                0x08003f6c                vPortFree
 .text.prvTaskExitError
                0x08003fb4       0x14 ./Middlewares/Third_Party/FreeRTOS/Source/portable/GCC/ARM_CM0/port.o
 *fill*         0x08003fc8        0x8 
 .text.vPortStartFirstTask
                0x08003fd0       0x34 ./Middlewares/Third_Party/FreeRTOS/Source/portable/GCC/ARM_CM0/port.o
 .text.pxPortInitialiseStack
                0x08004004       0x20 ./Middlewares/Third_Party/FreeRTOS/Source/portable/GCC/ARM_CM0/port.o
                0x08004004                pxPortInitialiseStack
 .text.SVC_Handler
                0x08004024        0x2 ./Middlewares/Third_Party/FreeRTOS/Source/portable/GCC/ARM_CM0/port.o
                0x08004024                SVC_Handler
 *fill*         0x08004026        0x2 
 .text.vPortYield
                0x08004028       0x18 ./Middlewares/Third_Party/FreeRTOS/Source/portable/GCC/ARM_CM0/port.o
                0x08004028                vPortYield
 .text.vPortEnterCritical
                0x08004040       0x18 ./Middlewares/Third_Party/FreeRTOS/Source/portable/GCC/ARM_CM0/port.o
                0x08004040                vPortEnterCritical
 .text.vPortExitCritical
                0x08004058       0x1c ./Middlewares/Third_Party/FreeRTOS/Source/portable/GCC/ARM_CM0/port.o
                0x08004058                vPortExitCritical
 .text.ulSetInterruptMaskFromISR
                0x08004074        0xa ./Middlewares/Third_Party/FreeRTOS/Source/portable/GCC/ARM_CM0/port.o
                0x08004074                ulSetInterruptMaskFromISR
 .text.vClearInterruptMaskFromISR
                0x0800407e        0x6 ./Middlewares/Third_Party/FreeRTOS/Source/portable/GCC/ARM_CM0/port.o
                0x0800407e                vClearInterruptMaskFromISR
 *fill*         0x08004084        0xc 
 .text.PendSV_Handler
                0x08004090       0x44 ./Middlewares/Third_Party/FreeRTOS/Source/portable/GCC/ARM_CM0/port.o
                0x08004090                PendSV_Handler
 .text.xPortSysTickHandler
                0x080040d4       0x24 ./Middlewares/Third_Party/FreeRTOS/Source/portable/GCC/ARM_CM0/port.o
                0x080040d4                xPortSysTickHandler
 .text.vPortSetupTimerInterrupt
                0x080040f8       0x28 ./Middlewares/Third_Party/FreeRTOS/Source/portable/GCC/ARM_CM0/port.o
                0x080040f8                vPortSetupTimerInterrupt
 .text.xPortStartScheduler
                0x08004120       0x34 ./Middlewares/Third_Party/FreeRTOS/Source/portable/GCC/ARM_CM0/port.o
                0x08004120                xPortStartScheduler
 .text.osKernelStart
                0x08004154        0xa ./Middlewares/Third_Party/FreeRTOS/Source/CMSIS_RTOS/cmsis_os.o
                0x08004154                osKernelStart
 .text.osThreadCreate
                0x0800415e       0x30 ./Middlewares/Third_Party/FreeRTOS/Source/CMSIS_RTOS/cmsis_os.o
                0x0800415e                osThreadCreate
 .text.osDelay  0x0800418e       0x10 ./Middlewares/Third_Party/FreeRTOS/Source/CMSIS_RTOS/cmsis_os.o
                0x0800418e                osDelay
 .text.osMutexCreate
                0x0800419e        0xa ./Middlewares/Third_Party/FreeRTOS/Source/CMSIS_RTOS/cmsis_os.o
                0x0800419e                osMutexCreate
 .text.osMutexWait
                0x080041a8       0x4c ./Middlewares/Third_Party/FreeRTOS/Source/CMSIS_RTOS/cmsis_os.o
                0x080041a8                osMutexWait
 .text.osSemaphoreRelease
                0x080041f4       0x40 ./Middlewares/Third_Party/FreeRTOS/Source/CMSIS_RTOS/cmsis_os.o
                0x080041f4                osSemaphoreRelease
 .text.osMutexRelease
                0x08004234        0x8 ./Middlewares/Third_Party/FreeRTOS/Source/CMSIS_RTOS/cmsis_os.o
                0x08004234                osMutexRelease
 .text.osMessageCreate
                0x0800423c        0xe ./Middlewares/Third_Party/FreeRTOS/Source/CMSIS_RTOS/cmsis_os.o
                0x0800423c                osMessageCreate
 *fill*         0x0800424a        0x2 
 .text.osMessagePut
                0x0800424c       0x4c ./Middlewares/Third_Party/FreeRTOS/Source/CMSIS_RTOS/cmsis_os.o
                0x0800424c                osMessagePut
 .text.osMessageGet
                0x08004298       0x74 ./Middlewares/Third_Party/FreeRTOS/Source/CMSIS_RTOS/cmsis_os.o
                0x08004298                osMessageGet
 .text.osSystickHandler
                0x0800430c       0x10 ./Middlewares/Third_Party/FreeRTOS/Source/CMSIS_RTOS/cmsis_os.o
                0x0800430c                osSystickHandler
 .text.vListInitialise
                0x0800431c       0x16 ./Middlewares/Third_Party/FreeRTOS/Source/list.o
                0x0800431c                vListInitialise
 .text.vListInitialiseItem
                0x08004332        0x6 ./Middlewares/Third_Party/FreeRTOS/Source/list.o
                0x08004332                vListInitialiseItem
 .text.vListInsertEnd
                0x08004338       0x18 ./Middlewares/Third_Party/FreeRTOS/Source/list.o
                0x08004338                vListInsertEnd
 .text.vListInsert
                0x08004350       0x2e ./Middlewares/Third_Party/FreeRTOS/Source/list.o
                0x08004350                vListInsert
 .text.uxListRemove
                0x0800437e       0x20 ./Middlewares/Third_Party/FreeRTOS/Source/list.o
                0x0800437e                uxListRemove
 .text.unlikely.prvCopyDataToQueue
                0x0800439e       0x70 ./Middlewares/Third_Party/FreeRTOS/Source/queue.o
 .text.unlikely.prvCopyDataFromQueue
                0x0800440e       0x24 ./Middlewares/Third_Party/FreeRTOS/Source/queue.o
 .text.prvUnlockQueue
                0x08004432       0x6a ./Middlewares/Third_Party/FreeRTOS/Source/queue.o
 .text.xQueueGenericReset
                0x0800449c       0x68 ./Middlewares/Third_Party/FreeRTOS/Source/queue.o
                0x0800449c                xQueueGenericReset
 .text.xQueueGenericCreate
                0x08004504       0x3a ./Middlewares/Third_Party/FreeRTOS/Source/queue.o
                0x08004504                xQueueGenericCreate
 .text.xQueueGenericSend
                0x0800453e      0x11e ./Middlewares/Third_Party/FreeRTOS/Source/queue.o
                0x0800453e                xQueueGenericSend
 .text.xQueueCreateMutex
                0x0800465c       0x24 ./Middlewares/Third_Party/FreeRTOS/Source/queue.o
                0x0800465c                xQueueCreateMutex
 .text.xQueueGenericSendFromISR
                0x08004680       0x92 ./Middlewares/Third_Party/FreeRTOS/Source/queue.o
                0x08004680                xQueueGenericSendFromISR
 .text.xQueueGiveFromISR
                0x08004712       0x7a ./Middlewares/Third_Party/FreeRTOS/Source/queue.o
                0x08004712                xQueueGiveFromISR
 .text.xQueueGenericReceive
                0x0800478c      0x14c ./Middlewares/Third_Party/FreeRTOS/Source/queue.o
                0x0800478c                xQueueGenericReceive
 .text.xQueueReceiveFromISR
                0x080048d8       0x80 ./Middlewares/Third_Party/FreeRTOS/Source/queue.o
                0x080048d8                xQueueReceiveFromISR
 .text.prvResetNextTaskUnblockTime
                0x08004958       0x28 ./Middlewares/Third_Party/FreeRTOS/Source/tasks.o
 .text.prvAddCurrentTaskToDelayedList
                0x08004980       0x70 ./Middlewares/Third_Party/FreeRTOS/Source/tasks.o
 .text.xTaskCreate
                0x080049f0      0x188 ./Middlewares/Third_Party/FreeRTOS/Source/tasks.o
                0x080049f0                xTaskCreate
 .text.vTaskStartScheduler
                0x08004b78       0x54 ./Middlewares/Third_Party/FreeRTOS/Source/tasks.o
                0x08004b78                vTaskStartScheduler
 .text.vTaskSuspendAll
                0x08004bcc       0x10 ./Middlewares/Third_Party/FreeRTOS/Source/tasks.o
                0x08004bcc                vTaskSuspendAll
 .text.xTaskIncrementTick
                0x08004bdc       0xfc ./Middlewares/Third_Party/FreeRTOS/Source/tasks.o
                0x08004bdc                xTaskIncrementTick
 .text.xTaskResumeAll
                0x08004cd8       0xd0 ./Middlewares/Third_Party/FreeRTOS/Source/tasks.o
                0x08004cd8                xTaskResumeAll
 .text.vTaskDelay
                0x08004da8       0x34 ./Middlewares/Third_Party/FreeRTOS/Source/tasks.o
                0x08004da8                vTaskDelay
 .text.prvIdleTask
                0x08004ddc       0x68 ./Middlewares/Third_Party/FreeRTOS/Source/tasks.o
 .text.vTaskSwitchContext
                0x08004e44       0x6c ./Middlewares/Third_Party/FreeRTOS/Source/tasks.o
                0x08004e44                vTaskSwitchContext
 .text.vTaskPlaceOnEventList
                0x08004eb0       0x24 ./Middlewares/Third_Party/FreeRTOS/Source/tasks.o
                0x08004eb0                vTaskPlaceOnEventList
 .text.xTaskRemoveFromEventList
                0x08004ed4       0x78 ./Middlewares/Third_Party/FreeRTOS/Source/tasks.o
                0x08004ed4                xTaskRemoveFromEventList
 .text.vTaskSetTimeOutState
                0x08004f4c       0x20 ./Middlewares/Third_Party/FreeRTOS/Source/tasks.o
                0x08004f4c                vTaskSetTimeOutState
 .text.xTaskCheckForTimeOut
                0x08004f6c       0x60 ./Middlewares/Third_Party/FreeRTOS/Source/tasks.o
                0x08004f6c                xTaskCheckForTimeOut
 .text.vTaskMissedYield
                0x08004fcc        0xc ./Middlewares/Third_Party/FreeRTOS/Source/tasks.o
                0x08004fcc                vTaskMissedYield
 .text.xTaskGetSchedulerState
                0x08004fd8       0x20 ./Middlewares/Third_Party/FreeRTOS/Source/tasks.o
                0x08004fd8                xTaskGetSchedulerState
 .text.vTaskPriorityInherit
                0x08004ff8       0x6c ./Middlewares/Third_Party/FreeRTOS/Source/tasks.o
                0x08004ff8                vTaskPriorityInherit
 .text.xTaskPriorityDisinherit
                0x08005064       0x6c ./Middlewares/Third_Party/FreeRTOS/Source/tasks.o
                0x08005064                xTaskPriorityDisinherit
 .text.pvTaskIncrementMutexHeldCount
                0x080050d0       0x18 ./Middlewares/Third_Party/FreeRTOS/Source/tasks.o
                0x080050d0                pvTaskIncrementMutexHeldCount
 .text.HAL_Init
                0x080050e8       0x20 ./Drivers/STM32F0xx_HAL_Driver/Src/stm32f0xx_hal.o
                0x080050e8                HAL_Init
 .text.HAL_IncTick
                0x08005108       0x10 ./Drivers/STM32F0xx_HAL_Driver/Src/stm32f0xx_hal.o
                0x08005108                HAL_IncTick
 .text.HAL_GetTick
                0x08005118        0xc ./Drivers/STM32F0xx_HAL_Driver/Src/stm32f0xx_hal.o
                0x08005118                HAL_GetTick
 .text.HAL_Delay
                0x08005124       0x20 ./Drivers/STM32F0xx_HAL_Driver/Src/stm32f0xx_hal.o
                0x08005124                HAL_Delay
 .text.ADC_Disable
                0x08005144       0x72 ./Drivers/STM32F0xx_HAL_Driver/Src/stm32f0xx_hal_adc.o
 *fill*         0x080051b6        0x2 
 .text.ADC_Enable
                0x080051b8       0x98 ./Drivers/STM32F0xx_HAL_Driver/Src/stm32f0xx_hal_adc.o
 .text.ADC_ConversionStop
                0x08005250       0x52 ./Drivers/STM32F0xx_HAL_Driver/Src/stm32f0xx_hal_adc.o
 *fill*         0x080052a2        0x2 
 .text.HAL_ADC_Init
                0x080052a4      0x14c ./Drivers/STM32F0xx_HAL_Driver/Src/stm32f0xx_hal_adc.o
                0x080052a4                HAL_ADC_Init
 .text.HAL_ADC_Start_DMA
                0x080053f0       0x94 ./Drivers/STM32F0xx_HAL_Driver/Src/stm32f0xx_hal_adc.o
                0x080053f0                HAL_ADC_Start_DMA
 .text.HAL_ADC_Stop_DMA
                0x08005484       0x70 ./Drivers/STM32F0xx_HAL_Driver/Src/stm32f0xx_hal_adc.o
                0x08005484                HAL_ADC_Stop_DMA
 .text.HAL_ADC_ConvCpltCallback
                0x080054f4        0x2 ./Drivers/STM32F0xx_HAL_Driver/Src/stm32f0xx_hal_adc.o
                0x080054f4                HAL_ADC_ConvCpltCallback
 *fill*         0x080054f6        0x2 
 .text.ADC_DMAConvCplt
                0x080054f8       0x70 ./Drivers/STM32F0xx_HAL_Driver/Src/stm32f0xx_hal_adc.o
 .text.HAL_ADC_ConvHalfCpltCallback
                0x08005568        0x2 ./Drivers/STM32F0xx_HAL_Driver/Src/stm32f0xx_hal_adc.o
                0x08005568                HAL_ADC_ConvHalfCpltCallback
 .text.ADC_DMAHalfConvCplt
                0x0800556a        0xa ./Drivers/STM32F0xx_HAL_Driver/Src/stm32f0xx_hal_adc.o
 .text.HAL_ADC_ErrorCallback
                0x08005574        0x2 ./Drivers/STM32F0xx_HAL_Driver/Src/stm32f0xx_hal_adc.o
                0x08005574                HAL_ADC_ErrorCallback
 .text.ADC_DMAError
                0x08005576       0x1a ./Drivers/STM32F0xx_HAL_Driver/Src/stm32f0xx_hal_adc.o
 .text.HAL_ADC_ConfigChannel
                0x08005590      0x100 ./Drivers/STM32F0xx_HAL_Driver/Src/stm32f0xx_hal_adc.o
                0x08005590                HAL_ADC_ConfigChannel
 .text.HAL_CAN_ConfigFilter
                0x08005690       0xdc ./Drivers/STM32F0xx_HAL_Driver/Src/stm32f0xx_hal_can.o
                0x08005690                HAL_CAN_ConfigFilter
 .text.HAL_CAN_Init
                0x0800576c      0x13c ./Drivers/STM32F0xx_HAL_Driver/Src/stm32f0xx_hal_can.o
                0x0800576c                HAL_CAN_Init
 .text.HAL_CAN_Transmit
                0x080058a8      0x1c0 ./Drivers/STM32F0xx_HAL_Driver/Src/stm32f0xx_hal_can.o
                0x080058a8                HAL_CAN_Transmit
 .text.HAL_CAN_Receive_IT
                0x08005a68       0xbc ./Drivers/STM32F0xx_HAL_Driver/Src/stm32f0xx_hal_can.o
                0x08005a68                HAL_CAN_Receive_IT
 .text.HAL_CAN_TxCpltCallback
                0x08005b24        0x2 ./Drivers/STM32F0xx_HAL_Driver/Src/stm32f0xx_hal_can.o
                0x08005b24                HAL_CAN_TxCpltCallback
 .text.HAL_CAN_RxCpltCallback
                0x08005b26        0x2 ./Drivers/STM32F0xx_HAL_Driver/Src/stm32f0xx_hal_can.o
                0x08005b26                HAL_CAN_RxCpltCallback
 .text.CAN_Receive_IT
                0x08005b28      0x10c ./Drivers/STM32F0xx_HAL_Driver/Src/stm32f0xx_hal_can.o
 .text.HAL_CAN_ErrorCallback
                0x08005c34        0x2 ./Drivers/STM32F0xx_HAL_Driver/Src/stm32f0xx_hal_can.o
                0x08005c34                HAL_CAN_ErrorCallback
 *fill*         0x08005c36        0x2 
 .text.HAL_CAN_IRQHandler
                0x08005c38      0x1e4 ./Drivers/STM32F0xx_HAL_Driver/Src/stm32f0xx_hal_can.o
                0x08005c38                HAL_CAN_IRQHandler
 .text.HAL_NVIC_SetPriority
                0x08005e1c       0x60 ./Drivers/STM32F0xx_HAL_Driver/Src/stm32f0xx_hal_cortex.o
                0x08005e1c                HAL_NVIC_SetPriority
 .text.HAL_NVIC_EnableIRQ
                0x08005e7c       0x14 ./Drivers/STM32F0xx_HAL_Driver/Src/stm32f0xx_hal_cortex.o
                0x08005e7c                HAL_NVIC_EnableIRQ
 .text.HAL_SYSTICK_Config
                0x08005e90       0x34 ./Drivers/STM32F0xx_HAL_Driver/Src/stm32f0xx_hal_cortex.o
                0x08005e90                HAL_SYSTICK_Config
 .text.HAL_SYSTICK_CLKSourceConfig
                0x08005ec4       0x1c ./Drivers/STM32F0xx_HAL_Driver/Src/stm32f0xx_hal_cortex.o
                0x08005ec4                HAL_SYSTICK_CLKSourceConfig
 .text.DMA_CalcBaseAndBitshift
                0x08005ee0       0x48 ./Drivers/STM32F0xx_HAL_Driver/Src/stm32f0xx_hal_dma.o
 .text.HAL_DMA_Init
                0x08005f28       0x58 ./Drivers/STM32F0xx_HAL_Driver/Src/stm32f0xx_hal_dma.o
                0x08005f28                HAL_DMA_Init
 .text.HAL_DMA_Start_IT
                0x08005f80       0x76 ./Drivers/STM32F0xx_HAL_Driver/Src/stm32f0xx_hal_dma.o
                0x08005f80                HAL_DMA_Start_IT
 .text.HAL_DMA_Abort
                0x08005ff6       0x2a ./Drivers/STM32F0xx_HAL_Driver/Src/stm32f0xx_hal_dma.o
                0x08005ff6                HAL_DMA_Abort
 .text.HAL_DMA_Abort_IT
                0x08006020       0x46 ./Drivers/STM32F0xx_HAL_Driver/Src/stm32f0xx_hal_dma.o
                0x08006020                HAL_DMA_Abort_IT
 .text.HAL_DMA_IRQHandler
                0x08006066       0x92 ./Drivers/STM32F0xx_HAL_Driver/Src/stm32f0xx_hal_dma.o
                0x08006066                HAL_DMA_IRQHandler
 .text.HAL_GPIO_Init
                0x080060f8      0x178 ./Drivers/STM32F0xx_HAL_Driver/Src/stm32f0xx_hal_gpio.o
                0x080060f8                HAL_GPIO_Init
 .text.HAL_GPIO_ReadPin
                0x08006270        0xc ./Drivers/STM32F0xx_HAL_Driver/Src/stm32f0xx_hal_gpio.o
                0x08006270                HAL_GPIO_ReadPin
 .text.HAL_GPIO_WritePin
                0x0800627c        0xc ./Drivers/STM32F0xx_HAL_Driver/Src/stm32f0xx_hal_gpio.o
                0x0800627c                HAL_GPIO_WritePin
 .text.I2C_Flush_TXDR
                0x08006288       0x1c ./Drivers/STM32F0xx_HAL_Driver/Src/stm32f0xx_hal_i2c.o
 .text.I2C_TransferConfig
                0x080062a4       0x24 ./Drivers/STM32F0xx_HAL_Driver/Src/stm32f0xx_hal_i2c.o
 .text.I2C_Disable_IRQ
                0x080062c8       0x60 ./Drivers/STM32F0xx_HAL_Driver/Src/stm32f0xx_hal_i2c.o
 .text.I2C_WaitOnFlagUntilTimeout
                0x08006328       0x4c ./Drivers/STM32F0xx_HAL_Driver/Src/stm32f0xx_hal_i2c.o
 .text.I2C_IsAcknowledgeFailed
                0x08006374       0x80 ./Drivers/STM32F0xx_HAL_Driver/Src/stm32f0xx_hal_i2c.o
 .text.I2C_WaitOnTXISFlagUntilTimeout
                0x080063f4       0x5a ./Drivers/STM32F0xx_HAL_Driver/Src/stm32f0xx_hal_i2c.o
 *fill*         0x0800644e        0x2 
 .text.I2C_WaitOnRXNEFlagUntilTimeout
                0x08006450       0x78 ./Drivers/STM32F0xx_HAL_Driver/Src/stm32f0xx_hal_i2c.o
 .text.I2C_WaitOnSTOPFlagUntilTimeout
                0x080064c8       0x56 ./Drivers/STM32F0xx_HAL_Driver/Src/stm32f0xx_hal_i2c.o
 *fill*         0x0800651e        0x2 
 .text.HAL_I2C_Init
                0x08006520       0xac ./Drivers/STM32F0xx_HAL_Driver/Src/stm32f0xx_hal_i2c.o
                0x08006520                HAL_I2C_Init
 .text.HAL_I2C_Master_Transmit
                0x080065cc      0x130 ./Drivers/STM32F0xx_HAL_Driver/Src/stm32f0xx_hal_i2c.o
                0x080065cc                HAL_I2C_Master_Transmit
 .text.HAL_I2C_Master_Receive
                0x080066fc      0x130 ./Drivers/STM32F0xx_HAL_Driver/Src/stm32f0xx_hal_i2c.o
                0x080066fc                HAL_I2C_Master_Receive
 .text.HAL_I2C_EV_IRQHandler
                0x0800682c       0x12 ./Drivers/STM32F0xx_HAL_Driver/Src/stm32f0xx_hal_i2c.o
                0x0800682c                HAL_I2C_EV_IRQHandler
 .text.HAL_I2C_SlaveTxCpltCallback
                0x0800683e        0x2 ./Drivers/STM32F0xx_HAL_Driver/Src/stm32f0xx_hal_i2c.o
                0x0800683e                HAL_I2C_SlaveTxCpltCallback
 .text.HAL_I2C_SlaveRxCpltCallback
                0x08006840        0x2 ./Drivers/STM32F0xx_HAL_Driver/Src/stm32f0xx_hal_i2c.o
                0x08006840                HAL_I2C_SlaveRxCpltCallback
 .text.I2C_ITSlaveSequentialCplt
                0x08006842       0x52 ./Drivers/STM32F0xx_HAL_Driver/Src/stm32f0xx_hal_i2c.o
 .text.HAL_I2C_AddrCallback
                0x08006894        0x2 ./Drivers/STM32F0xx_HAL_Driver/Src/stm32f0xx_hal_i2c.o
                0x08006894                HAL_I2C_AddrCallback
 .text.HAL_I2C_ListenCpltCallback
                0x08006896        0x2 ./Drivers/STM32F0xx_HAL_Driver/Src/stm32f0xx_hal_i2c.o
                0x08006896                HAL_I2C_ListenCpltCallback
 .text.I2C_ITListenCplt
                0x08006898       0x64 ./Drivers/STM32F0xx_HAL_Driver/Src/stm32f0xx_hal_i2c.o
 .text.HAL_I2C_ErrorCallback
                0x080068fc        0x2 ./Drivers/STM32F0xx_HAL_Driver/Src/stm32f0xx_hal_i2c.o
                0x080068fc                HAL_I2C_ErrorCallback
 .text.HAL_I2C_AbortCpltCallback
                0x080068fe        0x2 ./Drivers/STM32F0xx_HAL_Driver/Src/stm32f0xx_hal_i2c.o
                0x080068fe                HAL_I2C_AbortCpltCallback
 .text.I2C_ITError
                0x08006900       0xe0 ./Drivers/STM32F0xx_HAL_Driver/Src/stm32f0xx_hal_i2c.o
 .text.I2C_ITSlaveCplt
                0x080069e0       0xf8 ./Drivers/STM32F0xx_HAL_Driver/Src/stm32f0xx_hal_i2c.o
 .text.I2C_Slave_ISR_IT
                0x08006ad8      0x1d0 ./Drivers/STM32F0xx_HAL_Driver/Src/stm32f0xx_hal_i2c.o
 .text.HAL_I2C_ER_IRQHandler
                0x08006ca8       0x5a ./Drivers/STM32F0xx_HAL_Driver/Src/stm32f0xx_hal_i2c.o
                0x08006ca8                HAL_I2C_ER_IRQHandler
 .text.I2C_DMAAbort
                0x08006d02       0x34 ./Drivers/STM32F0xx_HAL_Driver/Src/stm32f0xx_hal_i2c.o
 *fill*         0x08006d36        0x2 
 .text.HAL_I2CEx_ConfigAnalogFilter
                0x08006d38       0x4c ./Drivers/STM32F0xx_HAL_Driver/Src/stm32f0xx_hal_i2c_ex.o
                0x08006d38                HAL_I2CEx_ConfigAnalogFilter
 .text.HAL_I2CEx_ConfigDigitalFilter
                0x08006d84       0x48 ./Drivers/STM32F0xx_HAL_Driver/Src/stm32f0xx_hal_i2c_ex.o
                0x08006d84                HAL_I2CEx_ConfigDigitalFilter
 .text.HAL_I2CEx_EnableFastModePlus
                0x08006dcc       0x28 ./Drivers/STM32F0xx_HAL_Driver/Src/stm32f0xx_hal_i2c_ex.o
                0x08006dcc                HAL_I2CEx_EnableFastModePlus
 .text.HAL_IWDG_Init
                0x08006df4       0x58 ./Drivers/STM32F0xx_HAL_Driver/Src/stm32f0xx_hal_iwdg.o
                0x08006df4                HAL_IWDG_Init
 .text.HAL_IWDG_Refresh
                0x08006e4c       0x10 ./Drivers/STM32F0xx_HAL_Driver/Src/stm32f0xx_hal_iwdg.o
                0x08006e4c                HAL_IWDG_Refresh
 .text.HAL_PWR_EnableBkUpAccess
                0x08006e5c       0x14 ./Drivers/STM32F0xx_HAL_Driver/Src/stm32f0xx_hal_pwr.o
                0x08006e5c                HAL_PWR_EnableBkUpAccess
 .text.HAL_RCC_OscConfig
                0x08006e70      0x464 ./Drivers/STM32F0xx_HAL_Driver/Src/stm32f0xx_hal_rcc.o
                0x08006e70                HAL_RCC_OscConfig
 .text.HAL_RCC_MCOConfig
                0x080072d4       0x54 ./Drivers/STM32F0xx_HAL_Driver/Src/stm32f0xx_hal_rcc.o
                0x080072d4                HAL_RCC_MCOConfig
 .text.HAL_RCC_GetSysClockFreq
                0x08007328       0x78 ./Drivers/STM32F0xx_HAL_Driver/Src/stm32f0xx_hal_rcc.o
                0x08007328                HAL_RCC_GetSysClockFreq
 .text.HAL_RCC_ClockConfig
                0x080073a0      0x15c ./Drivers/STM32F0xx_HAL_Driver/Src/stm32f0xx_hal_rcc.o
                0x080073a0                HAL_RCC_ClockConfig
 .text.HAL_RCC_GetHCLKFreq
                0x080074fc        0xc ./Drivers/STM32F0xx_HAL_Driver/Src/stm32f0xx_hal_rcc.o
                0x080074fc                HAL_RCC_GetHCLKFreq
 .text.HAL_RCC_GetPCLK1Freq
                0x08007508       0x20 ./Drivers/STM32F0xx_HAL_Driver/Src/stm32f0xx_hal_rcc.o
                0x08007508                HAL_RCC_GetPCLK1Freq
 .text.HAL_RCC_GetClockConfig
                0x08007528       0x38 ./Drivers/STM32F0xx_HAL_Driver/Src/stm32f0xx_hal_rcc.o
                0x08007528                HAL_RCC_GetClockConfig
 .text.HAL_RCCEx_PeriphCLKConfig
                0x08007560      0x144 ./Drivers/STM32F0xx_HAL_Driver/Src/stm32f0xx_hal_rcc_ex.o
                0x08007560                HAL_RCCEx_PeriphCLKConfig
 .text.HAL_RTC_AlarmIRQHandler
                0x080076a4       0x38 ./Drivers/STM32F0xx_HAL_Driver/Src/stm32f0xx_hal_rtc.o
                0x080076a4                HAL_RTC_AlarmIRQHandler
 .text.HAL_RTC_WaitForSynchro
                0x080076dc       0x34 ./Drivers/STM32F0xx_HAL_Driver/Src/stm32f0xx_hal_rtc.o
                0x080076dc                HAL_RTC_WaitForSynchro
 .text.RTC_EnterInitMode
                0x08007710       0x38 ./Drivers/STM32F0xx_HAL_Driver/Src/stm32f0xx_hal_rtc.o
                0x08007710                RTC_EnterInitMode
 .text.HAL_RTC_Init
                0x08007748       0xa8 ./Drivers/STM32F0xx_HAL_Driver/Src/stm32f0xx_hal_rtc.o
                0x08007748                HAL_RTC_Init
 .text.RTC_ByteToBcd2
                0x080077f0       0x16 ./Drivers/STM32F0xx_HAL_Driver/Src/stm32f0xx_hal_rtc.o
                0x080077f0                RTC_ByteToBcd2
 *fill*         0x08007806        0x2 
 .text.HAL_RTC_SetTime
                0x08007808       0xe8 ./Drivers/STM32F0xx_HAL_Driver/Src/stm32f0xx_hal_rtc.o
                0x08007808                HAL_RTC_SetTime
 .text.HAL_RTC_SetDate
                0x080078f0       0xc8 ./Drivers/STM32F0xx_HAL_Driver/Src/stm32f0xx_hal_rtc.o
                0x080078f0                HAL_RTC_SetDate
 .text.HAL_RTC_SetAlarm_IT
                0x080079b8      0x12c ./Drivers/STM32F0xx_HAL_Driver/Src/stm32f0xx_hal_rtc.o
                0x080079b8                HAL_RTC_SetAlarm_IT
 .text.RTC_Bcd2ToByte
                0x08007ae4       0x10 ./Drivers/STM32F0xx_HAL_Driver/Src/stm32f0xx_hal_rtc.o
                0x08007ae4                RTC_Bcd2ToByte
 .text.HAL_RTC_GetTime
                0x08007af4       0x4c ./Drivers/STM32F0xx_HAL_Driver/Src/stm32f0xx_hal_rtc.o
                0x08007af4                HAL_RTC_GetTime
 .text.HAL_RTC_GetDate
                0x08007b40       0x3e ./Drivers/STM32F0xx_HAL_Driver/Src/stm32f0xx_hal_rtc.o
                0x08007b40                HAL_RTC_GetDate
 *fill*         0x08007b7e        0x2 
 .text.HAL_RTC_GetAlarm
                0x08007b80       0x7c ./Drivers/STM32F0xx_HAL_Driver/Src/stm32f0xx_hal_rtc.o
                0x08007b80                HAL_RTC_GetAlarm
 .text.HAL_RTCEx_SetTimeStamp_IT
                0x08007bfc       0x60 ./Drivers/STM32F0xx_HAL_Driver/Src/stm32f0xx_hal_rtc_ex.o
                0x08007bfc                HAL_RTCEx_SetTimeStamp_IT
 .text.HAL_RTCEx_TimeStampEventCallback
                0x08007c5c        0x2 ./Drivers/STM32F0xx_HAL_Driver/Src/stm32f0xx_hal_rtc_ex.o
                0x08007c5c                HAL_RTCEx_TimeStampEventCallback
 .text.HAL_RTCEx_Tamper1EventCallback
                0x08007c5e        0x2 ./Drivers/STM32F0xx_HAL_Driver/Src/stm32f0xx_hal_rtc_ex.o
                0x08007c5e                HAL_RTCEx_Tamper1EventCallback
 .text.HAL_RTCEx_Tamper2EventCallback
                0x08007c60        0x2 ./Drivers/STM32F0xx_HAL_Driver/Src/stm32f0xx_hal_rtc_ex.o
                0x08007c60                HAL_RTCEx_Tamper2EventCallback
 .text.HAL_RTCEx_Tamper3EventCallback
                0x08007c62        0x2 ./Drivers/STM32F0xx_HAL_Driver/Src/stm32f0xx_hal_rtc_ex.o
                0x08007c62                HAL_RTCEx_Tamper3EventCallback
 .text.HAL_RTCEx_TamperTimeStampIRQHandler
                0x08007c64       0xa4 ./Drivers/STM32F0xx_HAL_Driver/Src/stm32f0xx_hal_rtc_ex.o
                0x08007c64                HAL_RTCEx_TamperTimeStampIRQHandler
 .text.HAL_RTCEx_SetWakeUpTimer_IT
                0x08007d08       0xec ./Drivers/STM32F0xx_HAL_Driver/Src/stm32f0xx_hal_rtc_ex.o
                0x08007d08                HAL_RTCEx_SetWakeUpTimer_IT
 .text.HAL_RTCEx_WakeUpTimerEventCallback
                0x08007df4        0x2 ./Drivers/STM32F0xx_HAL_Driver/Src/stm32f0xx_hal_rtc_ex.o
                0x08007df4                HAL_RTCEx_WakeUpTimerEventCallback
 *fill*         0x08007df6        0x2 
 .text.HAL_RTCEx_WakeUpTimerIRQHandler
                0x08007df8       0x38 ./Drivers/STM32F0xx_HAL_Driver/Src/stm32f0xx_hal_rtc_ex.o
                0x08007df8                HAL_RTCEx_WakeUpTimerIRQHandler
 .text.HAL_RTCEx_BKUPWrite
                0x08007e30        0xc ./Drivers/STM32F0xx_HAL_Driver/Src/stm32f0xx_hal_rtc_ex.o
                0x08007e30                HAL_RTCEx_BKUPWrite
 .text.HAL_RTCEx_BKUPRead
                0x08007e3c        0xc ./Drivers/STM32F0xx_HAL_Driver/Src/stm32f0xx_hal_rtc_ex.o
                0x08007e3c                HAL_RTCEx_BKUPRead
 .text.SPI_WaitFifoStateUntilTimeout.part.1
                0x08007e48       0x60 ./Drivers/STM32F0xx_HAL_Driver/Src/stm32f0xx_hal_spi.o
 .text.SPI_WaitFlagStateUntilTimeout.constprop.9
                0x08007ea8       0x2e ./Drivers/STM32F0xx_HAL_Driver/Src/stm32f0xx_hal_spi.o
 .text.SPI_WaitFifoStateUntilTimeout.constprop.10
                0x08007ed6       0x48 ./Drivers/STM32F0xx_HAL_Driver/Src/stm32f0xx_hal_spi.o
 .text.SPI_EndRxTxTransaction
                0x08007f1e       0x46 ./Drivers/STM32F0xx_HAL_Driver/Src/stm32f0xx_hal_spi.o
 .text.SPI_EndRxTransaction
                0x08007f64       0x7a ./Drivers/STM32F0xx_HAL_Driver/Src/stm32f0xx_hal_spi.o
 *fill*         0x08007fde        0x2 
 .text.HAL_SPI_Init
                0x08007fe0       0xbc ./Drivers/STM32F0xx_HAL_Driver/Src/stm32f0xx_hal_spi.o
                0x08007fe0                HAL_SPI_Init
 .text.HAL_SPI_Transmit
                0x0800809c      0x1aa ./Drivers/STM32F0xx_HAL_Driver/Src/stm32f0xx_hal_spi.o
                0x0800809c                HAL_SPI_Transmit
 *fill*         0x08008246        0x2 
 .text.HAL_SPI_TransmitReceive
                0x08008248      0x268 ./Drivers/STM32F0xx_HAL_Driver/Src/stm32f0xx_hal_spi.o
                0x08008248                HAL_SPI_TransmitReceive
 .text.HAL_SPI_Receive
                0x080084b0      0x17c ./Drivers/STM32F0xx_HAL_Driver/Src/stm32f0xx_hal_spi.o
                0x080084b0                HAL_SPI_Receive
 .text.TIM_OC1_SetConfig
                0x0800862c       0x88 ./Drivers/STM32F0xx_HAL_Driver/Src/stm32f0xx_hal_tim.o
 .text.TIM_OC3_SetConfig
                0x080086b4       0x88 ./Drivers/STM32F0xx_HAL_Driver/Src/stm32f0xx_hal_tim.o
 .text.TIM_OC4_SetConfig
                0x0800873c       0x74 ./Drivers/STM32F0xx_HAL_Driver/Src/stm32f0xx_hal_tim.o
 .text.HAL_TIM_Base_Start_IT
                0x080087b0       0x14 ./Drivers/STM32F0xx_HAL_Driver/Src/stm32f0xx_hal_tim.o
                0x080087b0                HAL_TIM_Base_Start_IT
 .text.HAL_TIM_PWM_MspInit
                0x080087c4        0x2 ./Drivers/STM32F0xx_HAL_Driver/Src/stm32f0xx_hal_tim.o
                0x080087c4                HAL_TIM_PWM_MspInit
 .text.HAL_TIM_OC_DelayElapsedCallback
                0x080087c6        0x2 ./Drivers/STM32F0xx_HAL_Driver/Src/stm32f0xx_hal_tim.o
                0x080087c6                HAL_TIM_OC_DelayElapsedCallback
 .text.HAL_TIM_IC_CaptureCallback
                0x080087c8        0x2 ./Drivers/STM32F0xx_HAL_Driver/Src/stm32f0xx_hal_tim.o
                0x080087c8                HAL_TIM_IC_CaptureCallback
 .text.HAL_TIM_PWM_PulseFinishedCallback
                0x080087ca        0x2 ./Drivers/STM32F0xx_HAL_Driver/Src/stm32f0xx_hal_tim.o
                0x080087ca                HAL_TIM_PWM_PulseFinishedCallback
 .text.HAL_TIM_TriggerCallback
                0x080087cc        0x2 ./Drivers/STM32F0xx_HAL_Driver/Src/stm32f0xx_hal_tim.o
                0x080087cc                HAL_TIM_TriggerCallback
 .text.HAL_TIM_IRQHandler
                0x080087ce      0x148 ./Drivers/STM32F0xx_HAL_Driver/Src/stm32f0xx_hal_tim.o
                0x080087ce                HAL_TIM_IRQHandler
 *fill*         0x08008916        0x2 
 .text.TIM_Base_SetConfig
                0x08008918       0xa0 ./Drivers/STM32F0xx_HAL_Driver/Src/stm32f0xx_hal_tim.o
                0x08008918                TIM_Base_SetConfig
 .text.HAL_TIM_Base_Init
                0x080089b8       0x36 ./Drivers/STM32F0xx_HAL_Driver/Src/stm32f0xx_hal_tim.o
                0x080089b8                HAL_TIM_Base_Init
 .text.HAL_TIM_PWM_Init
                0x080089ee       0x36 ./Drivers/STM32F0xx_HAL_Driver/Src/stm32f0xx_hal_tim.o
                0x080089ee                HAL_TIM_PWM_Init
 .text.TIM_OC2_SetConfig
                0x08008a24       0x80 ./Drivers/STM32F0xx_HAL_Driver/Src/stm32f0xx_hal_tim.o
                0x08008a24                TIM_OC2_SetConfig
 .text.HAL_TIM_PWM_ConfigChannel
                0x08008aa4       0xd4 ./Drivers/STM32F0xx_HAL_Driver/Src/stm32f0xx_hal_tim.o
                0x08008aa4                HAL_TIM_PWM_ConfigChannel
 .text.TIM_ETR_SetConfig
                0x08008b78       0x18 ./Drivers/STM32F0xx_HAL_Driver/Src/stm32f0xx_hal_tim.o
                0x08008b78                TIM_ETR_SetConfig
 .text.HAL_TIM_ConfigClockSource
                0x08008b90      0x168 ./Drivers/STM32F0xx_HAL_Driver/Src/stm32f0xx_hal_tim.o
                0x08008b90                HAL_TIM_ConfigClockSource
 .text.TIM_SlaveTimer_SetConfig
                0x08008cf8       0xa4 ./Drivers/STM32F0xx_HAL_Driver/Src/stm32f0xx_hal_tim.o
 .text.HAL_TIM_SlaveConfigSynchronization
                0x08008d9c       0x40 ./Drivers/STM32F0xx_HAL_Driver/Src/stm32f0xx_hal_tim.o
                0x08008d9c                HAL_TIM_SlaveConfigSynchronization
 .text.HAL_TIMEx_MasterConfigSynchronization
                0x08008ddc       0x42 ./Drivers/STM32F0xx_HAL_Driver/Src/stm32f0xx_hal_tim_ex.o
                0x08008ddc                HAL_TIMEx_MasterConfigSynchronization
 .text.HAL_TIMEx_CommutationCallback
                0x08008e1e        0x2 ./Drivers/STM32F0xx_HAL_Driver/Src/stm32f0xx_hal_tim_ex.o
                0x08008e1e                HAL_TIMEx_CommutationCallback
 .text.HAL_TIMEx_BreakCallback
                0x08008e20        0x2 ./Drivers/STM32F0xx_HAL_Driver/Src/stm32f0xx_hal_tim_ex.o
                0x08008e20                HAL_TIMEx_BreakCallback
 *fill*         0x08008e22        0x2 
 .text.UART_EndRxTransfer
                0x08008e24       0x20 ./Drivers/STM32F0xx_HAL_Driver/Src/stm32f0xx_hal_uart.o
 .text.HAL_UART_Transmit_DMA
                0x08008e44       0x8c ./Drivers/STM32F0xx_HAL_Driver/Src/stm32f0xx_hal_uart.o
                0x08008e44                HAL_UART_Transmit_DMA
 .text.HAL_UART_Receive_DMA
                0x08008ed0       0x9c ./Drivers/STM32F0xx_HAL_Driver/Src/stm32f0xx_hal_uart.o
                0x08008ed0                HAL_UART_Receive_DMA
 .text.HAL_UART_TxCpltCallback
                0x08008f6c        0x2 ./Drivers/STM32F0xx_HAL_Driver/Src/stm32f0xx_hal_uart.o
                0x08008f6c                HAL_UART_TxCpltCallback
 .text.UART_DMATransmitCplt
                0x08008f6e       0x30 ./Drivers/STM32F0xx_HAL_Driver/Src/stm32f0xx_hal_uart.o
 .text.HAL_UART_TxHalfCpltCallback
                0x08008f9e        0x2 ./Drivers/STM32F0xx_HAL_Driver/Src/stm32f0xx_hal_uart.o
                0x08008f9e                HAL_UART_TxHalfCpltCallback
 .text.UART_DMATxHalfCplt
                0x08008fa0        0xa ./Drivers/STM32F0xx_HAL_Driver/Src/stm32f0xx_hal_uart.o
 .text.HAL_UART_RxCpltCallback
                0x08008faa        0x2 ./Drivers/STM32F0xx_HAL_Driver/Src/stm32f0xx_hal_uart.o
                0x08008faa                HAL_UART_RxCpltCallback
 .text.UART_DMAReceiveCplt
                0x08008fac       0x44 ./Drivers/STM32F0xx_HAL_Driver/Src/stm32f0xx_hal_uart.o
 .text.HAL_UART_RxHalfCpltCallback
                0x08008ff0        0x2 ./Drivers/STM32F0xx_HAL_Driver/Src/stm32f0xx_hal_uart.o
                0x08008ff0                HAL_UART_RxHalfCpltCallback
 .text.UART_DMARxHalfCplt
                0x08008ff2        0xa ./Drivers/STM32F0xx_HAL_Driver/Src/stm32f0xx_hal_uart.o
 .text.HAL_UART_ErrorCallback
                0x08008ffc        0x2 ./Drivers/STM32F0xx_HAL_Driver/Src/stm32f0xx_hal_uart.o
                0x08008ffc                HAL_UART_ErrorCallback
 .text.UART_DMAError
                0x08008ffe       0x5a ./Drivers/STM32F0xx_HAL_Driver/Src/stm32f0xx_hal_uart.o
 .text.UART_DMAAbortOnError
                0x08009058       0x16 ./Drivers/STM32F0xx_HAL_Driver/Src/stm32f0xx_hal_uart.o
 .text.HAL_UART_AbortCpltCallback
                0x0800906e        0x2 ./Drivers/STM32F0xx_HAL_Driver/Src/stm32f0xx_hal_uart.o
                0x0800906e                HAL_UART_AbortCpltCallback
 .text.HAL_UART_Abort_IT
                0x08009070       0xc0 ./Drivers/STM32F0xx_HAL_Driver/Src/stm32f0xx_hal_uart.o
                0x08009070                HAL_UART_Abort_IT
 .text.UART_DMARxAbortCallback
                0x08009130       0x36 ./Drivers/STM32F0xx_HAL_Driver/Src/stm32f0xx_hal_uart.o
 .text.UART_DMATxAbortCallback
                0x08009166       0x36 ./Drivers/STM32F0xx_HAL_Driver/Src/stm32f0xx_hal_uart.o
 .text.UART_SetConfig
                0x0800919c      0x1c0 ./Drivers/STM32F0xx_HAL_Driver/Src/stm32f0xx_hal_uart.o
                0x0800919c                UART_SetConfig
 .text.UART_AdvFeatureConfig
                0x0800935c       0xd0 ./Drivers/STM32F0xx_HAL_Driver/Src/stm32f0xx_hal_uart.o
                0x0800935c                UART_AdvFeatureConfig
 .text.UART_WaitOnFlagUntilTimeout
                0x0800942c       0x64 ./Drivers/STM32F0xx_HAL_Driver/Src/stm32f0xx_hal_uart.o
                0x0800942c                UART_WaitOnFlagUntilTimeout
 .text.HAL_UART_Transmit
                0x08009490       0xcc ./Drivers/STM32F0xx_HAL_Driver/Src/stm32f0xx_hal_uart.o
                0x08009490                HAL_UART_Transmit
 .text.UART_CheckIdleState
                0x0800955c       0x84 ./Drivers/STM32F0xx_HAL_Driver/Src/stm32f0xx_hal_uart.o
                0x0800955c                UART_CheckIdleState
 .text.HAL_UART_Init
                0x080095e0       0x6c ./Drivers/STM32F0xx_HAL_Driver/Src/stm32f0xx_hal_uart.o
                0x080095e0                HAL_UART_Init
 .text.UART_Transmit_IT
                0x0800964c       0x64 ./Drivers/STM32F0xx_HAL_Driver/Src/stm32f0xx_hal_uart.o
                0x0800964c                UART_Transmit_IT
 .text.UART_EndTransmit_IT
                0x080096b0       0x1c ./Drivers/STM32F0xx_HAL_Driver/Src/stm32f0xx_hal_uart.o
                0x080096b0                UART_EndTransmit_IT
 .text.UART_Receive_IT
                0x080096cc       0x7c ./Drivers/STM32F0xx_HAL_Driver/Src/stm32f0xx_hal_uart.o
                0x080096cc                UART_Receive_IT
 .text.HAL_UART_IRQHandler
                0x08009748      0x138 ./Drivers/STM32F0xx_HAL_Driver/Src/stm32f0xx_hal_uart.o
                0x08009748                HAL_UART_IRQHandler
 .text.HAL_UARTEx_WakeupCallback
                0x08009880        0x2 ./Drivers/STM32F0xx_HAL_Driver/Src/stm32f0xx_hal_uart_ex.o
                0x08009880                HAL_UARTEx_WakeupCallback
 *fill*         0x08009882        0x2 
 .text.__libc_init_array
                0x08009884       0x48 c:/program files (x86)/gnu tools arm embedded/6 2017-q2-update/bin/../lib/gcc/arm-none-eabi/6.3.1/../../../../arm-none-eabi/lib/thumb/v6-m\libg_nano.a(lib_a-init.o)
                0x08009884                __libc_init_array
 .text.memcpy   0x080098cc       0x12 c:/program files (x86)/gnu tools arm embedded/6 2017-q2-update/bin/../lib/gcc/arm-none-eabi/6.3.1/../../../../arm-none-eabi/lib/thumb/v6-m\libg_nano.a(lib_a-memcpy-stub.o)
                0x080098cc                memcpy
 .text.memset   0x080098de       0x10 c:/program files (x86)/gnu tools arm embedded/6 2017-q2-update/bin/../lib/gcc/arm-none-eabi/6.3.1/../../../../arm-none-eabi/lib/thumb/v6-m\libg_nano.a(lib_a-memset.o)
                0x080098de                memset
 .text.strncpy  0x080098ee       0x2a c:/program files (x86)/gnu tools arm embedded/6 2017-q2-update/bin/../lib/gcc/arm-none-eabi/6.3.1/../../../../arm-none-eabi/lib/thumb/v6-m\libg_nano.a(lib_a-strncpy.o)
                0x080098ee                strncpy
 .text._vsnprintf_r
                0x08009918       0x56 c:/program files (x86)/gnu tools arm embedded/6 2017-q2-update/bin/../lib/gcc/arm-none-eabi/6.3.1/../../../../arm-none-eabi/lib/thumb/v6-m\libg_nano.a(lib_a-vsnprintf.o)
                0x08009918                _vsniprintf_r
                0x08009918                _vsnprintf_r
 *fill*         0x0800996e        0x2 
 .text.vsnprintf
                0x08009970       0x18 c:/program files (x86)/gnu tools arm embedded/6 2017-q2-update/bin/../lib/gcc/arm-none-eabi/6.3.1/../../../../arm-none-eabi/lib/thumb/v6-m\libg_nano.a(lib_a-vsnprintf.o)
                0x08009970                vsniprintf
                0x08009970                vsnprintf
 .text.__ssputs_r
                0x08009988       0xc4 c:/program files (x86)/gnu tools arm embedded/6 2017-q2-update/bin/../lib/gcc/arm-none-eabi/6.3.1/../../../../arm-none-eabi/lib/thumb/v6-m\libg_nano.a(lib_a-nano-svfprintf.o)
                0x08009988                __ssputs_r
 .text._svfprintf_r
                0x08009a4c      0x208 c:/program files (x86)/gnu tools arm embedded/6 2017-q2-update/bin/../lib/gcc/arm-none-eabi/6.3.1/../../../../arm-none-eabi/lib/thumb/v6-m\libg_nano.a(lib_a-nano-svfprintf.o)
                0x08009a4c                _svfiprintf_r
                0x08009a4c                _svfprintf_r
 .text._printf_common
                0x08009c54       0xda c:/program files (x86)/gnu tools arm embedded/6 2017-q2-update/bin/../lib/gcc/arm-none-eabi/6.3.1/../../../../arm-none-eabi/lib/thumb/v6-m\libg_nano.a(lib_a-nano-vfprintf_i.o)
                0x08009c54                _printf_common
 *fill*         0x08009d2e        0x2 
 .text._printf_i
                0x08009d30      0x234 c:/program files (x86)/gnu tools arm embedded/6 2017-q2-update/bin/../lib/gcc/arm-none-eabi/6.3.1/../../../../arm-none-eabi/lib/thumb/v6-m\libg_nano.a(lib_a-nano-vfprintf_i.o)
                0x08009d30                _printf_i
 .text.memchr   0x08009f64       0x16 c:/program files (x86)/gnu tools arm embedded/6 2017-q2-update/bin/../lib/gcc/arm-none-eabi/6.3.1/../../../../arm-none-eabi/lib/thumb/v6-m\libg_nano.a(lib_a-memchr-stub.o)
                0x08009f64                memchr
 .text.memmove  0x08009f7a       0x24 c:/program files (x86)/gnu tools arm embedded/6 2017-q2-update/bin/../lib/gcc/arm-none-eabi/6.3.1/../../../../arm-none-eabi/lib/thumb/v6-m\libg_nano.a(lib_a-memmove.o)
                0x08009f7a                memmove
 *fill*         0x08009f9e        0x2 
 .text._free_r  0x08009fa0       0x94 c:/program files (x86)/gnu tools arm embedded/6 2017-q2-update/bin/../lib/gcc/arm-none-eabi/6.3.1/../../../../arm-none-eabi/lib/thumb/v6-m\libg_nano.a(lib_a-nano-freer.o)
                0x08009fa0                _free_r
 .text._malloc_r
                0x0800a034       0xbc c:/program files (x86)/gnu tools arm embedded/6 2017-q2-update/bin/../lib/gcc/arm-none-eabi/6.3.1/../../../../arm-none-eabi/lib/thumb/v6-m\libg_nano.a(lib_a-nano-mallocr.o)
                0x0800a034                _malloc_r
 .text._realloc_r
                0x0800a0f0       0x4c c:/program files (x86)/gnu tools arm embedded/6 2017-q2-update/bin/../lib/gcc/arm-none-eabi/6.3.1/../../../../arm-none-eabi/lib/thumb/v6-m\libg_nano.a(lib_a-nano-reallocr.o)
                0x0800a0f0                _realloc_r
 .text._sbrk_r  0x0800a13c       0x24 c:/program files (x86)/gnu tools arm embedded/6 2017-q2-update/bin/../lib/gcc/arm-none-eabi/6.3.1/../../../../arm-none-eabi/lib/thumb/v6-m\libg_nano.a(lib_a-sbrkr.o)
                0x0800a13c                _sbrk_r
 .text.__malloc_lock
                0x0800a160        0x2 c:/program files (x86)/gnu tools arm embedded/6 2017-q2-update/bin/../lib/gcc/arm-none-eabi/6.3.1/../../../../arm-none-eabi/lib/thumb/v6-m\libg_nano.a(lib_a-mlock.o)
                0x0800a160                __malloc_lock
 .text.__malloc_unlock
                0x0800a162        0x2 c:/program files (x86)/gnu tools arm embedded/6 2017-q2-update/bin/../lib/gcc/arm-none-eabi/6.3.1/../../../../arm-none-eabi/lib/thumb/v6-m\libg_nano.a(lib_a-mlock.o)
                0x0800a162                __malloc_unlock
 .text._malloc_usable_size_r
                0x0800a164       0x10 c:/program files (x86)/gnu tools arm embedded/6 2017-q2-update/bin/../lib/gcc/arm-none-eabi/6.3.1/../../../../arm-none-eabi/lib/thumb/v6-m\libg_nano.a(lib_a-nano-msizer.o)
                0x0800a164                _malloc_usable_size_r
 .text._sbrk    0x0800a174       0x1c c:/program files (x86)/gnu tools arm embedded/6 2017-q2-update/bin/../lib/gcc/arm-none-eabi/6.3.1/../../../../arm-none-eabi/lib/thumb/v6-m\libnosys.a(sbrk.o)
                0x0800a174                _sbrk
 *(.glue_7)
 .glue_7        0x0800a190        0x0 linker stubs
 *(.glue_7t)
 .glue_7t       0x0800a190        0x0 linker stubs
 *(.eh_frame)
 .eh_frame      0x0800a190        0x0 c:/program files (x86)/gnu tools arm embedded/6 2017-q2-update/bin/../lib/gcc/arm-none-eabi/6.3.1/thumb/v6-m/crtbegin.o
 *(.init)
 .init          0x0800a190        0x4 c:/program files (x86)/gnu tools arm embedded/6 2017-q2-update/bin/../lib/gcc/arm-none-eabi/6.3.1/thumb/v6-m/crti.o
                0x0800a190                _init
 .init          0x0800a194        0x8 c:/program files (x86)/gnu tools arm embedded/6 2017-q2-update/bin/../lib/gcc/arm-none-eabi/6.3.1/thumb/v6-m/crtn.o
 *(.fini)
 .fini          0x0800a19c        0x4 c:/program files (x86)/gnu tools arm embedded/6 2017-q2-update/bin/../lib/gcc/arm-none-eabi/6.3.1/thumb/v6-m/crti.o
                0x0800a19c                _fini
 .fini          0x0800a1a0        0x8 c:/program files (x86)/gnu tools arm embedded/6 2017-q2-update/bin/../lib/gcc/arm-none-eabi/6.3.1/thumb/v6-m/crtn.o
                0x0800a1a8                . = ALIGN (0x4)
                0x0800a1a8                _etext = .

.vfp11_veneer   0x0800a1a8        0x0
 .vfp11_veneer  0x0800a1a8        0x0 linker stubs

.v4_bx          0x0800a1a8        0x0
 .v4_bx         0x0800a1a8        0x0 linker stubs

.iplt           0x0800a1a8        0x0
 .iplt          0x0800a1a8        0x0 c:/program files (x86)/gnu tools arm embedded/6 2017-q2-update/bin/../lib/gcc/arm-none-eabi/6.3.1/thumb/v6-m/crtbegin.o

.rodata         0x0800a1a8      0xe8c
                0x0800a1a8                . = ALIGN (0x4)
 *(.rodata)
 .rodata        0x0800a1a8      0x114 ./Src/freertos.o
 .rodata        0x0800a2bc       0x20 ./Drivers/STM32F0xx_HAL_Driver/Src/stm32f0xx_hal_rcc.o
 *(.rodata*)
 .rodata.MX_ADC_Init.str1.1
                0x0800a2dc        0xd ./Src/adc.o
 .rodata.MX_CAN_Init.str1.1
                0x0800a2e9        0xd ./Src/can.o
 .rodata.adc_entry.str1.1
                0x0800a2f6       0x55 ./Src/freertos.o
 .rodata.can_entry.str1.1
                0x0800a34b       0x12 ./Src/freertos.o
 .rodata.i2c1_entry.str1.1
                0x0800a35d       0x78 ./Src/freertos.o
 .rodata.ignition_entry.str1.1
                0x0800a3d5      0x42f ./Src/freertos.o
 .rodata.print_atCommand.str1.1
                0x0800a804       0x32 ./Src/freertos.o
 .rodata.str1.1
                0x0800a836       0x8c ./Src/freertos.o
 .rodata.usart1_entry.str1.1
                0x0800a8c2      0x6bc ./Src/freertos.o
 .rodata.usart2_entry.str1.1
                0x0800af7e      0x6bc ./Src/freertos.o
                                  0x2 (size before relaxing)
 .rodata.usart3_entry.str1.1
                0x0800af7e        0xe ./Src/freertos.o
                                 0x10 (size before relaxing)
 .rodata.MX_I2C1_Init.str1.1
                0x0800af8c        0xd ./Src/i2c.o
 .rodata.MX_IWDG_Init.str1.1
                0x0800af99        0xe ./Src/iwdg.o
 .rodata.MX_RTC_Init.str1.1
                0x0800afa7        0xd ./Src/rtc.o
 .rodata.MX_SPI1_Init.str1.1
                0x0800afb4        0xd ./Src/spi.o
 .rodata.AHBPrescTable
                0x0800afc1       0x10 ./Src/system_stm32f0xx.o
                0x0800afc1                AHBPrescTable
 .rodata.APBPrescTable
                0x0800afd1        0x8 ./Src/system_stm32f0xx.o
                0x0800afd1                APBPrescTable
 .rodata.MX_TIM2_Init.str1.1
                0x0800afd9        0xd ./Src/tim.o
 .rodata.MX_USART1_UART_Init.str1.1
                0x0800afe6        0xf ./Src/usart.o
 .rodata.vTaskStartScheduler.str1.1
                0x0800aff5        0x5 ./Middlewares/Third_Party/FreeRTOS/Source/tasks.o
 .rodata.CSWTCH.50
                0x0800affa        0x4 ./Drivers/STM32F0xx_HAL_Driver/Src/stm32f0xx_hal_uart.o
 .rodata._svfprintf_r.str1.1
                0x0800affe       0x11 c:/program files (x86)/gnu tools arm embedded/6 2017-q2-update/bin/../lib/gcc/arm-none-eabi/6.3.1/../../../../arm-none-eabi/lib/thumb/v6-m\libg_nano.a(lib_a-nano-svfprintf.o)
 .rodata._printf_i.str1.1
                0x0800b00f       0x22 c:/program files (x86)/gnu tools arm embedded/6 2017-q2-update/bin/../lib/gcc/arm-none-eabi/6.3.1/../../../../arm-none-eabi/lib/thumb/v6-m\libg_nano.a(lib_a-nano-vfprintf_i.o)
                0x0800b63c                . = ALIGN (0x4)
 *fill*         0x0800b031        0x3 

.rel.dyn        0x0800b034        0x0
 .rel.iplt      0x0800b034        0x0 c:/program files (x86)/gnu tools arm embedded/6 2017-q2-update/bin/../lib/gcc/arm-none-eabi/6.3.1/thumb/v6-m/crtbegin.o

.ARM.extab
 *(.ARM.extab* .gnu.linkonce.armextab.*)

.ARM            0x0800b034        0x0
                0x0800b034                __exidx_start = .
 *(.ARM.exidx*)
                0x0800b034                __exidx_end = .

.preinit_array  0x0800b034        0x0
                0x0800b034                PROVIDE (__preinit_array_start, .)
 *(.preinit_array*)
                0x0800b034                PROVIDE (__preinit_array_end, .)

.init_array     0x0800b034        0x4
                0x0800b034                PROVIDE (__init_array_start, .)
 *(SORT(.init_array.*))
 *(.init_array*)
 .init_array    0x0800b034        0x4 c:/program files (x86)/gnu tools arm embedded/6 2017-q2-update/bin/../lib/gcc/arm-none-eabi/6.3.1/thumb/v6-m/crtbegin.o
                0x0800b038                PROVIDE (__init_array_end, .)

.fini_array     0x0800b038        0x4
                [!provide]                PROVIDE (__fini_array_start, .)
 *(SORT(.fini_array.*))
 *(.fini_array*)
 .fini_array    0x0800b038        0x4 c:/program files (x86)/gnu tools arm embedded/6 2017-q2-update/bin/../lib/gcc/arm-none-eabi/6.3.1/thumb/v6-m/crtbegin.o
                [!provide]                PROVIDE (__fini_array_end, .)
                0x0800b03c                _sidata = LOADADDR (.data)

.data           0x20000000      0x278 load address 0x0800b03c
                0x20000000                . = ALIGN (0x4)
                0x20000000                _sdata = .
 *(.data)
 *(.data*)
 .data.flash_IgEvent
                0x20000000       0x32 ./Src/freertos.o
                0x20000000                flash_IgEvent
 .data.ig_var   0x20000032        0x3 ./Src/freertos.o
                0x20000032                ig_var
 .data.uart2_msg_print_switch
                0x20000035        0x1 ./Src/freertos.o
                0x20000035                uart2_msg_print_switch
 .data.uart_Tx  0x20000036      0x1d4 ./Src/freertos.o
                0x20000036                uart_Tx
 *fill*         0x2000020a        0x2 
 .data.SystemCoreClock
                0x2000020c        0x4 ./Src/system_stm32f0xx.o
                0x2000020c                SystemCoreClock
 .data.uxCriticalNesting
                0x20000210        0x4 ./Middlewares/Third_Party/FreeRTOS/Source/portable/GCC/ARM_CM0/port.o
 .data._impure_ptr
                0x20000214        0x4 c:/program files (x86)/gnu tools arm embedded/6 2017-q2-update/bin/../lib/gcc/arm-none-eabi/6.3.1/../../../../arm-none-eabi/lib/thumb/v6-m\libg_nano.a(lib_a-impure.o)
                0x20000214                _impure_ptr
 .data.impure_data
                0x20000218       0x60 c:/program files (x86)/gnu tools arm embedded/6 2017-q2-update/bin/../lib/gcc/arm-none-eabi/6.3.1/../../../../arm-none-eabi/lib/thumb/v6-m\libg_nano.a(lib_a-impure.o)
                0x20000278                . = ALIGN (0x4)
                0x20000278                _edata = .

.jcr            0x20000278        0x0 load address 0x0800b2b4
 .jcr           0x20000278        0x0 c:/program files (x86)/gnu tools arm embedded/6 2017-q2-update/bin/../lib/gcc/arm-none-eabi/6.3.1/thumb/v6-m/crtbegin.o

.igot.plt       0x20000278        0x0 load address 0x0800b2b4
 .igot.plt      0x20000278        0x0 c:/program files (x86)/gnu tools arm embedded/6 2017-q2-update/bin/../lib/gcc/arm-none-eabi/6.3.1/thumb/v6-m/crtbegin.o
                0x20000278                . = ALIGN (0x4)

.bss            0x20000278     0x3538 load address 0x0800b2b4
                0x20000278                _sbss = .
                0x20000278                __bss_start__ = _sbss
 *(.bss)
 .bss           0x20000278       0x1c c:/program files (x86)/gnu tools arm embedded/6 2017-q2-update/bin/../lib/gcc/arm-none-eabi/6.3.1/thumb/v6-m/crtbegin.o
 *(.bss*)
 .bss.arg_ptr.9992
                0x20000294        0x4 ./Src/freertos.o
 .bss.cml_array
                0x20000298       0x40 ./Src/freertos.o
                0x20000298                cml_array
 .bss.cml_proc  0x200002d8       0x40 ./Src/freertos.o
                0x200002d8                cml_proc
 .bss.countdown_timer
                0x20000318        0x9 ./Src/freertos.o
                0x20000318                countdown_timer
 .bss.flag_flashWrite
                0x20000321        0x1 ./Src/freertos.o
                0x20000321                flag_flashWrite
 .bss.r280_module_state
                0x20000322        0xc ./Src/freertos.o
                0x20000322                r280_module_state
 *fill*         0x2000032e        0x2 
 .bss.sAlarm    0x20000330       0x28 ./Src/freertos.o
                0x20000330                sAlarm
 .bss.sDate     0x20000358        0x4 ./Src/freertos.o
                0x20000358                sDate
 .bss.sTime     0x2000035c       0x14 ./Src/freertos.o
                0x2000035c                sTime
 .bss.sva_gpi   0x20000370        0x1 ./Src/freertos.o
                0x20000370                sva_gpi
 .bss.sva_gpo   0x20000371        0x2 ./Src/freertos.o
                0x20000371                sva_gpo
 .bss.wwan_command
                0x20000373        0x1 ./Src/freertos.o
                0x20000373                wwan_command
 .bss.pxEnd     0x20000374        0x4 ./Middlewares/Third_Party/FreeRTOS/Source/portable/MemMang/heap_4.o
 .bss.ucHeap    0x20000378     0x2c00 ./Middlewares/Third_Party/FreeRTOS/Source/portable/MemMang/heap_4.o
 .bss.xBlockAllocatedBit
                0x20002f78        0x4 ./Middlewares/Third_Party/FreeRTOS/Source/portable/MemMang/heap_4.o
 .bss.xFreeBytesRemaining
                0x20002f7c        0x4 ./Middlewares/Third_Party/FreeRTOS/Source/portable/MemMang/heap_4.o
 .bss.xMinimumEverFreeBytesRemaining
                0x20002f80        0x4 ./Middlewares/Third_Party/FreeRTOS/Source/portable/MemMang/heap_4.o
 .bss.xStart    0x20002f84        0x8 ./Middlewares/Third_Party/FreeRTOS/Source/portable/MemMang/heap_4.o
 .bss.pxCurrentTCB
                0x20002f8c        0x4 ./Middlewares/Third_Party/FreeRTOS/Source/tasks.o
                0x20002f8c                pxCurrentTCB
 .bss.pxDelayedTaskList
                0x20002f90        0x4 ./Middlewares/Third_Party/FreeRTOS/Source/tasks.o
 .bss.pxOverflowDelayedTaskList
                0x20002f94        0x4 ./Middlewares/Third_Party/FreeRTOS/Source/tasks.o
 .bss.pxReadyTasksLists
                0x20002f98       0x8c ./Middlewares/Third_Party/FreeRTOS/Source/tasks.o
 .bss.uxCurrentNumberOfTasks
                0x20003024        0x4 ./Middlewares/Third_Party/FreeRTOS/Source/tasks.o
 .bss.uxDeletedTasksWaitingCleanUp
                0x20003028        0x4 ./Middlewares/Third_Party/FreeRTOS/Source/tasks.o
 .bss.uxPendedTicks
                0x2000302c        0x4 ./Middlewares/Third_Party/FreeRTOS/Source/tasks.o
 .bss.uxSchedulerSuspended
                0x20003030        0x4 ./Middlewares/Third_Party/FreeRTOS/Source/tasks.o
 .bss.uxTaskNumber
                0x20003034        0x4 ./Middlewares/Third_Party/FreeRTOS/Source/tasks.o
 .bss.uxTopReadyPriority
                0x20003038        0x4 ./Middlewares/Third_Party/FreeRTOS/Source/tasks.o
 .bss.xDelayedTaskList1
                0x2000303c       0x14 ./Middlewares/Third_Party/FreeRTOS/Source/tasks.o
 .bss.xDelayedTaskList2
                0x20003050       0x14 ./Middlewares/Third_Party/FreeRTOS/Source/tasks.o
 .bss.xIdleTaskHandle
                0x20003064        0x4 ./Middlewares/Third_Party/FreeRTOS/Source/tasks.o
 .bss.xNextTaskUnblockTime
                0x20003068        0x4 ./Middlewares/Third_Party/FreeRTOS/Source/tasks.o
 .bss.xNumOfOverflows
                0x2000306c        0x4 ./Middlewares/Third_Party/FreeRTOS/Source/tasks.o
 .bss.xPendingReadyList
                0x20003070       0x14 ./Middlewares/Third_Party/FreeRTOS/Source/tasks.o
 .bss.xSchedulerRunning
                0x20003084        0x4 ./Middlewares/Third_Party/FreeRTOS/Source/tasks.o
 .bss.xSuspendedTaskList
                0x20003088       0x14 ./Middlewares/Third_Party/FreeRTOS/Source/tasks.o
 .bss.xTasksWaitingTermination
                0x2000309c       0x14 ./Middlewares/Third_Party/FreeRTOS/Source/tasks.o
 .bss.xTickCount
                0x200030b0        0x4 ./Middlewares/Third_Party/FreeRTOS/Source/tasks.o
 .bss.xYieldPending
                0x200030b4        0x4 ./Middlewares/Third_Party/FreeRTOS/Source/tasks.o
 .bss.__malloc_free_list
                0x200030b8        0x4 c:/program files (x86)/gnu tools arm embedded/6 2017-q2-update/bin/../lib/gcc/arm-none-eabi/6.3.1/../../../../arm-none-eabi/lib/thumb/v6-m\libg_nano.a(lib_a-nano-mallocr.o)
                0x200030b8                __malloc_free_list
 .bss.__malloc_sbrk_start
                0x200030bc        0x4 c:/program files (x86)/gnu tools arm embedded/6 2017-q2-update/bin/../lib/gcc/arm-none-eabi/6.3.1/../../../../arm-none-eabi/lib/thumb/v6-m\libg_nano.a(lib_a-nano-mallocr.o)
                0x200030bc                __malloc_sbrk_start
 .bss.heap_end.4116
                0x200030c0        0x4 c:/program files (x86)/gnu tools arm embedded/6 2017-q2-update/bin/../lib/gcc/arm-none-eabi/6.3.1/../../../../arm-none-eabi/lib/thumb/v6-m\libnosys.a(sbrk.o)
 *(COMMON)
 COMMON         0x200030c4       0x90 ./Src/adc.o
                0x200030c4                hdma_adc
                0x20003108                hadc
 COMMON         0x20003154       0x44 ./Src/can.o
                0x20003154                hcan
 COMMON         0x20003198      0x1c4 ./Src/freertos.o
                0x20003198                ig_event
                0x200031b8                USART1_TaskHandle
                0x200031bc                defaultTaskHandle
                0x200031c0                I2C1_ZAXIS_QHandle
                0x200031c4                xTimeNow
                0x200031c8                I2C1_GSENSOR_QHandle
                0x200031cc                MUTEX_SPI1Handle
                0x200031d0                USART3_TaskHandle
                0x200031d4                SPI1_TaskHandle
                0x200031d8                ADC_TaskHandle
                0x200031dc                hdma_usart1_tx
                0x20003220                dbg_buff
                0x200032a0                UART2_LAT_QHandle
                0x200032a4                IWDG_TaskHandle
                0x200032a8                hdma_usart1_rx
                0x200032ec                I2C1_XAXIS_QHandle
                0x200032f0                current_IgEvent
                0x20003324                I2C1_YAXIS_QHandle
                0x20003328                I2C1_TaskHandle
                0x2000332c                ADC_TEMP_QHandle
                0x20003330                MUTEX_DebugHandle
                0x20003334                CAN_TaskHandle
                0x20003338                IGNITION_TaskHandle
                0x2000333c                ADC_VOLT_QHandle
                0x20003340                UART2_LONG_QHandle
                0x20003344                MUTEX_ADC_QHandle
                0x20003348                GPIO_MISC_QHandle
                0x2000334c                MUTEX_CMD_PROCHandle
                0x20003350                GPIO_STATE_TaskHandle
                0x20003354                USART2_TaskHandle
                0x20003358                CMD_PROC_TaskHandle
 COMMON         0x2000335c       0x98 ./Src/i2c.o
                0x2000335c                hi2c1
                0x200033a8                hi2c2
 COMMON         0x200033f4       0x10 ./Src/iwdg.o
                0x200033f4                hiwdg
 COMMON         0x20003404       0x20 ./Src/rtc.o
                0x20003404                hrtc
 COMMON         0x20003424       0x64 ./Src/spi.o
                0x20003424                hspi1
 COMMON         0x20003488       0x40 ./Src/stm32f0xx_hal_timebase_TIM.o
                0x20003488                htim1
 COMMON         0x200034c8       0x80 ./Src/tim.o
                0x200034c8                htim2
                0x20003508                htim14
 COMMON         0x20003548      0x260 ./Src/usart.o
                0x20003548                hdma_usart2_rx
                0x2000358c                hdma_usart3_rx
                0x200035d0                huart3
                0x20003640                hdma_usart3_tx
                0x20003684                hdma_usart2_tx
                0x200036c8                huart1
                0x20003738                huart2
 COMMON         0x200037a8        0x4 ./Drivers/STM32F0xx_HAL_Driver/Src/stm32f0xx_hal.o
                0x200037a8                uwTick
 COMMON         0x200037ac        0x4 c:/program files (x86)/gnu tools arm embedded/6 2017-q2-update/bin/../lib/gcc/arm-none-eabi/6.3.1/../../../../arm-none-eabi/lib/thumb/v6-m\libg_nano.a(lib_a-reent.o)
                0x200037ac                errno
                0x200037b0                . = ALIGN (0x4)
                0x200037b0                _ebss = .
                0x200037b0                __bss_end__ = _ebss

._user_heap_stack
                0x200037b0      0x600 load address 0x0800b2b4
                0x200037b0                . = ALIGN (0x8)
                0x200037b0                PROVIDE (end, .)
                [!provide]                PROVIDE (_end, .)
                0x200039b0                . = (. + _Min_Heap_Size)
 *fill*         0x200037b0      0x200 
                0x20003db0                . = (. + _Min_Stack_Size)
 *fill*         0x200039b0      0x400 
                0x20003db0                . = ALIGN (0x8)

/DISCARD/
 libc.a(*)
 libm.a(*)
 libgcc.a(*)

.ARM.attributes
                0x00000000       0x28
 *(.ARM.attributes)
 .ARM.attributes
                0x00000000       0x1e c:/program files (x86)/gnu tools arm embedded/6 2017-q2-update/bin/../lib/gcc/arm-none-eabi/6.3.1/thumb/v6-m/crti.o
 .ARM.attributes
                0x0000001e       0x2c c:/program files (x86)/gnu tools arm embedded/6 2017-q2-update/bin/../lib/gcc/arm-none-eabi/6.3.1/thumb/v6-m/crtbegin.o
 .ARM.attributes
                0x0000004a       0x31 ./Src/adc.o
 .ARM.attributes
                0x0000007b       0x31 ./Src/can.o
 .ARM.attributes
                0x000000ac       0x31 ./Src/dma.o
 .ARM.attributes
                0x000000dd       0x31 ./Src/freertos.o
 .ARM.attributes
                0x0000010e       0x31 ./Src/gpio.o
 .ARM.attributes
                0x0000013f       0x31 ./Src/i2c.o
 .ARM.attributes
                0x00000170       0x31 ./Src/iwdg.o
 .ARM.attributes
                0x000001a1       0x31 ./Src/main.o
 .ARM.attributes
                0x000001d2       0x31 ./Src/rtc.o
 .ARM.attributes
                0x00000203       0x31 ./Src/spi.o
 .ARM.attributes
                0x00000234       0x21 ./Src/startup_stm32f091xc.o
 .ARM.attributes
                0x00000255       0x31 ./Src/stm32f0xx_hal_msp.o
 .ARM.attributes
                0x00000286       0x31 ./Src/stm32f0xx_hal_timebase_TIM.o
 .ARM.attributes
                0x000002b7       0x31 ./Src/stm32f0xx_it.o
 .ARM.attributes
                0x000002e8       0x31 ./Src/system_stm32f0xx.o
 .ARM.attributes
                0x00000319       0x31 ./Src/tim.o
 .ARM.attributes
                0x0000034a       0x31 ./Src/usart.o
 .ARM.attributes
                0x0000037b       0x31 ./Middlewares/Third_Party/FreeRTOS/Source/portable/MemMang/heap_4.o
 .ARM.attributes
                0x000003ac       0x31 ./Middlewares/Third_Party/FreeRTOS/Source/portable/GCC/ARM_CM0/port.o
 .ARM.attributes
                0x000003dd       0x31 ./Middlewares/Third_Party/FreeRTOS/Source/CMSIS_RTOS/cmsis_os.o
 .ARM.attributes
                0x0000040e       0x31 ./Middlewares/Third_Party/FreeRTOS/Source/list.o
 .ARM.attributes
                0x0000043f       0x31 ./Middlewares/Third_Party/FreeRTOS/Source/queue.o
 .ARM.attributes
                0x00000470       0x31 ./Middlewares/Third_Party/FreeRTOS/Source/tasks.o
 .ARM.attributes
                0x000004a1       0x31 ./Drivers/STM32F0xx_HAL_Driver/Src/stm32f0xx_hal.o
 .ARM.attributes
                0x000004d2       0x31 ./Drivers/STM32F0xx_HAL_Driver/Src/stm32f0xx_hal_adc.o
 .ARM.attributes
                0x00000503       0x31 ./Drivers/STM32F0xx_HAL_Driver/Src/stm32f0xx_hal_can.o
 .ARM.attributes
                0x00000534       0x31 ./Drivers/STM32F0xx_HAL_Driver/Src/stm32f0xx_hal_cortex.o
 .ARM.attributes
                0x00000565       0x31 ./Drivers/STM32F0xx_HAL_Driver/Src/stm32f0xx_hal_dma.o
 .ARM.attributes
                0x00000596       0x31 ./Drivers/STM32F0xx_HAL_Driver/Src/stm32f0xx_hal_gpio.o
 .ARM.attributes
                0x000005c7       0x31 ./Drivers/STM32F0xx_HAL_Driver/Src/stm32f0xx_hal_i2c.o
 .ARM.attributes
                0x000005f8       0x31 ./Drivers/STM32F0xx_HAL_Driver/Src/stm32f0xx_hal_i2c_ex.o
 .ARM.attributes
                0x00000629       0x31 ./Drivers/STM32F0xx_HAL_Driver/Src/stm32f0xx_hal_iwdg.o
 .ARM.attributes
                0x0000065a       0x31 ./Drivers/STM32F0xx_HAL_Driver/Src/stm32f0xx_hal_pwr.o
 .ARM.attributes
                0x0000068b       0x31 ./Drivers/STM32F0xx_HAL_Driver/Src/stm32f0xx_hal_rcc.o
 .ARM.attributes
                0x000006bc       0x31 ./Drivers/STM32F0xx_HAL_Driver/Src/stm32f0xx_hal_rcc_ex.o
 .ARM.attributes
                0x000006ed       0x31 ./Drivers/STM32F0xx_HAL_Driver/Src/stm32f0xx_hal_rtc.o
 .ARM.attributes
                0x0000071e       0x31 ./Drivers/STM32F0xx_HAL_Driver/Src/stm32f0xx_hal_rtc_ex.o
 .ARM.attributes
                0x0000074f       0x31 ./Drivers/STM32F0xx_HAL_Driver/Src/stm32f0xx_hal_spi.o
 .ARM.attributes
                0x00000780       0x31 ./Drivers/STM32F0xx_HAL_Driver/Src/stm32f0xx_hal_tim.o
 .ARM.attributes
                0x000007b1       0x31 ./Drivers/STM32F0xx_HAL_Driver/Src/stm32f0xx_hal_tim_ex.o
 .ARM.attributes
                0x000007e2       0x31 ./Drivers/STM32F0xx_HAL_Driver/Src/stm32f0xx_hal_uart.o
 .ARM.attributes
                0x00000813       0x31 ./Drivers/STM32F0xx_HAL_Driver/Src/stm32f0xx_hal_uart_ex.o
 .ARM.attributes
                0x00000844       0x1e c:/program files (x86)/gnu tools arm embedded/6 2017-q2-update/bin/../lib/gcc/arm-none-eabi/6.3.1/thumb/v6-m\libgcc.a(_thumb1_case_sqi.o)
 .ARM.attributes
                0x00000862       0x1e c:/program files (x86)/gnu tools arm embedded/6 2017-q2-update/bin/../lib/gcc/arm-none-eabi/6.3.1/thumb/v6-m\libgcc.a(_thumb1_case_uqi.o)
 .ARM.attributes
                0x00000880       0x1e c:/program files (x86)/gnu tools arm embedded/6 2017-q2-update/bin/../lib/gcc/arm-none-eabi/6.3.1/thumb/v6-m\libgcc.a(_thumb1_case_shi.o)
 .ARM.attributes
                0x0000089e       0x1e c:/program files (x86)/gnu tools arm embedded/6 2017-q2-update/bin/../lib/gcc/arm-none-eabi/6.3.1/thumb/v6-m\libgcc.a(_thumb1_case_uhi.o)
 .ARM.attributes
                0x000008bc       0x1e c:/program files (x86)/gnu tools arm embedded/6 2017-q2-update/bin/../lib/gcc/arm-none-eabi/6.3.1/thumb/v6-m\libgcc.a(_udivsi3.o)
 .ARM.attributes
                0x000008da       0x1e c:/program files (x86)/gnu tools arm embedded/6 2017-q2-update/bin/../lib/gcc/arm-none-eabi/6.3.1/thumb/v6-m\libgcc.a(_dvmd_tls.o)
 .ARM.attributes
                0x000008f8       0x2c c:/program files (x86)/gnu tools arm embedded/6 2017-q2-update/bin/../lib/gcc/arm-none-eabi/6.3.1/../../../../arm-none-eabi/lib/thumb/v6-m\libg_nano.a(lib_a-impure.o)
 .ARM.attributes
                0x00000924       0x2c c:/program files (x86)/gnu tools arm embedded/6 2017-q2-update/bin/../lib/gcc/arm-none-eabi/6.3.1/../../../../arm-none-eabi/lib/thumb/v6-m\libg_nano.a(lib_a-init.o)
 .ARM.attributes
                0x00000950       0x2c c:/program files (x86)/gnu tools arm embedded/6 2017-q2-update/bin/../lib/gcc/arm-none-eabi/6.3.1/../../../../arm-none-eabi/lib/thumb/v6-m\libg_nano.a(lib_a-memcpy-stub.o)
 .ARM.attributes
                0x0000097c       0x2c c:/program files (x86)/gnu tools arm embedded/6 2017-q2-update/bin/../lib/gcc/arm-none-eabi/6.3.1/../../../../arm-none-eabi/lib/thumb/v6-m\libg_nano.a(lib_a-memset.o)
 .ARM.attributes
                0x000009a8       0x2c c:/program files (x86)/gnu tools arm embedded/6 2017-q2-update/bin/../lib/gcc/arm-none-eabi/6.3.1/../../../../arm-none-eabi/lib/thumb/v6-m\libg_nano.a(lib_a-strncpy.o)
 .ARM.attributes
                0x000009d4       0x2c c:/program files (x86)/gnu tools arm embedded/6 2017-q2-update/bin/../lib/gcc/arm-none-eabi/6.3.1/../../../../arm-none-eabi/lib/thumb/v6-m\libg_nano.a(lib_a-vsnprintf.o)
 .ARM.attributes
                0x00000a00       0x2c c:/program files (x86)/gnu tools arm embedded/6 2017-q2-update/bin/../lib/gcc/arm-none-eabi/6.3.1/../../../../arm-none-eabi/lib/thumb/v6-m\libg_nano.a(lib_a-nano-svfprintf.o)
 .ARM.attributes
                0x00000a2c       0x2c c:/program files (x86)/gnu tools arm embedded/6 2017-q2-update/bin/../lib/gcc/arm-none-eabi/6.3.1/../../../../arm-none-eabi/lib/thumb/v6-m\libg_nano.a(lib_a-nano-vfprintf_i.o)
 .ARM.attributes
                0x00000a58       0x2c c:/program files (x86)/gnu tools arm embedded/6 2017-q2-update/bin/../lib/gcc/arm-none-eabi/6.3.1/../../../../arm-none-eabi/lib/thumb/v6-m\libg_nano.a(lib_a-memchr-stub.o)
 .ARM.attributes
                0x00000a84       0x2c c:/program files (x86)/gnu tools arm embedded/6 2017-q2-update/bin/../lib/gcc/arm-none-eabi/6.3.1/../../../../arm-none-eabi/lib/thumb/v6-m\libg_nano.a(lib_a-memmove.o)
 .ARM.attributes
                0x00000ab0       0x2c c:/program files (x86)/gnu tools arm embedded/6 2017-q2-update/bin/../lib/gcc/arm-none-eabi/6.3.1/../../../../arm-none-eabi/lib/thumb/v6-m\libg_nano.a(lib_a-nano-freer.o)
 .ARM.attributes
                0x00000adc       0x2c c:/program files (x86)/gnu tools arm embedded/6 2017-q2-update/bin/../lib/gcc/arm-none-eabi/6.3.1/../../../../arm-none-eabi/lib/thumb/v6-m\libg_nano.a(lib_a-nano-mallocr.o)
 .ARM.attributes
                0x00000b08       0x2c c:/program files (x86)/gnu tools arm embedded/6 2017-q2-update/bin/../lib/gcc/arm-none-eabi/6.3.1/../../../../arm-none-eabi/lib/thumb/v6-m\libg_nano.a(lib_a-nano-reallocr.o)
 .ARM.attributes
                0x00000b34       0x2c c:/program files (x86)/gnu tools arm embedded/6 2017-q2-update/bin/../lib/gcc/arm-none-eabi/6.3.1/../../../../arm-none-eabi/lib/thumb/v6-m\libg_nano.a(lib_a-sbrkr.o)
 .ARM.attributes
                0x00000b60       0x2c c:/program files (x86)/gnu tools arm embedded/6 2017-q2-update/bin/../lib/gcc/arm-none-eabi/6.3.1/../../../../arm-none-eabi/lib/thumb/v6-m\libg_nano.a(lib_a-mlock.o)
 .ARM.attributes
                0x00000b8c       0x2c c:/program files (x86)/gnu tools arm embedded/6 2017-q2-update/bin/../lib/gcc/arm-none-eabi/6.3.1/../../../../arm-none-eabi/lib/thumb/v6-m\libg_nano.a(lib_a-nano-msizer.o)
 .ARM.attributes
                0x00000bb8       0x2c c:/program files (x86)/gnu tools arm embedded/6 2017-q2-update/bin/../lib/gcc/arm-none-eabi/6.3.1/../../../../arm-none-eabi/lib/thumb/v6-m\libg_nano.a(lib_a-reent.o)
 .ARM.attributes
                0x00000be4       0x2c c:/program files (x86)/gnu tools arm embedded/6 2017-q2-update/bin/../lib/gcc/arm-none-eabi/6.3.1/../../../../arm-none-eabi/lib/thumb/v6-m\libnosys.a(sbrk.o)
 .ARM.attributes
                0x00000c10       0x1e c:/program files (x86)/gnu tools arm embedded/6 2017-q2-update/bin/../lib/gcc/arm-none-eabi/6.3.1/thumb/v6-m/crtn.o
OUTPUT(STM32F091RCTx_freeRTOS.elf elf32-littlearm)

.debug_info     0x00000000    0x3cd99
 .debug_info    0x00000000     0x119f ./Src/adc.o
 .debug_info    0x0000119f     0x127f ./Src/can.o
 .debug_info    0x0000241e      0xbb5 ./Src/dma.o
 .debug_info    0x00002fd3     0x7329 ./Src/freertos.o
 .debug_info    0x0000a2fc      0xc92 ./Src/gpio.o
 .debug_info    0x0000af8e     0x1449 ./Src/i2c.o
 .debug_info    0x0000c3d7      0xa74 ./Src/iwdg.o
 .debug_info    0x0000ce4b     0x26a9 ./Src/main.o
 .debug_info    0x0000f4f4     0x1165 ./Src/rtc.o
 .debug_info    0x00010659     0x1146 ./Src/spi.o
 .debug_info    0x0001179f       0x8b ./Src/startup_stm32f091xc.o
 .debug_info    0x0001182a      0xb5c ./Src/stm32f0xx_hal_msp.o
 .debug_info    0x00012386     0x116b ./Src/stm32f0xx_hal_timebase_TIM.o
 .debug_info    0x000134f1     0x1d5d ./Src/stm32f0xx_it.o
 .debug_info    0x0001524e      0xa77 ./Src/system_stm32f0xx.o
 .debug_info    0x00015cc5     0x1465 ./Src/tim.o
 .debug_info    0x0001712a     0x165d ./Src/usart.o
 .debug_info    0x00018787      0xbb8 ./Middlewares/Third_Party/FreeRTOS/Source/portable/MemMang/heap_4.o
 .debug_info    0x0001933f      0x2ac ./Middlewares/Third_Party/FreeRTOS/Source/portable/GCC/ARM_CM0/port.o
 .debug_info    0x000195eb     0x24dd ./Middlewares/Third_Party/FreeRTOS/Source/CMSIS_RTOS/cmsis_os.o
 .debug_info    0x0001bac8      0xad0 ./Middlewares/Third_Party/FreeRTOS/Source/list.o
 .debug_info    0x0001c598     0x1b37 ./Middlewares/Third_Party/FreeRTOS/Source/queue.o
 .debug_info    0x0001e0cf     0x23dc ./Middlewares/Third_Party/FreeRTOS/Source/tasks.o
 .debug_info    0x000204ab      0xe8e ./Drivers/STM32F0xx_HAL_Driver/Src/stm32f0xx_hal.o
 .debug_info    0x00021339     0x16b6 ./Drivers/STM32F0xx_HAL_Driver/Src/stm32f0xx_hal_adc.o
 .debug_info    0x000229ef     0x13ef ./Drivers/STM32F0xx_HAL_Driver/Src/stm32f0xx_hal_can.o
 .debug_info    0x00023dde     0x102d ./Drivers/STM32F0xx_HAL_Driver/Src/stm32f0xx_hal_cortex.o
 .debug_info    0x00024e0b     0x1057 ./Drivers/STM32F0xx_HAL_Driver/Src/stm32f0xx_hal_dma.o
 .debug_info    0x00025e62      0xeab ./Drivers/STM32F0xx_HAL_Driver/Src/stm32f0xx_hal_gpio.o
 .debug_info    0x00026d0d     0x3980 ./Drivers/STM32F0xx_HAL_Driver/Src/stm32f0xx_hal_i2c.o
 .debug_info    0x0002a68d     0x10fb ./Drivers/STM32F0xx_HAL_Driver/Src/stm32f0xx_hal_i2c_ex.o
 .debug_info    0x0002b788      0xaa9 ./Drivers/STM32F0xx_HAL_Driver/Src/stm32f0xx_hal_iwdg.o
 .debug_info    0x0002c231      0xcbf ./Drivers/STM32F0xx_HAL_Driver/Src/stm32f0xx_hal_pwr.o
 .debug_info    0x0002cef0     0x11c6 ./Drivers/STM32F0xx_HAL_Driver/Src/stm32f0xx_hal_rcc.o
 .debug_info    0x0002e0b6      0xeaa ./Drivers/STM32F0xx_HAL_Driver/Src/stm32f0xx_hal_rcc_ex.o
 .debug_info    0x0002ef60     0x1585 ./Drivers/STM32F0xx_HAL_Driver/Src/stm32f0xx_hal_rtc.o
 .debug_info    0x000304e5     0x1758 ./Drivers/STM32F0xx_HAL_Driver/Src/stm32f0xx_hal_rtc_ex.o
 .debug_info    0x00031c3d     0x27b2 ./Drivers/STM32F0xx_HAL_Driver/Src/stm32f0xx_hal_spi.o
 .debug_info    0x000343ef     0x3c43 ./Drivers/STM32F0xx_HAL_Driver/Src/stm32f0xx_hal_tim.o
 .debug_info    0x00038032     0x1a3c ./Drivers/STM32F0xx_HAL_Driver/Src/stm32f0xx_hal_tim_ex.o
 .debug_info    0x00039a6e     0x210a ./Drivers/STM32F0xx_HAL_Driver/Src/stm32f0xx_hal_uart.o
 .debug_info    0x0003bb78     0x1221 ./Drivers/STM32F0xx_HAL_Driver/Src/stm32f0xx_hal_uart_ex.o

.debug_abbrev   0x00000000     0x750c
 .debug_abbrev  0x00000000      0x26d ./Src/adc.o
 .debug_abbrev  0x0000026d      0x276 ./Src/can.o
 .debug_abbrev  0x000004e3      0x22d ./Src/dma.o
 .debug_abbrev  0x00000710      0x435 ./Src/freertos.o
 .debug_abbrev  0x00000b45      0x224 ./Src/gpio.o
 .debug_abbrev  0x00000d69      0x265 ./Src/i2c.o
 .debug_abbrev  0x00000fce      0x219 ./Src/iwdg.o
 .debug_abbrev  0x000011e7      0x2eb ./Src/main.o
 .debug_abbrev  0x000014d2      0x251 ./Src/rtc.o
 .debug_abbrev  0x00001723      0x251 ./Src/spi.o
 .debug_abbrev  0x00001974       0x12 ./Src/startup_stm32f091xc.o
 .debug_abbrev  0x00001986      0x22d ./Src/stm32f0xx_hal_msp.o
 .debug_abbrev  0x00001bb3      0x2a1 ./Src/stm32f0xx_hal_timebase_TIM.o
 .debug_abbrev  0x00001e54      0x25a ./Src/stm32f0xx_it.o
 .debug_abbrev  0x000020ae      0x202 ./Src/system_stm32f0xx.o
 .debug_abbrev  0x000022b0      0x2d2 ./Src/tim.o
 .debug_abbrev  0x00002582      0x2ae ./Src/usart.o
 .debug_abbrev  0x00002830      0x304 ./Middlewares/Third_Party/FreeRTOS/Source/portable/MemMang/heap_4.o