Archive member included to satisfy reference by file (symbol)

c:/program files (x86)/gnu tools arm embedded/6 2017-q2-update/bin/../lib/gcc/arm-none-eabi/6.3.1/thumb/v6-m\libgcc.a(_thumb1_case_sqi.o)
                              ./Drivers/STM32F0xx_HAL_Driver/Src/stm32f0xx_hal_uart.o (__gnu_thumb1_case_sqi)
c:/program files (x86)/gnu tools arm embedded/6 2017-q2-update/bin/../lib/gcc/arm-none-eabi/6.3.1/thumb/v6-m\libgcc.a(_thumb1_case_uqi.o)
                              ./Src/freertos.o (__gnu_thumb1_case_uqi)
c:/program files (x86)/gnu tools arm embedded/6 2017-q2-update/bin/../lib/gcc/arm-none-eabi/6.3.1/thumb/v6-m\libgcc.a(_udivsi3.o)
                              ./Src/main.o (__aeabi_uidiv)
c:/program files (x86)/gnu tools arm embedded/6 2017-q2-update/bin/../lib/gcc/arm-none-eabi/6.3.1/thumb/v6-m\libgcc.a(_dvmd_tls.o)
                              c:/program files (x86)/gnu tools arm embedded/6 2017-q2-update/bin/../lib/gcc/arm-none-eabi/6.3.1/thumb/v6-m\libgcc.a(_udivsi3.o) (__aeabi_idiv0)
c:/program files (x86)/gnu tools arm embedded/6 2017-q2-update/bin/../lib/gcc/arm-none-eabi/6.3.1/thumb/v6-m\libgcc.a(_lshrdi3.o)
                              ./Drivers/STM32F0xx_HAL_Driver/Src/stm32f0xx_hal_flash.o (__aeabi_llsr)
c:/program files (x86)/gnu tools arm embedded/6 2017-q2-update/bin/../lib/gcc/arm-none-eabi/6.3.1/../../../../arm-none-eabi/lib/thumb/v6-m\libg_nano.a(lib_a-exit.o)
                              c:/program files (x86)/gnu tools arm embedded/6 2017-q2-update/bin/../lib/gcc/arm-none-eabi/6.3.1/../../../../arm-none-eabi/lib/thumb/v6-m/crt0.o (exit)
c:/program files (x86)/gnu tools arm embedded/6 2017-q2-update/bin/../lib/gcc/arm-none-eabi/6.3.1/../../../../arm-none-eabi/lib/thumb/v6-m\libg_nano.a(lib_a-impure.o)
                              c:/program files (x86)/gnu tools arm embedded/6 2017-q2-update/bin/../lib/gcc/arm-none-eabi/6.3.1/../../../../arm-none-eabi/lib/thumb/v6-m\libg_nano.a(lib_a-exit.o) (_global_impure_ptr)
c:/program files (x86)/gnu tools arm embedded/6 2017-q2-update/bin/../lib/gcc/arm-none-eabi/6.3.1/../../../../arm-none-eabi/lib/thumb/v6-m\libg_nano.a(lib_a-init.o)
                              c:/program files (x86)/gnu tools arm embedded/6 2017-q2-update/bin/../lib/gcc/arm-none-eabi/6.3.1/../../../../arm-none-eabi/lib/thumb/v6-m/crt0.o (__libc_init_array)
c:/program files (x86)/gnu tools arm embedded/6 2017-q2-update/bin/../lib/gcc/arm-none-eabi/6.3.1/../../../../arm-none-eabi/lib/thumb/v6-m\libg_nano.a(lib_a-memcpy-stub.o)
                              ./Src/freertos.o (memcpy)
c:/program files (x86)/gnu tools arm embedded/6 2017-q2-update/bin/../lib/gcc/arm-none-eabi/6.3.1/../../../../arm-none-eabi/lib/thumb/v6-m\libg_nano.a(lib_a-memset.o)
                              c:/program files (x86)/gnu tools arm embedded/6 2017-q2-update/bin/../lib/gcc/arm-none-eabi/6.3.1/../../../../arm-none-eabi/lib/thumb/v6-m/crt0.o (memset)
c:/program files (x86)/gnu tools arm embedded/6 2017-q2-update/bin/../lib/gcc/arm-none-eabi/6.3.1/../../../../arm-none-eabi/lib/thumb/v6-m\libg_nano.a(lib_a-strncpy.o)
                              ./Src/freertos.o (strncpy)
c:/program files (x86)/gnu tools arm embedded/6 2017-q2-update/bin/../lib/gcc/arm-none-eabi/6.3.1/../../../../arm-none-eabi/lib/thumb/v6-m\libg_nano.a(lib_a-vsnprintf.o)
                              ./Src/freertos.o (vsnprintf)
c:/program files (x86)/gnu tools arm embedded/6 2017-q2-update/bin/../lib/gcc/arm-none-eabi/6.3.1/../../../../arm-none-eabi/lib/thumb/v6-m\libg_nano.a(lib_a-nano-svfprintf.o)
                              c:/program files (x86)/gnu tools arm embedded/6 2017-q2-update/bin/../lib/gcc/arm-none-eabi/6.3.1/../../../../arm-none-eabi/lib/thumb/v6-m\libg_nano.a(lib_a-vsnprintf.o) (_svfprintf_r)
c:/program files (x86)/gnu tools arm embedded/6 2017-q2-update/bin/../lib/gcc/arm-none-eabi/6.3.1/../../../../arm-none-eabi/lib/thumb/v6-m\libg_nano.a(lib_a-nano-vfprintf_i.o)
                              c:/program files (x86)/gnu tools arm embedded/6 2017-q2-update/bin/../lib/gcc/arm-none-eabi/6.3.1/../../../../arm-none-eabi/lib/thumb/v6-m\libg_nano.a(lib_a-nano-svfprintf.o) (_printf_i)
c:/program files (x86)/gnu tools arm embedded/6 2017-q2-update/bin/../lib/gcc/arm-none-eabi/6.3.1/../../../../arm-none-eabi/lib/thumb/v6-m\libg_nano.a(lib_a-memchr-stub.o)
                              c:/program files (x86)/gnu tools arm embedded/6 2017-q2-update/bin/../lib/gcc/arm-none-eabi/6.3.1/../../../../arm-none-eabi/lib/thumb/v6-m\libg_nano.a(lib_a-nano-svfprintf.o) (memchr)
c:/program files (x86)/gnu tools arm embedded/6 2017-q2-update/bin/../lib/gcc/arm-none-eabi/6.3.1/../../../../arm-none-eabi/lib/thumb/v6-m\libg_nano.a(lib_a-memmove.o)
                              c:/program files (x86)/gnu tools arm embedded/6 2017-q2-update/bin/../lib/gcc/arm-none-eabi/6.3.1/../../../../arm-none-eabi/lib/thumb/v6-m\libg_nano.a(lib_a-nano-svfprintf.o) (memmove)
[...]
Memory Configuration

Name             Origin             Length             Attributes
RAM              0x20000000         0x00008000         xrw
FLASH            0x08000000         0x00040000         xr
*default*        0x00000000         0xffffffff

Linker script and memory map

LOAD c:/program files (x86)/gnu tools arm embedded/6 2017-q2-update/bin/../lib/gcc/arm-none-eabi/6.3.1/thumb/v6-m/crti.o
LOAD c:/program files (x86)/gnu tools arm embedded/6 2017-q2-update/bin/../lib/gcc/arm-none-eabi/6.3.1/thumb/v6-m/crtbegin.o
LOAD c:/program files (x86)/gnu tools arm embedded/6 2017-q2-update/bin/../lib/gcc/arm-none-eabi/6.3.1/../../../../arm-none-eabi/lib/thumb/v6-m/crt0.o
LOAD ./Src/adc.o
LOAD ./Src/aewin_def.o
LOAD ./Src/can.o
LOAD ./Src/dma.o
LOAD ./Src/freertos.o
LOAD ./Src/gpio.o
LOAD ./Src/i2c.o
LOAD ./Src/iwdg.o
LOAD ./Src/main.o
LOAD ./Src/rtc.o
LOAD ./Src/spi.o
LOAD ./Src/startup_stm32f091xc.o
LOAD ./Src/stm32f0xx_hal_msp.o
LOAD ./Src/stm32f0xx_hal_timebase_TIM.o
LOAD ./Src/stm32f0xx_it.o
LOAD ./Src/system_stm32f0xx.o
LOAD ./Src/tim.o
LOAD ./Src/usart.o
LOAD ./Middlewares/Third_Party/FreeRTOS/Source/portable/MemMang/heap_4.o
LOAD ./Middlewares/Third_Party/FreeRTOS/Source/portable/GCC/ARM_CM0/port.o
LOAD ./Middlewares/Third_Party/FreeRTOS/Source/CMSIS_RTOS/cmsis_os.o
LOAD ./Middlewares/Third_Party/FreeRTOS/Source/croutine.o
LOAD ./Middlewares/Third_Party/FreeRTOS/Source/event_groups.o
LOAD ./Middlewares/Third_Party/FreeRTOS/Source/list.o
LOAD ./Middlewares/Third_Party/FreeRTOS/Source/queue.o
LOAD ./Middlewares/Third_Party/FreeRTOS/Source/tasks.o
LOAD ./Middlewares/Third_Party/FreeRTOS/Source/timers.o
LOAD ./Drivers/STM32F0xx_HAL_Driver/Src/stm32f0xx_hal.o
LOAD ./Drivers/STM32F0xx_HAL_Driver/Src/stm32f0xx_hal_adc.o
LOAD ./Drivers/STM32F0xx_HAL_Driver/Src/stm32f0xx_hal_adc_ex.o
LOAD ./Drivers/STM32F0xx_HAL_Driver/Src/stm32f0xx_hal_can.o
LOAD ./Drivers/STM32F0xx_HAL_Driver/Src/stm32f0xx_hal_cortex.o
LOAD ./Drivers/STM32F0xx_HAL_Driver/Src/stm32f0xx_hal_dma.o
LOAD ./Drivers/STM32F0xx_HAL_Driver/Src/stm32f0xx_hal_flash.o
LOAD ./Drivers/STM32F0xx_HAL_Driver/Src/stm32f0xx_hal_flash_ex.o
LOAD ./Drivers/STM32F0xx_HAL_Driver/Src/stm32f0xx_hal_gpio.o
LOAD ./Drivers/STM32F0xx_HAL_Driver/Src/stm32f0xx_hal_i2c.o
LOAD ./Drivers/STM32F0xx_HAL_Driver/Src/stm32f0xx_hal_i2c_ex.o
LOAD ./Drivers/STM32F0xx_HAL_Driver/Src/stm32f0xx_hal_iwdg.o
LOAD ./Drivers/STM32F0xx_HAL_Driver/Src/stm32f0xx_hal_pwr.o
LOAD ./Drivers/STM32F0xx_HAL_Driver/Src/stm32f0xx_hal_pwr_ex.o
LOAD ./Drivers/STM32F0xx_HAL_Driver/Src/stm32f0xx_hal_rcc.o
LOAD ./Drivers/STM32F0xx_HAL_Driver/Src/stm32f0xx_hal_rcc_ex.o
LOAD ./Drivers/STM32F0xx_HAL_Driver/Src/stm32f0xx_hal_rtc.o
LOAD ./Drivers/STM32F0xx_HAL_Driver/Src/stm32f0xx_hal_rtc_ex.o
LOAD ./Drivers/STM32F0xx_HAL_Driver/Src/stm32f0xx_hal_smbus.o
LOAD ./Drivers/STM32F0xx_HAL_Driver/Src/stm32f0xx_hal_spi.o
LOAD ./Drivers/STM32F0xx_HAL_Driver/Src/stm32f0xx_hal_spi_ex.o
LOAD ./Drivers/STM32F0xx_HAL_Driver/Src/stm32f0xx_hal_tim.o
LOAD ./Drivers/STM32F0xx_HAL_Driver/Src/stm32f0xx_hal_tim_ex.o
LOAD ./Drivers/STM32F0xx_HAL_Driver/Src/stm32f0xx_hal_uart.o
LOAD ./Drivers/STM32F0xx_HAL_Driver/Src/stm32f0xx_hal_uart_ex.o
START GROUP
LOAD c:/program files (x86)/gnu tools arm embedded/6 2017-q2-update/bin/../lib/gcc/arm-none-eabi/6.3.1/thumb/v6-m\libgcc.a
LOAD c:/program files (x86)/gnu tools arm embedded/6 2017-q2-update/bin/../lib/gcc/arm-none-eabi/6.3.1/../../../../arm-none-eabi/lib/thumb/v6-m\libg_nano.a
LOAD c:/program files (x86)/gnu tools arm embedded/6 2017-q2-update/bin/../lib/gcc/arm-none-eabi/6.3.1/../../../../arm-none-eabi/lib/thumb/v6-m\libc_nano.a
END GROUP
START GROUP
LOAD c:/program files (x86)/gnu tools arm embedded/6 2017-q2-update/bin/../lib/gcc/arm-none-eabi/6.3.1/thumb/v6-m\libgcc.a
LOAD c:/program files (x86)/gnu tools arm embedded/6 2017-q2-update/bin/../lib/gcc/arm-none-eabi/6.3.1/../../../../arm-none-eabi/lib/thumb/v6-m\libc_nano.a
LOAD c:/program files (x86)/gnu tools arm embedded/6 2017-q2-update/bin/../lib/gcc/arm-none-eabi/6.3.1/../../../../arm-none-eabi/lib/thumb/v6-m\libnosys.a
END GROUP
START GROUP
LOAD c:/program files (x86)/gnu tools arm embedded/6 2017-q2-update/bin/../lib/gcc/arm-none-eabi/6.3.1/thumb/v6-m\libgcc.a
LOAD c:/program files (x86)/gnu tools arm embedded/6 2017-q2-update/bin/../lib/gcc/arm-none-eabi/6.3.1/../../../../arm-none-eabi/lib/thumb/v6-m\libc_nano.a
LOAD c:/program files (x86)/gnu tools arm embedded/6 2017-q2-update/bin/../lib/gcc/arm-none-eabi/6.3.1/../../../../arm-none-eabi/lib/thumb/v6-m\libnosys.a
END GROUP
LOAD c:/program files (x86)/gnu tools arm embedded/6 2017-q2-update/bin/../lib/gcc/arm-none-eabi/6.3.1/thumb/v6-m/crtend.o
LOAD c:/program files (x86)/gnu tools arm embedded/6 2017-q2-update/bin/../lib/gcc/arm-none-eabi/6.3.1/thumb/v6-m/crtn.o
                0x20008000                _estack = 0x20008000
                0x00000200                _Min_Heap_Size = 0x200
                0x00000400                _Min_Stack_Size = 0x400

.isr_vector     0x08000000       0xbc
                0x08000000                . = ALIGN (0x4)
 *(.isr_vector)
 .isr_vector    0x08000000       0xbc ./Src/startup_stm32f091xc.o
                0x08000000                g_pfnVectors
                0x080000bc                . = ALIGN (0x4)

.text           0x080000c0     0x6a58
                0x080000c0                . = ALIGN (0x4)
 *(.text)
 .text          0x080000c0       0x60 c:/program files (x86)/gnu tools arm embedded/6 2017-q2-update/bin/../lib/gcc/arm-none-eabi/6.3.1/thumb/v6-m/crtbegin.o
 .text          0x08000120       0x14 c:/program files (x86)/gnu tools arm embedded/6 2017-q2-update/bin/../lib/gcc/arm-none-eabi/6.3.1/thumb/v6-m\libgcc.a(_thumb1_case_sqi.o)
                0x08000120                __gnu_thumb1_case_sqi
 .text          0x08000134       0x14 c:/program files (x86)/gnu tools arm embedded/6 2017-q2-update/bin/../lib/gcc/arm-none-eabi/6.3.1/thumb/v6-m\libgcc.a(_thumb1_case_uqi.o)
                0x08000134                __gnu_thumb1_case_uqi
 .text          0x08000148      0x114 c:/program files (x86)/gnu tools arm embedded/6 2017-q2-update/bin/../lib/gcc/arm-none-eabi/6.3.1/thumb/v6-m\libgcc.a(_udivsi3.o)
                0x08000148                __aeabi_uidiv
                0x08000148                __udivsi3
                0x08000254                __aeabi_uidivmod
 .text          0x0800025c        0x4 c:/program files (x86)/gnu tools arm embedded/6 2017-q2-update/bin/../lib/gcc/arm-none-eabi/6.3.1/thumb/v6-m\libgcc.a(_dvmd_tls.o)
                0x0800025c                __aeabi_idiv0
                0x0800025c                __aeabi_ldiv0
 *(.text*)
 .text.MX_ADC_Init
                0x08000260       0x88 ./Src/adc.o
                0x08000260                MX_ADC_Init
 .text.HAL_ADC_MspInit
                0x080002e8       0x9c ./Src/adc.o
                0x080002e8                HAL_ADC_MspInit
 .text.MX_CAN_Init
                0x08000384       0x40 ./Src/can.o
                0x08000384                MX_CAN_Init
 .text.HAL_CAN_MspInit
                0x080003c4       0x60 ./Src/can.o
                0x080003c4                HAL_CAN_MspInit
 .text.MX_DMA_Init
                0x08000424       0x4c ./Src/dma.o
                0x08000424                MX_DMA_Init
 .text.StartDefaultTask
                0x08000470        0xa ./Src/freertos.o
                0x08000470                StartDefaultTask
 .text.usart2_entry
                0x0800047a        0xa ./Src/freertos.o
                0x0800047a                usart2_entry
 .text.cmd_proc_entry
                0x08000484        0xa ./Src/freertos.o
                0x08000484                cmd_proc_entry
 *fill*         0x0800048e        0x2 
 .text.usart1_entry
                0x08000490       0x38 ./Src/freertos.o
                0x08000490                usart1_entry
 .text.usart3_entry
                0x080004c8      0x1ac ./Src/freertos.o
                0x080004c8                usart3_entry
 .text.IWDG_entry
                0x08000674       0x14 ./Src/freertos.o
                0x08000674                IWDG_entry
 .text.gpio_state_entry
                0x08000688       0x70 ./Src/freertos.o
                0x08000688                gpio_state_entry
 .text.i2c1_entry
                0x080006f8        0xa ./Src/freertos.o
                0x080006f8                i2c1_entry
 *fill*         0x08000702        0x2 
 .text.MX_FREERTOS_Init
                0x08000704      0x1e0 ./Src/freertos.o
                0x08000704                MX_FREERTOS_Init
 .text.aewin_dbg
                0x080008e4       0x6c ./Src/freertos.o
                0x080008e4                aewin_dbg
 .text.ignition_entry
                0x08000950      0x284 ./Src/freertos.o
                0x08000950                ignition_entry
 .text.adc_entry
                0x08000bd4       0x78 ./Src/freertos.o
                0x08000bd4                adc_entry
 .text.MX_GPIO_Init
                0x08000c4c       0xc4 ./Src/gpio.o
                0x08000c4c                MX_GPIO_Init
 .text.MX_I2C1_SMBUS_Init
                0x08000d10       0x64 ./Src/i2c.o
                0x08000d10                MX_I2C1_SMBUS_Init
 .text.MX_I2C2_Init
                0x08000d74       0x6c ./Src/i2c.o
                0x08000d74                MX_I2C2_Init
 .text.HAL_SMBUS_MspInit
                0x08000de0       0x70 ./Src/i2c.o
                0x08000de0                HAL_SMBUS_MspInit
 .text.HAL_I2C_MspInit
                0x08000e50       0x4c ./Src/i2c.o
                0x08000e50                HAL_I2C_MspInit
 .text.MX_IWDG_Init
                0x08000e9c       0x34 ./Src/iwdg.o
                0x08000e9c                MX_IWDG_Init
 .text.SystemClock_Config
                0x08000ed0       0xa4 ./Src/main.o
                0x08000ed0                SystemClock_Config
 .text.startup.main
                0x08000f74       0x4c ./Src/main.o
                0x08000f74                main
 .text.HAL_TIM_PeriodElapsedCallback
                0x08000fc0       0x14 ./Src/main.o
                0x08000fc0                HAL_TIM_PeriodElapsedCallback
 .text._Error_Handler
                0x08000fd4        0x2 ./Src/main.o
                0x08000fd4                _Error_Handler
 *fill*         0x08000fd6        0x2 
 .text.MX_RTC_Init
                0x08000fd8       0xb8 ./Src/rtc.o
                0x08000fd8                MX_RTC_Init
 .text.HAL_RTC_MspInit
                0x08001090       0x30 ./Src/rtc.o
                0x08001090                HAL_RTC_MspInit
 .text.MX_SPI1_Init
                0x080010c0       0x54 ./Src/spi.o
                0x080010c0                MX_SPI1_Init
 .text.HAL_SPI_MspInit
                0x08001114       0x60 ./Src/spi.o
                0x08001114                HAL_SPI_MspInit
 .text.Reset_Handler
                0x08001174       0x50 ./Src/startup_stm32f091xc.o
                0x08001174                Reset_Handler
 .text.Default_Handler
                0x080011c4        0x2 ./Src/startup_stm32f091xc.o
                0x080011c4                TIM1_CC_IRQHandler
                0x080011c4                TSC_IRQHandler
                0x080011c4                ADC1_COMP_IRQHandler
                0x080011c4                RCC_CRS_IRQHandler
                0x080011c4                SPI1_IRQHandler
                0x080011c4                TIM6_DAC_IRQHandler
                0x080011c4                EXTI2_3_IRQHandler
                0x080011c4                I2C2_IRQHandler
                0x080011c4                TIM17_IRQHandler
                0x080011c4                PVD_VDDIO2_IRQHandler
                0x080011c4                TIM16_IRQHandler
                0x080011c4                TIM3_IRQHandler
                0x080011c4                EXTI4_15_IRQHandler
                0x080011c4                USART3_8_IRQHandler
                0x080011c4                Default_Handler
                0x080011c4                TIM14_IRQHandler
                0x080011c4                TIM7_IRQHandler
                0x080011c4                TIM15_IRQHandler
                0x080011c4                EXTI0_1_IRQHandler
                0x080011c4                SPI2_IRQHandler
                0x080011c4                WWDG_IRQHandler
                0x080011c4                TIM2_IRQHandler
                0x080011c4                FLASH_IRQHandler
 *fill*         0x080011c6        0x2 
 .text.HAL_MspInit
                0x080011c8       0x3c ./Src/stm32f0xx_hal_msp.o
                0x080011c8                HAL_MspInit
 .text.HAL_InitTick
                0x08001204       0x7c ./Src/stm32f0xx_hal_timebase_TIM.o
                0x08001204                HAL_InitTick
 .text.NMI_Handler
                0x08001280        0x2 ./Src/stm32f0xx_it.o
                0x08001280                NMI_Handler
 .text.HardFault_Handler
                0x08001282        0x2 ./Src/stm32f0xx_it.o
                0x08001282                HardFault_Handler
 .text.SysTick_Handler
                0x08001284        0x8 ./Src/stm32f0xx_it.o
                0x08001284                SysTick_Handler
 .text.RTC_IRQHandler
                0x0800128c       0x10 ./Src/stm32f0xx_it.o
                0x0800128c                RTC_IRQHandler
 .text.DMA1_Ch1_IRQHandler
                0x0800129c       0x10 ./Src/stm32f0xx_it.o
                0x0800129c                DMA1_Ch1_IRQHandler
 .text.DMA1_Ch2_3_DMA2_Ch1_2_IRQHandler
                0x080012ac       0x18 ./Src/stm32f0xx_it.o
                0x080012ac                DMA1_Ch2_3_DMA2_Ch1_2_IRQHandler
 .text.DMA1_Ch4_7_DMA2_Ch3_5_IRQHandler
                0x080012c4       0x18 ./Src/stm32f0xx_it.o
                0x080012c4                DMA1_Ch4_7_DMA2_Ch3_5_IRQHandler
 .text.TIM1_BRK_UP_TRG_COM_IRQHandler
                0x080012dc       0x10 ./Src/stm32f0xx_it.o
                0x080012dc                TIM1_BRK_UP_TRG_COM_IRQHandler
 .text.I2C1_IRQHandler
                0x080012ec       0x20 ./Src/stm32f0xx_it.o
                0x080012ec                I2C1_IRQHandler
 .text.USART1_IRQHandler
                0x0800130c       0x10 ./Src/stm32f0xx_it.o
                0x0800130c                USART1_IRQHandler
 .text.USART2_IRQHandler
                0x0800131c       0x10 ./Src/stm32f0xx_it.o
                0x0800131c                USART2_IRQHandler
 .text.CEC_CAN_IRQHandler
                0x0800132c       0x10 ./Src/stm32f0xx_it.o
                0x0800132c                CEC_CAN_IRQHandler
 .text.SystemInit
                0x0800133c       0x60 ./Src/system_stm32f0xx.o
                0x0800133c                SystemInit
 .text.MX_TIM2_Init
                0x0800139c       0x88 ./Src/tim.o
                0x0800139c                MX_TIM2_Init
 .text.HAL_TIM_Base_MspInit
                0x08001424       0x48 ./Src/tim.o
                0x08001424                HAL_TIM_Base_MspInit
 .text.HAL_TIM_MspPostInit
                0x0800146c       0x30 ./Src/tim.o
                0x0800146c                HAL_TIM_MspPostInit
 .text.MX_TIM14_Init
                0x0800149c       0x70 ./Src/tim.o
                0x0800149c                MX_TIM14_Init
 .text.MX_USART1_UART_Init
                0x0800150c       0x54 ./Src/usart.o
                0x0800150c                MX_USART1_UART_Init
 .text.MX_USART2_UART_Init
                0x08001560       0x54 ./Src/usart.o
                0x08001560                MX_USART2_UART_Init
 .text.MX_USART3_UART_Init
                0x080015b4       0x50 ./Src/usart.o
                0x080015b4                MX_USART3_UART_Init
 .text.HAL_UART_MspInit
                0x08001604      0x248 ./Src/usart.o
                0x08001604                HAL_UART_MspInit
 .text.unlikely.prvInsertBlockIntoFreeList
                0x0800184c       0x48 ./Middlewares/Third_Party/FreeRTOS/Source/portable/MemMang/heap_4.o
 .text.pvPortMalloc
                0x08001894      0x104 ./Middlewares/Third_Party/FreeRTOS/Source/portable/MemMang/heap_4.o
                0x08001894                pvPortMalloc
 .text.vPortFree
                0x08001998       0x48 ./Middlewares/Third_Party/FreeRTOS/Source/portable/MemMang/heap_4.o
                0x08001998                vPortFree
 .text.prvTaskExitError
                0x080019e0       0x14 ./Middlewares/Third_Party/FreeRTOS/Source/portable/GCC/ARM_CM0/port.o
 *fill*         0x080019f4        0xc 
 .text.vPortStartFirstTask
                0x08001a00       0x34 ./Middlewares/Third_Party/FreeRTOS/Source/portable/GCC/ARM_CM0/port.o
 .text.pxPortInitialiseStack
                0x08001a34       0x20 ./Middlewares/Third_Party/FreeRTOS/Source/portable/GCC/ARM_CM0/port.o
                0x08001a34                pxPortInitialiseStack
 .text.SVC_Handler
                0x08001a54        0x2 ./Middlewares/Third_Party/FreeRTOS/Source/portable/GCC/ARM_CM0/port.o
                0x08001a54                SVC_Handler
 *fill*         0x08001a56        0x2 
 .text.vPortYield
                0x08001a58       0x18 ./Middlewares/Third_Party/FreeRTOS/Source/portable/GCC/ARM_CM0/port.o
                0x08001a58                vPortYield
 .text.vPortEnterCritical
                0x08001a70       0x18 ./Middlewares/Third_Party/FreeRTOS/Source/portable/GCC/ARM_CM0/port.o
                0x08001a70                vPortEnterCritical
 .text.vPortExitCritical
                0x08001a88       0x1c ./Middlewares/Third_Party/FreeRTOS/Source/portable/GCC/ARM_CM0/port.o
                0x08001a88                vPortExitCritical
 .text.ulSetInterruptMaskFromISR
                0x08001aa4        0xa ./Middlewares/Third_Party/FreeRTOS/Source/portable/GCC/ARM_CM0/port.o
                0x08001aa4                ulSetInterruptMaskFromISR
 .text.vClearInterruptMaskFromISR
                0x08001aae        0x6 ./Middlewares/Third_Party/FreeRTOS/Source/portable/GCC/ARM_CM0/port.o
                0x08001aae                vClearInterruptMaskFromISR
 *fill*         0x08001ab4        0xc 
 .text.PendSV_Handler
                0x08001ac0       0x44 ./Middlewares/Third_Party/FreeRTOS/Source/portable/GCC/ARM_CM0/port.o
                0x08001ac0                PendSV_Handler
 .text.xPortSysTickHandler
                0x08001b04       0x24 ./Middlewares/Third_Party/FreeRTOS/Source/portable/GCC/ARM_CM0/port.o
                0x08001b04                xPortSysTickHandler
 .text.vPortSetupTimerInterrupt
                0x08001b28       0x28 ./Middlewares/Third_Party/FreeRTOS/Source/portable/GCC/ARM_CM0/port.o
                0x08001b28                vPortSetupTimerInterrupt
 .text.xPortStartScheduler
                0x08001b50       0x34 ./Middlewares/Third_Party/FreeRTOS/Source/portable/GCC/ARM_CM0/port.o
                0x08001b50                xPortStartScheduler
 .text.osKernelStart
                0x08001b84        0xa ./Middlewares/Third_Party/FreeRTOS/Source/CMSIS_RTOS/cmsis_os.o
                0x08001b84                osKernelStart
 .text.osThreadCreate
                0x08001b8e       0x30 ./Middlewares/Third_Party/FreeRTOS/Source/CMSIS_RTOS/cmsis_os.o
                0x08001b8e                osThreadCreate
 .text.osDelay  0x08001bbe       0x10 ./Middlewares/Third_Party/FreeRTOS/Source/CMSIS_RTOS/cmsis_os.o
                0x08001bbe                osDelay
 .text.osMutexCreate
                0x08001bce        0xa ./Middlewares/Third_Party/FreeRTOS/Source/CMSIS_RTOS/cmsis_os.o
                0x08001bce                osMutexCreate
 .text.osMutexWait
                0x08001bd8       0x4c ./Middlewares/Third_Party/FreeRTOS/Source/CMSIS_RTOS/cmsis_os.o
                0x08001bd8                osMutexWait
 .text.osSemaphoreRelease
                0x08001c24       0x40 ./Middlewares/Third_Party/FreeRTOS/Source/CMSIS_RTOS/cmsis_os.o
                0x08001c24                osSemaphoreRelease
 .text.osMutexRelease
                0x08001c64        0x8 ./Middlewares/Third_Party/FreeRTOS/Source/CMSIS_RTOS/cmsis_os.o
                0x08001c64                osMutexRelease
 .text.osMessageCreate
                0x08001c6c        0xe ./Middlewares/Third_Party/FreeRTOS/Source/CMSIS_RTOS/cmsis_os.o
                0x08001c6c                osMessageCreate
 *fill*         0x08001c7a        0x2 
 .text.osMessagePut
                0x08001c7c       0x4c ./Middlewares/Third_Party/FreeRTOS/Source/CMSIS_RTOS/cmsis_os.o
                0x08001c7c                osMessagePut
 .text.osMessageGet
                0x08001cc8       0x74 ./Middlewares/Third_Party/FreeRTOS/Source/CMSIS_RTOS/cmsis_os.o
                0x08001cc8                osMessageGet
 .text.osSystickHandler
                0x08001d3c       0x10 ./Middlewares/Third_Party/FreeRTOS/Source/CMSIS_RTOS/cmsis_os.o
                0x08001d3c                osSystickHandler
 .text.vListInitialise
                0x08001d4c       0x16 ./Middlewares/Third_Party/FreeRTOS/Source/list.o
                0x08001d4c                vListInitialise
 .text.vListInitialiseItem
                0x08001d62        0x6 ./Middlewares/Third_Party/FreeRTOS/Source/list.o
                0x08001d62                vListInitialiseItem
 .text.vListInsertEnd
                0x08001d68       0x18 ./Middlewares/Third_Party/FreeRTOS/Source/list.o
                0x08001d68                vListInsertEnd
 .text.vListInsert
                0x08001d80       0x2e ./Middlewares/Third_Party/FreeRTOS/Source/list.o
                0x08001d80                vListInsert
 .text.uxListRemove
                0x08001dae       0x20 ./Middlewares/Third_Party/FreeRTOS/Source/list.o
                0x08001dae                uxListRemove
 .text.unlikely.prvCopyDataToQueue
                0x08001dce       0x70 ./Middlewares/Third_Party/FreeRTOS/Source/queue.o
 .text.unlikely.prvCopyDataFromQueue
                0x08001e3e       0x24 ./Middlewares/Third_Party/FreeRTOS/Source/queue.o
 .text.prvUnlockQueue
                0x08001e62       0x6a ./Middlewares/Third_Party/FreeRTOS/Source/queue.o
 .text.xQueueGenericReset
                0x08001ecc       0x68 ./Middlewares/Third_Party/FreeRTOS/Source/queue.o
                0x08001ecc                xQueueGenericReset
 .text.xQueueGenericCreate
                0x08001f34       0x3a ./Middlewares/Third_Party/FreeRTOS/Source/queue.o
                0x08001f34                xQueueGenericCreate
 .text.xQueueGenericSend
                0x08001f6e      0x11e ./Middlewares/Third_Party/FreeRTOS/Source/queue.o
                0x08001f6e                xQueueGenericSend
 .text.xQueueCreateMutex
                0x0800208c       0x24 ./Middlewares/Third_Party/FreeRTOS/Source/queue.o
                0x0800208c                xQueueCreateMutex
 .text.xQueueGenericSendFromISR
                0x080020b0       0x92 ./Middlewares/Third_Party/FreeRTOS/Source/queue.o
                0x080020b0                xQueueGenericSendFromISR
 .text.xQueueGiveFromISR
                0x08002142       0x7a ./Middlewares/Third_Party/FreeRTOS/Source/queue.o
                0x08002142                xQueueGiveFromISR
 .text.xQueueGenericReceive
                0x080021bc      0x14c ./Middlewares/Third_Party/FreeRTOS/Source/queue.o
                0x080021bc                xQueueGenericReceive
 .text.xQueueReceiveFromISR
                0x08002308       0x80 ./Middlewares/Third_Party/FreeRTOS/Source/queue.o
                0x08002308                xQueueReceiveFromISR
 .text.prvResetNextTaskUnblockTime
                0x08002388       0x28 ./Middlewares/Third_Party/FreeRTOS/Source/tasks.o
 .text.prvAddCurrentTaskToDelayedList
                0x080023b0       0x70 ./Middlewares/Third_Party/FreeRTOS/Source/tasks.o
 .text.xTaskCreate
                0x08002420      0x188 ./Middlewares/Third_Party/FreeRTOS/Source/tasks.o
                0x08002420                xTaskCreate
 .text.vTaskStartScheduler
                0x080025a8       0x54 ./Middlewares/Third_Party/FreeRTOS/Source/tasks.o
                0x080025a8                vTaskStartScheduler
 .text.vTaskSuspendAll
                0x080025fc       0x10 ./Middlewares/Third_Party/FreeRTOS/Source/tasks.o
                0x080025fc                vTaskSuspendAll
 .text.xTaskIncrementTick
                0x0800260c       0xfc ./Middlewares/Third_Party/FreeRTOS/Source/tasks.o
                0x0800260c                xTaskIncrementTick
 .text.xTaskResumeAll
                0x08002708       0xd0 ./Middlewares/Third_Party/FreeRTOS/Source/tasks.o
                0x08002708                xTaskResumeAll
 .text.vTaskDelay
                0x080027d8       0x34 ./Middlewares/Third_Party/FreeRTOS/Source/tasks.o
                0x080027d8                vTaskDelay
 .text.prvIdleTask
                0x0800280c       0x68 ./Middlewares/Third_Party/FreeRTOS/Source/tasks.o
 .text.vTaskSwitchContext
                0x08002874       0x6c ./Middlewares/Third_Party/FreeRTOS/Source/tasks.o
                0x08002874                vTaskSwitchContext
 .text.vTaskPlaceOnEventList
                0x080028e0       0x24 ./Middlewares/Third_Party/FreeRTOS/Source/tasks.o
                0x080028e0                vTaskPlaceOnEventList
 .text.xTaskRemoveFromEventList
                0x08002904       0x78 ./Middlewares/Third_Party/FreeRTOS/Source/tasks.o
                0x08002904                xTaskRemoveFromEventList
 .text.vTaskSetTimeOutState
                0x0800297c       0x20 ./Middlewares/Third_Party/FreeRTOS/Source/tasks.o
                0x0800297c                vTaskSetTimeOutState
 .text.xTaskCheckForTimeOut
                0x0800299c       0x60 ./Middlewares/Third_Party/FreeRTOS/Source/tasks.o
                0x0800299c                xTaskCheckForTimeOut
 .text.vTaskMissedYield
                0x080029fc        0xc ./Middlewares/Third_Party/FreeRTOS/Source/tasks.o
                0x080029fc                vTaskMissedYield
 .text.xTaskGetSchedulerState
                0x08002a08       0x20 ./Middlewares/Third_Party/FreeRTOS/Source/tasks.o
                0x08002a08                xTaskGetSchedulerState
 .text.vTaskPriorityInherit
                0x08002a28       0x6c ./Middlewares/Third_Party/FreeRTOS/Source/tasks.o
                0x08002a28                vTaskPriorityInherit
 .text.xTaskPriorityDisinherit
                0x08002a94       0x6c ./Middlewares/Third_Party/FreeRTOS/Source/tasks.o
                0x08002a94                xTaskPriorityDisinherit
 .text.pvTaskIncrementMutexHeldCount
                0x08002b00       0x18 ./Middlewares/Third_Party/FreeRTOS/Source/tasks.o
                0x08002b00                pvTaskIncrementMutexHeldCount
 .text.HAL_Init
                0x08002b18       0x20 ./Drivers/STM32F0xx_HAL_Driver/Src/stm32f0xx_hal.o
                0x08002b18                HAL_Init
 .text.HAL_IncTick
                0x08002b38       0x10 ./Drivers/STM32F0xx_HAL_Driver/Src/stm32f0xx_hal.o
                0x08002b38                HAL_IncTick
 .text.HAL_GetTick
                0x08002b48        0xc ./Drivers/STM32F0xx_HAL_Driver/Src/stm32f0xx_hal.o
                0x08002b48                HAL_GetTick
 .text.ADC_Disable
                0x08002b54       0x72 ./Drivers/STM32F0xx_HAL_Driver/Src/stm32f0xx_hal_adc.o
 *fill*         0x08002bc6        0x2 
 .text.ADC_Enable
                0x08002bc8       0x98 ./Drivers/STM32F0xx_HAL_Driver/Src/stm32f0xx_hal_adc.o
 .text.ADC_ConversionStop
                0x08002c60       0x52 ./Drivers/STM32F0xx_HAL_Driver/Src/stm32f0xx_hal_adc.o
 *fill*         0x08002cb2        0x2 
 .text.HAL_ADC_Init
                0x08002cb4      0x14c ./Drivers/STM32F0xx_HAL_Driver/Src/stm32f0xx_hal_adc.o
                0x08002cb4                HAL_ADC_Init
 .text.HAL_ADC_Start_DMA
                0x08002e00       0x94 ./Drivers/STM32F0xx_HAL_Driver/Src/stm32f0xx_hal_adc.o
                0x08002e00                HAL_ADC_Start_DMA
 .text.HAL_ADC_Stop_DMA
                0x08002e94       0x70 ./Drivers/STM32F0xx_HAL_Driver/Src/stm32f0xx_hal_adc.o
                0x08002e94                HAL_ADC_Stop_DMA
 .text.HAL_ADC_ConvCpltCallback
                0x08002f04        0x2 ./Drivers/STM32F0xx_HAL_Driver/Src/stm32f0xx_hal_adc.o
                0x08002f04                HAL_ADC_ConvCpltCallback
 *fill*         0x08002f06        0x2 
 .text.ADC_DMAConvCplt
                0x08002f08       0x70 ./Drivers/STM32F0xx_HAL_Driver/Src/stm32f0xx_hal_adc.o
 .text.HAL_ADC_ConvHalfCpltCallback
                0x08002f78        0x2 ./Drivers/STM32F0xx_HAL_Driver/Src/stm32f0xx_hal_adc.o
                0x08002f78                HAL_ADC_ConvHalfCpltCallback
 .text.ADC_DMAHalfConvCplt
                0x08002f7a        0xa ./Drivers/STM32F0xx_HAL_Driver/Src/stm32f0xx_hal_adc.o
 .text.HAL_ADC_ErrorCallback
                0x08002f84        0x2 ./Drivers/STM32F0xx_HAL_Driver/Src/stm32f0xx_hal_adc.o
                0x08002f84                HAL_ADC_ErrorCallback
 .text.ADC_DMAError
                0x08002f86       0x1a ./Drivers/STM32F0xx_HAL_Driver/Src/stm32f0xx_hal_adc.o
 .text.HAL_ADC_ConfigChannel
                0x08002fa0      0x100 ./Drivers/STM32F0xx_HAL_Driver/Src/stm32f0xx_hal_adc.o
                0x08002fa0                HAL_ADC_ConfigChannel
 .text.HAL_CAN_Init
                0x080030a0      0x13c ./Drivers/STM32F0xx_HAL_Driver/Src/stm32f0xx_hal_can.o
                0x080030a0                HAL_CAN_Init
 .text.HAL_CAN_TxCpltCallback
                0x080031dc        0x2 ./Drivers/STM32F0xx_HAL_Driver/Src/stm32f0xx_hal_can.o
                0x080031dc                HAL_CAN_TxCpltCallback
 .text.HAL_CAN_RxCpltCallback
                0x080031de        0x2 ./Drivers/STM32F0xx_HAL_Driver/Src/stm32f0xx_hal_can.o
                0x080031de                HAL_CAN_RxCpltCallback
 .text.CAN_Receive_IT
                0x080031e0      0x10c ./Drivers/STM32F0xx_HAL_Driver/Src/stm32f0xx_hal_can.o
 .text.HAL_CAN_ErrorCallback
                0x080032ec        0x2 ./Drivers/STM32F0xx_HAL_Driver/Src/stm32f0xx_hal_can.o
                0x080032ec                HAL_CAN_ErrorCallback
 *fill*         0x080032ee        0x2 
 .text.HAL_CAN_IRQHandler
                0x080032f0      0x1e4 ./Drivers/STM32F0xx_HAL_Driver/Src/stm32f0xx_hal_can.o
                0x080032f0                HAL_CAN_IRQHandler
 .text.HAL_NVIC_SetPriority
                0x080034d4       0x60 ./Drivers/STM32F0xx_HAL_Driver/Src/stm32f0xx_hal_cortex.o
                0x080034d4                HAL_NVIC_SetPriority
 .text.HAL_NVIC_EnableIRQ
                0x08003534       0x14 ./Drivers/STM32F0xx_HAL_Driver/Src/stm32f0xx_hal_cortex.o
                0x08003534                HAL_NVIC_EnableIRQ
 .text.HAL_SYSTICK_Config
                0x08003548       0x34 ./Drivers/STM32F0xx_HAL_Driver/Src/stm32f0xx_hal_cortex.o
                0x08003548                HAL_SYSTICK_Config
 .text.HAL_SYSTICK_CLKSourceConfig
                0x0800357c       0x1c ./Drivers/STM32F0xx_HAL_Driver/Src/stm32f0xx_hal_cortex.o
                0x0800357c                HAL_SYSTICK_CLKSourceConfig
 .text.DMA_CalcBaseAndBitshift
                0x08003598       0x48 ./Drivers/STM32F0xx_HAL_Driver/Src/stm32f0xx_hal_dma.o
 .text.HAL_DMA_Init
                0x080035e0       0x58 ./Drivers/STM32F0xx_HAL_Driver/Src/stm32f0xx_hal_dma.o
                0x080035e0                HAL_DMA_Init
 .text.HAL_DMA_Start_IT
                0x08003638       0x76 ./Drivers/STM32F0xx_HAL_Driver/Src/stm32f0xx_hal_dma.o
                0x08003638                HAL_DMA_Start_IT
 .text.HAL_DMA_Abort
                0x080036ae       0x2a ./Drivers/STM32F0xx_HAL_Driver/Src/stm32f0xx_hal_dma.o
                0x080036ae                HAL_DMA_Abort
 .text.HAL_DMA_Abort_IT
                0x080036d8       0x46 ./Drivers/STM32F0xx_HAL_Driver/Src/stm32f0xx_hal_dma.o
                0x080036d8                HAL_DMA_Abort_IT
 .text.HAL_DMA_IRQHandler
                0x0800371e       0x92 ./Drivers/STM32F0xx_HAL_Driver/Src/stm32f0xx_hal_dma.o
                0x0800371e                HAL_DMA_IRQHandler
 .text.HAL_GPIO_Init
                0x080037b0      0x178 ./Drivers/STM32F0xx_HAL_Driver/Src/stm32f0xx_hal_gpio.o
                0x080037b0                HAL_GPIO_Init
 .text.HAL_GPIO_ReadPin
                0x08003928        0xc ./Drivers/STM32F0xx_HAL_Driver/Src/stm32f0xx_hal_gpio.o
                0x08003928                HAL_GPIO_ReadPin
 .text.HAL_GPIO_WritePin
                0x08003934        0xc ./Drivers/STM32F0xx_HAL_Driver/Src/stm32f0xx_hal_gpio.o
                0x08003934                HAL_GPIO_WritePin
 .text.HAL_I2C_Init
                0x08003940       0xac ./Drivers/STM32F0xx_HAL_Driver/Src/stm32f0xx_hal_i2c.o
                0x08003940                HAL_I2C_Init
 .text.HAL_I2CEx_ConfigAnalogFilter
                0x080039ec       0x4c ./Drivers/STM32F0xx_HAL_Driver/Src/stm32f0xx_hal_i2c_ex.o
                0x080039ec                HAL_I2CEx_ConfigAnalogFilter
 .text.HAL_I2CEx_ConfigDigitalFilter
                0x08003a38       0x48 ./Drivers/STM32F0xx_HAL_Driver/Src/stm32f0xx_hal_i2c_ex.o
                0x08003a38                HAL_I2CEx_ConfigDigitalFilter
 .text.HAL_I2CEx_EnableFastModePlus
                0x08003a80       0x28 ./Drivers/STM32F0xx_HAL_Driver/Src/stm32f0xx_hal_i2c_ex.o
                0x08003a80                HAL_I2CEx_EnableFastModePlus
 .text.HAL_IWDG_Init
                0x08003aa8       0x58 ./Drivers/STM32F0xx_HAL_Driver/Src/stm32f0xx_hal_iwdg.o
                0x08003aa8                HAL_IWDG_Init
 .text.HAL_IWDG_Refresh
                0x08003b00       0x10 ./Drivers/STM32F0xx_HAL_Driver/Src/stm32f0xx_hal_iwdg.o
                0x08003b00                HAL_IWDG_Refresh
 .text.HAL_PWR_EnableBkUpAccess
                0x08003b10       0x14 ./Drivers/STM32F0xx_HAL_Driver/Src/stm32f0xx_hal_pwr.o
                0x08003b10                HAL_PWR_EnableBkUpAccess
 .text.HAL_RCC_OscConfig
                0x08003b24      0x464 ./Drivers/STM32F0xx_HAL_Driver/Src/stm32f0xx_hal_rcc.o
                0x08003b24                HAL_RCC_OscConfig
 .text.HAL_RCC_MCOConfig
                0x08003f88       0x54 ./Drivers/STM32F0xx_HAL_Driver/Src/stm32f0xx_hal_rcc.o
                0x08003f88                HAL_RCC_MCOConfig
 .text.HAL_RCC_GetSysClockFreq
                0x08003fdc       0x78 ./Drivers/STM32F0xx_HAL_Driver/Src/stm32f0xx_hal_rcc.o
                0x08003fdc                HAL_RCC_GetSysClockFreq
 .text.HAL_RCC_ClockConfig
                0x08004054      0x15c ./Drivers/STM32F0xx_HAL_Driver/Src/stm32f0xx_hal_rcc.o
                0x08004054                HAL_RCC_ClockConfig
 .text.HAL_RCC_GetHCLKFreq
                0x080041b0        0xc ./Drivers/STM32F0xx_HAL_Driver/Src/stm32f0xx_hal_rcc.o
                0x080041b0                HAL_RCC_GetHCLKFreq
 .text.HAL_RCC_GetPCLK1Freq
                0x080041bc       0x20 ./Drivers/STM32F0xx_HAL_Driver/Src/stm32f0xx_hal_rcc.o
                0x080041bc                HAL_RCC_GetPCLK1Freq
 .text.HAL_RCC_GetClockConfig
                0x080041dc       0x38 ./Drivers/STM32F0xx_HAL_Driver/Src/stm32f0xx_hal_rcc.o
                0x080041dc                HAL_RCC_GetClockConfig
 .text.HAL_RCCEx_PeriphCLKConfig
                0x08004214      0x144 ./Drivers/STM32F0xx_HAL_Driver/Src/stm32f0xx_hal_rcc_ex.o
                0x08004214                HAL_RCCEx_PeriphCLKConfig
 .text.HAL_RTC_WaitForSynchro
                0x08004358       0x34 ./Drivers/STM32F0xx_HAL_Driver/Src/stm32f0xx_hal_rtc.o
                0x08004358                HAL_RTC_WaitForSynchro
 .text.RTC_EnterInitMode
                0x0800438c       0x38 ./Drivers/STM32F0xx_HAL_Driver/Src/stm32f0xx_hal_rtc.o
                0x0800438c                RTC_EnterInitMode
 .text.HAL_RTC_Init
                0x080043c4       0xa8 ./Drivers/STM32F0xx_HAL_Driver/Src/stm32f0xx_hal_rtc.o
                0x080043c4                HAL_RTC_Init
 .text.RTC_ByteToBcd2
                0x0800446c       0x16 ./Drivers/STM32F0xx_HAL_Driver/Src/stm32f0xx_hal_rtc.o
                0x0800446c                RTC_ByteToBcd2
 *fill*         0x08004482        0x2 
 .text.HAL_RTC_SetTime
                0x08004484       0xe8 ./Drivers/STM32F0xx_HAL_Driver/Src/stm32f0xx_hal_rtc.o
                0x08004484                HAL_RTC_SetTime
 .text.HAL_RTC_SetDate
                0x0800456c       0xc8 ./Drivers/STM32F0xx_HAL_Driver/Src/stm32f0xx_hal_rtc.o
                0x0800456c                HAL_RTC_SetDate
 .text.HAL_RTCEx_SetTimeStamp_IT
                0x08004634       0x60 ./Drivers/STM32F0xx_HAL_Driver/Src/stm32f0xx_hal_rtc_ex.o
                0x08004634                HAL_RTCEx_SetTimeStamp_IT
 .text.HAL_RTCEx_TimeStampEventCallback
                0x08004694        0x2 ./Drivers/STM32F0xx_HAL_Driver/Src/stm32f0xx_hal_rtc_ex.o
                0x08004694                HAL_RTCEx_TimeStampEventCallback
 .text.HAL_RTCEx_Tamper1EventCallback
                0x08004696        0x2 ./Drivers/STM32F0xx_HAL_Driver/Src/stm32f0xx_hal_rtc_ex.o
                0x08004696                HAL_RTCEx_Tamper1EventCallback
 .text.HAL_RTCEx_Tamper2EventCallback
                0x08004698        0x2 ./Drivers/STM32F0xx_HAL_Driver/Src/stm32f0xx_hal_rtc_ex.o
                0x08004698                HAL_RTCEx_Tamper2EventCallback
 .text.HAL_RTCEx_Tamper3EventCallback
                0x0800469a        0x2 ./Drivers/STM32F0xx_HAL_Driver/Src/stm32f0xx_hal_rtc_ex.o
                0x0800469a                HAL_RTCEx_Tamper3EventCallback
 .text.HAL_RTCEx_TamperTimeStampIRQHandler
                0x0800469c       0xa4 ./Drivers/STM32F0xx_HAL_Driver/Src/stm32f0xx_hal_rtc_ex.o
                0x0800469c                HAL_RTCEx_TamperTimeStampIRQHandler
 .text.HAL_RTCEx_BKUPWrite
                0x08004740        0xc ./Drivers/STM32F0xx_HAL_Driver/Src/stm32f0xx_hal_rtc_ex.o
                0x08004740                HAL_RTCEx_BKUPWrite
 .text.HAL_RTCEx_BKUPRead
                0x0800474c        0xc ./Drivers/STM32F0xx_HAL_Driver/Src/stm32f0xx_hal_rtc_ex.o
                0x0800474c                HAL_RTCEx_BKUPRead
 .text.SMBUS_Disable_IRQ
                0x08004758       0x80 ./Drivers/STM32F0xx_HAL_Driver/Src/stm32f0xx_hal_smbus.o
 .text.SMBUS_TransferConfig
                0x080047d8       0x24 ./Drivers/STM32F0xx_HAL_Driver/Src/stm32f0xx_hal_smbus.o
 .text.HAL_SMBUS_Init
                0x080047fc       0xd8 ./Drivers/STM32F0xx_HAL_Driver/Src/stm32f0xx_hal_smbus.o
                0x080047fc                HAL_SMBUS_Init
 .text.HAL_SMBUS_EnableAlert_IT
                0x080048d4       0x1e ./Drivers/STM32F0xx_HAL_Driver/Src/stm32f0xx_hal_smbus.o
                0x080048d4                HAL_SMBUS_EnableAlert_IT
 .text.HAL_SMBUS_MasterTxCpltCallback
                0x080048f2        0x2 ./Drivers/STM32F0xx_HAL_Driver/Src/stm32f0xx_hal_smbus.o
                0x080048f2                HAL_SMBUS_MasterTxCpltCallback
 .text.HAL_SMBUS_MasterRxCpltCallback
                0x080048f4        0x2 ./Drivers/STM32F0xx_HAL_Driver/Src/stm32f0xx_hal_smbus.o
                0x080048f4                HAL_SMBUS_MasterRxCpltCallback
 .text.HAL_SMBUS_SlaveTxCpltCallback
                0x080048f6        0x2 ./Drivers/STM32F0xx_HAL_Driver/Src/stm32f0xx_hal_smbus.o
                0x080048f6                HAL_SMBUS_SlaveTxCpltCallback
 .text.HAL_SMBUS_SlaveRxCpltCallback
                0x080048f8        0x2 ./Drivers/STM32F0xx_HAL_Driver/Src/stm32f0xx_hal_smbus.o
                0x080048f8                HAL_SMBUS_SlaveRxCpltCallback
 .text.HAL_SMBUS_AddrCallback
                0x080048fa        0x2 ./Drivers/STM32F0xx_HAL_Driver/Src/stm32f0xx_hal_smbus.o
                0x080048fa                HAL_SMBUS_AddrCallback
 .text.HAL_SMBUS_ListenCpltCallback
                0x080048fc        0x2 ./Drivers/STM32F0xx_HAL_Driver/Src/stm32f0xx_hal_smbus.o
                0x080048fc                HAL_SMBUS_ListenCpltCallback
 .text.HAL_SMBUS_ErrorCallback
                0x080048fe        0x2 ./Drivers/STM32F0xx_HAL_Driver/Src/stm32f0xx_hal_smbus.o
                0x080048fe                HAL_SMBUS_ErrorCallback
 .text.SMBUS_ITErrorHandler
                0x08004900       0xc0 ./Drivers/STM32F0xx_HAL_Driver/Src/stm32f0xx_hal_smbus.o
 .text.HAL_SMBUS_ER_IRQHandler
                0x080049c0        0x8 ./Drivers/STM32F0xx_HAL_Driver/Src/stm32f0xx_hal_smbus.o
                0x080049c0                HAL_SMBUS_ER_IRQHandler
 .text.SMBUS_Master_ISR.part.1
                0x080049c8      0x1c4 ./Drivers/STM32F0xx_HAL_Driver/Src/stm32f0xx_hal_smbus.o
 .text.SMBUS_Slave_ISR
                0x08004b8c      0x264 ./Drivers/STM32F0xx_HAL_Driver/Src/stm32f0xx_hal_smbus.o
 .text.HAL_SMBUS_EV_IRQHandler
                0x08004df0       0xa6 ./Drivers/STM32F0xx_HAL_Driver/Src/stm32f0xx_hal_smbus.o
                0x08004df0                HAL_SMBUS_EV_IRQHandler
 *fill*         0x08004e96        0x2 
 .text.HAL_SPI_Init
                0x08004e98       0xbc ./Drivers/STM32F0xx_HAL_Driver/Src/stm32f0xx_hal_spi.o
                0x08004e98                HAL_SPI_Init
 .text.TIM_OC1_SetConfig
                0x08004f54       0x88 ./Drivers/STM32F0xx_HAL_Driver/Src/stm32f0xx_hal_tim.o
 .text.TIM_OC3_SetConfig
                0x08004fdc       0x88 ./Drivers/STM32F0xx_HAL_Driver/Src/stm32f0xx_hal_tim.o
 .text.TIM_OC4_SetConfig
                0x08005064       0x74 ./Drivers/STM32F0xx_HAL_Driver/Src/stm32f0xx_hal_tim.o
 .text.HAL_TIM_Base_Start_IT
                0x080050d8       0x14 ./Drivers/STM32F0xx_HAL_Driver/Src/stm32f0xx_hal_tim.o
                0x080050d8                HAL_TIM_Base_Start_IT
 .text.HAL_TIM_PWM_MspInit
                0x080050ec        0x2 ./Drivers/STM32F0xx_HAL_Driver/Src/stm32f0xx_hal_tim.o
                0x080050ec                HAL_TIM_PWM_MspInit
 .text.HAL_TIM_OC_DelayElapsedCallback
                0x080050ee        0x2 ./Drivers/STM32F0xx_HAL_Driver/Src/stm32f0xx_hal_tim.o
                0x080050ee                HAL_TIM_OC_DelayElapsedCallback
 .text.HAL_TIM_IC_CaptureCallback
                0x080050f0        0x2 ./Drivers/STM32F0xx_HAL_Driver/Src/stm32f0xx_hal_tim.o
                0x080050f0                HAL_TIM_IC_CaptureCallback
 .text.HAL_TIM_PWM_PulseFinishedCallback
                0x080050f2        0x2 ./Drivers/STM32F0xx_HAL_Driver/Src/stm32f0xx_hal_tim.o
                0x080050f2                HAL_TIM_PWM_PulseFinishedCallback
 .text.HAL_TIM_TriggerCallback
                0x080050f4        0x2 ./Drivers/STM32F0xx_HAL_Driver/Src/stm32f0xx_hal_tim.o
                0x080050f4                HAL_TIM_TriggerCallback
 .text.HAL_TIM_IRQHandler
                0x080050f6      0x148 ./Drivers/STM32F0xx_HAL_Driver/Src/stm32f0xx_hal_tim.o
                0x080050f6                HAL_TIM_IRQHandler
 *fill*         0x0800523e        0x2 
 .text.TIM_Base_SetConfig
                0x08005240       0xa0 ./Drivers/STM32F0xx_HAL_Driver/Src/stm32f0xx_hal_tim.o
                0x08005240                TIM_Base_SetConfig
 .text.HAL_TIM_Base_Init
                0x080052e0       0x36 ./Drivers/STM32F0xx_HAL_Driver/Src/stm32f0xx_hal_tim.o
                0x080052e0                HAL_TIM_Base_Init
 .text.HAL_TIM_PWM_Init
                0x08005316       0x36 ./Drivers/STM32F0xx_HAL_Driver/Src/stm32f0xx_hal_tim.o
                0x08005316                HAL_TIM_PWM_Init
 .text.TIM_OC2_SetConfig
                0x0800534c       0x80 ./Drivers/STM32F0xx_HAL_Driver/Src/stm32f0xx_hal_tim.o
                0x0800534c                TIM_OC2_SetConfig
 .text.HAL_TIM_PWM_ConfigChannel
                0x080053cc       0xd4 ./Drivers/STM32F0xx_HAL_Driver/Src/stm32f0xx_hal_tim.o
                0x080053cc                HAL_TIM_PWM_ConfigChannel
 .text.TIM_ETR_SetConfig
                0x080054a0       0x18 ./Drivers/STM32F0xx_HAL_Driver/Src/stm32f0xx_hal_tim.o
                0x080054a0                TIM_ETR_SetConfig
 .text.HAL_TIM_ConfigClockSource
                0x080054b8      0x168 ./Drivers/STM32F0xx_HAL_Driver/Src/stm32f0xx_hal_tim.o
                0x080054b8                HAL_TIM_ConfigClockSource
 .text.TIM_SlaveTimer_SetConfig
                0x08005620       0xa4 ./Drivers/STM32F0xx_HAL_Driver/Src/stm32f0xx_hal_tim.o
 .text.HAL_TIM_SlaveConfigSynchronization
                0x080056c4       0x40 ./Drivers/STM32F0xx_HAL_Driver/Src/stm32f0xx_hal_tim.o
                0x080056c4                HAL_TIM_SlaveConfigSynchronization
 .text.HAL_TIMEx_MasterConfigSynchronization
                0x08005704       0x42 ./Drivers/STM32F0xx_HAL_Driver/Src/stm32f0xx_hal_tim_ex.o
                0x08005704                HAL_TIMEx_MasterConfigSynchronization
 .text.HAL_TIMEx_CommutationCallback
                0x08005746        0x2 ./Drivers/STM32F0xx_HAL_Driver/Src/stm32f0xx_hal_tim_ex.o
                0x08005746                HAL_TIMEx_CommutationCallback
 .text.HAL_TIMEx_BreakCallback
                0x08005748        0x2 ./Drivers/STM32F0xx_HAL_Driver/Src/stm32f0xx_hal_tim_ex.o
                0x08005748                HAL_TIMEx_BreakCallback
 *fill*         0x0800574a        0x2 
 .text.UART_EndRxTransfer
                0x0800574c       0x20 ./Drivers/STM32F0xx_HAL_Driver/Src/stm32f0xx_hal_uart.o
 .text.HAL_UART_Transmit_DMA
                0x0800576c       0x8c ./Drivers/STM32F0xx_HAL_Driver/Src/stm32f0xx_hal_uart.o
                0x0800576c                HAL_UART_Transmit_DMA
 .text.HAL_UART_Receive_DMA
                0x080057f8       0x9c ./Drivers/STM32F0xx_HAL_Driver/Src/stm32f0xx_hal_uart.o
                0x080057f8                HAL_UART_Receive_DMA
 .text.HAL_UART_Abort
                0x08005894       0x74 ./Drivers/STM32F0xx_HAL_Driver/Src/stm32f0xx_hal_uart.o
                0x08005894                HAL_UART_Abort
 .text.HAL_UART_TxCpltCallback
                0x08005908        0x2 ./Drivers/STM32F0xx_HAL_Driver/Src/stm32f0xx_hal_uart.o
                0x08005908                HAL_UART_TxCpltCallback
 .text.UART_DMATransmitCplt
                0x0800590a       0x30 ./Drivers/STM32F0xx_HAL_Driver/Src/stm32f0xx_hal_uart.o
 .text.HAL_UART_TxHalfCpltCallback
                0x0800593a        0x2 ./Drivers/STM32F0xx_HAL_Driver/Src/stm32f0xx_hal_uart.o
                0x0800593a                HAL_UART_TxHalfCpltCallback
 .text.UART_DMATxHalfCplt
                0x0800593c        0xa ./Drivers/STM32F0xx_HAL_Driver/Src/stm32f0xx_hal_uart.o
 .text.HAL_UART_RxCpltCallback
                0x08005946        0x2 ./Drivers/STM32F0xx_HAL_Driver/Src/stm32f0xx_hal_uart.o
                0x08005946                HAL_UART_RxCpltCallback
 .text.UART_DMAReceiveCplt
                0x08005948       0x44 ./Drivers/STM32F0xx_HAL_Driver/Src/stm32f0xx_hal_uart.o
 .text.HAL_UART_RxHalfCpltCallback
                0x0800598c        0x2 ./Drivers/STM32F0xx_HAL_Driver/Src/stm32f0xx_hal_uart.o
                0x0800598c                HAL_UART_RxHalfCpltCallback
 .text.UART_DMARxHalfCplt
                0x0800598e        0xa ./Drivers/STM32F0xx_HAL_Driver/Src/stm32f0xx_hal_uart.o
 .text.HAL_UART_ErrorCallback
                0x08005998        0x2 ./Drivers/STM32F0xx_HAL_Driver/Src/stm32f0xx_hal_uart.o
                0x08005998                HAL_UART_ErrorCallback
 .text.UART_DMAError
                0x0800599a       0x5a ./Drivers/STM32F0xx_HAL_Driver/Src/stm32f0xx_hal_uart.o
 .text.UART_DMAAbortOnError
                0x080059f4       0x16 ./Drivers/STM32F0xx_HAL_Driver/Src/stm32f0xx_hal_uart.o
 *fill*         0x08005a0a        0x2 
 .text.UART_SetConfig
                0x08005a0c      0x1c0 ./Drivers/STM32F0xx_HAL_Driver/Src/stm32f0xx_hal_uart.o
                0x08005a0c                UART_SetConfig
 .text.UART_AdvFeatureConfig
                0x08005bcc       0xd0 ./Drivers/STM32F0xx_HAL_Driver/Src/stm32f0xx_hal_uart.o
                0x08005bcc                UART_AdvFeatureConfig
 .text.UART_WaitOnFlagUntilTimeout
                0x08005c9c       0x64 ./Drivers/STM32F0xx_HAL_Driver/Src/stm32f0xx_hal_uart.o
                0x08005c9c                UART_WaitOnFlagUntilTimeout
 .text.HAL_UART_Transmit
                0x08005d00       0xcc ./Drivers/STM32F0xx_HAL_Driver/Src/stm32f0xx_hal_uart.o
                0x08005d00                HAL_UART_Transmit
 .text.HAL_UART_Receive
                0x08005dcc      0x100 ./Drivers/STM32F0xx_HAL_Driver/Src/stm32f0xx_hal_uart.o
                0x08005dcc                HAL_UART_Receive
 .text.UART_CheckIdleState
                0x08005ecc       0x84 ./Drivers/STM32F0xx_HAL_Driver/Src/stm32f0xx_hal_uart.o
                0x08005ecc                UART_CheckIdleState
 .text.HAL_UART_Init
                0x08005f50       0x6c ./Drivers/STM32F0xx_HAL_Driver/Src/stm32f0xx_hal_uart.o
                0x08005f50                HAL_UART_Init
 .text.UART_Transmit_IT
                0x08005fbc       0x64 ./Drivers/STM32F0xx_HAL_Driver/Src/stm32f0xx_hal_uart.o
                0x08005fbc                UART_Transmit_IT
 .text.UART_EndTransmit_IT
                0x08006020       0x1c ./Drivers/STM32F0xx_HAL_Driver/Src/stm32f0xx_hal_uart.o
                0x08006020                UART_EndTransmit_IT
 .text.UART_Receive_IT
                0x0800603c       0x7c ./Drivers/STM32F0xx_HAL_Driver/Src/stm32f0xx_hal_uart.o
                0x0800603c                UART_Receive_IT
 .text.HAL_UART_IRQHandler
                0x080060b8      0x138 ./Drivers/STM32F0xx_HAL_Driver/Src/stm32f0xx_hal_uart.o
                0x080060b8                HAL_UART_IRQHandler
 .text.HAL_UARTEx_WakeupCallback
                0x080061f0        0x2 ./Drivers/STM32F0xx_HAL_Driver/Src/stm32f0xx_hal_uart_ex.o
                0x080061f0                HAL_UARTEx_WakeupCallback
 *fill*         0x080061f2        0x2 
 .text.__libc_init_array
                0x080061f4       0x48 c:/program files (x86)/gnu tools arm embedded/6 2017-q2-update/bin/../lib/gcc/arm-none-eabi/6.3.1/../../../../arm-none-eabi/lib/thumb/v6-m\libg_nano.a(lib_a-init.o)
                0x080061f4                __libc_init_array
 .text.memcpy   0x0800623c       0x12 c:/program files (x86)/gnu tools arm embedded/6 2017-q2-update/bin/../lib/gcc/arm-none-eabi/6.3.1/../../../../arm-none-eabi/lib/thumb/v6-m\libg_nano.a(lib_a-memcpy-stub.o)
                0x0800623c                memcpy
 .text.memset   0x0800624e       0x10 c:/program files (x86)/gnu tools arm embedded/6 2017-q2-update/bin/../lib/gcc/arm-none-eabi/6.3.1/../../../../arm-none-eabi/lib/thumb/v6-m\libg_nano.a(lib_a-memset.o)
                0x0800624e                memset
 .text.strncpy  0x0800625e       0x2a c:/program files (x86)/gnu tools arm embedded/6 2017-q2-update/bin/../lib/gcc/arm-none-eabi/6.3.1/../../../../arm-none-eabi/lib/thumb/v6-m\libg_nano.a(lib_a-strncpy.o)
                0x0800625e                strncpy
 .text._vsnprintf_r
                0x08006288       0x56 c:/program files (x86)/gnu tools arm embedded/6 2017-q2-update/bin/../lib/gcc/arm-none-eabi/6.3.1/../../../../arm-none-eabi/lib/thumb/v6-m\libg_nano.a(lib_a-vsnprintf.o)
                0x08006288                _vsniprintf_r
                0x08006288                _vsnprintf_r
 *fill*         0x080062de        0x2 
 .text.vsnprintf
                0x080062e0       0x18 c:/program files (x86)/gnu tools arm embedded/6 2017-q2-update/bin/../lib/gcc/arm-none-eabi/6.3.1/../../../../arm-none-eabi/lib/thumb/v6-m\libg_nano.a(lib_a-vsnprintf.o)
                0x080062e0                vsniprintf
                0x080062e0                vsnprintf
 .text.__ssputs_r
                0x080062f8       0xc4 c:/program files (x86)/gnu tools arm embedded/6 2017-q2-update/bin/../lib/gcc/arm-none-eabi/6.3.1/../../../../arm-none-eabi/lib/thumb/v6-m\libg_nano.a(lib_a-nano-svfprintf.o)
                0x080062f8                __ssputs_r
 .text._svfprintf_r
                0x080063bc      0x208 c:/program files (x86)/gnu tools arm embedded/6 2017-q2-update/bin/../lib/gcc/arm-none-eabi/6.3.1/../../../../arm-none-eabi/lib/thumb/v6-m\libg_nano.a(lib_a-nano-svfprintf.o)
                0x080063bc                _svfiprintf_r
                0x080063bc                _svfprintf_r
 .text._printf_common
                0x080065c4       0xda c:/program files (x86)/gnu tools arm embedded/6 2017-q2-update/bin/../lib/gcc/arm-none-eabi/6.3.1/../../../../arm-none-eabi/lib/thumb/v6-m\libg_nano.a(lib_a-nano-vfprintf_i.o)
                0x080065c4                _printf_common
 *fill*         0x0800669e        0x2 
 .text._printf_i
                0x080066a0      0x234 c:/program files (x86)/gnu tools arm embedded/6 2017-q2-update/bin/../lib/gcc/arm-none-eabi/6.3.1/../../../../arm-none-eabi/lib/thumb/v6-m\libg_nano.a(lib_a-nano-vfprintf_i.o)
                0x080066a0                _printf_i
 .text.memchr   0x080068d4       0x16 c:/program files (x86)/gnu tools arm embedded/6 2017-q2-update/bin/../lib/gcc/arm-none-eabi/6.3.1/../../../../arm-none-eabi/lib/thumb/v6-m\libg_nano.a(lib_a-memchr-stub.o)
                0x080068d4                memchr
 .text.memmove  0x080068ea       0x24 c:/program files (x86)/gnu tools arm embedded/6 2017-q2-update/bin/../lib/gcc/arm-none-eabi/6.3.1/../../../../arm-none-eabi/lib/thumb/v6-m\libg_nano.a(lib_a-memmove.o)
                0x080068ea                memmove
 *fill*         0x0800690e        0x2 
 .text._free_r  0x08006910       0x94 c:/program files (x86)/gnu tools arm embedded/6 2017-q2-update/bin/../lib/gcc/arm-none-eabi/6.3.1/../../../../arm-none-eabi/lib/thumb/v6-m\libg_nano.a(lib_a-nano-freer.o)
                0x08006910                _free_r
 .text._malloc_r
                0x080069a4       0xbc c:/program files (x86)/gnu tools arm embedded/6 2017-q2-update/bin/../lib/gcc/arm-none-eabi/6.3.1/../../../../arm-none-eabi/lib/thumb/v6-m\libg_nano.a(lib_a-nano-mallocr.o)
                0x080069a4                _malloc_r
 .text._realloc_r
                0x08006a60       0x4c c:/program files (x86)/gnu tools arm embedded/6 2017-q2-update/bin/../lib/gcc/arm-none-eabi/6.3.1/../../../../arm-none-eabi/lib/thumb/v6-m\libg_nano.a(lib_a-nano-reallocr.o)
                0x08006a60                _realloc_r
 .text._sbrk_r  0x08006aac       0x24 c:/program files (x86)/gnu tools arm embedded/6 2017-q2-update/bin/../lib/gcc/arm-none-eabi/6.3.1/../../../../arm-none-eabi/lib/thumb/v6-m\libg_nano.a(lib_a-sbrkr.o)
                0x08006aac                _sbrk_r
 .text.__malloc_lock
                0x08006ad0        0x2 c:/program files (x86)/gnu tools arm embedded/6 2017-q2-update/bin/../lib/gcc/arm-none-eabi/6.3.1/../../../../arm-none-eabi/lib/thumb/v6-m\libg_nano.a(lib_a-mlock.o)
                0x08006ad0                __malloc_lock
 .text.__malloc_unlock
                0x08006ad2        0x2 c:/program files (x86)/gnu tools arm embedded/6 2017-q2-update/bin/../lib/gcc/arm-none-eabi/6.3.1/../../../../arm-none-eabi/lib/thumb/v6-m\libg_nano.a(lib_a-mlock.o)
                0x08006ad2                __malloc_unlock
 .text._malloc_usable_size_r
                0x08006ad4       0x10 c:/program files (x86)/gnu tools arm embedded/6 2017-q2-update/bin/../lib/gcc/arm-none-eabi/6.3.1/../../../../arm-none-eabi/lib/thumb/v6-m\libg_nano.a(lib_a-nano-msizer.o)
                0x08006ad4                _malloc_usable_size_r
 .text._sbrk    0x08006ae4       0x1c c:/program files (x86)/gnu tools arm embedded/6 2017-q2-update/bin/../lib/gcc/arm-none-eabi/6.3.1/../../../../arm-none-eabi/lib/thumb/v6-m\libnosys.a(sbrk.o)
                0x08006ae4                _sbrk
 *(.glue_7)
 .glue_7        0x08006b00        0x0 linker stubs
 *(.glue_7t)
 .glue_7t       0x08006b00        0x0 linker stubs
 *(.eh_frame)
 .eh_frame      0x08006b00        0x0 c:/program files (x86)/gnu tools arm embedded/6 2017-q2-update/bin/../lib/gcc/arm-none-eabi/6.3.1/thumb/v6-m/crtbegin.o
 *(.init)
 .init          0x08006b00        0x4 c:/program files (x86)/gnu tools arm embedded/6 2017-q2-update/bin/../lib/gcc/arm-none-eabi/6.3.1/thumb/v6-m/crti.o
                0x08006b00                _init
 .init          0x08006b04        0x8 c:/program files (x86)/gnu tools arm embedded/6 2017-q2-update/bin/../lib/gcc/arm-none-eabi/6.3.1/thumb/v6-m/crtn.o
 *(.fini)
 .fini          0x08006b0c        0x4 c:/program files (x86)/gnu tools arm embedded/6 2017-q2-update/bin/../lib/gcc/arm-none-eabi/6.3.1/thumb/v6-m/crti.o
                0x08006b0c                _fini
 .fini          0x08006b10        0x8 c:/program files (x86)/gnu tools arm embedded/6 2017-q2-update/bin/../lib/gcc/arm-none-eabi/6.3.1/thumb/v6-m/crtn.o
                0x08006b18                . = ALIGN (0x4)
                0x08006b18                _etext = .

.vfp11_veneer   0x08006b18        0x0
 .vfp11_veneer  0x08006b18        0x0 linker stubs

.v4_bx          0x08006b18        0x0
 .v4_bx         0x08006b18        0x0 linker stubs

.iplt           0x08006b18        0x0
 .iplt          0x08006b18        0x0 c:/program files (x86)/gnu tools arm embedded/6 2017-q2-update/bin/../lib/gcc/arm-none-eabi/6.3.1/thumb/v6-m/crtbegin.o

.rodata         0x08006b18      0x5c0
                0x08006b18                . = ALIGN (0x4)
 *(.rodata)
 .rodata        0x08006b18       0xd8 ./Src/freertos.o
 .rodata        0x08006bf0       0x20 ./Drivers/STM32F0xx_HAL_Driver/Src/stm32f0xx_hal_rcc.o
 *(.rodata*)
 .rodata.MX_ADC_Init.str1.1
                0x08006c10        0xd ./Src/adc.o
 .rodata.MX_CAN_Init.str1.1
                0x08006c1d        0xd ./Src/can.o
 .rodata.adc_entry.str1.1
                0x08006c2a       0x55 ./Src/freertos.o
 .rodata.ignition_entry.str1.1
                0x08006c7f      0x32b ./Src/freertos.o
 .rodata.str1.1
                0x08006faa       0x79 ./Src/freertos.o
 .rodata.usart3_entry.str1.1
                0x08007023        0xe ./Src/freertos.o
                                 0x10 (size before relaxing)
 .rodata.MX_I2C1_SMBUS_Init.str1.1
                0x08007031        0xd ./Src/i2c.o
 .rodata.MX_IWDG_Init.str1.1
                0x0800703e        0xe ./Src/iwdg.o
 .rodata.MX_RTC_Init.str1.1
                0x0800704c        0xd ./Src/rtc.o
 .rodata.MX_SPI1_Init.str1.1
                0x08007059        0xd ./Src/spi.o
 .rodata.AHBPrescTable
                0x08007066       0x10 ./Src/system_stm32f0xx.o
                0x08007066                AHBPrescTable
 .rodata.APBPrescTable
                0x08007076        0x8 ./Src/system_stm32f0xx.o
                0x08007076                APBPrescTable
 .rodata.MX_TIM2_Init.str1.1
                0x0800707e        0xd ./Src/tim.o
 .rodata.MX_USART1_UART_Init.str1.1
                0x0800708b        0xf ./Src/usart.o
 .rodata.vTaskStartScheduler.str1.1
                0x0800709a        0x5 ./Middlewares/Third_Party/FreeRTOS/Source/tasks.o
 .rodata.CSWTCH.50
                0x0800709f        0x4 ./Drivers/STM32F0xx_HAL_Driver/Src/stm32f0xx_hal_uart.o
 .rodata._svfprintf_r.str1.1
                0x080070a3       0x11 c:/program files (x86)/gnu tools arm embedded/6 2017-q2-update/bin/../lib/gcc/arm-none-eabi/6.3.1/../../../../arm-none-eabi/lib/thumb/v6-m\libg_nano.a(lib_a-nano-svfprintf.o)
 .rodata._printf_i.str1.1
                0x080070b4       0x22 c:/program files (x86)/gnu tools arm embedded/6 2017-q2-update/bin/../lib/gcc/arm-none-eabi/6.3.1/../../../../arm-none-eabi/lib/thumb/v6-m\libg_nano.a(lib_a-nano-vfprintf_i.o)
                0x080070d8                . = ALIGN (0x4)
 *fill*         0x080070d6        0x2 

.rel.dyn        0x080070d8        0x0
 .rel.iplt      0x080070d8        0x0 c:/program files (x86)/gnu tools arm embedded/6 2017-q2-update/bin/../lib/gcc/arm-none-eabi/6.3.1/thumb/v6-m/crtbegin.o

.ARM.extab
 *(.ARM.extab* .gnu.linkonce.armextab.*)

.ARM            0x080070d8        0x0
                0x080070d8                __exidx_start = .
 *(.ARM.exidx*)
                0x080070d8                __exidx_end = .

.preinit_array  0x080070d8        0x0
                0x080070d8                PROVIDE (__preinit_array_start, .)
 *(.preinit_array*)
                0x080070d8                PROVIDE (__preinit_array_end, .)

.init_array     0x080070d8        0x4
                0x080070d8                PROVIDE (__init_array_start, .)
 *(SORT(.init_array.*))
 *(.init_array*)
 .init_array    0x080070d8        0x4 c:/program files (x86)/gnu tools arm embedded/6 2017-q2-update/bin/../lib/gcc/arm-none-eabi/6.3.1/thumb/v6-m/crtbegin.o
                0x080070dc                PROVIDE (__init_array_end, .)

.fini_array     0x080070dc        0x4
                [!provide]                PROVIDE (__fini_array_start, .)
 *(SORT(.fini_array.*))
 *(.fini_array*)
 .fini_array    0x080070dc        0x4 c:/program files (x86)/gnu tools arm embedded/6 2017-q2-update/bin/../lib/gcc/arm-none-eabi/6.3.1/thumb/v6-m/crtbegin.o
                [!provide]                PROVIDE (__fini_array_end, .)
                0x080070e0                _sidata = LOADADDR (.data)

.data           0x20000000       0x84 load address 0x080070e0
                0x20000000                . = ALIGN (0x4)
                0x20000000                _sdata = .
 *(.data)
 *(.data*)
 .data.gIG_Event
                0x20000000       0x16 ./Src/freertos.o
                0x20000000                gIG_Event
 *fill*         0x20000016        0x2 
 .data.SystemCoreClock
                0x20000018        0x4 ./Src/system_stm32f0xx.o
                0x20000018                SystemCoreClock
 .data.uxCriticalNesting
                0x2000001c        0x4 ./Middlewares/Third_Party/FreeRTOS/Source/portable/GCC/ARM_CM0/port.o
 .data._impure_ptr
                0x20000020        0x4 c:/program files (x86)/gnu tools arm embedded/6 2017-q2-update/bin/../lib/gcc/arm-none-eabi/6.3.1/../../../../arm-none-eabi/lib/thumb/v6-m\libg_nano.a(lib_a-impure.o)
                0x20000020                _impure_ptr
 .data.impure_data
                0x20000024       0x60 c:/program files (x86)/gnu tools arm embedded/6 2017-q2-update/bin/../lib/gcc/arm-none-eabi/6.3.1/../../../../arm-none-eabi/lib/thumb/v6-m\libg_nano.a(lib_a-impure.o)
                0x20000084                . = ALIGN (0x4)
                0x20000084                _edata = .

.jcr            0x20000084        0x0 load address 0x08007164
 .jcr           0x20000084        0x0 c:/program files (x86)/gnu tools arm embedded/6 2017-q2-update/bin/../lib/gcc/arm-none-eabi/6.3.1/thumb/v6-m/crtbegin.o

.igot.plt       0x20000084        0x0 load address 0x08007164
 .igot.plt      0x20000084        0x0 c:/program files (x86)/gnu tools arm embedded/6 2017-q2-update/bin/../lib/gcc/arm-none-eabi/6.3.1/thumb/v6-m/crtbegin.o
                0x20000084                . = ALIGN (0x4)

.bss            0x20000084     0x27bc load address 0x08007164
                0x20000084                _sbss = .
                0x20000084                __bss_start__ = _sbss
 *(.bss)
 .bss           0x20000084       0x1c c:/program files (x86)/gnu tools arm embedded/6 2017-q2-update/bin/../lib/gcc/arm-none-eabi/6.3.1/thumb/v6-m/crtbegin.o
 *(.bss*)
 .bss.arg_ptr.9211
                0x200000a0        0x4 ./Src/freertos.o
 .bss.cml_array
                0x200000a4       0x40 ./Src/freertos.o
                0x200000a4                cml_array
 .bss.cml_proc  0x200000e4       0x40 ./Src/freertos.o
                0x200000e4                cml_proc
 .bss.sva_gpi   0x20000124        0x1 ./Src/freertos.o
                0x20000124                sva_gpi
 *fill*         0x20000125        0x3 
 .bss.pxEnd     0x20000128        0x4 ./Middlewares/Third_Party/FreeRTOS/Source/portable/MemMang/heap_4.o
 .bss.ucHeap    0x2000012c     0x2000 ./Middlewares/Third_Party/FreeRTOS/Source/portable/MemMang/heap_4.o
 .bss.xBlockAllocatedBit
                0x2000212c        0x4 ./Middlewares/Third_Party/FreeRTOS/Source/portable/MemMang/heap_4.o
 .bss.xFreeBytesRemaining
                0x20002130        0x4 ./Middlewares/Third_Party/FreeRTOS/Source/portable/MemMang/heap_4.o
 .bss.xMinimumEverFreeBytesRemaining
                0x20002134        0x4 ./Middlewares/Third_Party/FreeRTOS/Source/portable/MemMang/heap_4.o
 .bss.xStart    0x20002138        0x8 ./Middlewares/Third_Party/FreeRTOS/Source/portable/MemMang/heap_4.o
 .bss.pxCurrentTCB
                0x20002140        0x4 ./Middlewares/Third_Party/FreeRTOS/Source/tasks.o
                0x20002140                pxCurrentTCB
 .bss.pxDelayedTaskList
                0x20002144        0x4 ./Middlewares/Third_Party/FreeRTOS/Source/tasks.o
 .bss.pxOverflowDelayedTaskList
                0x20002148        0x4 ./Middlewares/Third_Party/FreeRTOS/Source/tasks.o
 .bss.pxReadyTasksLists
                0x2000214c       0x8c ./Middlewares/Third_Party/FreeRTOS/Source/tasks.o
 .bss.uxCurrentNumberOfTasks
                0x200021d8        0x4 ./Middlewares/Third_Party/FreeRTOS/Source/tasks.o
 .bss.uxDeletedTasksWaitingCleanUp
                0x200021dc        0x4 ./Middlewares/Third_Party/FreeRTOS/Source/tasks.o
 .bss.uxPendedTicks
                0x200021e0        0x4 ./Middlewares/Third_Party/FreeRTOS/Source/tasks.o
 .bss.uxSchedulerSuspended
                0x200021e4        0x4 ./Middlewares/Third_Party/FreeRTOS/Source/tasks.o
 .bss.uxTaskNumber
                0x200021e8        0x4 ./Middlewares/Third_Party/FreeRTOS/Source/tasks.o
 .bss.uxTopReadyPriority
                0x200021ec        0x4 ./Middlewares/Third_Party/FreeRTOS/Source/tasks.o
 .bss.xDelayedTaskList1
                0x200021f0       0x14 ./Middlewares/Third_Party/FreeRTOS/Source/tasks.o
 .bss.xDelayedTaskList2
                0x20002204       0x14 ./Middlewares/Third_Party/FreeRTOS/Source/tasks.o
 .bss.xIdleTaskHandle
                0x20002218        0x4 ./Middlewares/Third_Party/FreeRTOS/Source/tasks.o
 .bss.xNextTaskUnblockTime
                0x2000221c        0x4 ./Middlewares/Third_Party/FreeRTOS/Source/tasks.o
 .bss.xNumOfOverflows
                0x20002220        0x4 ./Middlewares/Third_Party/FreeRTOS/Source/tasks.o
 .bss.xPendingReadyList
                0x20002224       0x14 ./Middlewares/Third_Party/FreeRTOS/Source/tasks.o
 .bss.xSchedulerRunning
                0x20002238        0x4 ./Middlewares/Third_Party/FreeRTOS/Source/tasks.o
 .bss.xSuspendedTaskList
                0x2000223c       0x14 ./Middlewares/Third_Party/FreeRTOS/Source/tasks.o
 .bss.xTasksWaitingTermination
                0x20002250       0x14 ./Middlewares/Third_Party/FreeRTOS/Source/tasks.o
 .bss.xTickCount
                0x20002264        0x4 ./Middlewares/Third_Party/FreeRTOS/Source/tasks.o
 .bss.xYieldPending
                0x20002268        0x4 ./Middlewares/Third_Party/FreeRTOS/Source/tasks.o
 .bss.__malloc_free_list
                0x2000226c        0x4 c:/program files (x86)/gnu tools arm embedded/6 2017-q2-update/bin/../lib/gcc/arm-none-eabi/6.3.1/../../../../arm-none-eabi/lib/thumb/v6-m\libg_nano.a(lib_a-nano-mallocr.o)
                0x2000226c                __malloc_free_list
 .bss.__malloc_sbrk_start
                0x20002270        0x4 c:/program files (x86)/gnu tools arm embedded/6 2017-q2-update/bin/../lib/gcc/arm-none-eabi/6.3.1/../../../../arm-none-eabi/lib/thumb/v6-m\libg_nano.a(lib_a-nano-mallocr.o)
                0x20002270                __malloc_sbrk_start
 .bss.heap_end.4116
                0x20002274        0x4 c:/program files (x86)/gnu tools arm embedded/6 2017-q2-update/bin/../lib/gcc/arm-none-eabi/6.3.1/../../../../arm-none-eabi/lib/thumb/v6-m\libnosys.a(sbrk.o)
 *(COMMON)
 COMMON         0x20002278       0x90 ./Src/adc.o
                0x20002278                hdma_adc
                0x200022bc                hadc
 COMMON         0x20002308       0x44 ./Src/can.o
                0x20002308                hcan
 COMMON         0x2000234c       0x9c ./Src/freertos.o
                0x2000234c                ig_event
                0x20002364                USART1_TaskHandle
                0x20002368                defaultTaskHandle
                0x2000236c                USART3_TaskHandle
                0x20002370                ADC_TaskHandle
                0x20002374                dbg_buff
                0x200023b4                IWDG_TaskHandle
                0x200023b8                I2C1_TaskHandle
                0x200023bc                ADC_TEMP_QHandle
                0x200023c0                MUTEX_DebugHandle
                0x200023c4                IGNITION_TaskHandle
                0x200023c8                ADC_VOLT_QHandle
                0x200023cc                MUTEX_ADC_QHandle
                0x200023d0                GPIO_MISC_QHandle
                0x200023d4                MUTEX_CMD_PROCHandle
                0x200023d8                GPIO_STATE_TaskHandle
                0x200023dc                USART2_TaskHandle
                0x200023e0                CMD_PROC_TaskHandle
                0x200023e4                MUTEX_RTCHandle
 COMMON         0x200023e8       0x9c ./Src/i2c.o
                0x200023e8                hi2c2
                0x20002434                hsmbus1
 COMMON         0x20002484       0x10 ./Src/iwdg.o
                0x20002484                hiwdg
 COMMON         0x20002494       0x20 ./Src/rtc.o
                0x20002494                hrtc
 COMMON         0x200024b4       0x64 ./Src/spi.o
                0x200024b4                hspi1
 COMMON         0x20002518       0x40 ./Src/stm32f0xx_hal_timebase_TIM.o
                0x20002518                htim1
 COMMON         0x20002558       0x80 ./Src/tim.o
                0x20002558                htim2
                0x20002598                htim14
 COMMON         0x200025d8      0x260 ./Src/usart.o
                0x200025d8                hdma_usart2_rx
                0x2000261c                huart3
                0x2000268c                hdma_usart1_tx
                0x200026d0                hdma_usart1_rx
                0x20002714                hdma_usart2_tx
                0x20002758                huart1
                0x200027c8                huart2
 COMMON         0x20002838        0x4 ./Drivers/STM32F0xx_HAL_Driver/Src/stm32f0xx_hal.o
                0x20002838                uwTick
 COMMON         0x2000283c        0x4 c:/program files (x86)/gnu tools arm embedded/6 2017-q2-update/bin/../lib/gcc/arm-none-eabi/6.3.1/../../../../arm-none-eabi/lib/thumb/v6-m\libg_nano.a(lib_a-reent.o)
                0x2000283c                errno
                0x20002840                . = ALIGN (0x4)
                0x20002840                _ebss = .
                0x20002840                __bss_end__ = _ebss

._user_heap_stack
                0x20002840      0x600 load address 0x08007164
                0x20002840                . = ALIGN (0x8)
                0x20002840                PROVIDE (end, .)
                [!provide]                PROVIDE (_end, .)
                0x20002a40                . = (. + _Min_Heap_Size)
 *fill*         0x20002840      0x200 
                0x20002e40                . = (. + _Min_Stack_Size)
 *fill*         0x20002a40      0x400 
                0x20002e40                . = ALIGN (0x8)

/DISCARD/
 libc.a(*)
 libm.a(*)
 libgcc.a(*)

.ARM.attributes
                0x00000000       0x28
 *(.ARM.attributes)
 .ARM.attributes
                0x00000000       0x1e c:/program files (x86)/gnu tools arm embedded/6 2017-q2-update/bin/../lib/gcc/arm-none-eabi/6.3.1/thumb/v6-m/crti.o
 .ARM.attributes
                0x0000001e       0x2c c:/program files (x86)/gnu tools arm embedded/6 2017-q2-update/bin/../lib/gcc/arm-none-eabi/6.3.1/thumb/v6-m/crtbegin.o
 .ARM.attributes
                0x0000004a       0x31 ./Src/adc.o
 .ARM.attributes
                0x0000007b       0x31 ./Src/can.o
 .ARM.attributes
                0x000000ac       0x31 ./Src/dma.o
 .ARM.attributes
                0x000000dd       0x31 ./Src/freertos.o
 .ARM.attributes
                0x0000010e       0x31 ./Src/gpio.o
 .ARM.attributes
                0x0000013f       0x31 ./Src/i2c.o
 .ARM.attributes
                0x00000170       0x31 ./Src/iwdg.o
 .ARM.attributes
                0x000001a1       0x31 ./Src/main.o
 .ARM.attributes
                0x000001d2       0x31 ./Src/rtc.o
 .ARM.attributes
                0x00000203       0x31 ./Src/spi.o
 .ARM.attributes
                0x00000234       0x21 ./Src/startup_stm32f091xc.o
 .ARM.attributes
                0x00000255       0x31 ./Src/stm32f0xx_hal_msp.o
 .ARM.attributes
                0x00000286       0x31 ./Src/stm32f0xx_hal_timebase_TIM.o
 .ARM.attributes
                0x000002b7       0x31 ./Src/stm32f0xx_it.o
 .ARM.attributes
                0x000002e8       0x31 ./Src/system_stm32f0xx.o
 .ARM.attributes
                0x00000319       0x31 ./Src/tim.o
 .ARM.attributes
                0x0000034a       0x31 ./Src/usart.o
 .ARM.attributes
                0x0000037b       0x31 ./Middlewares/Third_Party/FreeRTOS/Source/portable/MemMang/heap_4.o
 .ARM.attributes
                0x000003ac       0x31 ./Middlewares/Third_Party/FreeRTOS/Source/portable/GCC/ARM_CM0/port.o
 .ARM.attributes
                0x000003dd       0x31 ./Middlewares/Third_Party/FreeRTOS/Source/CMSIS_RTOS/cmsis_os.o
 .ARM.attributes
                0x0000040e       0x31 ./Middlewares/Third_Party/FreeRTOS/Source/list.o
 .ARM.attributes
                0x0000043f       0x31 ./Middlewares/Third_Party/FreeRTOS/Source/queue.o
 .ARM.attributes
                0x00000470       0x31 ./Middlewares/Third_Party/FreeRTOS/Source/tasks.o
 .ARM.attributes
                0x000004a1       0x31 ./Drivers/STM32F0xx_HAL_Driver/Src/stm32f0xx_hal.o
 .ARM.attributes
                0x000004d2       0x31 ./Drivers/STM32F0xx_HAL_Driver/Src/stm32f0xx_hal_adc.o
 .ARM.attributes
                0x00000503       0x31 ./Drivers/STM32F0xx_HAL_Driver/Src/stm32f0xx_hal_can.o
 .ARM.attributes
                0x00000534       0x31 ./Drivers/STM32F0xx_HAL_Driver/Src/stm32f0xx_hal_cortex.o
 .ARM.attributes
                0x00000565       0x31 ./Drivers/STM32F0xx_HAL_Driver/Src/stm32f0xx_hal_dma.o
 .ARM.attributes
                0x00000596       0x31 ./Drivers/STM32F0xx_HAL_Driver/Src/stm32f0xx_hal_gpio.o
 .ARM.attributes
                0x000005c7       0x31 ./Drivers/STM32F0xx_HAL_Driver/Src/stm32f0xx_hal_i2c.o
 .ARM.attributes
                0x000005f8       0x31 ./Drivers/STM32F0xx_HAL_Driver/Src/stm32f0xx_hal_i2c_ex.o
 .ARM.attributes
                0x00000629       0x31 ./Drivers/STM32F0xx_HAL_Driver/Src/stm32f0xx_hal_iwdg.o
 .ARM.attributes
                0x0000065a       0x31 ./Drivers/STM32F0xx_HAL_Driver/Src/stm32f0xx_hal_pwr.o
 .ARM.attributes
                0x0000068b       0x31 ./Drivers/STM32F0xx_HAL_Driver/Src/stm32f0xx_hal_rcc.o
 .ARM.attributes
                0x000006bc       0x31 ./Drivers/STM32F0xx_HAL_Driver/Src/stm32f0xx_hal_rcc_ex.o
 .ARM.attributes
                0x000006ed       0x31 ./Drivers/STM32F0xx_HAL_Driver/Src/stm32f0xx_hal_rtc.o
 .ARM.attributes
                0x0000071e       0x31 ./Drivers/STM32F0xx_HAL_Driver/Src/stm32f0xx_hal_rtc_ex.o
 .ARM.attributes
                0x0000074f       0x31 ./Drivers/STM32F0xx_HAL_Driver/Src/stm32f0xx_hal_smbus.o
 .ARM.attributes
                0x00000780       0x31 ./Drivers/STM32F0xx_HAL_Driver/Src/stm32f0xx_hal_spi.o
 .ARM.attributes
                0x000007b1       0x31 ./Drivers/STM32F0xx_HAL_Driver/Src/stm32f0xx_hal_tim.o
 .ARM.attributes
                0x000007e2       0x31 ./Drivers/STM32F0xx_HAL_Driver/Src/stm32f0xx_hal_tim_ex.o
 .ARM.attributes
                0x00000813       0x31 ./Drivers/STM32F0xx_HAL_Driver/Src/stm32f0xx_hal_uart.o
 .ARM.attributes
                0x00000844       0x31 ./Drivers/STM32F0xx_HAL_Driver/Src/stm32f0xx_hal_uart_ex.o
 .ARM.attributes
                0x00000875       0x1e c:/program files (x86)/gnu tools arm embedded/6 2017-q2-update/bin/../lib/gcc/arm-none-eabi/6.3.1/thumb/v6-m\libgcc.a(_thumb1_case_sqi.o)
 .ARM.attributes
                0x00000893       0x1e c:/program files (x86)/gnu tools arm embedded/6 2017-q2-update/bin/../lib/gcc/arm-none-eabi/6.3.1/thumb/v6-m\libgcc.a(_thumb1_case_uqi.o)
 .ARM.attributes
                0x000008b1       0x1e c:/program files (x86)/gnu tools arm embedded/6 2017-q2-update/bin/../lib/gcc/arm-none-eabi/6.3.1/thumb/v6-m\libgcc.a(_udivsi3.o)
 .ARM.attributes
                0x000008cf       0x1e c:/program files (x86)/gnu tools arm embedded/6 2017-q2-update/bin/../lib/gcc/arm-none-eabi/6.3.1/thumb/v6-m\libgcc.a(_dvmd_tls.o)
 .ARM.attributes
                0x000008ed       0x2c c:/program files (x86)/gnu tools arm embedded/6 2017-q2-update/bin/../lib/gcc/arm-none-eabi/6.3.1/../../../../arm-none-eabi/lib/thumb/v6-m\libg_nano.a(lib_a-impure.o)
 .ARM.attributes
                0x00000919       0x2c c:/program files (x86)/gnu tools arm embedded/6 2017-q2-update/bin/../lib/gcc/arm-none-eabi/6.3.1/../../../../arm-none-eabi/lib/thumb/v6-m\libg_nano.a(lib_a-init.o)
 .ARM.attributes
                0x00000945       0x2c c:/program files (x86)/gnu tools arm embedded/6 2017-q2-update/bin/../lib/gcc/arm-none-eabi/6.3.1/../../../../arm-none-eabi/lib/thumb/v6-m\libg_nano.a(lib_a-memcpy-stub.o)
 .ARM.attributes
                0x00000971       0x2c c:/program files (x86)/gnu tools arm embedded/6 2017-q2-update/bin/../lib/gcc/arm-none-eabi/6.3.1/../../../../arm-none-eabi/lib/thumb/v6-m\libg_nano.a(lib_a-memset.o)
 .ARM.attributes
                0x0000099d       0x2c c:/program files (x86)/gnu tools arm embedded/6 2017-q2-update/bin/../lib/gcc/arm-none-eabi/6.3.1/../../../../arm-none-eabi/lib/thumb/v6-m\libg_nano.a(lib_a-strncpy.o)
 .ARM.attributes
                0x000009c9       0x2c c:/program files (x86)/gnu tools arm embedded/6 2017-q2-update/bin/../lib/gcc/arm-none-eabi/6.3.1/../../../../arm-none-eabi/lib/thumb/v6-m\libg_nano.a(lib_a-vsnprintf.o)
 .ARM.attributes
                0x000009f5       0x2c c:/program files (x86)/gnu tools arm embedded/6 2017-q2-update/bin/../lib/gcc/arm-none-eabi/6.3.1/../../../../arm-none-eabi/lib/thumb/v6-m\libg_nano.a(lib_a-nano-svfprintf.o)
 .ARM.attributes
                0x00000a21       0x2c c:/program files (x86)/gnu tools arm embedded/6 2017-q2-update/bin/../lib/gcc/arm-none-eabi/6.3.1/../../../../arm-none-eabi/lib/thumb/v6-m\libg_nano.a(lib_a-nano-vfprintf_i.o)
 .ARM.attributes
                0x00000a4d       0x2c c:/program files (x86)/gnu tools arm embedded/6 2017-q2-update/bin/../lib/gcc/arm-none-eabi/6.3.1/../../../../arm-none-eabi/lib/thumb/v6-m\libg_nano.a(lib_a-memchr-stub.o)
 .ARM.attributes
                0x00000a79       0x2c c:/program files (x86)/gnu tools arm embedded/6 2017-q2-update/bin/../lib/gcc/arm-none-eabi/6.3.1/../../../../arm-none-eabi/lib/thumb/v6-m\libg_nano.a(lib_a-memmove.o)
 .ARM.attributes
                0x00000aa5       0x2c c:/program files (x86)/gnu tools arm embedded/6 2017-q2-update/bin/../lib/gcc/arm-none-eabi/6.3.1/../../../../arm-none-eabi/lib/thumb/v6-m\libg_nano.a(lib_a-nano-freer.o)
 .ARM.attributes
                0x00000ad1       0x2c c:/program files (x86)/gnu tools arm embedded/6 2017-q2-update/bin/../lib/gcc/arm-none-eabi/6.3.1/../../../../arm-none-eabi/lib/thumb/v6-m\libg_nano.a(lib_a-nano-mallocr.o)
 .ARM.attributes
                0x00000afd       0x2c c:/program files (x86)/gnu tools arm embedded/6 2017-q2-update/bin/../lib/gcc/arm-none-eabi/6.3.1/../../../../arm-none-eabi/lib/thumb/v6-m\libg_nano.a(lib_a-nano-reallocr.o)
 .ARM.attributes
                0x00000b29       0x2c c:/program files (x86)/gnu tools arm embedded/6 2017-q2-update/bin/../lib/gcc/arm-none-eabi/6.3.1/../../../../arm-none-eabi/lib/thumb/v6-m\libg_nano.a(lib_a-sbrkr.o)
 .ARM.attributes
                0x00000b55       0x2c c:/program files (x86)/gnu tools arm embedded/6 2017-q2-update/bin/../lib/gcc/arm-none-eabi/6.3.1/../../../../arm-none-eabi/lib/thumb/v6-m\libg_nano.a(lib_a-mlock.o)
 .ARM.attributes
                0x00000b81       0x2c c:/program files (x86)/gnu tools arm embedded/6 2017-q2-update/bin/../lib/gcc/arm-none-eabi/6.3.1/../../../../arm-none-eabi/lib/thumb/v6-m\libg_nano.a(lib_a-nano-msizer.o)
 .ARM.attributes
                0x00000bad       0x2c c:/program files (x86)/gnu tools arm embedded/6 2017-q2-update/bin/../lib/gcc/arm-none-eabi/6.3.1/../../../../arm-none-eabi/lib/thumb/v6-m\libg_nano.a(lib_a-reent.o)
 .ARM.attributes
                0x00000bd9       0x2c c:/program files (x86)/gnu tools arm embedded/6 2017-q2-update/bin/../lib/gcc/arm-none-eabi/6.3.1/../../../../arm-none-eabi/lib/thumb/v6-m\libnosys.a(sbrk.o)
 .ARM.attributes
                0x00000c05       0x1e c:/program files (x86)/gnu tools arm embedded/6 2017-q2-update/bin/../lib/gcc/arm-none-eabi/6.3.1/thumb/v6-m/crtn.o
OUTPUT(STM32F091RCTx_freeRTOS.elf elf32-littlearm)

.debug_info     0x00000000    0x39d38
 .debug_info    0x00000000     0x119f ./Src/adc.o
 .debug_info    0x0000119f     0x127f ./Src/can.o
 .debug_info    0x0000241e      0xb9d ./Src/dma.o
 .debug_info    0x00002fbb     0x293d ./Src/freertos.o
 .debug_info    0x000058f8      0xc37 ./Src/gpio.o
 .debug_info    0x0000652f     0x15ac ./Src/i2c.o
 .debug_info    0x00007adb      0xa74 ./Src/iwdg.o
 .debug_info    0x0000854f     0x27d9 ./Src/main.o
 .debug_info    0x0000ad28     0x1069 ./Src/rtc.o
 .debug_info    0x0000bd91     0x1146 ./Src/spi.o
 .debug_info    0x0000ced7       0x87 ./Src/startup_stm32f091xc.o
 .debug_info    0x0000cf5e      0xb5c ./Src/stm32f0xx_hal_msp.o
 .debug_info    0x0000daba     0x116b ./Src/stm32f0xx_hal_timebase_TIM.o
 .debug_info    0x0000ec25     0x1bcb ./Src/stm32f0xx_it.o
 .debug_info    0x000107f0      0xa77 ./Src/system_stm32f0xx.o
 .debug_info    0x00011267     0x1465 ./Src/tim.o
 .debug_info    0x000126cc     0x15a4 ./Src/usart.o
 .debug_info    0x00013c70      0xbb8 ./Middlewares/Third_Party/FreeRTOS/Source/portable/MemMang/heap_4.o
 .debug_info    0x00014828      0x2ac ./Middlewares/Third_Party/FreeRTOS/Source/portable/GCC/ARM_CM0/port.o
 .debug_info    0x00014ad4     0x24dd ./Middlewares/Third_Party/FreeRTOS/Source/CMSIS_RTOS/cmsis_os.o
 .debug_info    0x00016fb1      0xad0 ./Middlewares/Third_Party/FreeRTOS/Source/list.o
 .debug_info    0x00017a81     0x1b37 ./Middlewares/Third_Party/FreeRTOS/Source/queue.o
 .debug_info    0x000195b8     0x23dc ./Middlewares/Third_Party/FreeRTOS/Source/tasks.o
 .debug_info    0x0001b994      0xe8e ./Drivers/STM32F0xx_HAL_Driver/Src/stm32f0xx_hal.o
 .debug_info    0x0001c822     0x16b6 ./Drivers/STM32F0xx_HAL_Driver/Src/stm32f0xx_hal_adc.o
 .debug_info    0x0001ded8     0x13ef ./Drivers/STM32F0xx_HAL_Driver/Src/stm32f0xx_hal_can.o
 .debug_info    0x0001f2c7     0x102d ./Drivers/STM32F0xx_HAL_Driver/Src/stm32f0xx_hal_cortex.o
 .debug_info    0x000202f4     0x1057 ./Drivers/STM32F0xx_HAL_Driver/Src/stm32f0xx_hal_dma.o
 .debug_info    0x0002134b      0xeab ./Drivers/STM32F0xx_HAL_Driver/Src/stm32f0xx_hal_gpio.o
 .debug_info    0x000221f6     0x3980 ./Drivers/STM32F0xx_HAL_Driver/Src/stm32f0xx_hal_i2c.o
 .debug_info    0x00025b76     0x10fb ./Drivers/STM32F0xx_HAL_Driver/Src/stm32f0xx_hal_i2c_ex.o
 .debug_info    0x00026c71      0xaa9 ./Drivers/STM32F0xx_HAL_Driver/Src/stm32f0xx_hal_iwdg.o
 .debug_info    0x0002771a      0xcbf ./Drivers/STM32F0xx_HAL_Driver/Src/stm32f0xx_hal_pwr.o
 .debug_info    0x000283d9     0x11c6 ./Drivers/STM32F0xx_HAL_Driver/Src/stm32f0xx_hal_rcc.o
 .debug_info    0x0002959f      0xeaa ./Drivers/STM32F0xx_HAL_Driver/Src/stm32f0xx_hal_rcc_ex.o
 .debug_info    0x0002a449     0x1585 ./Drivers/STM32F0xx_HAL_Driver/Src/stm32f0xx_hal_rtc.o
 .debug_info    0x0002b9ce     0x1758 ./Drivers/STM32F0xx_HAL_Driver/Src/stm32f0xx_hal_rtc_ex.o
 .debug_info    0x0002d126     0x1ab6 ./Drivers/STM32F0xx_HAL_Driver/Src/stm32f0xx_hal_smbus.o
 .debug_info    0x0002ebdc     0x27b2 ./Drivers/STM32F0xx_HAL_Driver/Src/stm32f0xx_hal_spi.o
 .debug_info    0x0003138e     0x3c43 ./Drivers/STM32F0xx_HAL_Driver/Src/stm32f0xx_hal_tim.o
 .debug_info    0x00034fd1     0x1a3c ./Drivers/STM32F0xx_HAL_Driver/Src/stm32f0xx_hal_tim_ex.o
 .debug_info    0x00036a0d     0x210a ./Drivers/STM32F0xx_HAL_Driver/Src/stm32f0xx_hal_uart.o
 .debug_info    0x00038b17     0x1221 ./Drivers/STM32F0xx_HAL_Driver/Src/stm32f0xx_hal_uart_ex.o

.debug_abbrev   0x00000000     0x77ed
 .debug_abbrev  0x00000000      0x26d ./Src/adc.o
 .debug_abbrev  0x0000026d      0x276 ./Src/can.o
 .debug_abbrev  0x000004e3      0x22d ./Src/dma.o
 .debug_abbrev  0x00000710      0x37c ./Src/freertos.o
 .debug_abbrev  0x00000a8c      0x224 ./Src/gpio.o
 .debug_abbrev  0x00000cb0      0x265 ./Src/i2c.o
 .debug_abbrev  0x00000f15      0x219 ./Src/iwdg.o
 .debug_abbrev  0x0000112e      0x2eb ./Src/main.o
 .debug_abbrev  0x00001419      0x251 ./Src/rtc.o
 .debug_abbrev  0x0000166a      0x251 ./Src/spi.o
 .debug_abbrev  0x000018bb       0x12 ./Src/startup_stm32f091xc.o
 .debug_abbrev  0x000018cd      0x22d ./Src/stm32f0xx_hal_msp.o
 .debug_abbrev  0x00001afa      0x2a1 ./Src/stm32f0xx_hal_timebase_TIM.o
 .debug_abbrev  0x00001d9b      0x236 ./Src/stm32f0xx_it.o
 .debug_abbrev  0x00001fd1      0x202 ./Src/system_stm32f0xx.o
 .debug_abbrev  0x000021d3      0x2d2 ./Src/tim.o
 .debug_abbrev  0x000024a5      0x2ae ./Src/usart.o
 .debug_abbrev  0x00002753      0x304 ./Middlewares/Third_Party/FreeRTOS/Source/portable/MemMang/heap_4.o
 .debug_abbrev  0x00002a57      0x194 ./Middlewares/Third_Party/FreeRTOS/Source/portable/GCC/ARM_CM0/port.o
 .debug_abbrev  0x00002beb      0x436 ./Middlewares/Third_Party/FreeRTOS/Source/CMSIS_RTOS/cmsis_os.o
 .debug_abbrev  0x00003021      0x219 ./Middlewares/Third_Party/FreeRTOS/Source/list.o
 .debug_abbrev  0x0000323a      0x357 ./Middlewares/Third_Party/FreeRTOS/Source/queue.o
 .debug_abbrev  0x00003591      0x3f5 ./Middlewares/Third_Party/FreeRTOS/Source/tasks.o
 .debug_abbrev  0x00003986      0x309 ./Drivers/STM32F0xx_HAL_Driver/Src/stm32f0xx_hal.o
 .debug_abbrev  0x00003c8f      0x382 ./Drivers/STM32F0xx_HAL_Driver/Src/stm32f0xx_hal_adc.o
 .debug_abbrev  0x00004011      0x334 ./Drivers/STM32F0xx_HAL_Driver/Src/stm32f0xx_hal_can.o
 .debug_abbrev  0x00004345      0x333 ./Drivers/STM32F0xx_HAL_Driver/Src/stm32f0xx_hal_cortex.o
 .debug_abbrev  0x00004678      0x2ed ./Drivers/STM32F0xx_HAL_Driver/Src/stm32f0xx_hal_dma.o
 .debug_abbrev  0x00004965      0x2ad ./Drivers/STM32F0xx_HAL_Driver/Src/stm32f0xx_hal_gpio.o
 .debug_abbrev  0x00004c12      0x3c4 ./Drivers/STM32F0xx_HAL_Driver/Src/stm32f0xx_hal_i2c.o
 .debug_abbrev  0x00004fd6      0x26c ./Drivers/STM32F0xx_HAL_Driver/Src/stm32f0xx_hal_i2c_ex.o
 .debug_abbrev  0x00005242      0x21c ./Drivers/STM32F0xx_HAL_Driver/Src/stm32f0xx_hal_iwdg.o
 .debug_abbrev  0x0000545e      0x263 ./Drivers/STM32F0xx_HAL_Driver/Src/stm32f0xx_hal_pwr.o
 .debug_abbrev  0x000056c1      0x322 ./Drivers/STM32F0xx_HAL_Driver/Src/stm32f0xx_hal_rcc.o
 .debug_abbrev  0x000059e3      0x2e8 ./Drivers/STM32F0xx_HAL_Driver/Src/stm32f0xx_hal_rcc_ex.o
 .debug_abbrev  0x00005ccb      0x2ef ./Drivers/STM32F0xx_HAL_Driver/Src/stm32f0xx_hal_rtc.o
 .debug_abbrev  0x00005fba      0x2fe ./Drivers/STM32F0xx_HAL_Driver/Src/stm32f0xx_hal_rtc_ex.o
 .debug_abbrev  0x000062b8      0x3be ./Drivers/STM32F0xx_HAL_Driver/Src/stm32f0xx_hal_smbus.o
 .debug_abbrev  0x00006676      0x3ea ./Drivers/STM32F0xx_HAL_Driver/Src/stm32f0xx_hal_spi.o
 .debug_abbrev  0x00006a60      0x3dd ./Drivers/STM32F0xx_HAL_Driver/Src/stm32f0xx_hal_tim.o
 .debug_abbrev  0x00006e3d      0x345 ./Drivers/STM32F0xx_HAL_Driver/Src/stm32f0xx_hal_tim_ex.o
 .debug_abbrev  0x00007182      0x390 ./Drivers/STM32F0xx_HAL_Driver/Src/stm32f0xx_hal_uart.o
 .debug_abbrev  0x00007512      0x2db ./Drivers/STM32F0xx_HAL_Driver/Src/stm32f0xx_hal_uart_ex.o

.debug_loc      0x00000000    0x13c07
 .debug_loc     0x00000000       0x58 ./Src/adc.o
 .debug_loc     0x00000058       0x42 ./Src/can.o
 .debug_loc     0x0000009a      0x301 ./Src/freertos.o
 .debug_loc     0x0000039b       0x84 ./Src/i2c.o
 .debug_loc     0x0000041f       0x21 ./Src/main.o
 .debug_loc     0x00000440       0x42 ./Src/rtc.o
 .debug_loc     0x00000482       0x42 ./Src/spi.o
 .debug_loc     0x000004c4       0x7a ./Src/stm32f0xx_hal_timebase_TIM.o
 .debug_loc     0x0000053e       0xe7 ./Src/system_stm32f0xx.o
 .debug_loc     0x00000625       0x7c ./Src/tim.o
 .debug_loc     0x000006a1       0xb0 ./Src/usart.o
 .debug_loc     0x00000751      0x2de ./Middlewares/Third_Party/FreeRTOS/Source/portable/MemMang/heap_4.o
 .debug_loc     0x00000a2f       0xb4 ./Middlewares/Third_Party/FreeRTOS/Source/portable/GCC/ARM_CM0/port.o
 .debug_loc     0x00000ae3      0xffa ./Middlewares/Third_Party/FreeRTOS/Source/CMSIS_RTOS/cmsis_os.o
 .debug_loc     0x00001add       0x94 ./Middlewares/Third_Party/FreeRTOS/Source/list.o
 .debug_loc     0x00001b71     0x12f3 ./Middlewares/Third_Party/FreeRTOS/Source/queue.o
 .debug_loc     0x00002e64     0x127f ./Middlewares/Third_Party/FreeRTOS/Source/tasks.o
 .debug_loc     0x000040e3       0x7c ./Drivers/STM32F0xx_HAL_Driver/Src/stm32f0xx_hal.o
 .debug_loc     0x0000415f      0xaad ./Drivers/STM32F0xx_HAL_Driver/Src/stm32f0xx_hal_adc.o
 .debug_loc     0x00004c0c      0x7a3 ./Drivers/STM32F0xx_HAL_Driver/Src/stm32f0xx_hal_can.o
 .debug_loc     0x000053af      0x3cc ./Drivers/STM32F0xx_HAL_Driver/Src/stm32f0xx_hal_cortex.o
 .debug_loc     0x0000577b      0x7c2 ./Drivers/STM32F0xx_HAL_Driver/Src/stm32f0xx_hal_dma.o
 .debug_loc     0x00005f3d      0x322 ./Drivers/STM32F0xx_HAL_Driver/Src/stm32f0xx_hal_gpio.o
 .debug_loc     0x0000625f     0x329e ./Drivers/STM32F0xx_HAL_Driver/Src/stm32f0xx_hal_i2c.o
 .debug_loc     0x000094fd      0x1c8 ./Drivers/STM32F0xx_HAL_Driver/Src/stm32f0xx_hal_i2c_ex.o
 .debug_loc     0x000096c5       0x76 ./Drivers/STM32F0xx_HAL_Driver/Src/stm32f0xx_hal_iwdg.o
 .debug_loc     0x0000973b       0xc8 ./Drivers/STM32F0xx_HAL_Driver/Src/stm32f0xx_hal_pwr.o
 .debug_loc     0x00009803      0x4cb ./Drivers/STM32F0xx_HAL_Driver/Src/stm32f0xx_hal_rcc.o
 .debug_loc     0x00009cce      0x4c3 ./Drivers/STM32F0xx_HAL_Driver/Src/stm32f0xx_hal_rcc_ex.o
 .debug_loc     0x0000a191      0xa44 ./Drivers/STM32F0xx_HAL_Driver/Src/stm32f0xx_hal_rtc.o
 .debug_loc     0x0000abd5      0xc4c ./Drivers/STM32F0xx_HAL_Driver/Src/stm32f0xx_hal_rtc_ex.o
 .debug_loc     0x0000b821      0xbab ./Drivers/STM32F0xx_HAL_Driver/Src/stm32f0xx_hal_smbus.o
 .debug_loc     0x0000c3cc     0x1916 ./Drivers/STM32F0xx_HAL_Driver/Src/stm32f0xx_hal_spi.o
 .debug_loc     0x0000dce2     0x3b44 ./Drivers/STM32F0xx_HAL_Driver/Src/stm32f0xx_hal_tim.o
 .debug_loc     0x00011826      0xcc7 ./Drivers/STM32F0xx_HAL_Driver/Src/stm32f0xx_hal_tim_ex.o
 .debug_loc     0x000124ed     0x13bf ./Drivers/STM32F0xx_HAL_Driver/Src/stm32f0xx_hal_uart.o
 .debug_loc     0x000138ac      0x35b ./Drivers/STM32F0xx_HAL_Driver/Src/stm32f0xx_hal_uart_ex.o

.debug_aranges  0x00000000     0x1900
 .debug_aranges
                0x00000000       0x30 ./Src/adc.o
 .debug_aranges
                0x00000030       0x30 ./Src/can.o
 .debug_aranges
                0x00000060       0x20 ./Src/dma.o
 .debug_aranges
                0x00000080       0x70 ./Src/freertos.o
 .debug_aranges
                0x000000f0       0x20 ./Src/gpio.o
 .debug_aranges
                0x00000110       0x48 ./Src/i2c.o
 .debug_aranges
                0x00000158       0x20 ./Src/iwdg.o
 .debug_aranges
                0x00000178       0x38 ./Src/main.o
 .debug_aranges
                0x000001b0       0x30 ./Src/rtc.o
 .debug_aranges
                0x000001e0       0x30 ./Src/spi.o
 .debug_aranges
                0x00000210       0x28 ./Src/startup_stm32f091xc.o
 .debug_aranges
                0x00000238       0x20 ./Src/stm32f0xx_hal_msp.o
 .debug_aranges
                0x00000258       0x30 ./Src/stm32f0xx_hal_timebase_TIM.o
 .debug_aranges
                0x00000288       0x78 ./Src/stm32f0xx_it.o
 .debug_aranges
                0x00000300       0x28 ./Src/system_stm32f0xx.o
 .debug_aranges
                0x00000328       0x40 ./Src/tim.o
 .debug_aranges
                0x00000368       0x40 ./Src/usart.o
 .debug_aranges
                0x000003a8       0x48 ./Middlewares/Third_Party/FreeRTOS/Source/portable/MemMang/heap_4.o
 .debug_aranges
                0x000003f0       0x88 ./Middlewares/Third_Party/FreeRTOS/Source/portable/GCC/ARM_CM0/port.o
 .debug_aranges
                0x00000478      0x190 ./Middlewares/Third_Party/FreeRTOS/Source/CMSIS_RTOS/cmsis_os.o
 .debug_aranges
                0x00000608       0x40 ./Middlewares/Third_Party/FreeRTOS/Source/list.o
 .debug_aranges
                0x00000648       0xc0 ./Middlewares/Third_Party/FreeRTOS/Source/queue.o
 .debug_aranges
                0x00000708      0x160 ./Middlewares/Third_Party/FreeRTOS/Source/tasks.o
 .debug_aranges
                0x00000868       0xb0 ./Drivers/STM32F0xx_HAL_Driver/Src/stm32f0xx_hal.o
 .debug_aranges
                0x00000918       0xd0 ./Drivers/STM32F0xx_HAL_Driver/Src/stm32f0xx_hal_adc.o
 .debug_aranges
                0x000009e8       0x88 ./Drivers/STM32F0xx_HAL_Driver/Src/stm32f0xx_hal_can.o
 .debug_aranges
                0x00000a70       0x78 ./Drivers/STM32F0xx_HAL_Driver/Src/stm32f0xx_hal_cortex.o
 .debug_aranges
                0x00000ae8       0x80 ./Drivers/STM32F0xx_HAL_Driver/Src/stm32f0xx_hal_dma.o
 .debug_aranges
                0x00000b68       0x58 ./Drivers/STM32F0xx_HAL_Driver/Src/stm32f0xx_hal_gpio.o
 .debug_aranges
                0x00000bc0      0x200 ./Drivers/STM32F0xx_HAL_Driver/Src/stm32f0xx_hal_i2c.o
 .debug_aranges
                0x00000dc0       0x48 ./Drivers/STM32F0xx_HAL_Driver/Src/stm32f0xx_hal_i2c_ex.o
 .debug_aranges
                0x00000e08       0x28 ./Drivers/STM32F0xx_HAL_Driver/Src/stm32f0xx_hal_iwdg.o
 .debug_aranges
                0x00000e30       0x78 ./Drivers/STM32F0xx_HAL_Driver/Src/stm32f0xx_hal_pwr.o
 .debug_aranges
                0x00000ea8       0x80 ./Drivers/STM32F0xx_HAL_Driver/Src/stm32f0xx_hal_rcc.o
 .debug_aranges
                0x00000f28       0x68 ./Drivers/STM32F0xx_HAL_Driver/Src/stm32f0xx_hal_rcc_ex.o
 .debug_aranges
                0x00000f90       0xa8 ./Drivers/STM32F0xx_HAL_Driver/Src/stm32f0xx_hal_rtc.o
 .debug_aranges
                0x00001038      0x100 ./Drivers/STM32F0xx_HAL_Driver/Src/stm32f0xx_hal_rtc_ex.o
 .debug_aranges
                0x00001138       0xf0 ./Drivers/STM32F0xx_HAL_Driver/Src/stm32f0xx_hal_smbus.o
 .debug_aranges
                0x00001228      0x198 ./Drivers/STM32F0xx_HAL_Driver/Src/stm32f0xx_hal_spi.o
 .debug_aranges
                0x000013c0      0x268 ./Drivers/STM32F0xx_HAL_Driver/Src/stm32f0xx_hal_tim.o
 .debug_aranges
                0x00001628       0xf8 ./Drivers/STM32F0xx_HAL_Driver/Src/stm32f0xx_hal_tim_ex.o
 .debug_aranges
                0x00001720      0x188 ./Drivers/STM32F0xx_HAL_Driver/Src/stm32f0xx_hal_uart.o
 .debug_aranges
                0x000018a8       0x58 ./Drivers/STM32F0xx_HAL_Driver/Src/stm32f0xx_hal_uart_ex.o

.debug_ranges   0x00000000     0x20e8
 .debug_ranges  0x00000000       0x40 ./Src/adc.o
 .debug_ranges  0x00000040       0x40 ./Src/can.o
 .debug_ranges  0x00000080       0x40 ./Src/dma.o
 .debug_ranges  0x000000c0       0x60 ./Src/freertos.o
 .debug_ranges  0x00000120       0xc0 ./Src/gpio.o
 .debug_ranges  0x000001e0       0x58 ./Src/i2c.o
 .debug_ranges  0x00000238       0x10 ./Src/iwdg.o