Archive member included to satisfy reference by file (symbol)

c:/program files (x86)/gnu tools arm embedded/6 2017-q2-update/bin/../lib/gcc/arm-none-eabi/6.3.1/thumb/v6-m\libgcc.a(_thumb1_case_sqi.o)
                              ./Drivers/STM32F0xx_HAL_Driver/Src/stm32f0xx_hal_uart.o (__gnu_thumb1_case_sqi)
c:/program files (x86)/gnu tools arm embedded/6 2017-q2-update/bin/../lib/gcc/arm-none-eabi/6.3.1/thumb/v6-m\libgcc.a(_thumb1_case_uqi.o)
                              ./Src/freertos.o (__gnu_thumb1_case_uqi)
c:/program files (x86)/gnu tools arm embedded/6 2017-q2-update/bin/../lib/gcc/arm-none-eabi/6.3.1/thumb/v6-m\libgcc.a(_thumb1_case_shi.o)
                              ./Src/freertos.o (__gnu_thumb1_case_shi)
c:/program files (x86)/gnu tools arm embedded/6 2017-q2-update/bin/../lib/gcc/arm-none-eabi/6.3.1/thumb/v6-m\libgcc.a(_udivsi3.o)
                              ./Src/main.o (__aeabi_uidiv)
c:/program files (x86)/gnu tools arm embedded/6 2017-q2-update/bin/../lib/gcc/arm-none-eabi/6.3.1/thumb/v6-m\libgcc.a(_dvmd_tls.o)
                              c:/program files (x86)/gnu tools arm embedded/6 2017-q2-update/bin/../lib/gcc/arm-none-eabi/6.3.1/thumb/v6-m\libgcc.a(_udivsi3.o) (__aeabi_idiv0)
c:/program files (x86)/gnu tools arm embedded/6 2017-q2-update/bin/../lib/gcc/arm-none-eabi/6.3.1/thumb/v6-m\libgcc.a(_lshrdi3.o)
                              ./Drivers/STM32F0xx_HAL_Driver/Src/stm32f0xx_hal_flash.o (__aeabi_llsr)
c:/program files (x86)/gnu tools arm embedded/6 2017-q2-update/bin/../lib/gcc/arm-none-eabi/6.3.1/../../../../arm-none-eabi/lib/thumb/v6-m\libg_nano.a(lib_a-exit.o)
                              c:/program files (x86)/gnu tools arm embedded/6 2017-q2-update/bin/../lib/gcc/arm-none-eabi/6.3.1/../../../../arm-none-eabi/lib/thumb/v6-m/crt0.o (exit)
c:/program files (x86)/gnu tools arm embedded/6 2017-q2-update/bin/../lib/gcc/arm-none-eabi/6.3.1/../../../../arm-none-eabi/lib/thumb/v6-m\libg_nano.a(lib_a-impure.o)
                              c:/program files (x86)/gnu tools arm embedded/6 2017-q2-update/bin/../lib/gcc/arm-none-eabi/6.3.1/../../../../arm-none-eabi/lib/thumb/v6-m\libg_nano.a(lib_a-exit.o) (_global_impure_ptr)
c:/program files (x86)/gnu tools arm embedded/6 2017-q2-update/bin/../lib/gcc/arm-none-eabi/6.3.1/../../../../arm-none-eabi/lib/thumb/v6-m\libg_nano.a(lib_a-init.o)
                              c:/program files (x86)/gnu tools arm embedded/6 2017-q2-update/bin/../lib/gcc/arm-none-eabi/6.3.1/../../../../arm-none-eabi/lib/thumb/v6-m/crt0.o (__libc_init_array)
c:/program files (x86)/gnu tools arm embedded/6 2017-q2-update/bin/../lib/gcc/arm-none-eabi/6.3.1/../../../../arm-none-eabi/lib/thumb/v6-m\libg_nano.a(lib_a-memcpy-stub.o)
                              ./Src/freertos.o (memcpy)
c:/program files (x86)/gnu tools arm embedded/6 2017-q2-update/bin/../lib/gcc/arm-none-eabi/6.3.1/../../../../arm-none-eabi/lib/thumb/v6-m\libg_nano.a(lib_a-memset.o)
                              c:/program files (x86)/gnu tools arm embedded/6 2017-q2-update/bin/../lib/gcc/arm-none-eabi/6.3.1/../../../../arm-none-eabi/lib/thumb/v6-m/crt0.o (memset)
c:/program files (x86)/gnu tools arm embedded/6 2017-q2-update/bin/../lib/gcc/arm-none-eabi/6.3.1/../../../../arm-none-eabi/lib/thumb/v6-m\libg_nano.a(lib_a-strncpy.o)
                              ./Src/freertos.o (strncpy)
c:/program files (x86)/gnu tools arm embedded/6 2017-q2-update/bin/../lib/gcc/arm-none-eabi/6.3.1/../../../../arm-none-eabi/lib/thumb/v6-m\libg_nano.a(lib_a-vsnprintf.o)
                              ./Src/freertos.o (vsnprintf)
c:/program files (x86)/gnu tools arm embedded/6 2017-q2-update/bin/../lib/gcc/arm-none-eabi/6.3.1/../../../../arm-none-eabi/lib/thumb/v6-m\libg_nano.a(lib_a-nano-svfprintf.o)
                              c:/program files (x86)/gnu tools arm embedded/6 2017-q2-update/bin/../lib/gcc/arm-none-eabi/6.3.1/../../../../arm-none-eabi/lib/thumb/v6-m\libg_nano.a(lib_a-vsnprintf.o) (_svfprintf_r)
c:/program files (x86)/gnu tools arm embedded/6 2017-q2-update/bin/../lib/gcc/arm-none-eabi/6.3.1/../../../../arm-none-eabi/lib/thumb/v6-m\libg_nano.a(lib_a-nano-vfprintf_i.o)
                              c:/program files (x86)/gnu tools arm embedded/6 2017-q2-update/bin/../lib/gcc/arm-none-eabi/6.3.1/../../../../arm-none-eabi/lib/thumb/v6-m\libg_nano.a(lib_a-nano-svfprintf.o) (_printf_i)
c:/program files (x86)/gnu tools arm embedded/6 2017-q2-update/bin/../lib/gcc/arm-none-eabi/6.3.1/../../../../arm-none-eabi/lib/thumb/v6-m\libg_nano.a(lib_a-memchr-stub.o)
                              c:/program files (x86)/gnu tools arm embedded/6 2017-q2-update/bin/../lib/gcc/arm-none-eabi/6.3.1/../../../../arm-none-eabi/lib/thumb/v6-m\libg_nano.a(lib_a-nano-svfprintf.o) (memchr)
c:/program files (x86)/gnu tools arm embedded/6 2017-q2-update/bin/../lib/gcc/arm-none-eabi/6.3.1/../../../../arm-none-eabi/lib/thumb/v6-m\libg_nano.a(lib_a-memmove.o)
[...]
Memory Configuration

Name             Origin             Length             Attributes
RAM              0x20000000         0x00008000         xrw
FLASH            0x08000000         0x00040000         xr
*default*        0x00000000         0xffffffff

Linker script and memory map

LOAD c:/program files (x86)/gnu tools arm embedded/6 2017-q2-update/bin/../lib/gcc/arm-none-eabi/6.3.1/thumb/v6-m/crti.o
LOAD c:/program files (x86)/gnu tools arm embedded/6 2017-q2-update/bin/../lib/gcc/arm-none-eabi/6.3.1/thumb/v6-m/crtbegin.o
LOAD c:/program files (x86)/gnu tools arm embedded/6 2017-q2-update/bin/../lib/gcc/arm-none-eabi/6.3.1/../../../../arm-none-eabi/lib/thumb/v6-m/crt0.o
LOAD ./Src/adc.o
LOAD ./Src/aewin_def.o
LOAD ./Src/can.o
LOAD ./Src/dma.o
LOAD ./Src/freertos.o
LOAD ./Src/gpio.o
LOAD ./Src/i2c.o
LOAD ./Src/iwdg.o
LOAD ./Src/main.o
LOAD ./Src/rtc.o
LOAD ./Src/spi.o
LOAD ./Src/startup_stm32f091xc.o
LOAD ./Src/stm32f0xx_hal_msp.o
LOAD ./Src/stm32f0xx_hal_timebase_TIM.o
LOAD ./Src/stm32f0xx_it.o
LOAD ./Src/system_stm32f0xx.o
LOAD ./Src/tim.o
LOAD ./Src/usart.o
LOAD ./Middlewares/Third_Party/FreeRTOS/Source/portable/MemMang/heap_4.o
LOAD ./Middlewares/Third_Party/FreeRTOS/Source/portable/GCC/ARM_CM0/port.o
LOAD ./Middlewares/Third_Party/FreeRTOS/Source/CMSIS_RTOS/cmsis_os.o
LOAD ./Middlewares/Third_Party/FreeRTOS/Source/croutine.o
LOAD ./Middlewares/Third_Party/FreeRTOS/Source/event_groups.o
LOAD ./Middlewares/Third_Party/FreeRTOS/Source/list.o
LOAD ./Middlewares/Third_Party/FreeRTOS/Source/queue.o
LOAD ./Middlewares/Third_Party/FreeRTOS/Source/tasks.o
LOAD ./Middlewares/Third_Party/FreeRTOS/Source/timers.o
LOAD ./Drivers/STM32F0xx_HAL_Driver/Src/stm32f0xx_hal.o
LOAD ./Drivers/STM32F0xx_HAL_Driver/Src/stm32f0xx_hal_adc.o
LOAD ./Drivers/STM32F0xx_HAL_Driver/Src/stm32f0xx_hal_adc_ex.o
LOAD ./Drivers/STM32F0xx_HAL_Driver/Src/stm32f0xx_hal_can.o
LOAD ./Drivers/STM32F0xx_HAL_Driver/Src/stm32f0xx_hal_cortex.o
LOAD ./Drivers/STM32F0xx_HAL_Driver/Src/stm32f0xx_hal_dma.o
LOAD ./Drivers/STM32F0xx_HAL_Driver/Src/stm32f0xx_hal_flash.o
LOAD ./Drivers/STM32F0xx_HAL_Driver/Src/stm32f0xx_hal_flash_ex.o
LOAD ./Drivers/STM32F0xx_HAL_Driver/Src/stm32f0xx_hal_gpio.o
LOAD ./Drivers/STM32F0xx_HAL_Driver/Src/stm32f0xx_hal_i2c.o
LOAD ./Drivers/STM32F0xx_HAL_Driver/Src/stm32f0xx_hal_i2c_ex.o
LOAD ./Drivers/STM32F0xx_HAL_Driver/Src/stm32f0xx_hal_iwdg.o
LOAD ./Drivers/STM32F0xx_HAL_Driver/Src/stm32f0xx_hal_pwr.o
LOAD ./Drivers/STM32F0xx_HAL_Driver/Src/stm32f0xx_hal_pwr_ex.o
LOAD ./Drivers/STM32F0xx_HAL_Driver/Src/stm32f0xx_hal_rcc.o
LOAD ./Drivers/STM32F0xx_HAL_Driver/Src/stm32f0xx_hal_rcc_ex.o
LOAD ./Drivers/STM32F0xx_HAL_Driver/Src/stm32f0xx_hal_rtc.o
LOAD ./Drivers/STM32F0xx_HAL_Driver/Src/stm32f0xx_hal_rtc_ex.o
LOAD ./Drivers/STM32F0xx_HAL_Driver/Src/stm32f0xx_hal_spi.o
LOAD ./Drivers/STM32F0xx_HAL_Driver/Src/stm32f0xx_hal_spi_ex.o
LOAD ./Drivers/STM32F0xx_HAL_Driver/Src/stm32f0xx_hal_tim.o
LOAD ./Drivers/STM32F0xx_HAL_Driver/Src/stm32f0xx_hal_tim_ex.o
LOAD ./Drivers/STM32F0xx_HAL_Driver/Src/stm32f0xx_hal_uart.o
LOAD ./Drivers/STM32F0xx_HAL_Driver/Src/stm32f0xx_hal_uart_ex.o
START GROUP
LOAD c:/program files (x86)/gnu tools arm embedded/6 2017-q2-update/bin/../lib/gcc/arm-none-eabi/6.3.1/thumb/v6-m\libgcc.a
LOAD c:/program files (x86)/gnu tools arm embedded/6 2017-q2-update/bin/../lib/gcc/arm-none-eabi/6.3.1/../../../../arm-none-eabi/lib/thumb/v6-m\libg_nano.a
LOAD c:/program files (x86)/gnu tools arm embedded/6 2017-q2-update/bin/../lib/gcc/arm-none-eabi/6.3.1/../../../../arm-none-eabi/lib/thumb/v6-m\libc_nano.a
END GROUP
START GROUP
LOAD c:/program files (x86)/gnu tools arm embedded/6 2017-q2-update/bin/../lib/gcc/arm-none-eabi/6.3.1/thumb/v6-m\libgcc.a
LOAD c:/program files (x86)/gnu tools arm embedded/6 2017-q2-update/bin/../lib/gcc/arm-none-eabi/6.3.1/../../../../arm-none-eabi/lib/thumb/v6-m\libc_nano.a
LOAD c:/program files (x86)/gnu tools arm embedded/6 2017-q2-update/bin/../lib/gcc/arm-none-eabi/6.3.1/../../../../arm-none-eabi/lib/thumb/v6-m\libnosys.a
END GROUP
START GROUP
LOAD c:/program files (x86)/gnu tools arm embedded/6 2017-q2-update/bin/../lib/gcc/arm-none-eabi/6.3.1/thumb/v6-m\libgcc.a
LOAD c:/program files (x86)/gnu tools arm embedded/6 2017-q2-update/bin/../lib/gcc/arm-none-eabi/6.3.1/../../../../arm-none-eabi/lib/thumb/v6-m\libc_nano.a
LOAD c:/program files (x86)/gnu tools arm embedded/6 2017-q2-update/bin/../lib/gcc/arm-none-eabi/6.3.1/../../../../arm-none-eabi/lib/thumb/v6-m\libnosys.a
END GROUP
LOAD c:/program files (x86)/gnu tools arm embedded/6 2017-q2-update/bin/../lib/gcc/arm-none-eabi/6.3.1/thumb/v6-m/crtend.o
LOAD c:/program files (x86)/gnu tools arm embedded/6 2017-q2-update/bin/../lib/gcc/arm-none-eabi/6.3.1/thumb/v6-m/crtn.o
                0x20008000                _estack = 0x20008000
                0x00000200                _Min_Heap_Size = 0x200
                0x00000400                _Min_Stack_Size = 0x400

.isr_vector     0x08000000       0xbc
                0x08000000                . = ALIGN (0x4)
 *(.isr_vector)
 .isr_vector    0x08000000       0xbc ./Src/startup_stm32f091xc.o
                0x08000000                g_pfnVectors
                0x080000bc                . = ALIGN (0x4)

.text           0x080000c0     0x8c80
                0x080000c0                . = ALIGN (0x4)
 *(.text)
 .text          0x080000c0       0x60 c:/program files (x86)/gnu tools arm embedded/6 2017-q2-update/bin/../lib/gcc/arm-none-eabi/6.3.1/thumb/v6-m/crtbegin.o
 .text          0x08000120       0x14 c:/program files (x86)/gnu tools arm embedded/6 2017-q2-update/bin/../lib/gcc/arm-none-eabi/6.3.1/thumb/v6-m\libgcc.a(_thumb1_case_sqi.o)
                0x08000120                __gnu_thumb1_case_sqi
 .text          0x08000134       0x14 c:/program files (x86)/gnu tools arm embedded/6 2017-q2-update/bin/../lib/gcc/arm-none-eabi/6.3.1/thumb/v6-m\libgcc.a(_thumb1_case_uqi.o)
                0x08000134                __gnu_thumb1_case_uqi
 .text          0x08000148       0x14 c:/program files (x86)/gnu tools arm embedded/6 2017-q2-update/bin/../lib/gcc/arm-none-eabi/6.3.1/thumb/v6-m\libgcc.a(_thumb1_case_shi.o)
                0x08000148                __gnu_thumb1_case_shi
 .text          0x0800015c      0x114 c:/program files (x86)/gnu tools arm embedded/6 2017-q2-update/bin/../lib/gcc/arm-none-eabi/6.3.1/thumb/v6-m\libgcc.a(_udivsi3.o)
                0x0800015c                __aeabi_uidiv
                0x0800015c                __udivsi3
                0x08000268                __aeabi_uidivmod
 .text          0x08000270        0x4 c:/program files (x86)/gnu tools arm embedded/6 2017-q2-update/bin/../lib/gcc/arm-none-eabi/6.3.1/thumb/v6-m\libgcc.a(_dvmd_tls.o)
                0x08000270                __aeabi_idiv0
                0x08000270                __aeabi_ldiv0
 *(.text*)
 .text.MX_ADC_Init
                0x08000274       0x88 ./Src/adc.o
                0x08000274                MX_ADC_Init
 .text.HAL_ADC_MspInit
                0x080002fc       0x9c ./Src/adc.o
                0x080002fc                HAL_ADC_MspInit
 .text.MX_CAN_Init
                0x08000398       0x4c ./Src/can.o
                0x08000398                MX_CAN_Init
 .text.HAL_CAN_MspInit
                0x080003e4       0x60 ./Src/can.o
                0x080003e4                HAL_CAN_MspInit
 .text.MX_DMA_Init
                0x08000444       0x5c ./Src/dma.o
                0x08000444                MX_DMA_Init
 .text.StartDefaultTask
                0x080004a0        0xa ./Src/freertos.o
                0x080004a0                StartDefaultTask
 .text.cmd_proc_entry
                0x080004aa        0xa ./Src/freertos.o
                0x080004aa                cmd_proc_entry
 .text.usart2_entry
                0x080004b4      0x180 ./Src/freertos.o
                0x080004b4                usart2_entry
 .text.usart3_entry
                0x08000634      0x1a8 ./Src/freertos.o
                0x08000634                usart3_entry
 .text.IWDG_entry
                0x080007dc       0x14 ./Src/freertos.o
                0x080007dc                IWDG_entry
 .text.gpio_state_entry
                0x080007f0       0x70 ./Src/freertos.o
                0x080007f0                gpio_state_entry
 .text.spi1_entry
                0x08000860      0x2f4 ./Src/freertos.o
                0x08000860                spi1_entry
 .text.can_entry
                0x08000b54       0xac ./Src/freertos.o
                0x08000b54                can_entry
 .text.MX_FREERTOS_Init
                0x08000c00      0x29c ./Src/freertos.o
                0x08000c00                MX_FREERTOS_Init
 .text.aewin_dbg
                0x08000e9c       0x60 ./Src/freertos.o
                0x08000e9c                aewin_dbg
 .text.usart1_entry
                0x08000efc      0xb48 ./Src/freertos.o
                0x08000efc                usart1_entry
 .text.ignition_entry
                0x08001a44      0x290 ./Src/freertos.o
                0x08001a44                ignition_entry
 .text.i2c1_entry
                0x08001cd4      0x108 ./Src/freertos.o
                0x08001cd4                i2c1_entry
 .text.adc_entry
                0x08001ddc       0x78 ./Src/freertos.o
                0x08001ddc                adc_entry
 .text.HAL_UART_RxCpltCallback
                0x08001e54        0xc ./Src/freertos.o
                0x08001e54                HAL_UART_RxCpltCallback
 .text.MX_GPIO_Init
                0x08001e60       0xc4 ./Src/gpio.o
                0x08001e60                MX_GPIO_Init
 .text.MX_I2C1_Init
                0x08001f24       0x6c ./Src/i2c.o
                0x08001f24                MX_I2C1_Init
 .text.MX_I2C2_Init
                0x08001f90       0x6c ./Src/i2c.o
                0x08001f90                MX_I2C2_Init
 .text.HAL_I2C_MspInit
                0x08001ffc       0xac ./Src/i2c.o
                0x08001ffc                HAL_I2C_MspInit
 .text.MX_IWDG_Init
                0x080020a8       0x34 ./Src/iwdg.o
                0x080020a8                MX_IWDG_Init
 .text.SystemClock_Config
                0x080020dc       0xa4 ./Src/main.o
                0x080020dc                SystemClock_Config
 .text.startup.main
                0x08002180       0x4c ./Src/main.o
                0x08002180                main
 .text.HAL_TIM_PeriodElapsedCallback
                0x080021cc       0x14 ./Src/main.o
                0x080021cc                HAL_TIM_PeriodElapsedCallback
 .text._Error_Handler
                0x080021e0        0x2 ./Src/main.o
                0x080021e0                _Error_Handler
 *fill*         0x080021e2        0x2 
 .text.MX_RTC_Init
                0x080021e4      0x104 ./Src/rtc.o
                0x080021e4                MX_RTC_Init
 .text.HAL_RTC_MspInit
                0x080022e8       0x20 ./Src/rtc.o
                0x080022e8                HAL_RTC_MspInit
 .text.MX_SPI1_Init
                0x08002308       0x54 ./Src/spi.o
                0x08002308                MX_SPI1_Init
 .text.HAL_SPI_MspInit
                0x0800235c       0x60 ./Src/spi.o
                0x0800235c                HAL_SPI_MspInit
 .text.Reset_Handler
                0x080023bc       0x50 ./Src/startup_stm32f091xc.o
                0x080023bc                Reset_Handler
 .text.Default_Handler
                0x0800240c        0x2 ./Src/startup_stm32f091xc.o
                0x0800240c                TIM1_CC_IRQHandler
                0x0800240c                TSC_IRQHandler
                0x0800240c                ADC1_COMP_IRQHandler
                0x0800240c                RCC_CRS_IRQHandler
                0x0800240c                SPI1_IRQHandler
                0x0800240c                TIM6_DAC_IRQHandler
                0x0800240c                EXTI2_3_IRQHandler
                0x0800240c                I2C2_IRQHandler
                0x0800240c                TIM17_IRQHandler
                0x0800240c                RTC_IRQHandler
                0x0800240c                PVD_VDDIO2_IRQHandler
                0x0800240c                TIM16_IRQHandler
                0x0800240c                TIM3_IRQHandler
                0x0800240c                EXTI4_15_IRQHandler
                0x0800240c                Default_Handler
                0x0800240c                TIM14_IRQHandler
                0x0800240c                TIM7_IRQHandler
                0x0800240c                TIM15_IRQHandler
                0x0800240c                EXTI0_1_IRQHandler
                0x0800240c                SPI2_IRQHandler
                0x0800240c                WWDG_IRQHandler
                0x0800240c                TIM2_IRQHandler
                0x0800240c                FLASH_IRQHandler
 *fill*         0x0800240e        0x2 
 .text.HAL_MspInit
                0x08002410       0x3c ./Src/stm32f0xx_hal_msp.o
                0x08002410                HAL_MspInit
 .text.HAL_InitTick
                0x0800244c       0x7c ./Src/stm32f0xx_hal_timebase_TIM.o
                0x0800244c                HAL_InitTick
 .text.NMI_Handler
                0x080024c8        0x2 ./Src/stm32f0xx_it.o
                0x080024c8                NMI_Handler
 .text.HardFault_Handler
                0x080024ca        0x2 ./Src/stm32f0xx_it.o
                0x080024ca                HardFault_Handler
 .text.SysTick_Handler
                0x080024cc        0x8 ./Src/stm32f0xx_it.o
                0x080024cc                SysTick_Handler
 .text.DMA1_Ch1_IRQHandler
                0x080024d4       0x10 ./Src/stm32f0xx_it.o
                0x080024d4                DMA1_Ch1_IRQHandler
 .text.DMA1_Ch2_3_DMA2_Ch1_2_IRQHandler
                0x080024e4       0x2c ./Src/stm32f0xx_it.o
                0x080024e4                DMA1_Ch2_3_DMA2_Ch1_2_IRQHandler
 .text.DMA1_Ch4_7_DMA2_Ch3_5_IRQHandler
                0x08002510       0x18 ./Src/stm32f0xx_it.o
                0x08002510                DMA1_Ch4_7_DMA2_Ch3_5_IRQHandler
 .text.TIM1_BRK_UP_TRG_COM_IRQHandler
                0x08002528       0x10 ./Src/stm32f0xx_it.o
                0x08002528                TIM1_BRK_UP_TRG_COM_IRQHandler
 .text.I2C1_IRQHandler
                0x08002538       0x20 ./Src/stm32f0xx_it.o
                0x08002538                I2C1_IRQHandler
 .text.USART1_IRQHandler
                0x08002558       0x10 ./Src/stm32f0xx_it.o
                0x08002558                USART1_IRQHandler
 .text.USART2_IRQHandler
                0x08002568       0x10 ./Src/stm32f0xx_it.o
                0x08002568                USART2_IRQHandler
 .text.USART3_8_IRQHandler
                0x08002578       0x10 ./Src/stm32f0xx_it.o
                0x08002578                USART3_8_IRQHandler
 .text.CEC_CAN_IRQHandler
                0x08002588       0x10 ./Src/stm32f0xx_it.o
                0x08002588                CEC_CAN_IRQHandler
 .text.SystemInit
                0x08002598       0x60 ./Src/system_stm32f0xx.o
                0x08002598                SystemInit
 .text.MX_TIM2_Init
                0x080025f8       0x88 ./Src/tim.o
                0x080025f8                MX_TIM2_Init
 .text.HAL_TIM_Base_MspInit
                0x08002680       0x48 ./Src/tim.o
                0x08002680                HAL_TIM_Base_MspInit
 .text.HAL_TIM_MspPostInit
                0x080026c8       0x30 ./Src/tim.o
                0x080026c8                HAL_TIM_MspPostInit
 .text.MX_TIM14_Init
                0x080026f8       0x70 ./Src/tim.o
                0x080026f8                MX_TIM14_Init
 .text.MX_USART1_UART_Init
                0x08002768       0x40 ./Src/usart.o
                0x08002768                MX_USART1_UART_Init
 .text.MX_USART2_UART_Init
                0x080027a8       0x40 ./Src/usart.o
                0x080027a8                MX_USART2_UART_Init
 .text.MX_USART3_UART_Init
                0x080027e8       0x50 ./Src/usart.o
                0x080027e8                MX_USART3_UART_Init
 .text.HAL_UART_MspInit
                0x08002838      0x2f0 ./Src/usart.o
                0x08002838                HAL_UART_MspInit
 .text.unlikely.prvInsertBlockIntoFreeList
                0x08002b28       0x48 ./Middlewares/Third_Party/FreeRTOS/Source/portable/MemMang/heap_4.o
 .text.pvPortMalloc
                0x08002b70      0x104 ./Middlewares/Third_Party/FreeRTOS/Source/portable/MemMang/heap_4.o
                0x08002b70                pvPortMalloc
 .text.vPortFree
                0x08002c74       0x48 ./Middlewares/Third_Party/FreeRTOS/Source/portable/MemMang/heap_4.o
                0x08002c74                vPortFree
 .text.prvTaskExitError
                0x08002cbc       0x14 ./Middlewares/Third_Party/FreeRTOS/Source/portable/GCC/ARM_CM0/port.o
 .text.vPortStartFirstTask
                0x08002cd0       0x34 ./Middlewares/Third_Party/FreeRTOS/Source/portable/GCC/ARM_CM0/port.o
 .text.pxPortInitialiseStack
                0x08002d04       0x20 ./Middlewares/Third_Party/FreeRTOS/Source/portable/GCC/ARM_CM0/port.o
                0x08002d04                pxPortInitialiseStack
 .text.SVC_Handler
                0x08002d24        0x2 ./Middlewares/Third_Party/FreeRTOS/Source/portable/GCC/ARM_CM0/port.o
                0x08002d24                SVC_Handler
 *fill*         0x08002d26        0x2 
 .text.vPortYield
                0x08002d28       0x18 ./Middlewares/Third_Party/FreeRTOS/Source/portable/GCC/ARM_CM0/port.o
                0x08002d28                vPortYield
 .text.vPortEnterCritical
                0x08002d40       0x18 ./Middlewares/Third_Party/FreeRTOS/Source/portable/GCC/ARM_CM0/port.o
                0x08002d40                vPortEnterCritical
 .text.vPortExitCritical
                0x08002d58       0x1c ./Middlewares/Third_Party/FreeRTOS/Source/portable/GCC/ARM_CM0/port.o
                0x08002d58                vPortExitCritical
 .text.ulSetInterruptMaskFromISR
                0x08002d74        0xa ./Middlewares/Third_Party/FreeRTOS/Source/portable/GCC/ARM_CM0/port.o
                0x08002d74                ulSetInterruptMaskFromISR
 .text.vClearInterruptMaskFromISR
                0x08002d7e        0x6 ./Middlewares/Third_Party/FreeRTOS/Source/portable/GCC/ARM_CM0/port.o
                0x08002d7e                vClearInterruptMaskFromISR
 *fill*         0x08002d84        0xc 
 .text.PendSV_Handler
                0x08002d90       0x44 ./Middlewares/Third_Party/FreeRTOS/Source/portable/GCC/ARM_CM0/port.o
                0x08002d90                PendSV_Handler
 .text.xPortSysTickHandler
                0x08002dd4       0x24 ./Middlewares/Third_Party/FreeRTOS/Source/portable/GCC/ARM_CM0/port.o
                0x08002dd4                xPortSysTickHandler
 .text.vPortSetupTimerInterrupt
                0x08002df8       0x28 ./Middlewares/Third_Party/FreeRTOS/Source/portable/GCC/ARM_CM0/port.o
                0x08002df8                vPortSetupTimerInterrupt
 .text.xPortStartScheduler
                0x08002e20       0x34 ./Middlewares/Third_Party/FreeRTOS/Source/portable/GCC/ARM_CM0/port.o
                0x08002e20                xPortStartScheduler
 .text.osKernelStart
                0x08002e54        0xa ./Middlewares/Third_Party/FreeRTOS/Source/CMSIS_RTOS/cmsis_os.o
                0x08002e54                osKernelStart
 .text.osThreadCreate
                0x08002e5e       0x30 ./Middlewares/Third_Party/FreeRTOS/Source/CMSIS_RTOS/cmsis_os.o
                0x08002e5e                osThreadCreate
 .text.osDelay  0x08002e8e       0x10 ./Middlewares/Third_Party/FreeRTOS/Source/CMSIS_RTOS/cmsis_os.o
                0x08002e8e                osDelay
 .text.osMutexCreate
                0x08002e9e        0xa ./Middlewares/Third_Party/FreeRTOS/Source/CMSIS_RTOS/cmsis_os.o
                0x08002e9e                osMutexCreate
 .text.osMutexWait
                0x08002ea8       0x4c ./Middlewares/Third_Party/FreeRTOS/Source/CMSIS_RTOS/cmsis_os.o
                0x08002ea8                osMutexWait
 .text.osSemaphoreRelease
                0x08002ef4       0x40 ./Middlewares/Third_Party/FreeRTOS/Source/CMSIS_RTOS/cmsis_os.o
                0x08002ef4                osSemaphoreRelease
 .text.osMutexRelease
                0x08002f34        0x8 ./Middlewares/Third_Party/FreeRTOS/Source/CMSIS_RTOS/cmsis_os.o
                0x08002f34                osMutexRelease
 .text.osMessageCreate
                0x08002f3c        0xe ./Middlewares/Third_Party/FreeRTOS/Source/CMSIS_RTOS/cmsis_os.o
                0x08002f3c                osMessageCreate
 *fill*         0x08002f4a        0x2 
 .text.osMessagePut
                0x08002f4c       0x4c ./Middlewares/Third_Party/FreeRTOS/Source/CMSIS_RTOS/cmsis_os.o
                0x08002f4c                osMessagePut
 .text.osMessageGet
                0x08002f98       0x74 ./Middlewares/Third_Party/FreeRTOS/Source/CMSIS_RTOS/cmsis_os.o
                0x08002f98                osMessageGet
 .text.osSystickHandler
                0x0800300c       0x10 ./Middlewares/Third_Party/FreeRTOS/Source/CMSIS_RTOS/cmsis_os.o
                0x0800300c                osSystickHandler
 .text.vListInitialise
                0x0800301c       0x16 ./Middlewares/Third_Party/FreeRTOS/Source/list.o
                0x0800301c                vListInitialise
 .text.vListInitialiseItem
                0x08003032        0x6 ./Middlewares/Third_Party/FreeRTOS/Source/list.o
                0x08003032                vListInitialiseItem
 .text.vListInsertEnd
                0x08003038       0x18 ./Middlewares/Third_Party/FreeRTOS/Source/list.o
                0x08003038                vListInsertEnd
 .text.vListInsert
                0x08003050       0x2e ./Middlewares/Third_Party/FreeRTOS/Source/list.o
                0x08003050                vListInsert
 .text.uxListRemove
                0x0800307e       0x20 ./Middlewares/Third_Party/FreeRTOS/Source/list.o
                0x0800307e                uxListRemove
 .text.unlikely.prvCopyDataToQueue
                0x0800309e       0x70 ./Middlewares/Third_Party/FreeRTOS/Source/queue.o
 .text.unlikely.prvCopyDataFromQueue
                0x0800310e       0x24 ./Middlewares/Third_Party/FreeRTOS/Source/queue.o
 .text.prvUnlockQueue
                0x08003132       0x6a ./Middlewares/Third_Party/FreeRTOS/Source/queue.o
 .text.xQueueGenericReset
                0x0800319c       0x68 ./Middlewares/Third_Party/FreeRTOS/Source/queue.o
                0x0800319c                xQueueGenericReset
 .text.xQueueGenericCreate
                0x08003204       0x3a ./Middlewares/Third_Party/FreeRTOS/Source/queue.o
                0x08003204                xQueueGenericCreate
 .text.xQueueGenericSend
                0x0800323e      0x11e ./Middlewares/Third_Party/FreeRTOS/Source/queue.o
                0x0800323e                xQueueGenericSend
 .text.xQueueCreateMutex
                0x0800335c       0x24 ./Middlewares/Third_Party/FreeRTOS/Source/queue.o
                0x0800335c                xQueueCreateMutex
 .text.xQueueGenericSendFromISR
                0x08003380       0x92 ./Middlewares/Third_Party/FreeRTOS/Source/queue.o
                0x08003380                xQueueGenericSendFromISR
 .text.xQueueGiveFromISR
                0x08003412       0x7a ./Middlewares/Third_Party/FreeRTOS/Source/queue.o
                0x08003412                xQueueGiveFromISR
 .text.xQueueGenericReceive
                0x0800348c      0x14c ./Middlewares/Third_Party/FreeRTOS/Source/queue.o
                0x0800348c                xQueueGenericReceive
 .text.xQueueReceiveFromISR
                0x080035d8       0x80 ./Middlewares/Third_Party/FreeRTOS/Source/queue.o
                0x080035d8                xQueueReceiveFromISR
 .text.prvResetNextTaskUnblockTime
                0x08003658       0x28 ./Middlewares/Third_Party/FreeRTOS/Source/tasks.o
 .text.prvAddCurrentTaskToDelayedList
                0x08003680       0x70 ./Middlewares/Third_Party/FreeRTOS/Source/tasks.o
 .text.xTaskCreate
                0x080036f0      0x188 ./Middlewares/Third_Party/FreeRTOS/Source/tasks.o
                0x080036f0                xTaskCreate
 .text.vTaskStartScheduler
                0x08003878       0x54 ./Middlewares/Third_Party/FreeRTOS/Source/tasks.o
                0x08003878                vTaskStartScheduler
 .text.vTaskSuspendAll
                0x080038cc       0x10 ./Middlewares/Third_Party/FreeRTOS/Source/tasks.o
                0x080038cc                vTaskSuspendAll
 .text.xTaskIncrementTick
                0x080038dc       0xfc ./Middlewares/Third_Party/FreeRTOS/Source/tasks.o
                0x080038dc                xTaskIncrementTick
 .text.xTaskResumeAll
                0x080039d8       0xd0 ./Middlewares/Third_Party/FreeRTOS/Source/tasks.o
                0x080039d8                xTaskResumeAll
 .text.vTaskDelay
                0x08003aa8       0x34 ./Middlewares/Third_Party/FreeRTOS/Source/tasks.o
                0x08003aa8                vTaskDelay
 .text.prvIdleTask
                0x08003adc       0x68 ./Middlewares/Third_Party/FreeRTOS/Source/tasks.o
 .text.vTaskSwitchContext
                0x08003b44       0x6c ./Middlewares/Third_Party/FreeRTOS/Source/tasks.o
                0x08003b44                vTaskSwitchContext
 .text.vTaskPlaceOnEventList
                0x08003bb0       0x24 ./Middlewares/Third_Party/FreeRTOS/Source/tasks.o
                0x08003bb0                vTaskPlaceOnEventList
 .text.xTaskRemoveFromEventList
                0x08003bd4       0x78 ./Middlewares/Third_Party/FreeRTOS/Source/tasks.o
                0x08003bd4                xTaskRemoveFromEventList
 .text.vTaskSetTimeOutState
                0x08003c4c       0x20 ./Middlewares/Third_Party/FreeRTOS/Source/tasks.o
                0x08003c4c                vTaskSetTimeOutState
 .text.xTaskCheckForTimeOut
                0x08003c6c       0x60 ./Middlewares/Third_Party/FreeRTOS/Source/tasks.o
                0x08003c6c                xTaskCheckForTimeOut
 .text.vTaskMissedYield
                0x08003ccc        0xc ./Middlewares/Third_Party/FreeRTOS/Source/tasks.o
                0x08003ccc                vTaskMissedYield
 .text.xTaskGetSchedulerState
                0x08003cd8       0x20 ./Middlewares/Third_Party/FreeRTOS/Source/tasks.o
                0x08003cd8                xTaskGetSchedulerState
 .text.vTaskPriorityInherit
                0x08003cf8       0x6c ./Middlewares/Third_Party/FreeRTOS/Source/tasks.o
                0x08003cf8                vTaskPriorityInherit
 .text.xTaskPriorityDisinherit
                0x08003d64       0x6c ./Middlewares/Third_Party/FreeRTOS/Source/tasks.o
                0x08003d64                xTaskPriorityDisinherit
 .text.pvTaskIncrementMutexHeldCount
                0x08003dd0       0x18 ./Middlewares/Third_Party/FreeRTOS/Source/tasks.o
                0x08003dd0                pvTaskIncrementMutexHeldCount
 .text.HAL_Init
                0x08003de8       0x20 ./Drivers/STM32F0xx_HAL_Driver/Src/stm32f0xx_hal.o
                0x08003de8                HAL_Init
 .text.HAL_IncTick
                0x08003e08       0x10 ./Drivers/STM32F0xx_HAL_Driver/Src/stm32f0xx_hal.o
                0x08003e08                HAL_IncTick
 .text.HAL_GetTick
                0x08003e18        0xc ./Drivers/STM32F0xx_HAL_Driver/Src/stm32f0xx_hal.o
                0x08003e18                HAL_GetTick
 .text.HAL_Delay
                0x08003e24       0x20 ./Drivers/STM32F0xx_HAL_Driver/Src/stm32f0xx_hal.o
                0x08003e24                HAL_Delay
 .text.ADC_Disable
                0x08003e44       0x72 ./Drivers/STM32F0xx_HAL_Driver/Src/stm32f0xx_hal_adc.o
 *fill*         0x08003eb6        0x2 
 .text.ADC_Enable
                0x08003eb8       0x98 ./Drivers/STM32F0xx_HAL_Driver/Src/stm32f0xx_hal_adc.o
 .text.ADC_ConversionStop
                0x08003f50       0x52 ./Drivers/STM32F0xx_HAL_Driver/Src/stm32f0xx_hal_adc.o
 *fill*         0x08003fa2        0x2 
 .text.HAL_ADC_Init
                0x08003fa4      0x14c ./Drivers/STM32F0xx_HAL_Driver/Src/stm32f0xx_hal_adc.o
                0x08003fa4                HAL_ADC_Init
 .text.HAL_ADC_Start_DMA
                0x080040f0       0x94 ./Drivers/STM32F0xx_HAL_Driver/Src/stm32f0xx_hal_adc.o
                0x080040f0                HAL_ADC_Start_DMA
 .text.HAL_ADC_Stop_DMA
                0x08004184       0x70 ./Drivers/STM32F0xx_HAL_Driver/Src/stm32f0xx_hal_adc.o
                0x08004184                HAL_ADC_Stop_DMA
 .text.HAL_ADC_ConvCpltCallback
                0x080041f4        0x2 ./Drivers/STM32F0xx_HAL_Driver/Src/stm32f0xx_hal_adc.o
                0x080041f4                HAL_ADC_ConvCpltCallback
 *fill*         0x080041f6        0x2 
 .text.ADC_DMAConvCplt
                0x080041f8       0x70 ./Drivers/STM32F0xx_HAL_Driver/Src/stm32f0xx_hal_adc.o
 .text.HAL_ADC_ConvHalfCpltCallback
                0x08004268        0x2 ./Drivers/STM32F0xx_HAL_Driver/Src/stm32f0xx_hal_adc.o
                0x08004268                HAL_ADC_ConvHalfCpltCallback
 .text.ADC_DMAHalfConvCplt
                0x0800426a        0xa ./Drivers/STM32F0xx_HAL_Driver/Src/stm32f0xx_hal_adc.o
 .text.HAL_ADC_ErrorCallback
                0x08004274        0x2 ./Drivers/STM32F0xx_HAL_Driver/Src/stm32f0xx_hal_adc.o
                0x08004274                HAL_ADC_ErrorCallback
 .text.ADC_DMAError
                0x08004276       0x1a ./Drivers/STM32F0xx_HAL_Driver/Src/stm32f0xx_hal_adc.o
 .text.HAL_ADC_ConfigChannel
                0x08004290      0x100 ./Drivers/STM32F0xx_HAL_Driver/Src/stm32f0xx_hal_adc.o
                0x08004290                HAL_ADC_ConfigChannel
 .text.HAL_CAN_ConfigFilter
                0x08004390       0xdc ./Drivers/STM32F0xx_HAL_Driver/Src/stm32f0xx_hal_can.o
                0x08004390                HAL_CAN_ConfigFilter
 .text.HAL_CAN_Init
                0x0800446c      0x13c ./Drivers/STM32F0xx_HAL_Driver/Src/stm32f0xx_hal_can.o
                0x0800446c                HAL_CAN_Init
 .text.HAL_CAN_Transmit
                0x080045a8      0x1c0 ./Drivers/STM32F0xx_HAL_Driver/Src/stm32f0xx_hal_can.o
                0x080045a8                HAL_CAN_Transmit
 .text.HAL_CAN_Receive_IT
                0x08004768       0xbc ./Drivers/STM32F0xx_HAL_Driver/Src/stm32f0xx_hal_can.o
                0x08004768                HAL_CAN_Receive_IT
 .text.HAL_CAN_TxCpltCallback
                0x08004824        0x2 ./Drivers/STM32F0xx_HAL_Driver/Src/stm32f0xx_hal_can.o
                0x08004824                HAL_CAN_TxCpltCallback
 .text.HAL_CAN_RxCpltCallback
                0x08004826        0x2 ./Drivers/STM32F0xx_HAL_Driver/Src/stm32f0xx_hal_can.o
                0x08004826                HAL_CAN_RxCpltCallback
 .text.CAN_Receive_IT
                0x08004828      0x10c ./Drivers/STM32F0xx_HAL_Driver/Src/stm32f0xx_hal_can.o
 .text.HAL_CAN_ErrorCallback
                0x08004934        0x2 ./Drivers/STM32F0xx_HAL_Driver/Src/stm32f0xx_hal_can.o
                0x08004934                HAL_CAN_ErrorCallback
 *fill*         0x08004936        0x2 
 .text.HAL_CAN_IRQHandler
                0x08004938      0x1e4 ./Drivers/STM32F0xx_HAL_Driver/Src/stm32f0xx_hal_can.o
                0x08004938                HAL_CAN_IRQHandler
 .text.HAL_NVIC_SetPriority
                0x08004b1c       0x60 ./Drivers/STM32F0xx_HAL_Driver/Src/stm32f0xx_hal_cortex.o
                0x08004b1c                HAL_NVIC_SetPriority
 .text.HAL_NVIC_EnableIRQ
                0x08004b7c       0x14 ./Drivers/STM32F0xx_HAL_Driver/Src/stm32f0xx_hal_cortex.o
                0x08004b7c                HAL_NVIC_EnableIRQ
 .text.HAL_SYSTICK_Config
                0x08004b90       0x34 ./Drivers/STM32F0xx_HAL_Driver/Src/stm32f0xx_hal_cortex.o
                0x08004b90                HAL_SYSTICK_Config
 .text.HAL_SYSTICK_CLKSourceConfig
                0x08004bc4       0x1c ./Drivers/STM32F0xx_HAL_Driver/Src/stm32f0xx_hal_cortex.o
                0x08004bc4                HAL_SYSTICK_CLKSourceConfig
 .text.DMA_CalcBaseAndBitshift
                0x08004be0       0x48 ./Drivers/STM32F0xx_HAL_Driver/Src/stm32f0xx_hal_dma.o
 .text.HAL_DMA_Init
                0x08004c28       0x58 ./Drivers/STM32F0xx_HAL_Driver/Src/stm32f0xx_hal_dma.o
                0x08004c28                HAL_DMA_Init
 .text.HAL_DMA_Start_IT
                0x08004c80       0x76 ./Drivers/STM32F0xx_HAL_Driver/Src/stm32f0xx_hal_dma.o
                0x08004c80                HAL_DMA_Start_IT
 .text.HAL_DMA_Abort
                0x08004cf6       0x2a ./Drivers/STM32F0xx_HAL_Driver/Src/stm32f0xx_hal_dma.o
                0x08004cf6                HAL_DMA_Abort
 .text.HAL_DMA_Abort_IT
                0x08004d20       0x46 ./Drivers/STM32F0xx_HAL_Driver/Src/stm32f0xx_hal_dma.o
                0x08004d20                HAL_DMA_Abort_IT
 .text.HAL_DMA_IRQHandler
                0x08004d66       0x92 ./Drivers/STM32F0xx_HAL_Driver/Src/stm32f0xx_hal_dma.o
                0x08004d66                HAL_DMA_IRQHandler
 .text.HAL_GPIO_Init
                0x08004df8      0x178 ./Drivers/STM32F0xx_HAL_Driver/Src/stm32f0xx_hal_gpio.o
                0x08004df8                HAL_GPIO_Init
 .text.HAL_GPIO_ReadPin
                0x08004f70        0xc ./Drivers/STM32F0xx_HAL_Driver/Src/stm32f0xx_hal_gpio.o
                0x08004f70                HAL_GPIO_ReadPin
 .text.HAL_GPIO_WritePin
                0x08004f7c        0xc ./Drivers/STM32F0xx_HAL_Driver/Src/stm32f0xx_hal_gpio.o
                0x08004f7c                HAL_GPIO_WritePin
 .text.I2C_Flush_TXDR
                0x08004f88       0x1c ./Drivers/STM32F0xx_HAL_Driver/Src/stm32f0xx_hal_i2c.o
 .text.I2C_TransferConfig
                0x08004fa4       0x24 ./Drivers/STM32F0xx_HAL_Driver/Src/stm32f0xx_hal_i2c.o
 .text.I2C_Disable_IRQ
                0x08004fc8       0x60 ./Drivers/STM32F0xx_HAL_Driver/Src/stm32f0xx_hal_i2c.o
 .text.I2C_WaitOnFlagUntilTimeout
                0x08005028       0x4c ./Drivers/STM32F0xx_HAL_Driver/Src/stm32f0xx_hal_i2c.o
 .text.I2C_IsAcknowledgeFailed
                0x08005074       0x80 ./Drivers/STM32F0xx_HAL_Driver/Src/stm32f0xx_hal_i2c.o
 .text.I2C_WaitOnTXISFlagUntilTimeout
                0x080050f4       0x5a ./Drivers/STM32F0xx_HAL_Driver/Src/stm32f0xx_hal_i2c.o
 *fill*         0x0800514e        0x2 
 .text.I2C_WaitOnRXNEFlagUntilTimeout
                0x08005150       0x78 ./Drivers/STM32F0xx_HAL_Driver/Src/stm32f0xx_hal_i2c.o
 .text.I2C_WaitOnSTOPFlagUntilTimeout
                0x080051c8       0x56 ./Drivers/STM32F0xx_HAL_Driver/Src/stm32f0xx_hal_i2c.o
 *fill*         0x0800521e        0x2 
 .text.HAL_I2C_Init
                0x08005220       0xac ./Drivers/STM32F0xx_HAL_Driver/Src/stm32f0xx_hal_i2c.o
                0x08005220                HAL_I2C_Init
 .text.HAL_I2C_Master_Transmit
                0x080052cc      0x130 ./Drivers/STM32F0xx_HAL_Driver/Src/stm32f0xx_hal_i2c.o
                0x080052cc                HAL_I2C_Master_Transmit
 .text.HAL_I2C_Master_Receive
                0x080053fc      0x130 ./Drivers/STM32F0xx_HAL_Driver/Src/stm32f0xx_hal_i2c.o
                0x080053fc                HAL_I2C_Master_Receive
 .text.HAL_I2C_EV_IRQHandler
                0x0800552c       0x12 ./Drivers/STM32F0xx_HAL_Driver/Src/stm32f0xx_hal_i2c.o
                0x0800552c                HAL_I2C_EV_IRQHandler
 .text.HAL_I2C_SlaveTxCpltCallback
                0x0800553e        0x2 ./Drivers/STM32F0xx_HAL_Driver/Src/stm32f0xx_hal_i2c.o
                0x0800553e                HAL_I2C_SlaveTxCpltCallback
 .text.HAL_I2C_SlaveRxCpltCallback
                0x08005540        0x2 ./Drivers/STM32F0xx_HAL_Driver/Src/stm32f0xx_hal_i2c.o
                0x08005540                HAL_I2C_SlaveRxCpltCallback
 .text.I2C_ITSlaveSequentialCplt
                0x08005542       0x52 ./Drivers/STM32F0xx_HAL_Driver/Src/stm32f0xx_hal_i2c.o
 .text.HAL_I2C_AddrCallback
                0x08005594        0x2 ./Drivers/STM32F0xx_HAL_Driver/Src/stm32f0xx_hal_i2c.o
                0x08005594                HAL_I2C_AddrCallback
 .text.HAL_I2C_ListenCpltCallback
                0x08005596        0x2 ./Drivers/STM32F0xx_HAL_Driver/Src/stm32f0xx_hal_i2c.o
                0x08005596                HAL_I2C_ListenCpltCallback
 .text.I2C_ITListenCplt
                0x08005598       0x64 ./Drivers/STM32F0xx_HAL_Driver/Src/stm32f0xx_hal_i2c.o
 .text.HAL_I2C_ErrorCallback
                0x080055fc        0x2 ./Drivers/STM32F0xx_HAL_Driver/Src/stm32f0xx_hal_i2c.o
                0x080055fc                HAL_I2C_ErrorCallback
 .text.HAL_I2C_AbortCpltCallback
                0x080055fe        0x2 ./Drivers/STM32F0xx_HAL_Driver/Src/stm32f0xx_hal_i2c.o
                0x080055fe                HAL_I2C_AbortCpltCallback
 .text.I2C_ITError
                0x08005600       0xe0 ./Drivers/STM32F0xx_HAL_Driver/Src/stm32f0xx_hal_i2c.o
 .text.I2C_ITSlaveCplt
                0x080056e0       0xf8 ./Drivers/STM32F0xx_HAL_Driver/Src/stm32f0xx_hal_i2c.o
 .text.I2C_Slave_ISR_IT
                0x080057d8      0x1d0 ./Drivers/STM32F0xx_HAL_Driver/Src/stm32f0xx_hal_i2c.o
 .text.HAL_I2C_ER_IRQHandler
                0x080059a8       0x5a ./Drivers/STM32F0xx_HAL_Driver/Src/stm32f0xx_hal_i2c.o
                0x080059a8                HAL_I2C_ER_IRQHandler
 .text.I2C_DMAAbort
                0x08005a02       0x34 ./Drivers/STM32F0xx_HAL_Driver/Src/stm32f0xx_hal_i2c.o
 *fill*         0x08005a36        0x2 
 .text.HAL_I2CEx_ConfigAnalogFilter
                0x08005a38       0x4c ./Drivers/STM32F0xx_HAL_Driver/Src/stm32f0xx_hal_i2c_ex.o
                0x08005a38                HAL_I2CEx_ConfigAnalogFilter
 .text.HAL_I2CEx_ConfigDigitalFilter
                0x08005a84       0x48 ./Drivers/STM32F0xx_HAL_Driver/Src/stm32f0xx_hal_i2c_ex.o
                0x08005a84                HAL_I2CEx_ConfigDigitalFilter
 .text.HAL_I2CEx_EnableFastModePlus
                0x08005acc       0x28 ./Drivers/STM32F0xx_HAL_Driver/Src/stm32f0xx_hal_i2c_ex.o
                0x08005acc                HAL_I2CEx_EnableFastModePlus
 .text.HAL_IWDG_Init
                0x08005af4       0x58 ./Drivers/STM32F0xx_HAL_Driver/Src/stm32f0xx_hal_iwdg.o
                0x08005af4                HAL_IWDG_Init
 .text.HAL_IWDG_Refresh
                0x08005b4c       0x10 ./Drivers/STM32F0xx_HAL_Driver/Src/stm32f0xx_hal_iwdg.o
                0x08005b4c                HAL_IWDG_Refresh
 .text.HAL_PWR_EnableBkUpAccess
                0x08005b5c       0x14 ./Drivers/STM32F0xx_HAL_Driver/Src/stm32f0xx_hal_pwr.o
                0x08005b5c                HAL_PWR_EnableBkUpAccess
 .text.HAL_RCC_OscConfig
                0x08005b70      0x464 ./Drivers/STM32F0xx_HAL_Driver/Src/stm32f0xx_hal_rcc.o
                0x08005b70                HAL_RCC_OscConfig
 .text.HAL_RCC_MCOConfig
                0x08005fd4       0x54 ./Drivers/STM32F0xx_HAL_Driver/Src/stm32f0xx_hal_rcc.o
                0x08005fd4                HAL_RCC_MCOConfig
 .text.HAL_RCC_GetSysClockFreq
                0x08006028       0x78 ./Drivers/STM32F0xx_HAL_Driver/Src/stm32f0xx_hal_rcc.o
                0x08006028                HAL_RCC_GetSysClockFreq
 .text.HAL_RCC_ClockConfig
                0x080060a0      0x15c ./Drivers/STM32F0xx_HAL_Driver/Src/stm32f0xx_hal_rcc.o
                0x080060a0                HAL_RCC_ClockConfig
 .text.HAL_RCC_GetHCLKFreq
                0x080061fc        0xc ./Drivers/STM32F0xx_HAL_Driver/Src/stm32f0xx_hal_rcc.o
                0x080061fc                HAL_RCC_GetHCLKFreq
 .text.HAL_RCC_GetPCLK1Freq
                0x08006208       0x20 ./Drivers/STM32F0xx_HAL_Driver/Src/stm32f0xx_hal_rcc.o
                0x08006208                HAL_RCC_GetPCLK1Freq
 .text.HAL_RCC_GetClockConfig
                0x08006228       0x38 ./Drivers/STM32F0xx_HAL_Driver/Src/stm32f0xx_hal_rcc.o
                0x08006228                HAL_RCC_GetClockConfig
 .text.HAL_RCCEx_PeriphCLKConfig
                0x08006260      0x144 ./Drivers/STM32F0xx_HAL_Driver/Src/stm32f0xx_hal_rcc_ex.o
                0x08006260                HAL_RCCEx_PeriphCLKConfig
 .text.HAL_RTC_WaitForSynchro
                0x080063a4       0x34 ./Drivers/STM32F0xx_HAL_Driver/Src/stm32f0xx_hal_rtc.o
                0x080063a4                HAL_RTC_WaitForSynchro
 .text.RTC_EnterInitMode
                0x080063d8       0x38 ./Drivers/STM32F0xx_HAL_Driver/Src/stm32f0xx_hal_rtc.o
                0x080063d8                RTC_EnterInitMode
 .text.HAL_RTC_Init
                0x08006410       0xa8 ./Drivers/STM32F0xx_HAL_Driver/Src/stm32f0xx_hal_rtc.o
                0x08006410                HAL_RTC_Init
 .text.RTC_ByteToBcd2
                0x080064b8       0x16 ./Drivers/STM32F0xx_HAL_Driver/Src/stm32f0xx_hal_rtc.o
                0x080064b8                RTC_ByteToBcd2
 *fill*         0x080064ce        0x2 
 .text.HAL_RTC_SetTime
                0x080064d0       0xe8 ./Drivers/STM32F0xx_HAL_Driver/Src/stm32f0xx_hal_rtc.o
                0x080064d0                HAL_RTC_SetTime
 .text.HAL_RTC_SetDate
                0x080065b8       0xc8 ./Drivers/STM32F0xx_HAL_Driver/Src/stm32f0xx_hal_rtc.o
                0x080065b8                HAL_RTC_SetDate
 .text.HAL_RTC_SetAlarm
                0x08006680      0x108 ./Drivers/STM32F0xx_HAL_Driver/Src/stm32f0xx_hal_rtc.o
                0x08006680                HAL_RTC_SetAlarm
 .text.RTC_Bcd2ToByte
                0x08006788       0x10 ./Drivers/STM32F0xx_HAL_Driver/Src/stm32f0xx_hal_rtc.o
                0x08006788                RTC_Bcd2ToByte
 .text.HAL_RTC_GetTime
                0x08006798       0x4c ./Drivers/STM32F0xx_HAL_Driver/Src/stm32f0xx_hal_rtc.o
                0x08006798                HAL_RTC_GetTime
 .text.HAL_RTC_GetDate
                0x080067e4       0x3e ./Drivers/STM32F0xx_HAL_Driver/Src/stm32f0xx_hal_rtc.o
                0x080067e4                HAL_RTC_GetDate
 *fill*         0x08006822        0x2 
 .text.HAL_RTCEx_SetTimeStamp
                0x08006824       0x40 ./Drivers/STM32F0xx_HAL_Driver/Src/stm32f0xx_hal_rtc_ex.o
                0x08006824                HAL_RTCEx_SetTimeStamp
 .text.HAL_RTCEx_SetWakeUpTimer
                0x08006864       0xbc ./Drivers/STM32F0xx_HAL_Driver/Src/stm32f0xx_hal_rtc_ex.o
                0x08006864                HAL_RTCEx_SetWakeUpTimer
 .text.HAL_RTCEx_BKUPWrite
                0x08006920        0xc ./Drivers/STM32F0xx_HAL_Driver/Src/stm32f0xx_hal_rtc_ex.o
                0x08006920                HAL_RTCEx_BKUPWrite
 .text.HAL_RTCEx_BKUPRead
                0x0800692c        0xc ./Drivers/STM32F0xx_HAL_Driver/Src/stm32f0xx_hal_rtc_ex.o
                0x0800692c                HAL_RTCEx_BKUPRead
 .text.SPI_WaitFifoStateUntilTimeout.part.1
                0x08006938       0x60 ./Drivers/STM32F0xx_HAL_Driver/Src/stm32f0xx_hal_spi.o
 .text.SPI_WaitFlagStateUntilTimeout.constprop.9
                0x08006998       0x2e ./Drivers/STM32F0xx_HAL_Driver/Src/stm32f0xx_hal_spi.o
 .text.SPI_WaitFifoStateUntilTimeout.constprop.10
                0x080069c6       0x48 ./Drivers/STM32F0xx_HAL_Driver/Src/stm32f0xx_hal_spi.o
 .text.SPI_EndRxTxTransaction
                0x08006a0e       0x46 ./Drivers/STM32F0xx_HAL_Driver/Src/stm32f0xx_hal_spi.o
 .text.SPI_EndRxTransaction
                0x08006a54       0x7a ./Drivers/STM32F0xx_HAL_Driver/Src/stm32f0xx_hal_spi.o
 *fill*         0x08006ace        0x2 
 .text.HAL_SPI_Init
                0x08006ad0       0xbc ./Drivers/STM32F0xx_HAL_Driver/Src/stm32f0xx_hal_spi.o
                0x08006ad0                HAL_SPI_Init
 .text.HAL_SPI_Transmit
                0x08006b8c      0x1aa ./Drivers/STM32F0xx_HAL_Driver/Src/stm32f0xx_hal_spi.o
                0x08006b8c                HAL_SPI_Transmit
 *fill*         0x08006d36        0x2 
 .text.HAL_SPI_TransmitReceive
                0x08006d38      0x268 ./Drivers/STM32F0xx_HAL_Driver/Src/stm32f0xx_hal_spi.o
                0x08006d38                HAL_SPI_TransmitReceive
 .text.HAL_SPI_Receive
                0x08006fa0      0x17c ./Drivers/STM32F0xx_HAL_Driver/Src/stm32f0xx_hal_spi.o
                0x08006fa0                HAL_SPI_Receive
 .text.TIM_OC1_SetConfig
                0x0800711c       0x88 ./Drivers/STM32F0xx_HAL_Driver/Src/stm32f0xx_hal_tim.o
 .text.TIM_OC3_SetConfig
                0x080071a4       0x88 ./Drivers/STM32F0xx_HAL_Driver/Src/stm32f0xx_hal_tim.o
 .text.TIM_OC4_SetConfig
                0x0800722c       0x74 ./Drivers/STM32F0xx_HAL_Driver/Src/stm32f0xx_hal_tim.o
 .text.HAL_TIM_Base_Start_IT
                0x080072a0       0x14 ./Drivers/STM32F0xx_HAL_Driver/Src/stm32f0xx_hal_tim.o
                0x080072a0                HAL_TIM_Base_Start_IT
 .text.HAL_TIM_PWM_MspInit
                0x080072b4        0x2 ./Drivers/STM32F0xx_HAL_Driver/Src/stm32f0xx_hal_tim.o
                0x080072b4                HAL_TIM_PWM_MspInit
 .text.HAL_TIM_OC_DelayElapsedCallback
                0x080072b6        0x2 ./Drivers/STM32F0xx_HAL_Driver/Src/stm32f0xx_hal_tim.o
                0x080072b6                HAL_TIM_OC_DelayElapsedCallback
 .text.HAL_TIM_IC_CaptureCallback
                0x080072b8        0x2 ./Drivers/STM32F0xx_HAL_Driver/Src/stm32f0xx_hal_tim.o
                0x080072b8                HAL_TIM_IC_CaptureCallback
 .text.HAL_TIM_PWM_PulseFinishedCallback
                0x080072ba        0x2 ./Drivers/STM32F0xx_HAL_Driver/Src/stm32f0xx_hal_tim.o
                0x080072ba                HAL_TIM_PWM_PulseFinishedCallback
 .text.HAL_TIM_TriggerCallback
                0x080072bc        0x2 ./Drivers/STM32F0xx_HAL_Driver/Src/stm32f0xx_hal_tim.o
                0x080072bc                HAL_TIM_TriggerCallback
 .text.HAL_TIM_IRQHandler
                0x080072be      0x148 ./Drivers/STM32F0xx_HAL_Driver/Src/stm32f0xx_hal_tim.o
                0x080072be                HAL_TIM_IRQHandler
 *fill*         0x08007406        0x2 
 .text.TIM_Base_SetConfig
                0x08007408       0xa0 ./Drivers/STM32F0xx_HAL_Driver/Src/stm32f0xx_hal_tim.o
                0x08007408                TIM_Base_SetConfig
 .text.HAL_TIM_Base_Init
                0x080074a8       0x36 ./Drivers/STM32F0xx_HAL_Driver/Src/stm32f0xx_hal_tim.o
                0x080074a8                HAL_TIM_Base_Init
 .text.HAL_TIM_PWM_Init
                0x080074de       0x36 ./Drivers/STM32F0xx_HAL_Driver/Src/stm32f0xx_hal_tim.o
                0x080074de                HAL_TIM_PWM_Init
 .text.TIM_OC2_SetConfig
                0x08007514       0x80 ./Drivers/STM32F0xx_HAL_Driver/Src/stm32f0xx_hal_tim.o
                0x08007514                TIM_OC2_SetConfig
 .text.HAL_TIM_PWM_ConfigChannel
                0x08007594       0xd4 ./Drivers/STM32F0xx_HAL_Driver/Src/stm32f0xx_hal_tim.o
                0x08007594                HAL_TIM_PWM_ConfigChannel
 .text.TIM_ETR_SetConfig
                0x08007668       0x18 ./Drivers/STM32F0xx_HAL_Driver/Src/stm32f0xx_hal_tim.o
                0x08007668                TIM_ETR_SetConfig
 .text.HAL_TIM_ConfigClockSource
                0x08007680      0x168 ./Drivers/STM32F0xx_HAL_Driver/Src/stm32f0xx_hal_tim.o
                0x08007680                HAL_TIM_ConfigClockSource
 .text.TIM_SlaveTimer_SetConfig
                0x080077e8       0xa4 ./Drivers/STM32F0xx_HAL_Driver/Src/stm32f0xx_hal_tim.o
 .text.HAL_TIM_SlaveConfigSynchronization
                0x0800788c       0x40 ./Drivers/STM32F0xx_HAL_Driver/Src/stm32f0xx_hal_tim.o
                0x0800788c                HAL_TIM_SlaveConfigSynchronization
 .text.HAL_TIMEx_MasterConfigSynchronization
                0x080078cc       0x42 ./Drivers/STM32F0xx_HAL_Driver/Src/stm32f0xx_hal_tim_ex.o
                0x080078cc                HAL_TIMEx_MasterConfigSynchronization
 .text.HAL_TIMEx_CommutationCallback
                0x0800790e        0x2 ./Drivers/STM32F0xx_HAL_Driver/Src/stm32f0xx_hal_tim_ex.o
                0x0800790e                HAL_TIMEx_CommutationCallback
 .text.HAL_TIMEx_BreakCallback
                0x08007910        0x2 ./Drivers/STM32F0xx_HAL_Driver/Src/stm32f0xx_hal_tim_ex.o
                0x08007910                HAL_TIMEx_BreakCallback
 *fill*         0x08007912        0x2 
 .text.UART_EndRxTransfer
                0x08007914       0x20 ./Drivers/STM32F0xx_HAL_Driver/Src/stm32f0xx_hal_uart.o
 .text.HAL_UART_Receive_IT
                0x08007934       0xa8 ./Drivers/STM32F0xx_HAL_Driver/Src/stm32f0xx_hal_uart.o
                0x08007934                HAL_UART_Receive_IT
 .text.HAL_UART_Transmit_DMA
                0x080079dc       0x8c ./Drivers/STM32F0xx_HAL_Driver/Src/stm32f0xx_hal_uart.o
                0x080079dc                HAL_UART_Transmit_DMA
 .text.HAL_UART_Receive_DMA
                0x08007a68       0x9c ./Drivers/STM32F0xx_HAL_Driver/Src/stm32f0xx_hal_uart.o
                0x08007a68                HAL_UART_Receive_DMA
 .text.HAL_UART_TxCpltCallback
                0x08007b04        0x2 ./Drivers/STM32F0xx_HAL_Driver/Src/stm32f0xx_hal_uart.o
                0x08007b04                HAL_UART_TxCpltCallback
 .text.UART_DMATransmitCplt
                0x08007b06       0x30 ./Drivers/STM32F0xx_HAL_Driver/Src/stm32f0xx_hal_uart.o
 .text.HAL_UART_TxHalfCpltCallback
                0x08007b36        0x2 ./Drivers/STM32F0xx_HAL_Driver/Src/stm32f0xx_hal_uart.o
                0x08007b36                HAL_UART_TxHalfCpltCallback
 .text.UART_DMATxHalfCplt
                0x08007b38        0xa ./Drivers/STM32F0xx_HAL_Driver/Src/stm32f0xx_hal_uart.o
 *fill*         0x08007b42        0x2 
 .text.UART_DMAReceiveCplt
                0x08007b44       0x44 ./Drivers/STM32F0xx_HAL_Driver/Src/stm32f0xx_hal_uart.o
 .text.HAL_UART_RxHalfCpltCallback
                0x08007b88        0x2 ./Drivers/STM32F0xx_HAL_Driver/Src/stm32f0xx_hal_uart.o
                0x08007b88                HAL_UART_RxHalfCpltCallback
 .text.UART_DMARxHalfCplt
                0x08007b8a        0xa ./Drivers/STM32F0xx_HAL_Driver/Src/stm32f0xx_hal_uart.o
 .text.HAL_UART_ErrorCallback
                0x08007b94        0x2 ./Drivers/STM32F0xx_HAL_Driver/Src/stm32f0xx_hal_uart.o
                0x08007b94                HAL_UART_ErrorCallback
 .text.UART_DMAError
                0x08007b96       0x5a ./Drivers/STM32F0xx_HAL_Driver/Src/stm32f0xx_hal_uart.o
 .text.UART_DMAAbortOnError
                0x08007bf0       0x16 ./Drivers/STM32F0xx_HAL_Driver/Src/stm32f0xx_hal_uart.o
 .text.HAL_UART_AbortCpltCallback
                0x08007c06        0x2 ./Drivers/STM32F0xx_HAL_Driver/Src/stm32f0xx_hal_uart.o
                0x08007c06                HAL_UART_AbortCpltCallback
 .text.HAL_UART_Abort_IT
                0x08007c08       0xc0 ./Drivers/STM32F0xx_HAL_Driver/Src/stm32f0xx_hal_uart.o
                0x08007c08                HAL_UART_Abort_IT
 .text.UART_DMARxAbortCallback
                0x08007cc8       0x36 ./Drivers/STM32F0xx_HAL_Driver/Src/stm32f0xx_hal_uart.o
 .text.UART_DMATxAbortCallback
                0x08007cfe       0x36 ./Drivers/STM32F0xx_HAL_Driver/Src/stm32f0xx_hal_uart.o
 .text.UART_SetConfig
                0x08007d34      0x1c0 ./Drivers/STM32F0xx_HAL_Driver/Src/stm32f0xx_hal_uart.o
                0x08007d34                UART_SetConfig
 .text.UART_AdvFeatureConfig
                0x08007ef4       0xd0 ./Drivers/STM32F0xx_HAL_Driver/Src/stm32f0xx_hal_uart.o
                0x08007ef4                UART_AdvFeatureConfig
 .text.UART_WaitOnFlagUntilTimeout
                0x08007fc4       0x64 ./Drivers/STM32F0xx_HAL_Driver/Src/stm32f0xx_hal_uart.o
                0x08007fc4                UART_WaitOnFlagUntilTimeout
 .text.HAL_UART_Transmit
                0x08008028       0xcc ./Drivers/STM32F0xx_HAL_Driver/Src/stm32f0xx_hal_uart.o
                0x08008028                HAL_UART_Transmit
 .text.UART_CheckIdleState
                0x080080f4       0x84 ./Drivers/STM32F0xx_HAL_Driver/Src/stm32f0xx_hal_uart.o
                0x080080f4                UART_CheckIdleState
 .text.HAL_UART_Init
                0x08008178       0x6c ./Drivers/STM32F0xx_HAL_Driver/Src/stm32f0xx_hal_uart.o
                0x08008178                HAL_UART_Init
 .text.UART_Transmit_IT
                0x080081e4       0x64 ./Drivers/STM32F0xx_HAL_Driver/Src/stm32f0xx_hal_uart.o
                0x080081e4                UART_Transmit_IT
 .text.UART_EndTransmit_IT
                0x08008248       0x1c ./Drivers/STM32F0xx_HAL_Driver/Src/stm32f0xx_hal_uart.o
                0x08008248                UART_EndTransmit_IT
 .text.UART_Receive_IT
                0x08008264       0x7c ./Drivers/STM32F0xx_HAL_Driver/Src/stm32f0xx_hal_uart.o
                0x08008264                UART_Receive_IT
 .text.HAL_UART_IRQHandler
                0x080082e0      0x138 ./Drivers/STM32F0xx_HAL_Driver/Src/stm32f0xx_hal_uart.o
                0x080082e0                HAL_UART_IRQHandler
 .text.HAL_UARTEx_WakeupCallback
                0x08008418        0x2 ./Drivers/STM32F0xx_HAL_Driver/Src/stm32f0xx_hal_uart_ex.o
                0x08008418                HAL_UARTEx_WakeupCallback
 *fill*         0x0800841a        0x2 
 .text.__libc_init_array
                0x0800841c       0x48 c:/program files (x86)/gnu tools arm embedded/6 2017-q2-update/bin/../lib/gcc/arm-none-eabi/6.3.1/../../../../arm-none-eabi/lib/thumb/v6-m\libg_nano.a(lib_a-init.o)
                0x0800841c                __libc_init_array
 .text.memcpy   0x08008464       0x12 c:/program files (x86)/gnu tools arm embedded/6 2017-q2-update/bin/../lib/gcc/arm-none-eabi/6.3.1/../../../../arm-none-eabi/lib/thumb/v6-m\libg_nano.a(lib_a-memcpy-stub.o)
                0x08008464                memcpy
 .text.memset   0x08008476       0x10 c:/program files (x86)/gnu tools arm embedded/6 2017-q2-update/bin/../lib/gcc/arm-none-eabi/6.3.1/../../../../arm-none-eabi/lib/thumb/v6-m\libg_nano.a(lib_a-memset.o)
                0x08008476                memset
 .text.strncpy  0x08008486       0x2a c:/program files (x86)/gnu tools arm embedded/6 2017-q2-update/bin/../lib/gcc/arm-none-eabi/6.3.1/../../../../arm-none-eabi/lib/thumb/v6-m\libg_nano.a(lib_a-strncpy.o)
                0x08008486                strncpy
 .text._vsnprintf_r
                0x080084b0       0x56 c:/program files (x86)/gnu tools arm embedded/6 2017-q2-update/bin/../lib/gcc/arm-none-eabi/6.3.1/../../../../arm-none-eabi/lib/thumb/v6-m\libg_nano.a(lib_a-vsnprintf.o)
                0x080084b0                _vsniprintf_r
                0x080084b0                _vsnprintf_r
 *fill*         0x08008506        0x2 
 .text.vsnprintf
                0x08008508       0x18 c:/program files (x86)/gnu tools arm embedded/6 2017-q2-update/bin/../lib/gcc/arm-none-eabi/6.3.1/../../../../arm-none-eabi/lib/thumb/v6-m\libg_nano.a(lib_a-vsnprintf.o)
                0x08008508                vsniprintf
                0x08008508                vsnprintf
 .text.__ssputs_r
                0x08008520       0xc4 c:/program files (x86)/gnu tools arm embedded/6 2017-q2-update/bin/../lib/gcc/arm-none-eabi/6.3.1/../../../../arm-none-eabi/lib/thumb/v6-m\libg_nano.a(lib_a-nano-svfprintf.o)
                0x08008520                __ssputs_r
 .text._svfprintf_r
                0x080085e4      0x208 c:/program files (x86)/gnu tools arm embedded/6 2017-q2-update/bin/../lib/gcc/arm-none-eabi/6.3.1/../../../../arm-none-eabi/lib/thumb/v6-m\libg_nano.a(lib_a-nano-svfprintf.o)
                0x080085e4                _svfiprintf_r
                0x080085e4                _svfprintf_r
 .text._printf_common
                0x080087ec       0xda c:/program files (x86)/gnu tools arm embedded/6 2017-q2-update/bin/../lib/gcc/arm-none-eabi/6.3.1/../../../../arm-none-eabi/lib/thumb/v6-m\libg_nano.a(lib_a-nano-vfprintf_i.o)
                0x080087ec                _printf_common
 *fill*         0x080088c6        0x2 
 .text._printf_i
                0x080088c8      0x234 c:/program files (x86)/gnu tools arm embedded/6 2017-q2-update/bin/../lib/gcc/arm-none-eabi/6.3.1/../../../../arm-none-eabi/lib/thumb/v6-m\libg_nano.a(lib_a-nano-vfprintf_i.o)
                0x080088c8                _printf_i
 .text.memchr   0x08008afc       0x16 c:/program files (x86)/gnu tools arm embedded/6 2017-q2-update/bin/../lib/gcc/arm-none-eabi/6.3.1/../../../../arm-none-eabi/lib/thumb/v6-m\libg_nano.a(lib_a-memchr-stub.o)
                0x08008afc                memchr
 .text.memmove  0x08008b12       0x24 c:/program files (x86)/gnu tools arm embedded/6 2017-q2-update/bin/../lib/gcc/arm-none-eabi/6.3.1/../../../../arm-none-eabi/lib/thumb/v6-m\libg_nano.a(lib_a-memmove.o)
                0x08008b12                memmove
 *fill*         0x08008b36        0x2 
 .text._free_r  0x08008b38       0x94 c:/program files (x86)/gnu tools arm embedded/6 2017-q2-update/bin/../lib/gcc/arm-none-eabi/6.3.1/../../../../arm-none-eabi/lib/thumb/v6-m\libg_nano.a(lib_a-nano-freer.o)
                0x08008b38                _free_r
 .text._malloc_r
                0x08008bcc       0xbc c:/program files (x86)/gnu tools arm embedded/6 2017-q2-update/bin/../lib/gcc/arm-none-eabi/6.3.1/../../../../arm-none-eabi/lib/thumb/v6-m\libg_nano.a(lib_a-nano-mallocr.o)
                0x08008bcc                _malloc_r
 .text._realloc_r
                0x08008c88       0x4c c:/program files (x86)/gnu tools arm embedded/6 2017-q2-update/bin/../lib/gcc/arm-none-eabi/6.3.1/../../../../arm-none-eabi/lib/thumb/v6-m\libg_nano.a(lib_a-nano-reallocr.o)
                0x08008c88                _realloc_r
 .text._sbrk_r  0x08008cd4       0x24 c:/program files (x86)/gnu tools arm embedded/6 2017-q2-update/bin/../lib/gcc/arm-none-eabi/6.3.1/../../../../arm-none-eabi/lib/thumb/v6-m\libg_nano.a(lib_a-sbrkr.o)
                0x08008cd4                _sbrk_r
 .text.__malloc_lock
                0x08008cf8        0x2 c:/program files (x86)/gnu tools arm embedded/6 2017-q2-update/bin/../lib/gcc/arm-none-eabi/6.3.1/../../../../arm-none-eabi/lib/thumb/v6-m\libg_nano.a(lib_a-mlock.o)
                0x08008cf8                __malloc_lock
 .text.__malloc_unlock
                0x08008cfa        0x2 c:/program files (x86)/gnu tools arm embedded/6 2017-q2-update/bin/../lib/gcc/arm-none-eabi/6.3.1/../../../../arm-none-eabi/lib/thumb/v6-m\libg_nano.a(lib_a-mlock.o)
                0x08008cfa                __malloc_unlock
 .text._malloc_usable_size_r
                0x08008cfc       0x10 c:/program files (x86)/gnu tools arm embedded/6 2017-q2-update/bin/../lib/gcc/arm-none-eabi/6.3.1/../../../../arm-none-eabi/lib/thumb/v6-m\libg_nano.a(lib_a-nano-msizer.o)
                0x08008cfc                _malloc_usable_size_r
 .text._sbrk    0x08008d0c       0x1c c:/program files (x86)/gnu tools arm embedded/6 2017-q2-update/bin/../lib/gcc/arm-none-eabi/6.3.1/../../../../arm-none-eabi/lib/thumb/v6-m\libnosys.a(sbrk.o)
                0x08008d0c                _sbrk
 *(.glue_7)
 .glue_7        0x08008d28        0x0 linker stubs
 *(.glue_7t)
 .glue_7t       0x08008d28        0x0 linker stubs
 *(.eh_frame)
 .eh_frame      0x08008d28        0x0 c:/program files (x86)/gnu tools arm embedded/6 2017-q2-update/bin/../lib/gcc/arm-none-eabi/6.3.1/thumb/v6-m/crtbegin.o
 *(.init)
 .init          0x08008d28        0x4 c:/program files (x86)/gnu tools arm embedded/6 2017-q2-update/bin/../lib/gcc/arm-none-eabi/6.3.1/thumb/v6-m/crti.o
                0x08008d28                _init
 .init          0x08008d2c        0x8 c:/program files (x86)/gnu tools arm embedded/6 2017-q2-update/bin/../lib/gcc/arm-none-eabi/6.3.1/thumb/v6-m/crtn.o
 *(.fini)
 .fini          0x08008d34        0x4 c:/program files (x86)/gnu tools arm embedded/6 2017-q2-update/bin/../lib/gcc/arm-none-eabi/6.3.1/thumb/v6-m/crti.o
                0x08008d34                _fini
 .fini          0x08008d38        0x8 c:/program files (x86)/gnu tools arm embedded/6 2017-q2-update/bin/../lib/gcc/arm-none-eabi/6.3.1/thumb/v6-m/crtn.o
                0x08008d40                . = ALIGN (0x4)
                0x08008d40                _etext = .

.vfp11_veneer   0x08008d40        0x0
 .vfp11_veneer  0x08008d40        0x0 linker stubs

.v4_bx          0x08008d40        0x0
 .v4_bx         0x08008d40        0x0 linker stubs

.iplt           0x08008d40        0x0
 .iplt          0x08008d40        0x0 c:/program files (x86)/gnu tools arm embedded/6 2017-q2-update/bin/../lib/gcc/arm-none-eabi/6.3.1/thumb/v6-m/crtbegin.o

.rodata         0x08008d40      0xc30
                0x08008d40                . = ALIGN (0x4)
 *(.rodata)
 .rodata        0x08008d40      0x108 ./Src/freertos.o
 .rodata        0x08008e48       0x20 ./Drivers/STM32F0xx_HAL_Driver/Src/stm32f0xx_hal_rcc.o
 *(.rodata*)
 .rodata.MX_ADC_Init.str1.1
                0x08008e68        0xd ./Src/adc.o
 .rodata.MX_CAN_Init.str1.1
                0x08008e75        0xd ./Src/can.o
 .rodata.adc_entry.str1.1
                0x08008e82       0x55 ./Src/freertos.o
 .rodata.can_entry.str1.1
                0x08008ed7       0x12 ./Src/freertos.o
 .rodata.i2c1_entry.str1.1
                0x08008ee9       0x78 ./Src/freertos.o
 .rodata.ignition_entry.str1.1
                0x08008f61      0x32d ./Src/freertos.o
 .rodata.str1.1
                0x0800928e       0x8c ./Src/freertos.o
 .rodata.usart1_entry.str1.1
                0x0800931a      0x59f ./Src/freertos.o
 .rodata.usart2_entry.str1.1
                0x080098b9        0x2 ./Src/freertos.o
 .rodata.usart3_entry.str1.1
                0x080098bb        0xe ./Src/freertos.o
                                 0x10 (size before relaxing)
 .rodata.MX_I2C1_Init.str1.1
                0x080098c9        0xd ./Src/i2c.o
 .rodata.MX_IWDG_Init.str1.1
                0x080098d6        0xe ./Src/iwdg.o
 .rodata.MX_RTC_Init.str1.1
                0x080098e4        0xd ./Src/rtc.o
 .rodata.MX_SPI1_Init.str1.1
                0x080098f1        0xd ./Src/spi.o
 .rodata.AHBPrescTable
                0x080098fe       0x10 ./Src/system_stm32f0xx.o
                0x080098fe                AHBPrescTable
 .rodata.APBPrescTable
                0x0800990e        0x8 ./Src/system_stm32f0xx.o
                0x0800990e                APBPrescTable
 .rodata.MX_TIM2_Init.str1.1
                0x08009916        0xd ./Src/tim.o
 .rodata.MX_USART1_UART_Init.str1.1
                0x08009923        0xf ./Src/usart.o
 .rodata.vTaskStartScheduler.str1.1
                0x08009932        0x5 ./Middlewares/Third_Party/FreeRTOS/Source/tasks.o
 .rodata.CSWTCH.50
                0x08009937        0x4 ./Drivers/STM32F0xx_HAL_Driver/Src/stm32f0xx_hal_uart.o
 .rodata._svfprintf_r.str1.1
                0x0800993b       0x11 c:/program files (x86)/gnu tools arm embedded/6 2017-q2-update/bin/../lib/gcc/arm-none-eabi/6.3.1/../../../../arm-none-eabi/lib/thumb/v6-m\libg_nano.a(lib_a-nano-svfprintf.o)
 .rodata._printf_i.str1.1
                0x0800994c       0x22 c:/program files (x86)/gnu tools arm embedded/6 2017-q2-update/bin/../lib/gcc/arm-none-eabi/6.3.1/../../../../arm-none-eabi/lib/thumb/v6-m\libg_nano.a(lib_a-nano-vfprintf_i.o)
                0x08009970                . = ALIGN (0x4)
 *fill*         0x0800996e        0x2 

.rel.dyn        0x08009970        0x0
 .rel.iplt      0x08009970        0x0 c:/program files (x86)/gnu tools arm embedded/6 2017-q2-update/bin/../lib/gcc/arm-none-eabi/6.3.1/thumb/v6-m/crtbegin.o

.ARM.extab
 *(.ARM.extab* .gnu.linkonce.armextab.*)

.ARM            0x08009970        0x0
                0x08009970                __exidx_start = .
 *(.ARM.exidx*)
                0x08009970                __exidx_end = .

.preinit_array  0x08009970        0x0
                0x08009970                PROVIDE (__preinit_array_start, .)
 *(.preinit_array*)
                0x08009970                PROVIDE (__preinit_array_end, .)

.init_array     0x08009970        0x4
                0x08009970                PROVIDE (__init_array_start, .)
 *(SORT(.init_array.*))
 *(.init_array*)
 .init_array    0x08009970        0x4 c:/program files (x86)/gnu tools arm embedded/6 2017-q2-update/bin/../lib/gcc/arm-none-eabi/6.3.1/thumb/v6-m/crtbegin.o
                0x08009974                PROVIDE (__init_array_end, .)

.fini_array     0x08009974        0x4
                [!provide]                PROVIDE (__fini_array_start, .)
 *(SORT(.fini_array.*))
 *(.fini_array*)
 .fini_array    0x08009974        0x4 c:/program files (x86)/gnu tools arm embedded/6 2017-q2-update/bin/../lib/gcc/arm-none-eabi/6.3.1/thumb/v6-m/crtbegin.o
                [!provide]                PROVIDE (__fini_array_end, .)
                0x08009978                _sidata = LOADADDR (.data)

.data           0x20000000      0x14c load address 0x08009978
                0x20000000                . = ALIGN (0x4)
                0x20000000                _sdata = .
 *(.data)
 *(.data*)
 .data.flash_IgEvent
                0x20000000       0x39 ./Src/freertos.o
                0x20000000                flash_IgEvent
 *fill*         0x20000039        0x3 
 .data.gIG_Event
                0x2000003c       0x20 ./Src/freertos.o
                0x2000003c                gIG_Event
 .data.uart_Tx  0x2000005c       0x82 ./Src/freertos.o
                0x2000005c                uart_Tx
 *fill*         0x200000de        0x2 
 .data.SystemCoreClock
                0x200000e0        0x4 ./Src/system_stm32f0xx.o
                0x200000e0                SystemCoreClock
 .data.uxCriticalNesting
                0x200000e4        0x4 ./Middlewares/Third_Party/FreeRTOS/Source/portable/GCC/ARM_CM0/port.o
 .data._impure_ptr
                0x200000e8        0x4 c:/program files (x86)/gnu tools arm embedded/6 2017-q2-update/bin/../lib/gcc/arm-none-eabi/6.3.1/../../../../arm-none-eabi/lib/thumb/v6-m\libg_nano.a(lib_a-impure.o)
                0x200000e8                _impure_ptr
 .data.impure_data
                0x200000ec       0x60 c:/program files (x86)/gnu tools arm embedded/6 2017-q2-update/bin/../lib/gcc/arm-none-eabi/6.3.1/../../../../arm-none-eabi/lib/thumb/v6-m\libg_nano.a(lib_a-impure.o)
                0x2000014c                . = ALIGN (0x4)
                0x2000014c                _edata = .

.jcr            0x2000014c        0x0 load address 0x08009ac4
 .jcr           0x2000014c        0x0 c:/program files (x86)/gnu tools arm embedded/6 2017-q2-update/bin/../lib/gcc/arm-none-eabi/6.3.1/thumb/v6-m/crtbegin.o

.igot.plt       0x2000014c        0x0 load address 0x08009ac4
 .igot.plt      0x2000014c        0x0 c:/program files (x86)/gnu tools arm embedded/6 2017-q2-update/bin/../lib/gcc/arm-none-eabi/6.3.1/thumb/v6-m/crtbegin.o
                0x2000014c                . = ALIGN (0x4)

.bss            0x2000014c     0x30bc load address 0x08009ac4
                0x2000014c                _sbss = .
                0x2000014c                __bss_start__ = _sbss
 *(.bss)
 .bss           0x2000014c       0x1c c:/program files (x86)/gnu tools arm embedded/6 2017-q2-update/bin/../lib/gcc/arm-none-eabi/6.3.1/thumb/v6-m/crtbegin.o
 *(.bss*)
 .bss.UartReady
                0x20000168        0x1 ./Src/freertos.o
                0x20000168                UartReady
 *fill*         0x20000169        0x3 
 .bss.arg_ptr.9368
                0x2000016c        0x4 ./Src/freertos.o
 .bss.cml_array
                0x20000170       0x40 ./Src/freertos.o
                0x20000170                cml_array
 .bss.cml_proc  0x200001b0       0x40 ./Src/freertos.o
                0x200001b0                cml_proc
 .bss.sDate     0x200001f0        0x4 ./Src/freertos.o
                0x200001f0                sDate
 .bss.sTime     0x200001f4       0x14 ./Src/freertos.o
                0x200001f4                sTime
 .bss.sva_gpi   0x20000208        0x1 ./Src/freertos.o
                0x20000208                sva_gpi
 *fill*         0x20000209        0x3 
 .bss.pxEnd     0x2000020c        0x4 ./Middlewares/Third_Party/FreeRTOS/Source/portable/MemMang/heap_4.o
 .bss.ucHeap    0x20000210     0x2800 ./Middlewares/Third_Party/FreeRTOS/Source/portable/MemMang/heap_4.o
 .bss.xBlockAllocatedBit
                0x20002a10        0x4 ./Middlewares/Third_Party/FreeRTOS/Source/portable/MemMang/heap_4.o
 .bss.xFreeBytesRemaining
                0x20002a14        0x4 ./Middlewares/Third_Party/FreeRTOS/Source/portable/MemMang/heap_4.o
 .bss.xMinimumEverFreeBytesRemaining
                0x20002a18        0x4 ./Middlewares/Third_Party/FreeRTOS/Source/portable/MemMang/heap_4.o
 .bss.xStart    0x20002a1c        0x8 ./Middlewares/Third_Party/FreeRTOS/Source/portable/MemMang/heap_4.o
 .bss.pxCurrentTCB
                0x20002a24        0x4 ./Middlewares/Third_Party/FreeRTOS/Source/tasks.o
                0x20002a24                pxCurrentTCB
 .bss.pxDelayedTaskList
                0x20002a28        0x4 ./Middlewares/Third_Party/FreeRTOS/Source/tasks.o
 .bss.pxOverflowDelayedTaskList
                0x20002a2c        0x4 ./Middlewares/Third_Party/FreeRTOS/Source/tasks.o
 .bss.pxReadyTasksLists
                0x20002a30       0x8c ./Middlewares/Third_Party/FreeRTOS/Source/tasks.o
 .bss.uxCurrentNumberOfTasks
                0x20002abc        0x4 ./Middlewares/Third_Party/FreeRTOS/Source/tasks.o
 .bss.uxDeletedTasksWaitingCleanUp
                0x20002ac0        0x4 ./Middlewares/Third_Party/FreeRTOS/Source/tasks.o
 .bss.uxPendedTicks
                0x20002ac4        0x4 ./Middlewares/Third_Party/FreeRTOS/Source/tasks.o
 .bss.uxSchedulerSuspended
                0x20002ac8        0x4 ./Middlewares/Third_Party/FreeRTOS/Source/tasks.o
 .bss.uxTaskNumber
                0x20002acc        0x4 ./Middlewares/Third_Party/FreeRTOS/Source/tasks.o
 .bss.uxTopReadyPriority
                0x20002ad0        0x4 ./Middlewares/Third_Party/FreeRTOS/Source/tasks.o
 .bss.xDelayedTaskList1
                0x20002ad4       0x14 ./Middlewares/Third_Party/FreeRTOS/Source/tasks.o
 .bss.xDelayedTaskList2
                0x20002ae8       0x14 ./Middlewares/Third_Party/FreeRTOS/Source/tasks.o
 .bss.xIdleTaskHandle
                0x20002afc        0x4 ./Middlewares/Third_Party/FreeRTOS/Source/tasks.o
 .bss.xNextTaskUnblockTime
                0x20002b00        0x4 ./Middlewares/Third_Party/FreeRTOS/Source/tasks.o
 .bss.xNumOfOverflows
                0x20002b04        0x4 ./Middlewares/Third_Party/FreeRTOS/Source/tasks.o
 .bss.xPendingReadyList
                0x20002b08       0x14 ./Middlewares/Third_Party/FreeRTOS/Source/tasks.o
 .bss.xSchedulerRunning
                0x20002b1c        0x4 ./Middlewares/Third_Party/FreeRTOS/Source/tasks.o
 .bss.xSuspendedTaskList
                0x20002b20       0x14 ./Middlewares/Third_Party/FreeRTOS/Source/tasks.o
 .bss.xTasksWaitingTermination
                0x20002b34       0x14 ./Middlewares/Third_Party/FreeRTOS/Source/tasks.o
 .bss.xTickCount
                0x20002b48        0x4 ./Middlewares/Third_Party/FreeRTOS/Source/tasks.o
 .bss.xYieldPending
                0x20002b4c        0x4 ./Middlewares/Third_Party/FreeRTOS/Source/tasks.o
 .bss.__malloc_free_list
                0x20002b50        0x4 c:/program files (x86)/gnu tools arm embedded/6 2017-q2-update/bin/../lib/gcc/arm-none-eabi/6.3.1/../../../../arm-none-eabi/lib/thumb/v6-m\libg_nano.a(lib_a-nano-mallocr.o)
                0x20002b50                __malloc_free_list
 .bss.__malloc_sbrk_start
                0x20002b54        0x4 c:/program files (x86)/gnu tools arm embedded/6 2017-q2-update/bin/../lib/gcc/arm-none-eabi/6.3.1/../../../../arm-none-eabi/lib/thumb/v6-m\libg_nano.a(lib_a-nano-mallocr.o)
                0x20002b54                __malloc_sbrk_start
 .bss.heap_end.4116
                0x20002b58        0x4 c:/program files (x86)/gnu tools arm embedded/6 2017-q2-update/bin/../lib/gcc/arm-none-eabi/6.3.1/../../../../arm-none-eabi/lib/thumb/v6-m\libnosys.a(sbrk.o)
 *(COMMON)
 COMMON         0x20002b5c       0x90 ./Src/adc.o
                0x20002b5c                hdma_adc
                0x20002ba0                hadc
 COMMON         0x20002bec       0x44 ./Src/can.o
                0x20002bec                hcan
 COMMON         0x20002c30       0xfc ./Src/freertos.o
                0x20002c30                ig_event
                0x20002c50                USART1_TaskHandle
                0x20002c54                defaultTaskHandle
                0x20002c58                I2C1_ZAXIS_QHandle
                0x20002c5c                I2C1_GSENSOR_QHandle
                0x20002c60                MUTEX_SPI1Handle
                0x20002c64                USART3_TaskHandle
                0x20002c68                SPI1_TaskHandle
                0x20002c6c                ADC_TaskHandle
                0x20002c70                dbg_buff
                0x20002cf0                IWDG_TaskHandle
                0x20002cf4                I2C1_XAXIS_QHandle
                0x20002cf8                I2C1_YAXIS_QHandle
                0x20002cfc                I2C1_TaskHandle
                0x20002d00                ADC_TEMP_QHandle
                0x20002d04                MUTEX_DebugHandle
                0x20002d08                CAN_TaskHandle
                0x20002d0c                IGNITION_TaskHandle
                0x20002d10                ADC_VOLT_QHandle
                0x20002d14                MUTEX_ADC_QHandle
                0x20002d18                GPIO_MISC_QHandle
                0x20002d1c                MUTEX_CMD_PROCHandle
                0x20002d20                GPIO_STATE_TaskHandle
                0x20002d24                USART2_TaskHandle
                0x20002d28                CMD_PROC_TaskHandle
 COMMON         0x20002d2c       0x98 ./Src/i2c.o
                0x20002d2c                hi2c1
                0x20002d78                hi2c2
 COMMON         0x20002dc4       0x10 ./Src/iwdg.o
                0x20002dc4                hiwdg
 COMMON         0x20002dd4       0x20 ./Src/rtc.o
                0x20002dd4                hrtc
 COMMON         0x20002df4       0x64 ./Src/spi.o
                0x20002df4                hspi1
 COMMON         0x20002e58       0x40 ./Src/stm32f0xx_hal_timebase_TIM.o
                0x20002e58                htim1
 COMMON         0x20002e98       0x80 ./Src/tim.o
                0x20002e98                htim2
                0x20002ed8                htim14
 COMMON         0x20002f18      0x2e8 ./Src/usart.o
                0x20002f18                hdma_usart2_rx
                0x20002f5c                hdma_usart3_rx
                0x20002fa0                huart3
                0x20003010                hdma_usart3_tx
                0x20003054                hdma_usart1_tx
                0x20003098                hdma_usart1_rx
                0x200030dc                hdma_usart2_tx
                0x20003120                huart1
                0x20003190                huart2
 COMMON         0x20003200        0x4 ./Drivers/STM32F0xx_HAL_Driver/Src/stm32f0xx_hal.o
                0x20003200                uwTick
 COMMON         0x20003204        0x4 c:/program files (x86)/gnu tools arm embedded/6 2017-q2-update/bin/../lib/gcc/arm-none-eabi/6.3.1/../../../../arm-none-eabi/lib/thumb/v6-m\libg_nano.a(lib_a-reent.o)
                0x20003204                errno
                0x20003208                . = ALIGN (0x4)
                0x20003208                _ebss = .
                0x20003208                __bss_end__ = _ebss

._user_heap_stack
                0x20003208      0x600 load address 0x08009ac4
                0x20003208                . = ALIGN (0x8)
                0x20003208                PROVIDE (end, .)
                [!provide]                PROVIDE (_end, .)
                0x20003408                . = (. + _Min_Heap_Size)
 *fill*         0x20003208      0x200 
                0x20003808                . = (. + _Min_Stack_Size)
 *fill*         0x20003408      0x400 
                0x20003808                . = ALIGN (0x8)

/DISCARD/
 libc.a(*)
 libm.a(*)
 libgcc.a(*)

.ARM.attributes
                0x00000000       0x28
 *(.ARM.attributes)
 .ARM.attributes
                0x00000000       0x1e c:/program files (x86)/gnu tools arm embedded/6 2017-q2-update/bin/../lib/gcc/arm-none-eabi/6.3.1/thumb/v6-m/crti.o
 .ARM.attributes
                0x0000001e       0x2c c:/program files (x86)/gnu tools arm embedded/6 2017-q2-update/bin/../lib/gcc/arm-none-eabi/6.3.1/thumb/v6-m/crtbegin.o
 .ARM.attributes
                0x0000004a       0x31 ./Src/adc.o
 .ARM.attributes
                0x0000007b       0x31 ./Src/can.o
 .ARM.attributes
                0x000000ac       0x31 ./Src/dma.o
 .ARM.attributes
                0x000000dd       0x31 ./Src/freertos.o
 .ARM.attributes
                0x0000010e       0x31 ./Src/gpio.o
 .ARM.attributes
                0x0000013f       0x31 ./Src/i2c.o
 .ARM.attributes
                0x00000170       0x31 ./Src/iwdg.o
 .ARM.attributes
                0x000001a1       0x31 ./Src/main.o
 .ARM.attributes
                0x000001d2       0x31 ./Src/rtc.o
 .ARM.attributes
                0x00000203       0x31 ./Src/spi.o
 .ARM.attributes
                0x00000234       0x21 ./Src/startup_stm32f091xc.o
 .ARM.attributes
                0x00000255       0x31 ./Src/stm32f0xx_hal_msp.o
 .ARM.attributes
                0x00000286       0x31 ./Src/stm32f0xx_hal_timebase_TIM.o
 .ARM.attributes
                0x000002b7       0x31 ./Src/stm32f0xx_it.o
 .ARM.attributes
                0x000002e8       0x31 ./Src/system_stm32f0xx.o
 .ARM.attributes
                0x00000319       0x31 ./Src/tim.o
 .ARM.attributes
                0x0000034a       0x31 ./Src/usart.o
 .ARM.attributes
                0x0000037b       0x31 ./Middlewares/Third_Party/FreeRTOS/Source/portable/MemMang/heap_4.o
 .ARM.attributes
                0x000003ac       0x31 ./Middlewares/Third_Party/FreeRTOS/Source/portable/GCC/ARM_CM0/port.o
 .ARM.attributes
                0x000003dd       0x31 ./Middlewares/Third_Party/FreeRTOS/Source/CMSIS_RTOS/cmsis_os.o
 .ARM.attributes
                0x0000040e       0x31 ./Middlewares/Third_Party/FreeRTOS/Source/list.o
 .ARM.attributes
                0x0000043f       0x31 ./Middlewares/Third_Party/FreeRTOS/Source/queue.o
 .ARM.attributes
                0x00000470       0x31 ./Middlewares/Third_Party/FreeRTOS/Source/tasks.o
 .ARM.attributes
                0x000004a1       0x31 ./Drivers/STM32F0xx_HAL_Driver/Src/stm32f0xx_hal.o
 .ARM.attributes
                0x000004d2       0x31 ./Drivers/STM32F0xx_HAL_Driver/Src/stm32f0xx_hal_adc.o
 .ARM.attributes
                0x00000503       0x31 ./Drivers/STM32F0xx_HAL_Driver/Src/stm32f0xx_hal_can.o
 .ARM.attributes
                0x00000534       0x31 ./Drivers/STM32F0xx_HAL_Driver/Src/stm32f0xx_hal_cortex.o
 .ARM.attributes
                0x00000565       0x31 ./Drivers/STM32F0xx_HAL_Driver/Src/stm32f0xx_hal_dma.o
 .ARM.attributes
                0x00000596       0x31 ./Drivers/STM32F0xx_HAL_Driver/Src/stm32f0xx_hal_gpio.o
 .ARM.attributes
                0x000005c7       0x31 ./Drivers/STM32F0xx_HAL_Driver/Src/stm32f0xx_hal_i2c.o
 .ARM.attributes
                0x000005f8       0x31 ./Drivers/STM32F0xx_HAL_Driver/Src/stm32f0xx_hal_i2c_ex.o
 .ARM.attributes
                0x00000629       0x31 ./Drivers/STM32F0xx_HAL_Driver/Src/stm32f0xx_hal_iwdg.o
 .ARM.attributes
                0x0000065a       0x31 ./Drivers/STM32F0xx_HAL_Driver/Src/stm32f0xx_hal_pwr.o
 .ARM.attributes
                0x0000068b       0x31 ./Drivers/STM32F0xx_HAL_Driver/Src/stm32f0xx_hal_rcc.o
 .ARM.attributes
                0x000006bc       0x31 ./Drivers/STM32F0xx_HAL_Driver/Src/stm32f0xx_hal_rcc_ex.o
 .ARM.attributes
                0x000006ed       0x31 ./Drivers/STM32F0xx_HAL_Driver/Src/stm32f0xx_hal_rtc.o
 .ARM.attributes
                0x0000071e       0x31 ./Drivers/STM32F0xx_HAL_Driver/Src/stm32f0xx_hal_rtc_ex.o
 .ARM.attributes
                0x0000074f       0x31 ./Drivers/STM32F0xx_HAL_Driver/Src/stm32f0xx_hal_spi.o
 .ARM.attributes
                0x00000780       0x31 ./Drivers/STM32F0xx_HAL_Driver/Src/stm32f0xx_hal_tim.o
 .ARM.attributes
                0x000007b1       0x31 ./Drivers/STM32F0xx_HAL_Driver/Src/stm32f0xx_hal_tim_ex.o
 .ARM.attributes
                0x000007e2       0x31 ./Drivers/STM32F0xx_HAL_Driver/Src/stm32f0xx_hal_uart.o
 .ARM.attributes
                0x00000813       0x31 ./Drivers/STM32F0xx_HAL_Driver/Src/stm32f0xx_hal_uart_ex.o
 .ARM.attributes
                0x00000844       0x1e c:/program files (x86)/gnu tools arm embedded/6 2017-q2-update/bin/../lib/gcc/arm-none-eabi/6.3.1/thumb/v6-m\libgcc.a(_thumb1_case_sqi.o)
 .ARM.attributes
                0x00000862       0x1e c:/program files (x86)/gnu tools arm embedded/6 2017-q2-update/bin/../lib/gcc/arm-none-eabi/6.3.1/thumb/v6-m\libgcc.a(_thumb1_case_uqi.o)
 .ARM.attributes
                0x00000880       0x1e c:/program files (x86)/gnu tools arm embedded/6 2017-q2-update/bin/../lib/gcc/arm-none-eabi/6.3.1/thumb/v6-m\libgcc.a(_thumb1_case_shi.o)
 .ARM.attributes
                0x0000089e       0x1e c:/program files (x86)/gnu tools arm embedded/6 2017-q2-update/bin/../lib/gcc/arm-none-eabi/6.3.1/thumb/v6-m\libgcc.a(_udivsi3.o)
 .ARM.attributes
                0x000008bc       0x1e c:/program files (x86)/gnu tools arm embedded/6 2017-q2-update/bin/../lib/gcc/arm-none-eabi/6.3.1/thumb/v6-m\libgcc.a(_dvmd_tls.o)
 .ARM.attributes
                0x000008da       0x2c c:/program files (x86)/gnu tools arm embedded/6 2017-q2-update/bin/../lib/gcc/arm-none-eabi/6.3.1/../../../../arm-none-eabi/lib/thumb/v6-m\libg_nano.a(lib_a-impure.o)
 .ARM.attributes
                0x00000906       0x2c c:/program files (x86)/gnu tools arm embedded/6 2017-q2-update/bin/../lib/gcc/arm-none-eabi/6.3.1/../../../../arm-none-eabi/lib/thumb/v6-m\libg_nano.a(lib_a-init.o)
 .ARM.attributes
                0x00000932       0x2c c:/program files (x86)/gnu tools arm embedded/6 2017-q2-update/bin/../lib/gcc/arm-none-eabi/6.3.1/../../../../arm-none-eabi/lib/thumb/v6-m\libg_nano.a(lib_a-memcpy-stub.o)
 .ARM.attributes
                0x0000095e       0x2c c:/program files (x86)/gnu tools arm embedded/6 2017-q2-update/bin/../lib/gcc/arm-none-eabi/6.3.1/../../../../arm-none-eabi/lib/thumb/v6-m\libg_nano.a(lib_a-memset.o)
 .ARM.attributes
                0x0000098a       0x2c c:/program files (x86)/gnu tools arm embedded/6 2017-q2-update/bin/../lib/gcc/arm-none-eabi/6.3.1/../../../../arm-none-eabi/lib/thumb/v6-m\libg_nano.a(lib_a-strncpy.o)
 .ARM.attributes
                0x000009b6       0x2c c:/program files (x86)/gnu tools arm embedded/6 2017-q2-update/bin/../lib/gcc/arm-none-eabi/6.3.1/../../../../arm-none-eabi/lib/thumb/v6-m\libg_nano.a(lib_a-vsnprintf.o)
 .ARM.attributes
                0x000009e2       0x2c c:/program files (x86)/gnu tools arm embedded/6 2017-q2-update/bin/../lib/gcc/arm-none-eabi/6.3.1/../../../../arm-none-eabi/lib/thumb/v6-m\libg_nano.a(lib_a-nano-svfprintf.o)
 .ARM.attributes
                0x00000a0e       0x2c c:/program files (x86)/gnu tools arm embedded/6 2017-q2-update/bin/../lib/gcc/arm-none-eabi/6.3.1/../../../../arm-none-eabi/lib/thumb/v6-m\libg_nano.a(lib_a-nano-vfprintf_i.o)
 .ARM.attributes
                0x00000a3a       0x2c c:/program files (x86)/gnu tools arm embedded/6 2017-q2-update/bin/../lib/gcc/arm-none-eabi/6.3.1/../../../../arm-none-eabi/lib/thumb/v6-m\libg_nano.a(lib_a-memchr-stub.o)
 .ARM.attributes
                0x00000a66       0x2c c:/program files (x86)/gnu tools arm embedded/6 2017-q2-update/bin/../lib/gcc/arm-none-eabi/6.3.1/../../../../arm-none-eabi/lib/thumb/v6-m\libg_nano.a(lib_a-memmove.o)
 .ARM.attributes
                0x00000a92       0x2c c:/program files (x86)/gnu tools arm embedded/6 2017-q2-update/bin/../lib/gcc/arm-none-eabi/6.3.1/../../../../arm-none-eabi/lib/thumb/v6-m\libg_nano.a(lib_a-nano-freer.o)
 .ARM.attributes
                0x00000abe       0x2c c:/program files (x86)/gnu tools arm embedded/6 2017-q2-update/bin/../lib/gcc/arm-none-eabi/6.3.1/../../../../arm-none-eabi/lib/thumb/v6-m\libg_nano.a(lib_a-nano-mallocr.o)
 .ARM.attributes
                0x00000aea       0x2c c:/program files (x86)/gnu tools arm embedded/6 2017-q2-update/bin/../lib/gcc/arm-none-eabi/6.3.1/../../../../arm-none-eabi/lib/thumb/v6-m\libg_nano.a(lib_a-nano-reallocr.o)
 .ARM.attributes
                0x00000b16       0x2c c:/program files (x86)/gnu tools arm embedded/6 2017-q2-update/bin/../lib/gcc/arm-none-eabi/6.3.1/../../../../arm-none-eabi/lib/thumb/v6-m\libg_nano.a(lib_a-sbrkr.o)
 .ARM.attributes
                0x00000b42       0x2c c:/program files (x86)/gnu tools arm embedded/6 2017-q2-update/bin/../lib/gcc/arm-none-eabi/6.3.1/../../../../arm-none-eabi/lib/thumb/v6-m\libg_nano.a(lib_a-mlock.o)
 .ARM.attributes
                0x00000b6e       0x2c c:/program files (x86)/gnu tools arm embedded/6 2017-q2-update/bin/../lib/gcc/arm-none-eabi/6.3.1/../../../../arm-none-eabi/lib/thumb/v6-m\libg_nano.a(lib_a-nano-msizer.o)
 .ARM.attributes
                0x00000b9a       0x2c c:/program files (x86)/gnu tools arm embedded/6 2017-q2-update/bin/../lib/gcc/arm-none-eabi/6.3.1/../../../../arm-none-eabi/lib/thumb/v6-m\libg_nano.a(lib_a-reent.o)
 .ARM.attributes
                0x00000bc6       0x2c c:/program files (x86)/gnu tools arm embedded/6 2017-q2-update/bin/../lib/gcc/arm-none-eabi/6.3.1/../../../../arm-none-eabi/lib/thumb/v6-m\libnosys.a(sbrk.o)
 .ARM.attributes
                0x00000bf2       0x1e c:/program files (x86)/gnu tools arm embedded/6 2017-q2-update/bin/../lib/gcc/arm-none-eabi/6.3.1/thumb/v6-m/crtn.o
OUTPUT(STM32F091RCTx_freeRTOS.elf elf32-littlearm)

.debug_info     0x00000000    0x3a504
 .debug_info    0x00000000     0x119f ./Src/adc.o
 .debug_info    0x0000119f     0x127f ./Src/can.o
 .debug_info    0x0000241e      0xbb5 ./Src/dma.o
 .debug_info    0x00002fd3     0x4eea ./Src/freertos.o
 .debug_info    0x00007ebd      0xc37 ./Src/gpio.o
 .debug_info    0x00008af4     0x1449 ./Src/i2c.o
 .debug_info    0x00009f3d      0xa74 ./Src/iwdg.o
 .debug_info    0x0000a9b1     0x26a9 ./Src/main.o
 .debug_info    0x0000d05a     0x1020 ./Src/rtc.o
 .debug_info    0x0000e07a     0x1146 ./Src/spi.o
 .debug_info    0x0000f1c0       0x8b ./Src/startup_stm32f091xc.o
 .debug_info    0x0000f24b      0xb5c ./Src/stm32f0xx_hal_msp.o
 .debug_info    0x0000fda7     0x116b ./Src/stm32f0xx_hal_timebase_TIM.o
 .debug_info    0x00010f12     0x1aa7 ./Src/stm32f0xx_it.o
 .debug_info    0x000129b9      0xa77 ./Src/system_stm32f0xx.o
 .debug_info    0x00013430     0x1465 ./Src/tim.o
 .debug_info    0x00014895     0x165d ./Src/usart.o
 .debug_info    0x00015ef2      0xbb8 ./Middlewares/Third_Party/FreeRTOS/Source/portable/MemMang/heap_4.o
 .debug_info    0x00016aaa      0x2ac ./Middlewares/Third_Party/FreeRTOS/Source/portable/GCC/ARM_CM0/port.o
 .debug_info    0x00016d56     0x24dd ./Middlewares/Third_Party/FreeRTOS/Source/CMSIS_RTOS/cmsis_os.o
 .debug_info    0x00019233      0xad0 ./Middlewares/Third_Party/FreeRTOS/Source/list.o
 .debug_info    0x00019d03     0x1b37 ./Middlewares/Third_Party/FreeRTOS/Source/queue.o
 .debug_info    0x0001b83a     0x23dc ./Middlewares/Third_Party/FreeRTOS/Source/tasks.o
 .debug_info    0x0001dc16      0xe8e ./Drivers/STM32F0xx_HAL_Driver/Src/stm32f0xx_hal.o
 .debug_info    0x0001eaa4     0x16b6 ./Drivers/STM32F0xx_HAL_Driver/Src/stm32f0xx_hal_adc.o
 .debug_info    0x0002015a     0x13ef ./Drivers/STM32F0xx_HAL_Driver/Src/stm32f0xx_hal_can.o
 .debug_info    0x00021549     0x102d ./Drivers/STM32F0xx_HAL_Driver/Src/stm32f0xx_hal_cortex.o
 .debug_info    0x00022576     0x1057 ./Drivers/STM32F0xx_HAL_Driver/Src/stm32f0xx_hal_dma.o
 .debug_info    0x000235cd      0xeab ./Drivers/STM32F0xx_HAL_Driver/Src/stm32f0xx_hal_gpio.o
 .debug_info    0x00024478     0x3980 ./Drivers/STM32F0xx_HAL_Driver/Src/stm32f0xx_hal_i2c.o
 .debug_info    0x00027df8     0x10fb ./Drivers/STM32F0xx_HAL_Driver/Src/stm32f0xx_hal_i2c_ex.o
 .debug_info    0x00028ef3      0xaa9 ./Drivers/STM32F0xx_HAL_Driver/Src/stm32f0xx_hal_iwdg.o
 .debug_info    0x0002999c      0xcbf ./Drivers/STM32F0xx_HAL_Driver/Src/stm32f0xx_hal_pwr.o
 .debug_info    0x0002a65b     0x11c6 ./Drivers/STM32F0xx_HAL_Driver/Src/stm32f0xx_hal_rcc.o
 .debug_info    0x0002b821      0xeaa ./Drivers/STM32F0xx_HAL_Driver/Src/stm32f0xx_hal_rcc_ex.o
 .debug_info    0x0002c6cb     0x1585 ./Drivers/STM32F0xx_HAL_Driver/Src/stm32f0xx_hal_rtc.o
 .debug_info    0x0002dc50     0x1758 ./Drivers/STM32F0xx_HAL_Driver/Src/stm32f0xx_hal_rtc_ex.o
 .debug_info    0x0002f3a8     0x27b2 ./Drivers/STM32F0xx_HAL_Driver/Src/stm32f0xx_hal_spi.o
 .debug_info    0x00031b5a     0x3c43 ./Drivers/STM32F0xx_HAL_Driver/Src/stm32f0xx_hal_tim.o
 .debug_info    0x0003579d     0x1a3c ./Drivers/STM32F0xx_HAL_Driver/Src/stm32f0xx_hal_tim_ex.o
 .debug_info    0x000371d9     0x210a ./Drivers/STM32F0xx_HAL_Driver/Src/stm32f0xx_hal_uart.o
 .debug_info    0x000392e3     0x1221 ./Drivers/STM32F0xx_HAL_Driver/Src/stm32f0xx_hal_uart_ex.o

.debug_abbrev   0x00000000     0x740e
 .debug_abbrev  0x00000000      0x26d ./Src/adc.o
 .debug_abbrev  0x0000026d      0x276 ./Src/can.o
 .debug_abbrev  0x000004e3      0x22d ./Src/dma.o
 .debug_abbrev  0x00000710      0x364 ./Src/freertos.o
 .debug_abbrev  0x00000a74      0x224 ./Src/gpio.o
 .debug_abbrev  0x00000c98      0x265 ./Src/i2c.o
 .debug_abbrev  0x00000efd      0x219 ./Src/iwdg.o
 .debug_abbrev  0x00001116      0x2eb ./Src/main.o
 .debug_abbrev  0x00001401      0x248 ./Src/rtc.o
 .debug_abbrev  0x00001649      0x251 ./Src/spi.o
 .debug_abbrev  0x0000189a       0x12 ./Src/startup_stm32f091xc.o
 .debug_abbrev  0x000018ac      0x22d ./Src/stm32f0xx_hal_msp.o
 .debug_abbrev  0x00001ad9      0x2a1 ./Src/stm32f0xx_hal_timebase_TIM.o
 .debug_abbrev  0x00001d7a      0x236 ./Src/stm32f0xx_it.o
 .debug_abbrev  0x00001fb0      0x202 ./Src/system_stm32f0xx.o
 .debug_abbrev  0x000021b2      0x2d2 ./Src/tim.o
 .debug_abbrev  0x00002484      0x2ae ./Src/usart.o
 .debug_abbrev  0x00002732      0x304 ./Middlewares/Third_Party/FreeRTOS/Source/portable/MemMang/heap_4.o
 .debug_abbrev  0x00002a36      0x194 ./Middlewares/Third_Party/FreeRTOS/Source/portable/GCC/ARM_CM0/port.o
 .debug_abbrev  0x00002bca      0x436 ./Middlewares/Third_Party/FreeRTOS/Source/CMSIS_RTOS/cmsis_os.o
 .debug_abbrev  0x00003000      0x219 ./Middlewares/Third_Party/FreeRTOS/Source/list.o
 .debug_abbrev  0x00003219      0x357 ./Middlewares/Third_Party/FreeRTOS/Source/queue.o
 .debug_abbrev  0x00003570      0x3f5 ./Middlewares/Third_Party/FreeRTOS/Source/tasks.o
 .debug_abbrev  0x00003965      0x309 ./Drivers/STM32F0xx_HAL_Driver/Src/stm32f0xx_hal.o
 .debug_abbrev  0x00003c6e      0x382 ./Drivers/STM32F0xx_HAL_Driver/Src/stm32f0xx_hal_adc.o
 .debug_abbrev  0x00003ff0      0x334 ./Drivers/STM32F0xx_HAL_Driver/Src/stm32f0xx_hal_can.o
 .debug_abbrev  0x00004324      0x333 ./Drivers/STM32F0xx_HAL_Driver/Src/stm32f0xx_hal_cortex.o
 .debug_abbrev  0x00004657      0x2ed ./Drivers/STM32F0xx_HAL_Driver/Src/stm32f0xx_hal_dma.o
 .debug_abbrev  0x00004944      0x2ad ./Drivers/STM32F0xx_HAL_Driver/Src/stm32f0xx_hal_gpio.o
 .debug_abbrev  0x00004bf1      0x3c4 ./Drivers/STM32F0xx_HAL_Driver/Src/stm32f0xx_hal_i2c.o
 .debug_abbrev  0x00004fb5      0x26c ./Drivers/STM32F0xx_HAL_Driver/Src/stm32f0xx_hal_i2c_ex.o
 .debug_abbrev  0x00005221      0x21c ./Drivers/STM32F0xx_HAL_Driver/Src/stm32f0xx_hal_iwdg.o
 .debug_abbrev  0x0000543d      0x263 ./Drivers/STM32F0xx_HAL_Driver/Src/stm32f0xx_hal_pwr.o
 .debug_abbrev  0x000056a0      0x322 ./Drivers/STM32F0xx_HAL_Driver/Src/stm32f0xx_hal_rcc.o
 .debug_abbrev  0x000059c2      0x2e8 ./Drivers/STM32F0xx_HAL_Driver/Src/stm32f0xx_hal_rcc_ex.o
 .debug_abbrev  0x00005caa      0x2ef ./Drivers/STM32F0xx_HAL_Driver/Src/stm32f0xx_hal_rtc.o
 .debug_abbrev  0x00005f99      0x2fe ./Drivers/STM32F0xx_HAL_Driver/Src/stm32f0xx_hal_rtc_ex.o
 .debug_abbrev  0x00006297      0x3ea ./Drivers/STM32F0xx_HAL_Driver/Src/stm32f0xx_hal_spi.o
 .debug_abbrev  0x00006681      0x3dd ./Drivers/STM32F0xx_HAL_Driver/Src/stm32f0xx_hal_tim.o
 .debug_abbrev  0x00006a5e      0x345 ./Drivers/STM32F0xx_HAL_Driver/Src/stm32f0xx_hal_tim_ex.o
 .debug_abbrev  0x00006da3      0x390 ./Drivers/STM32F0xx_HAL_Driver/Src/stm32f0xx_hal_uart.o
 .debug_abbrev  0x00007133      0x2db ./Drivers/STM32F0xx_HAL_Driver/Src/stm32f0xx_hal_uart_ex.o

.debug_loc      0x00000000    0x135b1
 .debug_loc     0x00000000       0x58 ./Src/adc.o
 .debug_loc     0x00000058       0x42 ./Src/can.o
 .debug_loc     0x0000009a      0x8b5 ./Src/freertos.o
 .debug_loc     0x0000094f       0x74 ./Src/i2c.o
 .debug_loc     0x000009c3       0x21 ./Src/main.o
 .debug_loc     0x000009e4       0x42 ./Src/spi.o
 .debug_loc     0x00000a26       0x7a ./Src/stm32f0xx_hal_timebase_TIM.o
 .debug_loc     0x00000aa0       0xe7 ./Src/system_stm32f0xx.o
 .debug_loc     0x00000b87       0x7c ./Src/tim.o
 .debug_loc     0x00000c03       0xb0 ./Src/usart.o
 .debug_loc     0x00000cb3      0x2de ./Middlewares/Third_Party/FreeRTOS/Source/portable/MemMang/heap_4.o
 .debug_loc     0x00000f91       0xb4 ./Middlewares/Third_Party/FreeRTOS/Source/portable/GCC/ARM_CM0/port.o
 .debug_loc     0x00001045      0xffa ./Middlewares/Third_Party/FreeRTOS/Source/CMSIS_RTOS/cmsis_os.o
 .debug_loc     0x0000203f       0x94 ./Middlewares/Third_Party/FreeRTOS/Source/list.o
 .debug_loc     0x000020d3     0x12f3 ./Middlewares/Third_Party/FreeRTOS/Source/queue.o
 .debug_loc     0x000033c6     0x127f ./Middlewares/Third_Party/FreeRTOS/Source/tasks.o
 .debug_loc     0x00004645       0x7c ./Drivers/STM32F0xx_HAL_Driver/Src/stm32f0xx_hal.o
 .debug_loc     0x000046c1      0xaad ./Drivers/STM32F0xx_HAL_Driver/Src/stm32f0xx_hal_adc.o
 .debug_loc     0x0000516e      0x7a3 ./Drivers/STM32F0xx_HAL_Driver/Src/stm32f0xx_hal_can.o
 .debug_loc     0x00005911      0x3cc ./Drivers/STM32F0xx_HAL_Driver/Src/stm32f0xx_hal_cortex.o
 .debug_loc     0x00005cdd      0x7c2 ./Drivers/STM32F0xx_HAL_Driver/Src/stm32f0xx_hal_dma.o
 .debug_loc     0x0000649f      0x322 ./Drivers/STM32F0xx_HAL_Driver/Src/stm32f0xx_hal_gpio.o
 .debug_loc     0x000067c1     0x3291 ./Drivers/STM32F0xx_HAL_Driver/Src/stm32f0xx_hal_i2c.o
 .debug_loc     0x00009a52      0x1c8 ./Drivers/STM32F0xx_HAL_Driver/Src/stm32f0xx_hal_i2c_ex.o
 .debug_loc     0x00009c1a       0x76 ./Drivers/STM32F0xx_HAL_Driver/Src/stm32f0xx_hal_iwdg.o
 .debug_loc     0x00009c90       0xc8 ./Drivers/STM32F0xx_HAL_Driver/Src/stm32f0xx_hal_pwr.o
 .debug_loc     0x00009d58      0x4cb ./Drivers/STM32F0xx_HAL_Driver/Src/stm32f0xx_hal_rcc.o
 .debug_loc     0x0000a223      0x4c3 ./Drivers/STM32F0xx_HAL_Driver/Src/stm32f0xx_hal_rcc_ex.o
 .debug_loc     0x0000a6e6      0xa44 ./Drivers/STM32F0xx_HAL_Driver/Src/stm32f0xx_hal_rtc.o
 .debug_loc     0x0000b12a      0xc4c ./Drivers/STM32F0xx_HAL_Driver/Src/stm32f0xx_hal_rtc_ex.o
 .debug_loc     0x0000bd76     0x1916 ./Drivers/STM32F0xx_HAL_Driver/Src/stm32f0xx_hal_spi.o
 .debug_loc     0x0000d68c     0x3b44 ./Drivers/STM32F0xx_HAL_Driver/Src/stm32f0xx_hal_tim.o
 .debug_loc     0x000111d0      0xcc7 ./Drivers/STM32F0xx_HAL_Driver/Src/stm32f0xx_hal_tim_ex.o
 .debug_loc     0x00011e97     0x13bf ./Drivers/STM32F0xx_HAL_Driver/Src/stm32f0xx_hal_uart.o