Archive member included to satisfy reference by file (symbol)

c:/program files (x86)/gnu tools arm embedded/6 2017-q2-update/bin/../lib/gcc/arm-none-eabi/6.3.1/thumb/v6-m\libgcc.a(_thumb1_case_sqi.o)
                              ./Drivers/STM32F0xx_HAL_Driver/Src/stm32f0xx_hal_uart.o (__gnu_thumb1_case_sqi)
c:/program files (x86)/gnu tools arm embedded/6 2017-q2-update/bin/../lib/gcc/arm-none-eabi/6.3.1/thumb/v6-m\libgcc.a(_thumb1_case_uqi.o)
                              ./Src/freertos.o (__gnu_thumb1_case_uqi)
c:/program files (x86)/gnu tools arm embedded/6 2017-q2-update/bin/../lib/gcc/arm-none-eabi/6.3.1/thumb/v6-m\libgcc.a(_thumb1_case_shi.o)
                              ./Src/freertos.o (__gnu_thumb1_case_shi)
c:/program files (x86)/gnu tools arm embedded/6 2017-q2-update/bin/../lib/gcc/arm-none-eabi/6.3.1/thumb/v6-m\libgcc.a(_udivsi3.o)
                              ./Src/freertos.o (__aeabi_uidiv)
c:/program files (x86)/gnu tools arm embedded/6 2017-q2-update/bin/../lib/gcc/arm-none-eabi/6.3.1/thumb/v6-m\libgcc.a(_divsi3.o)
                              ./Src/freertos.o (__aeabi_idiv)
c:/program files (x86)/gnu tools arm embedded/6 2017-q2-update/bin/../lib/gcc/arm-none-eabi/6.3.1/thumb/v6-m\libgcc.a(_dvmd_tls.o)
                              c:/program files (x86)/gnu tools arm embedded/6 2017-q2-update/bin/../lib/gcc/arm-none-eabi/6.3.1/thumb/v6-m\libgcc.a(_udivsi3.o) (__aeabi_idiv0)
c:/program files (x86)/gnu tools arm embedded/6 2017-q2-update/bin/../lib/gcc/arm-none-eabi/6.3.1/thumb/v6-m\libgcc.a(_lshrdi3.o)
                              ./Drivers/STM32F0xx_HAL_Driver/Src/stm32f0xx_hal_flash.o (__aeabi_llsr)
c:/program files (x86)/gnu tools arm embedded/6 2017-q2-update/bin/../lib/gcc/arm-none-eabi/6.3.1/../../../../arm-none-eabi/lib/thumb/v6-m\libg_nano.a(lib_a-exit.o)
                              c:/program files (x86)/gnu tools arm embedded/6 2017-q2-update/bin/../lib/gcc/arm-none-eabi/6.3.1/../../../../arm-none-eabi/lib/thumb/v6-m/crt0.o (exit)
c:/program files (x86)/gnu tools arm embedded/6 2017-q2-update/bin/../lib/gcc/arm-none-eabi/6.3.1/../../../../arm-none-eabi/lib/thumb/v6-m\libg_nano.a(lib_a-impure.o)
                              c:/program files (x86)/gnu tools arm embedded/6 2017-q2-update/bin/../lib/gcc/arm-none-eabi/6.3.1/../../../../arm-none-eabi/lib/thumb/v6-m\libg_nano.a(lib_a-exit.o) (_global_impure_ptr)
c:/program files (x86)/gnu tools arm embedded/6 2017-q2-update/bin/../lib/gcc/arm-none-eabi/6.3.1/../../../../arm-none-eabi/lib/thumb/v6-m\libg_nano.a(lib_a-init.o)
                              c:/program files (x86)/gnu tools arm embedded/6 2017-q2-update/bin/../lib/gcc/arm-none-eabi/6.3.1/../../../../arm-none-eabi/lib/thumb/v6-m/crt0.o (__libc_init_array)
c:/program files (x86)/gnu tools arm embedded/6 2017-q2-update/bin/../lib/gcc/arm-none-eabi/6.3.1/../../../../arm-none-eabi/lib/thumb/v6-m\libg_nano.a(lib_a-memcpy-stub.o)
                              ./Src/freertos.o (memcpy)
c:/program files (x86)/gnu tools arm embedded/6 2017-q2-update/bin/../lib/gcc/arm-none-eabi/6.3.1/../../../../arm-none-eabi/lib/thumb/v6-m\libg_nano.a(lib_a-memset.o)
                              c:/program files (x86)/gnu tools arm embedded/6 2017-q2-update/bin/../lib/gcc/arm-none-eabi/6.3.1/../../../../arm-none-eabi/lib/thumb/v6-m/crt0.o (memset)
c:/program files (x86)/gnu tools arm embedded/6 2017-q2-update/bin/../lib/gcc/arm-none-eabi/6.3.1/../../../../arm-none-eabi/lib/thumb/v6-m\libg_nano.a(lib_a-strncpy.o)
                              ./Src/freertos.o (strncpy)
c:/program files (x86)/gnu tools arm embedded/6 2017-q2-update/bin/../lib/gcc/arm-none-eabi/6.3.1/../../../../arm-none-eabi/lib/thumb/v6-m\libg_nano.a(lib_a-vsnprintf.o)
                              ./Src/freertos.o (vsnprintf)
c:/program files (x86)/gnu tools arm embedded/6 2017-q2-update/bin/../lib/gcc/arm-none-eabi/6.3.1/../../../../arm-none-eabi/lib/thumb/v6-m\libg_nano.a(lib_a-nano-svfprintf.o)
                              c:/program files (x86)/gnu tools arm embedded/6 2017-q2-update/bin/../lib/gcc/arm-none-eabi/6.3.1/../../../../arm-none-eabi/lib/thumb/v6-m\libg_nano.a(lib_a-vsnprintf.o) (_svfprintf_r)
c:/program files (x86)/gnu tools arm embedded/6 2017-q2-update/bin/../lib/gcc/arm-none-eabi/6.3.1/../../../../arm-none-eabi/lib/thumb/v6-m\libg_nano.a(lib_a-nano-vfprintf_i.o)
                              c:/program files (x86)/gnu tools arm embedded/6 2017-q2-update/bin/../lib/gcc/arm-none-eabi/6.3.1/../../../../arm-none-eabi/lib/thumb/v6-m\libg_nano.a(lib_a-nano-svfprintf.o) (_printf_i)
c:/program files (x86)/gnu tools arm embedded/6 2017-q2-update/bin/../lib/gcc/arm-none-eabi/6.3.1/../../../../arm-none-eabi/lib/thumb/v6-m\libg_nano.a(lib_a-memchr-stub.o)
                              c:/program files (x86)/gnu tools arm embedded/6 2017-q2-update/bin/../lib/gcc/arm-none-eabi/6.3.1/../../../../arm-none-eabi/lib/thumb/v6-m\libg_nano.a(lib_a-nano-svfprintf.o) (memchr)
[...]
Memory Configuration

Name             Origin             Length             Attributes
RAM              0x20000000         0x00008000         xrw
FLASH            0x08000000         0x00040000         xr
*default*        0x00000000         0xffffffff

Linker script and memory map

LOAD c:/program files (x86)/gnu tools arm embedded/6 2017-q2-update/bin/../lib/gcc/arm-none-eabi/6.3.1/thumb/v6-m/crti.o
LOAD c:/program files (x86)/gnu tools arm embedded/6 2017-q2-update/bin/../lib/gcc/arm-none-eabi/6.3.1/thumb/v6-m/crtbegin.o
LOAD c:/program files (x86)/gnu tools arm embedded/6 2017-q2-update/bin/../lib/gcc/arm-none-eabi/6.3.1/../../../../arm-none-eabi/lib/thumb/v6-m/crt0.o
LOAD ./Src/adc.o
LOAD ./Src/aewin_def.o
LOAD ./Src/can.o
LOAD ./Src/dma.o
LOAD ./Src/freertos.o
LOAD ./Src/gpio.o
LOAD ./Src/i2c.o
LOAD ./Src/iwdg.o
LOAD ./Src/main.o
LOAD ./Src/rtc.o
LOAD ./Src/spi.o
LOAD ./Src/startup_stm32f091xc.o
LOAD ./Src/stm32f0xx_hal_msp.o
LOAD ./Src/stm32f0xx_hal_timebase_TIM.o
LOAD ./Src/stm32f0xx_it.o
LOAD ./Src/system_stm32f0xx.o
LOAD ./Src/tim.o
LOAD ./Src/usart.o
LOAD ./Middlewares/Third_Party/FreeRTOS/Source/portable/MemMang/heap_4.o
LOAD ./Middlewares/Third_Party/FreeRTOS/Source/portable/GCC/ARM_CM0/port.o
LOAD ./Middlewares/Third_Party/FreeRTOS/Source/CMSIS_RTOS/cmsis_os.o
LOAD ./Middlewares/Third_Party/FreeRTOS/Source/croutine.o
LOAD ./Middlewares/Third_Party/FreeRTOS/Source/event_groups.o
LOAD ./Middlewares/Third_Party/FreeRTOS/Source/list.o
LOAD ./Middlewares/Third_Party/FreeRTOS/Source/queue.o
LOAD ./Middlewares/Third_Party/FreeRTOS/Source/tasks.o
LOAD ./Middlewares/Third_Party/FreeRTOS/Source/timers.o
LOAD ./Drivers/STM32F0xx_HAL_Driver/Src/stm32f0xx_hal.o
LOAD ./Drivers/STM32F0xx_HAL_Driver/Src/stm32f0xx_hal_adc.o
LOAD ./Drivers/STM32F0xx_HAL_Driver/Src/stm32f0xx_hal_adc_ex.o
LOAD ./Drivers/STM32F0xx_HAL_Driver/Src/stm32f0xx_hal_can.o
LOAD ./Drivers/STM32F0xx_HAL_Driver/Src/stm32f0xx_hal_cortex.o
LOAD ./Drivers/STM32F0xx_HAL_Driver/Src/stm32f0xx_hal_dma.o
LOAD ./Drivers/STM32F0xx_HAL_Driver/Src/stm32f0xx_hal_flash.o
LOAD ./Drivers/STM32F0xx_HAL_Driver/Src/stm32f0xx_hal_flash_ex.o
LOAD ./Drivers/STM32F0xx_HAL_Driver/Src/stm32f0xx_hal_gpio.o
LOAD ./Drivers/STM32F0xx_HAL_Driver/Src/stm32f0xx_hal_i2c.o
LOAD ./Drivers/STM32F0xx_HAL_Driver/Src/stm32f0xx_hal_i2c_ex.o
LOAD ./Drivers/STM32F0xx_HAL_Driver/Src/stm32f0xx_hal_iwdg.o
LOAD ./Drivers/STM32F0xx_HAL_Driver/Src/stm32f0xx_hal_pwr.o
LOAD ./Drivers/STM32F0xx_HAL_Driver/Src/stm32f0xx_hal_pwr_ex.o
LOAD ./Drivers/STM32F0xx_HAL_Driver/Src/stm32f0xx_hal_rcc.o
LOAD ./Drivers/STM32F0xx_HAL_Driver/Src/stm32f0xx_hal_rcc_ex.o
LOAD ./Drivers/STM32F0xx_HAL_Driver/Src/stm32f0xx_hal_rtc.o
LOAD ./Drivers/STM32F0xx_HAL_Driver/Src/stm32f0xx_hal_rtc_ex.o
LOAD ./Drivers/STM32F0xx_HAL_Driver/Src/stm32f0xx_hal_spi.o
LOAD ./Drivers/STM32F0xx_HAL_Driver/Src/stm32f0xx_hal_spi_ex.o
LOAD ./Drivers/STM32F0xx_HAL_Driver/Src/stm32f0xx_hal_tim.o
LOAD ./Drivers/STM32F0xx_HAL_Driver/Src/stm32f0xx_hal_tim_ex.o
LOAD ./Drivers/STM32F0xx_HAL_Driver/Src/stm32f0xx_hal_uart.o
LOAD ./Drivers/STM32F0xx_HAL_Driver/Src/stm32f0xx_hal_uart_ex.o
START GROUP
LOAD c:/program files (x86)/gnu tools arm embedded/6 2017-q2-update/bin/../lib/gcc/arm-none-eabi/6.3.1/thumb/v6-m\libgcc.a
LOAD c:/program files (x86)/gnu tools arm embedded/6 2017-q2-update/bin/../lib/gcc/arm-none-eabi/6.3.1/../../../../arm-none-eabi/lib/thumb/v6-m\libg_nano.a
LOAD c:/program files (x86)/gnu tools arm embedded/6 2017-q2-update/bin/../lib/gcc/arm-none-eabi/6.3.1/../../../../arm-none-eabi/lib/thumb/v6-m\libc_nano.a
END GROUP
START GROUP
LOAD c:/program files (x86)/gnu tools arm embedded/6 2017-q2-update/bin/../lib/gcc/arm-none-eabi/6.3.1/thumb/v6-m\libgcc.a
LOAD c:/program files (x86)/gnu tools arm embedded/6 2017-q2-update/bin/../lib/gcc/arm-none-eabi/6.3.1/../../../../arm-none-eabi/lib/thumb/v6-m\libc_nano.a
LOAD c:/program files (x86)/gnu tools arm embedded/6 2017-q2-update/bin/../lib/gcc/arm-none-eabi/6.3.1/../../../../arm-none-eabi/lib/thumb/v6-m\libnosys.a
END GROUP
START GROUP
LOAD c:/program files (x86)/gnu tools arm embedded/6 2017-q2-update/bin/../lib/gcc/arm-none-eabi/6.3.1/thumb/v6-m\libgcc.a
LOAD c:/program files (x86)/gnu tools arm embedded/6 2017-q2-update/bin/../lib/gcc/arm-none-eabi/6.3.1/../../../../arm-none-eabi/lib/thumb/v6-m\libc_nano.a
LOAD c:/program files (x86)/gnu tools arm embedded/6 2017-q2-update/bin/../lib/gcc/arm-none-eabi/6.3.1/../../../../arm-none-eabi/lib/thumb/v6-m\libnosys.a
END GROUP
LOAD c:/program files (x86)/gnu tools arm embedded/6 2017-q2-update/bin/../lib/gcc/arm-none-eabi/6.3.1/thumb/v6-m/crtend.o
LOAD c:/program files (x86)/gnu tools arm embedded/6 2017-q2-update/bin/../lib/gcc/arm-none-eabi/6.3.1/thumb/v6-m/crtn.o
                0x20008000                _estack = 0x20008000
                0x00000200                _Min_Heap_Size = 0x200
                0x00000400                _Min_Stack_Size = 0x400

.isr_vector     0x08000000       0xbc
                0x08000000                . = ALIGN (0x4)
 *(.isr_vector)
 .isr_vector    0x08000000       0xbc ./Src/startup_stm32f091xc.o
                0x08000000                g_pfnVectors
                0x080000bc                . = ALIGN (0x4)

.text           0x080000c0     0x9210
                0x080000c0                . = ALIGN (0x4)
 *(.text)
 .text          0x080000c0       0x60 c:/program files (x86)/gnu tools arm embedded/6 2017-q2-update/bin/../lib/gcc/arm-none-eabi/6.3.1/thumb/v6-m/crtbegin.o
 .text          0x08000120       0x14 c:/program files (x86)/gnu tools arm embedded/6 2017-q2-update/bin/../lib/gcc/arm-none-eabi/6.3.1/thumb/v6-m\libgcc.a(_thumb1_case_sqi.o)
                0x08000120                __gnu_thumb1_case_sqi
 .text          0x08000134       0x14 c:/program files (x86)/gnu tools arm embedded/6 2017-q2-update/bin/../lib/gcc/arm-none-eabi/6.3.1/thumb/v6-m\libgcc.a(_thumb1_case_uqi.o)
                0x08000134                __gnu_thumb1_case_uqi
 .text          0x08000148       0x14 c:/program files (x86)/gnu tools arm embedded/6 2017-q2-update/bin/../lib/gcc/arm-none-eabi/6.3.1/thumb/v6-m\libgcc.a(_thumb1_case_shi.o)
                0x08000148                __gnu_thumb1_case_shi
 .text          0x0800015c      0x114 c:/program files (x86)/gnu tools arm embedded/6 2017-q2-update/bin/../lib/gcc/arm-none-eabi/6.3.1/thumb/v6-m\libgcc.a(_udivsi3.o)
                0x0800015c                __aeabi_uidiv
                0x0800015c                __udivsi3
                0x08000268                __aeabi_uidivmod
 .text          0x08000270      0x1d4 c:/program files (x86)/gnu tools arm embedded/6 2017-q2-update/bin/../lib/gcc/arm-none-eabi/6.3.1/thumb/v6-m\libgcc.a(_divsi3.o)
                0x08000270                __divsi3
                0x08000270                __aeabi_idiv
                0x0800043c                __aeabi_idivmod
 .text          0x08000444        0x4 c:/program files (x86)/gnu tools arm embedded/6 2017-q2-update/bin/../lib/gcc/arm-none-eabi/6.3.1/thumb/v6-m\libgcc.a(_dvmd_tls.o)
                0x08000444                __aeabi_idiv0
                0x08000444                __aeabi_ldiv0
 *(.text*)
 .text.MX_ADC_Init
                0x08000448       0x88 ./Src/adc.o
                0x08000448                MX_ADC_Init
 .text.HAL_ADC_MspInit
                0x080004d0       0x9c ./Src/adc.o
                0x080004d0                HAL_ADC_MspInit
 .text.MX_CAN_Init
                0x0800056c       0x4c ./Src/can.o
                0x0800056c                MX_CAN_Init
 .text.HAL_CAN_MspInit
                0x080005b8       0x60 ./Src/can.o
                0x080005b8                HAL_CAN_MspInit
 .text.MX_DMA_Init
                0x08000618       0x5c ./Src/dma.o
                0x08000618                MX_DMA_Init
 .text.StartDefaultTask
                0x08000674        0xa ./Src/freertos.o
                0x08000674                StartDefaultTask
 .text.cmd_proc_entry
                0x0800067e        0xa ./Src/freertos.o
                0x0800067e                cmd_proc_entry
 .text.usart3_entry
                0x08000688      0x1a8 ./Src/freertos.o
                0x08000688                usart3_entry
 .text.IWDG_entry
                0x08000830       0x14 ./Src/freertos.o
                0x08000830                IWDG_entry
 .text.gpio_state_entry
                0x08000844       0x70 ./Src/freertos.o
                0x08000844                gpio_state_entry
 .text.spi1_entry
                0x080008b4      0x2f4 ./Src/freertos.o
                0x080008b4                spi1_entry
 .text.can_entry
                0x08000ba8       0xac ./Src/freertos.o
                0x08000ba8                can_entry
 .text.MX_FREERTOS_Init
                0x08000c54      0x2e8 ./Src/freertos.o
                0x08000c54                MX_FREERTOS_Init
 .text.aewin_dbg
                0x08000f3c       0x60 ./Src/freertos.o
                0x08000f3c                aewin_dbg
 .text.usart2_entry
                0x08000f9c      0x268 ./Src/freertos.o
                0x08000f9c                usart2_entry
 .text.ignition_entry
                0x08001204      0x2a4 ./Src/freertos.o
                0x08001204                ignition_entry
 .text.i2c1_entry
                0x080014a8      0x108 ./Src/freertos.o
                0x080014a8                i2c1_entry
 .text.adc_entry
                0x080015b0       0x78 ./Src/freertos.o
                0x080015b0                adc_entry
 .text.HAL_UART_RxCpltCallback
                0x08001628        0xc ./Src/freertos.o
                0x08001628                HAL_UART_RxCpltCallback
 .text.adc_voltageConversion_float
                0x08001634       0x20 ./Src/freertos.o
                0x08001634                adc_voltageConversion_float
 .text.adc_tempConversion_int
                0x08001654       0x48 ./Src/freertos.o
                0x08001654                adc_tempConversion_int
 .text.adc_tempConversion_float
                0x0800169c       0x4c ./Src/freertos.o
                0x0800169c                adc_tempConversion_float
 .text.usart1_entry
                0x080016e8      0xcec ./Src/freertos.o
                0x080016e8                usart1_entry
 .text.MX_GPIO_Init
                0x080023d4       0xd4 ./Src/gpio.o
                0x080023d4                MX_GPIO_Init
 .text.MX_I2C1_Init
                0x080024a8       0x6c ./Src/i2c.o
                0x080024a8                MX_I2C1_Init
 .text.MX_I2C2_Init
                0x08002514       0x6c ./Src/i2c.o
                0x08002514                MX_I2C2_Init
 .text.HAL_I2C_MspInit
                0x08002580       0xac ./Src/i2c.o
                0x08002580                HAL_I2C_MspInit
 .text.MX_IWDG_Init
                0x0800262c       0x34 ./Src/iwdg.o
                0x0800262c                MX_IWDG_Init
 .text.SystemClock_Config
                0x08002660       0xa4 ./Src/main.o
                0x08002660                SystemClock_Config
 .text.startup.main
                0x08002704       0x4c ./Src/main.o
                0x08002704                main
 .text.HAL_TIM_PeriodElapsedCallback
                0x08002750       0x14 ./Src/main.o
                0x08002750                HAL_TIM_PeriodElapsedCallback
 .text._Error_Handler
                0x08002764        0x2 ./Src/main.o
                0x08002764                _Error_Handler
 *fill*         0x08002766        0x2 
 .text.MX_RTC_Init
                0x08002768      0x104 ./Src/rtc.o
                0x08002768                MX_RTC_Init
 .text.HAL_RTC_MspInit
                0x0800286c       0x20 ./Src/rtc.o
                0x0800286c                HAL_RTC_MspInit
 .text.MX_SPI1_Init
                0x0800288c       0x54 ./Src/spi.o
                0x0800288c                MX_SPI1_Init
 .text.HAL_SPI_MspInit
                0x080028e0       0x60 ./Src/spi.o
                0x080028e0                HAL_SPI_MspInit
 .text.Reset_Handler
                0x08002940       0x50 ./Src/startup_stm32f091xc.o
                0x08002940                Reset_Handler
 .text.Default_Handler
                0x08002990        0x2 ./Src/startup_stm32f091xc.o
                0x08002990                TIM1_CC_IRQHandler
                0x08002990                TSC_IRQHandler
                0x08002990                ADC1_COMP_IRQHandler
                0x08002990                RCC_CRS_IRQHandler
                0x08002990                SPI1_IRQHandler
                0x08002990                TIM6_DAC_IRQHandler
                0x08002990                EXTI2_3_IRQHandler
                0x08002990                I2C2_IRQHandler
                0x08002990                TIM17_IRQHandler
                0x08002990                RTC_IRQHandler
                0x08002990                PVD_VDDIO2_IRQHandler
                0x08002990                TIM16_IRQHandler
                0x08002990                TIM3_IRQHandler
                0x08002990                EXTI4_15_IRQHandler
                0x08002990                Default_Handler
                0x08002990                TIM14_IRQHandler
                0x08002990                TIM7_IRQHandler
                0x08002990                TIM15_IRQHandler
                0x08002990                EXTI0_1_IRQHandler
                0x08002990                SPI2_IRQHandler
                0x08002990                WWDG_IRQHandler
                0x08002990                TIM2_IRQHandler
                0x08002990                FLASH_IRQHandler
 *fill*         0x08002992        0x2 
 .text.HAL_MspInit
                0x08002994       0x3c ./Src/stm32f0xx_hal_msp.o
                0x08002994                HAL_MspInit
 .text.HAL_InitTick
                0x080029d0       0x7c ./Src/stm32f0xx_hal_timebase_TIM.o
                0x080029d0                HAL_InitTick
 .text.NMI_Handler
                0x08002a4c        0x2 ./Src/stm32f0xx_it.o
                0x08002a4c                NMI_Handler
 .text.HardFault_Handler
                0x08002a4e        0x2 ./Src/stm32f0xx_it.o
                0x08002a4e                HardFault_Handler
 .text.SysTick_Handler
                0x08002a50        0x8 ./Src/stm32f0xx_it.o
                0x08002a50                SysTick_Handler
 .text.DMA1_Ch1_IRQHandler
                0x08002a58       0x10 ./Src/stm32f0xx_it.o
                0x08002a58                DMA1_Ch1_IRQHandler
 .text.DMA1_Ch2_3_DMA2_Ch1_2_IRQHandler
                0x08002a68       0x2c ./Src/stm32f0xx_it.o
                0x08002a68                DMA1_Ch2_3_DMA2_Ch1_2_IRQHandler
 .text.DMA1_Ch4_7_DMA2_Ch3_5_IRQHandler
                0x08002a94       0x18 ./Src/stm32f0xx_it.o
                0x08002a94                DMA1_Ch4_7_DMA2_Ch3_5_IRQHandler
 .text.TIM1_BRK_UP_TRG_COM_IRQHandler
                0x08002aac       0x10 ./Src/stm32f0xx_it.o
                0x08002aac                TIM1_BRK_UP_TRG_COM_IRQHandler
 .text.I2C1_IRQHandler
                0x08002abc       0x20 ./Src/stm32f0xx_it.o
                0x08002abc                I2C1_IRQHandler
 .text.USART1_IRQHandler
                0x08002adc       0x10 ./Src/stm32f0xx_it.o
                0x08002adc                USART1_IRQHandler
 .text.USART2_IRQHandler
                0x08002aec       0x10 ./Src/stm32f0xx_it.o
                0x08002aec                USART2_IRQHandler
 .text.USART3_8_IRQHandler
                0x08002afc       0x10 ./Src/stm32f0xx_it.o
                0x08002afc                USART3_8_IRQHandler
 .text.CEC_CAN_IRQHandler
                0x08002b0c       0x10 ./Src/stm32f0xx_it.o
                0x08002b0c                CEC_CAN_IRQHandler
 .text.SystemInit
                0x08002b1c       0x60 ./Src/system_stm32f0xx.o
                0x08002b1c                SystemInit
 .text.MX_TIM2_Init
                0x08002b7c       0x88 ./Src/tim.o
                0x08002b7c                MX_TIM2_Init
 .text.HAL_TIM_Base_MspInit
                0x08002c04       0x48 ./Src/tim.o
                0x08002c04                HAL_TIM_Base_MspInit
 .text.HAL_TIM_MspPostInit
                0x08002c4c       0x30 ./Src/tim.o
                0x08002c4c                HAL_TIM_MspPostInit
 .text.MX_TIM14_Init
                0x08002c7c       0x70 ./Src/tim.o
                0x08002c7c                MX_TIM14_Init
 .text.MX_USART1_UART_Init
                0x08002cec       0x40 ./Src/usart.o
                0x08002cec                MX_USART1_UART_Init
 .text.MX_USART2_UART_Init
                0x08002d2c       0x40 ./Src/usart.o
                0x08002d2c                MX_USART2_UART_Init
 .text.MX_USART3_UART_Init
                0x08002d6c       0x50 ./Src/usart.o
                0x08002d6c                MX_USART3_UART_Init
 .text.HAL_UART_MspInit
                0x08002dbc      0x2f0 ./Src/usart.o
                0x08002dbc                HAL_UART_MspInit
 .text.unlikely.prvInsertBlockIntoFreeList
                0x080030ac       0x48 ./Middlewares/Third_Party/FreeRTOS/Source/portable/MemMang/heap_4.o
 .text.pvPortMalloc
                0x080030f4      0x104 ./Middlewares/Third_Party/FreeRTOS/Source/portable/MemMang/heap_4.o
                0x080030f4                pvPortMalloc
 .text.vPortFree
                0x080031f8       0x48 ./Middlewares/Third_Party/FreeRTOS/Source/portable/MemMang/heap_4.o
                0x080031f8                vPortFree
 .text.prvTaskExitError
                0x08003240       0x14 ./Middlewares/Third_Party/FreeRTOS/Source/portable/GCC/ARM_CM0/port.o
 *fill*         0x08003254        0xc 
 .text.vPortStartFirstTask
                0x08003260       0x34 ./Middlewares/Third_Party/FreeRTOS/Source/portable/GCC/ARM_CM0/port.o
 .text.pxPortInitialiseStack
                0x08003294       0x20 ./Middlewares/Third_Party/FreeRTOS/Source/portable/GCC/ARM_CM0/port.o
                0x08003294                pxPortInitialiseStack
 .text.SVC_Handler
                0x080032b4        0x2 ./Middlewares/Third_Party/FreeRTOS/Source/portable/GCC/ARM_CM0/port.o
                0x080032b4                SVC_Handler
 *fill*         0x080032b6        0x2 
 .text.vPortYield
                0x080032b8       0x18 ./Middlewares/Third_Party/FreeRTOS/Source/portable/GCC/ARM_CM0/port.o
                0x080032b8                vPortYield
 .text.vPortEnterCritical
                0x080032d0       0x18 ./Middlewares/Third_Party/FreeRTOS/Source/portable/GCC/ARM_CM0/port.o
                0x080032d0                vPortEnterCritical
 .text.vPortExitCritical
                0x080032e8       0x1c ./Middlewares/Third_Party/FreeRTOS/Source/portable/GCC/ARM_CM0/port.o
                0x080032e8                vPortExitCritical
 .text.ulSetInterruptMaskFromISR
                0x08003304        0xa ./Middlewares/Third_Party/FreeRTOS/Source/portable/GCC/ARM_CM0/port.o
                0x08003304                ulSetInterruptMaskFromISR
 .text.vClearInterruptMaskFromISR
                0x0800330e        0x6 ./Middlewares/Third_Party/FreeRTOS/Source/portable/GCC/ARM_CM0/port.o
                0x0800330e                vClearInterruptMaskFromISR
 *fill*         0x08003314        0xc 
 .text.PendSV_Handler
                0x08003320       0x44 ./Middlewares/Third_Party/FreeRTOS/Source/portable/GCC/ARM_CM0/port.o
                0x08003320                PendSV_Handler
 .text.xPortSysTickHandler
                0x08003364       0x24 ./Middlewares/Third_Party/FreeRTOS/Source/portable/GCC/ARM_CM0/port.o
                0x08003364                xPortSysTickHandler
 .text.vPortSetupTimerInterrupt
                0x08003388       0x28 ./Middlewares/Third_Party/FreeRTOS/Source/portable/GCC/ARM_CM0/port.o
                0x08003388                vPortSetupTimerInterrupt
 .text.xPortStartScheduler
                0x080033b0       0x34 ./Middlewares/Third_Party/FreeRTOS/Source/portable/GCC/ARM_CM0/port.o
                0x080033b0                xPortStartScheduler
 .text.osKernelStart
                0x080033e4        0xa ./Middlewares/Third_Party/FreeRTOS/Source/CMSIS_RTOS/cmsis_os.o
                0x080033e4                osKernelStart
 .text.osThreadCreate
                0x080033ee       0x30 ./Middlewares/Third_Party/FreeRTOS/Source/CMSIS_RTOS/cmsis_os.o
                0x080033ee                osThreadCreate
 .text.osDelay  0x0800341e       0x10 ./Middlewares/Third_Party/FreeRTOS/Source/CMSIS_RTOS/cmsis_os.o
                0x0800341e                osDelay
 .text.osMutexCreate
                0x0800342e        0xa ./Middlewares/Third_Party/FreeRTOS/Source/CMSIS_RTOS/cmsis_os.o
                0x0800342e                osMutexCreate
 .text.osMutexWait
                0x08003438       0x4c ./Middlewares/Third_Party/FreeRTOS/Source/CMSIS_RTOS/cmsis_os.o
                0x08003438                osMutexWait
 .text.osSemaphoreRelease
                0x08003484       0x40 ./Middlewares/Third_Party/FreeRTOS/Source/CMSIS_RTOS/cmsis_os.o
                0x08003484                osSemaphoreRelease
 .text.osMutexRelease
                0x080034c4        0x8 ./Middlewares/Third_Party/FreeRTOS/Source/CMSIS_RTOS/cmsis_os.o
                0x080034c4                osMutexRelease
 .text.osMessageCreate
                0x080034cc        0xe ./Middlewares/Third_Party/FreeRTOS/Source/CMSIS_RTOS/cmsis_os.o
                0x080034cc                osMessageCreate
 *fill*         0x080034da        0x2 
 .text.osMessagePut
                0x080034dc       0x4c ./Middlewares/Third_Party/FreeRTOS/Source/CMSIS_RTOS/cmsis_os.o
                0x080034dc                osMessagePut
 .text.osMessageGet
                0x08003528       0x74 ./Middlewares/Third_Party/FreeRTOS/Source/CMSIS_RTOS/cmsis_os.o
                0x08003528                osMessageGet
 .text.osSystickHandler
                0x0800359c       0x10 ./Middlewares/Third_Party/FreeRTOS/Source/CMSIS_RTOS/cmsis_os.o
                0x0800359c                osSystickHandler
 .text.vListInitialise
                0x080035ac       0x16 ./Middlewares/Third_Party/FreeRTOS/Source/list.o
                0x080035ac                vListInitialise
 .text.vListInitialiseItem
                0x080035c2        0x6 ./Middlewares/Third_Party/FreeRTOS/Source/list.o
                0x080035c2                vListInitialiseItem
 .text.vListInsertEnd
                0x080035c8       0x18 ./Middlewares/Third_Party/FreeRTOS/Source/list.o
                0x080035c8                vListInsertEnd
 .text.vListInsert
                0x080035e0       0x2e ./Middlewares/Third_Party/FreeRTOS/Source/list.o
                0x080035e0                vListInsert
 .text.uxListRemove
                0x0800360e       0x20 ./Middlewares/Third_Party/FreeRTOS/Source/list.o
                0x0800360e                uxListRemove
 .text.unlikely.prvCopyDataToQueue
                0x0800362e       0x70 ./Middlewares/Third_Party/FreeRTOS/Source/queue.o
 .text.unlikely.prvCopyDataFromQueue
                0x0800369e       0x24 ./Middlewares/Third_Party/FreeRTOS/Source/queue.o
 .text.prvUnlockQueue
                0x080036c2       0x6a ./Middlewares/Third_Party/FreeRTOS/Source/queue.o
 .text.xQueueGenericReset
                0x0800372c       0x68 ./Middlewares/Third_Party/FreeRTOS/Source/queue.o
                0x0800372c                xQueueGenericReset
 .text.xQueueGenericCreate
                0x08003794       0x3a ./Middlewares/Third_Party/FreeRTOS/Source/queue.o
                0x08003794                xQueueGenericCreate
 .text.xQueueGenericSend
                0x080037ce      0x11e ./Middlewares/Third_Party/FreeRTOS/Source/queue.o
                0x080037ce                xQueueGenericSend
 .text.xQueueCreateMutex
                0x080038ec       0x24 ./Middlewares/Third_Party/FreeRTOS/Source/queue.o
                0x080038ec                xQueueCreateMutex
 .text.xQueueGenericSendFromISR
                0x08003910       0x92 ./Middlewares/Third_Party/FreeRTOS/Source/queue.o
                0x08003910                xQueueGenericSendFromISR
 .text.xQueueGiveFromISR
                0x080039a2       0x7a ./Middlewares/Third_Party/FreeRTOS/Source/queue.o
                0x080039a2                xQueueGiveFromISR
 .text.xQueueGenericReceive
                0x08003a1c      0x14c ./Middlewares/Third_Party/FreeRTOS/Source/queue.o
                0x08003a1c                xQueueGenericReceive
 .text.xQueueReceiveFromISR
                0x08003b68       0x80 ./Middlewares/Third_Party/FreeRTOS/Source/queue.o
                0x08003b68                xQueueReceiveFromISR
 .text.prvResetNextTaskUnblockTime
                0x08003be8       0x28 ./Middlewares/Third_Party/FreeRTOS/Source/tasks.o
 .text.prvAddCurrentTaskToDelayedList
                0x08003c10       0x70 ./Middlewares/Third_Party/FreeRTOS/Source/tasks.o
 .text.xTaskCreate
                0x08003c80      0x188 ./Middlewares/Third_Party/FreeRTOS/Source/tasks.o
                0x08003c80                xTaskCreate
 .text.vTaskStartScheduler
                0x08003e08       0x54 ./Middlewares/Third_Party/FreeRTOS/Source/tasks.o
                0x08003e08                vTaskStartScheduler
 .text.vTaskSuspendAll
                0x08003e5c       0x10 ./Middlewares/Third_Party/FreeRTOS/Source/tasks.o
                0x08003e5c                vTaskSuspendAll
 .text.xTaskIncrementTick
                0x08003e6c       0xfc ./Middlewares/Third_Party/FreeRTOS/Source/tasks.o
                0x08003e6c                xTaskIncrementTick
 .text.xTaskResumeAll
                0x08003f68       0xd0 ./Middlewares/Third_Party/FreeRTOS/Source/tasks.o
                0x08003f68                xTaskResumeAll
 .text.vTaskDelay
                0x08004038       0x34 ./Middlewares/Third_Party/FreeRTOS/Source/tasks.o
                0x08004038                vTaskDelay
 .text.prvIdleTask
                0x0800406c       0x68 ./Middlewares/Third_Party/FreeRTOS/Source/tasks.o
 .text.vTaskSwitchContext
                0x080040d4       0x6c ./Middlewares/Third_Party/FreeRTOS/Source/tasks.o
                0x080040d4                vTaskSwitchContext
 .text.vTaskPlaceOnEventList
                0x08004140       0x24 ./Middlewares/Third_Party/FreeRTOS/Source/tasks.o
                0x08004140                vTaskPlaceOnEventList
 .text.xTaskRemoveFromEventList
                0x08004164       0x78 ./Middlewares/Third_Party/FreeRTOS/Source/tasks.o
                0x08004164                xTaskRemoveFromEventList
 .text.vTaskSetTimeOutState
                0x080041dc       0x20 ./Middlewares/Third_Party/FreeRTOS/Source/tasks.o
                0x080041dc                vTaskSetTimeOutState
 .text.xTaskCheckForTimeOut
                0x080041fc       0x60 ./Middlewares/Third_Party/FreeRTOS/Source/tasks.o
                0x080041fc                xTaskCheckForTimeOut
 .text.vTaskMissedYield
                0x0800425c        0xc ./Middlewares/Third_Party/FreeRTOS/Source/tasks.o
                0x0800425c                vTaskMissedYield
 .text.xTaskGetSchedulerState
                0x08004268       0x20 ./Middlewares/Third_Party/FreeRTOS/Source/tasks.o
                0x08004268                xTaskGetSchedulerState
 .text.vTaskPriorityInherit
                0x08004288       0x6c ./Middlewares/Third_Party/FreeRTOS/Source/tasks.o
                0x08004288                vTaskPriorityInherit
 .text.xTaskPriorityDisinherit
                0x080042f4       0x6c ./Middlewares/Third_Party/FreeRTOS/Source/tasks.o
                0x080042f4                xTaskPriorityDisinherit
 .text.pvTaskIncrementMutexHeldCount
                0x08004360       0x18 ./Middlewares/Third_Party/FreeRTOS/Source/tasks.o
                0x08004360                pvTaskIncrementMutexHeldCount
 .text.HAL_Init
                0x08004378       0x20 ./Drivers/STM32F0xx_HAL_Driver/Src/stm32f0xx_hal.o
                0x08004378                HAL_Init
 .text.HAL_IncTick
                0x08004398       0x10 ./Drivers/STM32F0xx_HAL_Driver/Src/stm32f0xx_hal.o
                0x08004398                HAL_IncTick
 .text.HAL_GetTick
                0x080043a8        0xc ./Drivers/STM32F0xx_HAL_Driver/Src/stm32f0xx_hal.o
                0x080043a8                HAL_GetTick
 .text.HAL_Delay
                0x080043b4       0x20 ./Drivers/STM32F0xx_HAL_Driver/Src/stm32f0xx_hal.o
                0x080043b4                HAL_Delay
 .text.ADC_Disable
                0x080043d4       0x72 ./Drivers/STM32F0xx_HAL_Driver/Src/stm32f0xx_hal_adc.o
 *fill*         0x08004446        0x2 
 .text.ADC_Enable
                0x08004448       0x98 ./Drivers/STM32F0xx_HAL_Driver/Src/stm32f0xx_hal_adc.o
 .text.ADC_ConversionStop
                0x080044e0       0x52 ./Drivers/STM32F0xx_HAL_Driver/Src/stm32f0xx_hal_adc.o
 *fill*         0x08004532        0x2 
 .text.HAL_ADC_Init
                0x08004534      0x14c ./Drivers/STM32F0xx_HAL_Driver/Src/stm32f0xx_hal_adc.o
                0x08004534                HAL_ADC_Init
 .text.HAL_ADC_Start_DMA
                0x08004680       0x94 ./Drivers/STM32F0xx_HAL_Driver/Src/stm32f0xx_hal_adc.o
                0x08004680                HAL_ADC_Start_DMA
 .text.HAL_ADC_Stop_DMA
                0x08004714       0x70 ./Drivers/STM32F0xx_HAL_Driver/Src/stm32f0xx_hal_adc.o
                0x08004714                HAL_ADC_Stop_DMA
 .text.HAL_ADC_ConvCpltCallback
                0x08004784        0x2 ./Drivers/STM32F0xx_HAL_Driver/Src/stm32f0xx_hal_adc.o
                0x08004784                HAL_ADC_ConvCpltCallback
 *fill*         0x08004786        0x2 
 .text.ADC_DMAConvCplt
                0x08004788       0x70 ./Drivers/STM32F0xx_HAL_Driver/Src/stm32f0xx_hal_adc.o
 .text.HAL_ADC_ConvHalfCpltCallback
                0x080047f8        0x2 ./Drivers/STM32F0xx_HAL_Driver/Src/stm32f0xx_hal_adc.o
                0x080047f8                HAL_ADC_ConvHalfCpltCallback
 .text.ADC_DMAHalfConvCplt
                0x080047fa        0xa ./Drivers/STM32F0xx_HAL_Driver/Src/stm32f0xx_hal_adc.o
 .text.HAL_ADC_ErrorCallback
                0x08004804        0x2 ./Drivers/STM32F0xx_HAL_Driver/Src/stm32f0xx_hal_adc.o
                0x08004804                HAL_ADC_ErrorCallback
 .text.ADC_DMAError
                0x08004806       0x1a ./Drivers/STM32F0xx_HAL_Driver/Src/stm32f0xx_hal_adc.o
 .text.HAL_ADC_ConfigChannel
                0x08004820      0x100 ./Drivers/STM32F0xx_HAL_Driver/Src/stm32f0xx_hal_adc.o
                0x08004820                HAL_ADC_ConfigChannel
 .text.HAL_CAN_ConfigFilter
                0x08004920       0xdc ./Drivers/STM32F0xx_HAL_Driver/Src/stm32f0xx_hal_can.o
                0x08004920                HAL_CAN_ConfigFilter
 .text.HAL_CAN_Init
                0x080049fc      0x13c ./Drivers/STM32F0xx_HAL_Driver/Src/stm32f0xx_hal_can.o
                0x080049fc                HAL_CAN_Init
 .text.HAL_CAN_Transmit
                0x08004b38      0x1c0 ./Drivers/STM32F0xx_HAL_Driver/Src/stm32f0xx_hal_can.o
                0x08004b38                HAL_CAN_Transmit
 .text.HAL_CAN_Receive_IT
                0x08004cf8       0xbc ./Drivers/STM32F0xx_HAL_Driver/Src/stm32f0xx_hal_can.o
                0x08004cf8                HAL_CAN_Receive_IT
 .text.HAL_CAN_TxCpltCallback
                0x08004db4        0x2 ./Drivers/STM32F0xx_HAL_Driver/Src/stm32f0xx_hal_can.o
                0x08004db4                HAL_CAN_TxCpltCallback
 .text.HAL_CAN_RxCpltCallback
                0x08004db6        0x2 ./Drivers/STM32F0xx_HAL_Driver/Src/stm32f0xx_hal_can.o
                0x08004db6                HAL_CAN_RxCpltCallback
 .text.CAN_Receive_IT
                0x08004db8      0x10c ./Drivers/STM32F0xx_HAL_Driver/Src/stm32f0xx_hal_can.o
 .text.HAL_CAN_ErrorCallback
                0x08004ec4        0x2 ./Drivers/STM32F0xx_HAL_Driver/Src/stm32f0xx_hal_can.o
                0x08004ec4                HAL_CAN_ErrorCallback
 *fill*         0x08004ec6        0x2 
 .text.HAL_CAN_IRQHandler
                0x08004ec8      0x1e4 ./Drivers/STM32F0xx_HAL_Driver/Src/stm32f0xx_hal_can.o
                0x08004ec8                HAL_CAN_IRQHandler
 .text.HAL_NVIC_SetPriority
                0x080050ac       0x60 ./Drivers/STM32F0xx_HAL_Driver/Src/stm32f0xx_hal_cortex.o
                0x080050ac                HAL_NVIC_SetPriority
 .text.HAL_NVIC_EnableIRQ
                0x0800510c       0x14 ./Drivers/STM32F0xx_HAL_Driver/Src/stm32f0xx_hal_cortex.o
                0x0800510c                HAL_NVIC_EnableIRQ
 .text.HAL_SYSTICK_Config
                0x08005120       0x34 ./Drivers/STM32F0xx_HAL_Driver/Src/stm32f0xx_hal_cortex.o
                0x08005120                HAL_SYSTICK_Config
 .text.HAL_SYSTICK_CLKSourceConfig
                0x08005154       0x1c ./Drivers/STM32F0xx_HAL_Driver/Src/stm32f0xx_hal_cortex.o
                0x08005154                HAL_SYSTICK_CLKSourceConfig
 .text.DMA_CalcBaseAndBitshift
                0x08005170       0x48 ./Drivers/STM32F0xx_HAL_Driver/Src/stm32f0xx_hal_dma.o
 .text.HAL_DMA_Init
                0x080051b8       0x58 ./Drivers/STM32F0xx_HAL_Driver/Src/stm32f0xx_hal_dma.o
                0x080051b8                HAL_DMA_Init
 .text.HAL_DMA_Start_IT
                0x08005210       0x76 ./Drivers/STM32F0xx_HAL_Driver/Src/stm32f0xx_hal_dma.o
                0x08005210                HAL_DMA_Start_IT
 .text.HAL_DMA_Abort
                0x08005286       0x2a ./Drivers/STM32F0xx_HAL_Driver/Src/stm32f0xx_hal_dma.o
                0x08005286                HAL_DMA_Abort
 .text.HAL_DMA_Abort_IT
                0x080052b0       0x46 ./Drivers/STM32F0xx_HAL_Driver/Src/stm32f0xx_hal_dma.o
                0x080052b0                HAL_DMA_Abort_IT
 .text.HAL_DMA_IRQHandler
                0x080052f6       0x92 ./Drivers/STM32F0xx_HAL_Driver/Src/stm32f0xx_hal_dma.o
                0x080052f6                HAL_DMA_IRQHandler
 .text.HAL_GPIO_Init
                0x08005388      0x178 ./Drivers/STM32F0xx_HAL_Driver/Src/stm32f0xx_hal_gpio.o
                0x08005388                HAL_GPIO_Init
 .text.HAL_GPIO_ReadPin
                0x08005500        0xc ./Drivers/STM32F0xx_HAL_Driver/Src/stm32f0xx_hal_gpio.o
                0x08005500                HAL_GPIO_ReadPin
 .text.HAL_GPIO_WritePin
                0x0800550c        0xc ./Drivers/STM32F0xx_HAL_Driver/Src/stm32f0xx_hal_gpio.o
                0x0800550c                HAL_GPIO_WritePin
 .text.I2C_Flush_TXDR
                0x08005518       0x1c ./Drivers/STM32F0xx_HAL_Driver/Src/stm32f0xx_hal_i2c.o
 .text.I2C_TransferConfig
                0x08005534       0x24 ./Drivers/STM32F0xx_HAL_Driver/Src/stm32f0xx_hal_i2c.o
 .text.I2C_Disable_IRQ
                0x08005558       0x60 ./Drivers/STM32F0xx_HAL_Driver/Src/stm32f0xx_hal_i2c.o
 .text.I2C_WaitOnFlagUntilTimeout
                0x080055b8       0x4c ./Drivers/STM32F0xx_HAL_Driver/Src/stm32f0xx_hal_i2c.o
 .text.I2C_IsAcknowledgeFailed
                0x08005604       0x80 ./Drivers/STM32F0xx_HAL_Driver/Src/stm32f0xx_hal_i2c.o
 .text.I2C_WaitOnTXISFlagUntilTimeout
                0x08005684       0x5a ./Drivers/STM32F0xx_HAL_Driver/Src/stm32f0xx_hal_i2c.o
 *fill*         0x080056de        0x2 
 .text.I2C_WaitOnRXNEFlagUntilTimeout
                0x080056e0       0x78 ./Drivers/STM32F0xx_HAL_Driver/Src/stm32f0xx_hal_i2c.o
 .text.I2C_WaitOnSTOPFlagUntilTimeout
                0x08005758       0x56 ./Drivers/STM32F0xx_HAL_Driver/Src/stm32f0xx_hal_i2c.o
 *fill*         0x080057ae        0x2 
 .text.HAL_I2C_Init
                0x080057b0       0xac ./Drivers/STM32F0xx_HAL_Driver/Src/stm32f0xx_hal_i2c.o
                0x080057b0                HAL_I2C_Init
 .text.HAL_I2C_Master_Transmit
                0x0800585c      0x130 ./Drivers/STM32F0xx_HAL_Driver/Src/stm32f0xx_hal_i2c.o
                0x0800585c                HAL_I2C_Master_Transmit
 .text.HAL_I2C_Master_Receive
                0x0800598c      0x130 ./Drivers/STM32F0xx_HAL_Driver/Src/stm32f0xx_hal_i2c.o
                0x0800598c                HAL_I2C_Master_Receive
 .text.HAL_I2C_EV_IRQHandler
                0x08005abc       0x12 ./Drivers/STM32F0xx_HAL_Driver/Src/stm32f0xx_hal_i2c.o
                0x08005abc                HAL_I2C_EV_IRQHandler
 .text.HAL_I2C_SlaveTxCpltCallback
                0x08005ace        0x2 ./Drivers/STM32F0xx_HAL_Driver/Src/stm32f0xx_hal_i2c.o
                0x08005ace                HAL_I2C_SlaveTxCpltCallback
 .text.HAL_I2C_SlaveRxCpltCallback
                0x08005ad0        0x2 ./Drivers/STM32F0xx_HAL_Driver/Src/stm32f0xx_hal_i2c.o
                0x08005ad0                HAL_I2C_SlaveRxCpltCallback
 .text.I2C_ITSlaveSequentialCplt
                0x08005ad2       0x52 ./Drivers/STM32F0xx_HAL_Driver/Src/stm32f0xx_hal_i2c.o
 .text.HAL_I2C_AddrCallback
                0x08005b24        0x2 ./Drivers/STM32F0xx_HAL_Driver/Src/stm32f0xx_hal_i2c.o
                0x08005b24                HAL_I2C_AddrCallback
 .text.HAL_I2C_ListenCpltCallback
                0x08005b26        0x2 ./Drivers/STM32F0xx_HAL_Driver/Src/stm32f0xx_hal_i2c.o
                0x08005b26                HAL_I2C_ListenCpltCallback
 .text.I2C_ITListenCplt
                0x08005b28       0x64 ./Drivers/STM32F0xx_HAL_Driver/Src/stm32f0xx_hal_i2c.o
 .text.HAL_I2C_ErrorCallback
                0x08005b8c        0x2 ./Drivers/STM32F0xx_HAL_Driver/Src/stm32f0xx_hal_i2c.o
                0x08005b8c                HAL_I2C_ErrorCallback
 .text.HAL_I2C_AbortCpltCallback
                0x08005b8e        0x2 ./Drivers/STM32F0xx_HAL_Driver/Src/stm32f0xx_hal_i2c.o
                0x08005b8e                HAL_I2C_AbortCpltCallback
 .text.I2C_ITError
                0x08005b90       0xe0 ./Drivers/STM32F0xx_HAL_Driver/Src/stm32f0xx_hal_i2c.o
 .text.I2C_ITSlaveCplt
                0x08005c70       0xf8 ./Drivers/STM32F0xx_HAL_Driver/Src/stm32f0xx_hal_i2c.o
 .text.I2C_Slave_ISR_IT
                0x08005d68      0x1d0 ./Drivers/STM32F0xx_HAL_Driver/Src/stm32f0xx_hal_i2c.o
 .text.HAL_I2C_ER_IRQHandler
                0x08005f38       0x5a ./Drivers/STM32F0xx_HAL_Driver/Src/stm32f0xx_hal_i2c.o
                0x08005f38                HAL_I2C_ER_IRQHandler
 .text.I2C_DMAAbort
                0x08005f92       0x34 ./Drivers/STM32F0xx_HAL_Driver/Src/stm32f0xx_hal_i2c.o
 *fill*         0x08005fc6        0x2 
 .text.HAL_I2CEx_ConfigAnalogFilter
                0x08005fc8       0x4c ./Drivers/STM32F0xx_HAL_Driver/Src/stm32f0xx_hal_i2c_ex.o
                0x08005fc8                HAL_I2CEx_ConfigAnalogFilter
 .text.HAL_I2CEx_ConfigDigitalFilter
                0x08006014       0x48 ./Drivers/STM32F0xx_HAL_Driver/Src/stm32f0xx_hal_i2c_ex.o
                0x08006014                HAL_I2CEx_ConfigDigitalFilter
 .text.HAL_I2CEx_EnableFastModePlus
                0x0800605c       0x28 ./Drivers/STM32F0xx_HAL_Driver/Src/stm32f0xx_hal_i2c_ex.o
                0x0800605c                HAL_I2CEx_EnableFastModePlus
 .text.HAL_IWDG_Init
                0x08006084       0x58 ./Drivers/STM32F0xx_HAL_Driver/Src/stm32f0xx_hal_iwdg.o
                0x08006084                HAL_IWDG_Init
 .text.HAL_IWDG_Refresh
                0x080060dc       0x10 ./Drivers/STM32F0xx_HAL_Driver/Src/stm32f0xx_hal_iwdg.o
                0x080060dc                HAL_IWDG_Refresh
 .text.HAL_PWR_EnableBkUpAccess
                0x080060ec       0x14 ./Drivers/STM32F0xx_HAL_Driver/Src/stm32f0xx_hal_pwr.o
                0x080060ec                HAL_PWR_EnableBkUpAccess
 .text.HAL_RCC_OscConfig
                0x08006100      0x464 ./Drivers/STM32F0xx_HAL_Driver/Src/stm32f0xx_hal_rcc.o
                0x08006100                HAL_RCC_OscConfig
 .text.HAL_RCC_MCOConfig
                0x08006564       0x54 ./Drivers/STM32F0xx_HAL_Driver/Src/stm32f0xx_hal_rcc.o
                0x08006564                HAL_RCC_MCOConfig
 .text.HAL_RCC_GetSysClockFreq
                0x080065b8       0x78 ./Drivers/STM32F0xx_HAL_Driver/Src/stm32f0xx_hal_rcc.o
                0x080065b8                HAL_RCC_GetSysClockFreq
 .text.HAL_RCC_ClockConfig
                0x08006630      0x15c ./Drivers/STM32F0xx_HAL_Driver/Src/stm32f0xx_hal_rcc.o
                0x08006630                HAL_RCC_ClockConfig
 .text.HAL_RCC_GetHCLKFreq
                0x0800678c        0xc ./Drivers/STM32F0xx_HAL_Driver/Src/stm32f0xx_hal_rcc.o
                0x0800678c                HAL_RCC_GetHCLKFreq
 .text.HAL_RCC_GetPCLK1Freq
                0x08006798       0x20 ./Drivers/STM32F0xx_HAL_Driver/Src/stm32f0xx_hal_rcc.o
                0x08006798                HAL_RCC_GetPCLK1Freq
 .text.HAL_RCC_GetClockConfig
                0x080067b8       0x38 ./Drivers/STM32F0xx_HAL_Driver/Src/stm32f0xx_hal_rcc.o
                0x080067b8                HAL_RCC_GetClockConfig
 .text.HAL_RCCEx_PeriphCLKConfig
                0x080067f0      0x144 ./Drivers/STM32F0xx_HAL_Driver/Src/stm32f0xx_hal_rcc_ex.o
                0x080067f0                HAL_RCCEx_PeriphCLKConfig
 .text.HAL_RTC_WaitForSynchro
                0x08006934       0x34 ./Drivers/STM32F0xx_HAL_Driver/Src/stm32f0xx_hal_rtc.o
                0x08006934                HAL_RTC_WaitForSynchro
 .text.RTC_EnterInitMode
                0x08006968       0x38 ./Drivers/STM32F0xx_HAL_Driver/Src/stm32f0xx_hal_rtc.o
                0x08006968                RTC_EnterInitMode
 .text.HAL_RTC_Init
                0x080069a0       0xa8 ./Drivers/STM32F0xx_HAL_Driver/Src/stm32f0xx_hal_rtc.o
                0x080069a0                HAL_RTC_Init
 .text.RTC_ByteToBcd2
                0x08006a48       0x16 ./Drivers/STM32F0xx_HAL_Driver/Src/stm32f0xx_hal_rtc.o
                0x08006a48                RTC_ByteToBcd2
 *fill*         0x08006a5e        0x2 
 .text.HAL_RTC_SetTime
                0x08006a60       0xe8 ./Drivers/STM32F0xx_HAL_Driver/Src/stm32f0xx_hal_rtc.o
                0x08006a60                HAL_RTC_SetTime
 .text.HAL_RTC_SetDate
                0x08006b48       0xc8 ./Drivers/STM32F0xx_HAL_Driver/Src/stm32f0xx_hal_rtc.o
                0x08006b48                HAL_RTC_SetDate
 .text.HAL_RTC_SetAlarm
                0x08006c10      0x108 ./Drivers/STM32F0xx_HAL_Driver/Src/stm32f0xx_hal_rtc.o
                0x08006c10                HAL_RTC_SetAlarm
 .text.RTC_Bcd2ToByte
                0x08006d18       0x10 ./Drivers/STM32F0xx_HAL_Driver/Src/stm32f0xx_hal_rtc.o
                0x08006d18                RTC_Bcd2ToByte
 .text.HAL_RTC_GetTime
                0x08006d28       0x4c ./Drivers/STM32F0xx_HAL_Driver/Src/stm32f0xx_hal_rtc.o
                0x08006d28                HAL_RTC_GetTime
 .text.HAL_RTC_GetDate
                0x08006d74       0x3e ./Drivers/STM32F0xx_HAL_Driver/Src/stm32f0xx_hal_rtc.o
                0x08006d74                HAL_RTC_GetDate
 *fill*         0x08006db2        0x2 
 .text.HAL_RTCEx_SetTimeStamp
                0x08006db4       0x40 ./Drivers/STM32F0xx_HAL_Driver/Src/stm32f0xx_hal_rtc_ex.o
                0x08006db4                HAL_RTCEx_SetTimeStamp
 .text.HAL_RTCEx_SetWakeUpTimer
                0x08006df4       0xbc ./Drivers/STM32F0xx_HAL_Driver/Src/stm32f0xx_hal_rtc_ex.o
                0x08006df4                HAL_RTCEx_SetWakeUpTimer
 .text.HAL_RTCEx_BKUPWrite
                0x08006eb0        0xc ./Drivers/STM32F0xx_HAL_Driver/Src/stm32f0xx_hal_rtc_ex.o
                0x08006eb0                HAL_RTCEx_BKUPWrite
 .text.HAL_RTCEx_BKUPRead
                0x08006ebc        0xc ./Drivers/STM32F0xx_HAL_Driver/Src/stm32f0xx_hal_rtc_ex.o
                0x08006ebc                HAL_RTCEx_BKUPRead
 .text.SPI_WaitFifoStateUntilTimeout.part.1
                0x08006ec8       0x60 ./Drivers/STM32F0xx_HAL_Driver/Src/stm32f0xx_hal_spi.o
 .text.SPI_WaitFlagStateUntilTimeout.constprop.9
                0x08006f28       0x2e ./Drivers/STM32F0xx_HAL_Driver/Src/stm32f0xx_hal_spi.o
 .text.SPI_WaitFifoStateUntilTimeout.constprop.10
                0x08006f56       0x48 ./Drivers/STM32F0xx_HAL_Driver/Src/stm32f0xx_hal_spi.o
 .text.SPI_EndRxTxTransaction
                0x08006f9e       0x46 ./Drivers/STM32F0xx_HAL_Driver/Src/stm32f0xx_hal_spi.o
 .text.SPI_EndRxTransaction
                0x08006fe4       0x7a ./Drivers/STM32F0xx_HAL_Driver/Src/stm32f0xx_hal_spi.o
 *fill*         0x0800705e        0x2 
 .text.HAL_SPI_Init
                0x08007060       0xbc ./Drivers/STM32F0xx_HAL_Driver/Src/stm32f0xx_hal_spi.o
                0x08007060                HAL_SPI_Init
 .text.HAL_SPI_Transmit
                0x0800711c      0x1aa ./Drivers/STM32F0xx_HAL_Driver/Src/stm32f0xx_hal_spi.o
                0x0800711c                HAL_SPI_Transmit
 *fill*         0x080072c6        0x2 
 .text.HAL_SPI_TransmitReceive
                0x080072c8      0x268 ./Drivers/STM32F0xx_HAL_Driver/Src/stm32f0xx_hal_spi.o
                0x080072c8                HAL_SPI_TransmitReceive
 .text.HAL_SPI_Receive
                0x08007530      0x17c ./Drivers/STM32F0xx_HAL_Driver/Src/stm32f0xx_hal_spi.o
                0x08007530                HAL_SPI_Receive
 .text.TIM_OC1_SetConfig
                0x080076ac       0x88 ./Drivers/STM32F0xx_HAL_Driver/Src/stm32f0xx_hal_tim.o
 .text.TIM_OC3_SetConfig
                0x08007734       0x88 ./Drivers/STM32F0xx_HAL_Driver/Src/stm32f0xx_hal_tim.o
 .text.TIM_OC4_SetConfig
                0x080077bc       0x74 ./Drivers/STM32F0xx_HAL_Driver/Src/stm32f0xx_hal_tim.o
 .text.HAL_TIM_Base_Start_IT
                0x08007830       0x14 ./Drivers/STM32F0xx_HAL_Driver/Src/stm32f0xx_hal_tim.o
                0x08007830                HAL_TIM_Base_Start_IT
 .text.HAL_TIM_PWM_MspInit
                0x08007844        0x2 ./Drivers/STM32F0xx_HAL_Driver/Src/stm32f0xx_hal_tim.o
                0x08007844                HAL_TIM_PWM_MspInit
 .text.HAL_TIM_OC_DelayElapsedCallback
                0x08007846        0x2 ./Drivers/STM32F0xx_HAL_Driver/Src/stm32f0xx_hal_tim.o
                0x08007846                HAL_TIM_OC_DelayElapsedCallback
 .text.HAL_TIM_IC_CaptureCallback
                0x08007848        0x2 ./Drivers/STM32F0xx_HAL_Driver/Src/stm32f0xx_hal_tim.o
                0x08007848                HAL_TIM_IC_CaptureCallback
 .text.HAL_TIM_PWM_PulseFinishedCallback
                0x0800784a        0x2 ./Drivers/STM32F0xx_HAL_Driver/Src/stm32f0xx_hal_tim.o
                0x0800784a                HAL_TIM_PWM_PulseFinishedCallback
 .text.HAL_TIM_TriggerCallback
                0x0800784c        0x2 ./Drivers/STM32F0xx_HAL_Driver/Src/stm32f0xx_hal_tim.o
                0x0800784c                HAL_TIM_TriggerCallback
 .text.HAL_TIM_IRQHandler
                0x0800784e      0x148 ./Drivers/STM32F0xx_HAL_Driver/Src/stm32f0xx_hal_tim.o
                0x0800784e                HAL_TIM_IRQHandler
 *fill*         0x08007996        0x2 
 .text.TIM_Base_SetConfig
                0x08007998       0xa0 ./Drivers/STM32F0xx_HAL_Driver/Src/stm32f0xx_hal_tim.o
                0x08007998                TIM_Base_SetConfig
 .text.HAL_TIM_Base_Init
                0x08007a38       0x36 ./Drivers/STM32F0xx_HAL_Driver/Src/stm32f0xx_hal_tim.o
                0x08007a38                HAL_TIM_Base_Init
 .text.HAL_TIM_PWM_Init
                0x08007a6e       0x36 ./Drivers/STM32F0xx_HAL_Driver/Src/stm32f0xx_hal_tim.o
                0x08007a6e                HAL_TIM_PWM_Init
 .text.TIM_OC2_SetConfig
                0x08007aa4       0x80 ./Drivers/STM32F0xx_HAL_Driver/Src/stm32f0xx_hal_tim.o
                0x08007aa4                TIM_OC2_SetConfig
 .text.HAL_TIM_PWM_ConfigChannel
                0x08007b24       0xd4 ./Drivers/STM32F0xx_HAL_Driver/Src/stm32f0xx_hal_tim.o
                0x08007b24                HAL_TIM_PWM_ConfigChannel
 .text.TIM_ETR_SetConfig
                0x08007bf8       0x18 ./Drivers/STM32F0xx_HAL_Driver/Src/stm32f0xx_hal_tim.o
                0x08007bf8                TIM_ETR_SetConfig
 .text.HAL_TIM_ConfigClockSource
                0x08007c10      0x168 ./Drivers/STM32F0xx_HAL_Driver/Src/stm32f0xx_hal_tim.o
                0x08007c10                HAL_TIM_ConfigClockSource
 .text.TIM_SlaveTimer_SetConfig
                0x08007d78       0xa4 ./Drivers/STM32F0xx_HAL_Driver/Src/stm32f0xx_hal_tim.o
 .text.HAL_TIM_SlaveConfigSynchronization
                0x08007e1c       0x40 ./Drivers/STM32F0xx_HAL_Driver/Src/stm32f0xx_hal_tim.o
                0x08007e1c                HAL_TIM_SlaveConfigSynchronization
 .text.HAL_TIMEx_MasterConfigSynchronization
                0x08007e5c       0x42 ./Drivers/STM32F0xx_HAL_Driver/Src/stm32f0xx_hal_tim_ex.o
                0x08007e5c                HAL_TIMEx_MasterConfigSynchronization
 .text.HAL_TIMEx_CommutationCallback
                0x08007e9e        0x2 ./Drivers/STM32F0xx_HAL_Driver/Src/stm32f0xx_hal_tim_ex.o
                0x08007e9e                HAL_TIMEx_CommutationCallback
 .text.HAL_TIMEx_BreakCallback
                0x08007ea0        0x2 ./Drivers/STM32F0xx_HAL_Driver/Src/stm32f0xx_hal_tim_ex.o
                0x08007ea0                HAL_TIMEx_BreakCallback
 *fill*         0x08007ea2        0x2 
 .text.UART_EndRxTransfer
                0x08007ea4       0x20 ./Drivers/STM32F0xx_HAL_Driver/Src/stm32f0xx_hal_uart.o
 .text.HAL_UART_Receive_IT
                0x08007ec4       0xa8 ./Drivers/STM32F0xx_HAL_Driver/Src/stm32f0xx_hal_uart.o
                0x08007ec4                HAL_UART_Receive_IT
 .text.HAL_UART_Transmit_DMA
                0x08007f6c       0x8c ./Drivers/STM32F0xx_HAL_Driver/Src/stm32f0xx_hal_uart.o
                0x08007f6c                HAL_UART_Transmit_DMA
 .text.HAL_UART_Receive_DMA
                0x08007ff8       0x9c ./Drivers/STM32F0xx_HAL_Driver/Src/stm32f0xx_hal_uart.o
                0x08007ff8                HAL_UART_Receive_DMA
 .text.HAL_UART_TxCpltCallback
                0x08008094        0x2 ./Drivers/STM32F0xx_HAL_Driver/Src/stm32f0xx_hal_uart.o
                0x08008094                HAL_UART_TxCpltCallback
 .text.UART_DMATransmitCplt
                0x08008096       0x30 ./Drivers/STM32F0xx_HAL_Driver/Src/stm32f0xx_hal_uart.o
 .text.HAL_UART_TxHalfCpltCallback
                0x080080c6        0x2 ./Drivers/STM32F0xx_HAL_Driver/Src/stm32f0xx_hal_uart.o
                0x080080c6                HAL_UART_TxHalfCpltCallback
 .text.UART_DMATxHalfCplt
                0x080080c8        0xa ./Drivers/STM32F0xx_HAL_Driver/Src/stm32f0xx_hal_uart.o
 *fill*         0x080080d2        0x2 
 .text.UART_DMAReceiveCplt
                0x080080d4       0x44 ./Drivers/STM32F0xx_HAL_Driver/Src/stm32f0xx_hal_uart.o
 .text.HAL_UART_RxHalfCpltCallback
                0x08008118        0x2 ./Drivers/STM32F0xx_HAL_Driver/Src/stm32f0xx_hal_uart.o
                0x08008118                HAL_UART_RxHalfCpltCallback
 .text.UART_DMARxHalfCplt
                0x0800811a        0xa ./Drivers/STM32F0xx_HAL_Driver/Src/stm32f0xx_hal_uart.o
 .text.HAL_UART_ErrorCallback
                0x08008124        0x2 ./Drivers/STM32F0xx_HAL_Driver/Src/stm32f0xx_hal_uart.o
                0x08008124                HAL_UART_ErrorCallback
 .text.UART_DMAError
                0x08008126       0x5a ./Drivers/STM32F0xx_HAL_Driver/Src/stm32f0xx_hal_uart.o
 .text.UART_DMAAbortOnError
                0x08008180       0x16 ./Drivers/STM32F0xx_HAL_Driver/Src/stm32f0xx_hal_uart.o
 .text.HAL_UART_AbortCpltCallback
                0x08008196        0x2 ./Drivers/STM32F0xx_HAL_Driver/Src/stm32f0xx_hal_uart.o
                0x08008196                HAL_UART_AbortCpltCallback
 .text.HAL_UART_Abort_IT
                0x08008198       0xc0 ./Drivers/STM32F0xx_HAL_Driver/Src/stm32f0xx_hal_uart.o
                0x08008198                HAL_UART_Abort_IT
 .text.UART_DMARxAbortCallback
                0x08008258       0x36 ./Drivers/STM32F0xx_HAL_Driver/Src/stm32f0xx_hal_uart.o
 .text.UART_DMATxAbortCallback
                0x0800828e       0x36 ./Drivers/STM32F0xx_HAL_Driver/Src/stm32f0xx_hal_uart.o
 .text.UART_SetConfig
                0x080082c4      0x1c0 ./Drivers/STM32F0xx_HAL_Driver/Src/stm32f0xx_hal_uart.o
                0x080082c4                UART_SetConfig
 .text.UART_AdvFeatureConfig
                0x08008484       0xd0 ./Drivers/STM32F0xx_HAL_Driver/Src/stm32f0xx_hal_uart.o
                0x08008484                UART_AdvFeatureConfig
 .text.UART_WaitOnFlagUntilTimeout
                0x08008554       0x64 ./Drivers/STM32F0xx_HAL_Driver/Src/stm32f0xx_hal_uart.o
                0x08008554                UART_WaitOnFlagUntilTimeout
 .text.HAL_UART_Transmit
                0x080085b8       0xcc ./Drivers/STM32F0xx_HAL_Driver/Src/stm32f0xx_hal_uart.o
                0x080085b8                HAL_UART_Transmit
 .text.UART_CheckIdleState
                0x08008684       0x84 ./Drivers/STM32F0xx_HAL_Driver/Src/stm32f0xx_hal_uart.o
                0x08008684                UART_CheckIdleState
 .text.HAL_UART_Init
                0x08008708       0x6c ./Drivers/STM32F0xx_HAL_Driver/Src/stm32f0xx_hal_uart.o
                0x08008708                HAL_UART_Init
 .text.UART_Transmit_IT
                0x08008774       0x64 ./Drivers/STM32F0xx_HAL_Driver/Src/stm32f0xx_hal_uart.o
                0x08008774                UART_Transmit_IT
 .text.UART_EndTransmit_IT
                0x080087d8       0x1c ./Drivers/STM32F0xx_HAL_Driver/Src/stm32f0xx_hal_uart.o
                0x080087d8                UART_EndTransmit_IT
 .text.UART_Receive_IT
                0x080087f4       0x7c ./Drivers/STM32F0xx_HAL_Driver/Src/stm32f0xx_hal_uart.o
                0x080087f4                UART_Receive_IT
 .text.HAL_UART_IRQHandler
                0x08008870      0x138 ./Drivers/STM32F0xx_HAL_Driver/Src/stm32f0xx_hal_uart.o
                0x08008870                HAL_UART_IRQHandler
 .text.HAL_UARTEx_WakeupCallback
                0x080089a8        0x2 ./Drivers/STM32F0xx_HAL_Driver/Src/stm32f0xx_hal_uart_ex.o
                0x080089a8                HAL_UARTEx_WakeupCallback
 *fill*         0x080089aa        0x2 
 .text.__libc_init_array
                0x080089ac       0x48 c:/program files (x86)/gnu tools arm embedded/6 2017-q2-update/bin/../lib/gcc/arm-none-eabi/6.3.1/../../../../arm-none-eabi/lib/thumb/v6-m\libg_nano.a(lib_a-init.o)
                0x080089ac                __libc_init_array
 .text.memcpy   0x080089f4       0x12 c:/program files (x86)/gnu tools arm embedded/6 2017-q2-update/bin/../lib/gcc/arm-none-eabi/6.3.1/../../../../arm-none-eabi/lib/thumb/v6-m\libg_nano.a(lib_a-memcpy-stub.o)
                0x080089f4                memcpy
 .text.memset   0x08008a06       0x10 c:/program files (x86)/gnu tools arm embedded/6 2017-q2-update/bin/../lib/gcc/arm-none-eabi/6.3.1/../../../../arm-none-eabi/lib/thumb/v6-m\libg_nano.a(lib_a-memset.o)
                0x08008a06                memset
 .text.strncpy  0x08008a16       0x2a c:/program files (x86)/gnu tools arm embedded/6 2017-q2-update/bin/../lib/gcc/arm-none-eabi/6.3.1/../../../../arm-none-eabi/lib/thumb/v6-m\libg_nano.a(lib_a-strncpy.o)
                0x08008a16                strncpy
 .text._vsnprintf_r
                0x08008a40       0x56 c:/program files (x86)/gnu tools arm embedded/6 2017-q2-update/bin/../lib/gcc/arm-none-eabi/6.3.1/../../../../arm-none-eabi/lib/thumb/v6-m\libg_nano.a(lib_a-vsnprintf.o)
                0x08008a40                _vsniprintf_r
                0x08008a40                _vsnprintf_r
 *fill*         0x08008a96        0x2 
 .text.vsnprintf
                0x08008a98       0x18 c:/program files (x86)/gnu tools arm embedded/6 2017-q2-update/bin/../lib/gcc/arm-none-eabi/6.3.1/../../../../arm-none-eabi/lib/thumb/v6-m\libg_nano.a(lib_a-vsnprintf.o)
                0x08008a98                vsniprintf
                0x08008a98                vsnprintf
 .text.__ssputs_r
                0x08008ab0       0xc4 c:/program files (x86)/gnu tools arm embedded/6 2017-q2-update/bin/../lib/gcc/arm-none-eabi/6.3.1/../../../../arm-none-eabi/lib/thumb/v6-m\libg_nano.a(lib_a-nano-svfprintf.o)
                0x08008ab0                __ssputs_r
 .text._svfprintf_r
                0x08008b74      0x208 c:/program files (x86)/gnu tools arm embedded/6 2017-q2-update/bin/../lib/gcc/arm-none-eabi/6.3.1/../../../../arm-none-eabi/lib/thumb/v6-m\libg_nano.a(lib_a-nano-svfprintf.o)
                0x08008b74                _svfiprintf_r
                0x08008b74                _svfprintf_r
 .text._printf_common
                0x08008d7c       0xda c:/program files (x86)/gnu tools arm embedded/6 2017-q2-update/bin/../lib/gcc/arm-none-eabi/6.3.1/../../../../arm-none-eabi/lib/thumb/v6-m\libg_nano.a(lib_a-nano-vfprintf_i.o)
                0x08008d7c                _printf_common
 *fill*         0x08008e56        0x2 
 .text._printf_i
                0x08008e58      0x234 c:/program files (x86)/gnu tools arm embedded/6 2017-q2-update/bin/../lib/gcc/arm-none-eabi/6.3.1/../../../../arm-none-eabi/lib/thumb/v6-m\libg_nano.a(lib_a-nano-vfprintf_i.o)
                0x08008e58                _printf_i
 .text.memchr   0x0800908c       0x16 c:/program files (x86)/gnu tools arm embedded/6 2017-q2-update/bin/../lib/gcc/arm-none-eabi/6.3.1/../../../../arm-none-eabi/lib/thumb/v6-m\libg_nano.a(lib_a-memchr-stub.o)
                0x0800908c                memchr
 .text.memmove  0x080090a2       0x24 c:/program files (x86)/gnu tools arm embedded/6 2017-q2-update/bin/../lib/gcc/arm-none-eabi/6.3.1/../../../../arm-none-eabi/lib/thumb/v6-m\libg_nano.a(lib_a-memmove.o)
                0x080090a2                memmove
 *fill*         0x080090c6        0x2 
 .text._free_r  0x080090c8       0x94 c:/program files (x86)/gnu tools arm embedded/6 2017-q2-update/bin/../lib/gcc/arm-none-eabi/6.3.1/../../../../arm-none-eabi/lib/thumb/v6-m\libg_nano.a(lib_a-nano-freer.o)
                0x080090c8                _free_r
 .text._malloc_r
                0x0800915c       0xbc c:/program files (x86)/gnu tools arm embedded/6 2017-q2-update/bin/../lib/gcc/arm-none-eabi/6.3.1/../../../../arm-none-eabi/lib/thumb/v6-m\libg_nano.a(lib_a-nano-mallocr.o)
                0x0800915c                _malloc_r
 .text._realloc_r
                0x08009218       0x4c c:/program files (x86)/gnu tools arm embedded/6 2017-q2-update/bin/../lib/gcc/arm-none-eabi/6.3.1/../../../../arm-none-eabi/lib/thumb/v6-m\libg_nano.a(lib_a-nano-reallocr.o)
                0x08009218                _realloc_r
 .text._sbrk_r  0x08009264       0x24 c:/program files (x86)/gnu tools arm embedded/6 2017-q2-update/bin/../lib/gcc/arm-none-eabi/6.3.1/../../../../arm-none-eabi/lib/thumb/v6-m\libg_nano.a(lib_a-sbrkr.o)
                0x08009264                _sbrk_r
 .text.__malloc_lock
                0x08009288        0x2 c:/program files (x86)/gnu tools arm embedded/6 2017-q2-update/bin/../lib/gcc/arm-none-eabi/6.3.1/../../../../arm-none-eabi/lib/thumb/v6-m\libg_nano.a(lib_a-mlock.o)
                0x08009288                __malloc_lock
 .text.__malloc_unlock
                0x0800928a        0x2 c:/program files (x86)/gnu tools arm embedded/6 2017-q2-update/bin/../lib/gcc/arm-none-eabi/6.3.1/../../../../arm-none-eabi/lib/thumb/v6-m\libg_nano.a(lib_a-mlock.o)
                0x0800928a                __malloc_unlock
 .text._malloc_usable_size_r
                0x0800928c       0x10 c:/program files (x86)/gnu tools arm embedded/6 2017-q2-update/bin/../lib/gcc/arm-none-eabi/6.3.1/../../../../arm-none-eabi/lib/thumb/v6-m\libg_nano.a(lib_a-nano-msizer.o)
                0x0800928c                _malloc_usable_size_r
 .text._sbrk    0x0800929c       0x1c c:/program files (x86)/gnu tools arm embedded/6 2017-q2-update/bin/../lib/gcc/arm-none-eabi/6.3.1/../../../../arm-none-eabi/lib/thumb/v6-m\libnosys.a(sbrk.o)
                0x0800929c                _sbrk
 *(.glue_7)
 .glue_7        0x080092b8        0x0 linker stubs
 *(.glue_7t)
 .glue_7t       0x080092b8        0x0 linker stubs
 *(.eh_frame)
 .eh_frame      0x080092b8        0x0 c:/program files (x86)/gnu tools arm embedded/6 2017-q2-update/bin/../lib/gcc/arm-none-eabi/6.3.1/thumb/v6-m/crtbegin.o
 *(.init)
 .init          0x080092b8        0x4 c:/program files (x86)/gnu tools arm embedded/6 2017-q2-update/bin/../lib/gcc/arm-none-eabi/6.3.1/thumb/v6-m/crti.o
                0x080092b8                _init
 .init          0x080092bc        0x8 c:/program files (x86)/gnu tools arm embedded/6 2017-q2-update/bin/../lib/gcc/arm-none-eabi/6.3.1/thumb/v6-m/crtn.o
 *(.fini)
 .fini          0x080092c4        0x4 c:/program files (x86)/gnu tools arm embedded/6 2017-q2-update/bin/../lib/gcc/arm-none-eabi/6.3.1/thumb/v6-m/crti.o
                0x080092c4                _fini
 .fini          0x080092c8        0x8 c:/program files (x86)/gnu tools arm embedded/6 2017-q2-update/bin/../lib/gcc/arm-none-eabi/6.3.1/thumb/v6-m/crtn.o
                0x080092d0                . = ALIGN (0x4)
                0x080092d0                _etext = .

.vfp11_veneer   0x080092d0        0x0
 .vfp11_veneer  0x080092d0        0x0 linker stubs

.v4_bx          0x080092d0        0x0
 .v4_bx         0x080092d0        0x0 linker stubs

.iplt           0x080092d0        0x0
 .iplt          0x080092d0        0x0 c:/program files (x86)/gnu tools arm embedded/6 2017-q2-update/bin/../lib/gcc/arm-none-eabi/6.3.1/thumb/v6-m/crtbegin.o

.rodata         0x080092d0      0xcc0
                0x080092d0                . = ALIGN (0x4)
 *(.rodata)
 .rodata        0x080092d0      0x110 ./Src/freertos.o
 .rodata        0x080093e0       0x20 ./Drivers/STM32F0xx_HAL_Driver/Src/stm32f0xx_hal_rcc.o
 *(.rodata*)
 .rodata.MX_ADC_Init.str1.1
                0x08009400        0xd ./Src/adc.o
 .rodata.MX_CAN_Init.str1.1
                0x0800940d        0xd ./Src/can.o
 .rodata.adc_entry.str1.1
                0x0800941a       0x55 ./Src/freertos.o
 .rodata.can_entry.str1.1
                0x0800946f       0x12 ./Src/freertos.o
 .rodata.i2c1_entry.str1.1
                0x08009481       0x78 ./Src/freertos.o
 .rodata.ignition_entry.str1.1
                0x080094f9      0x32d ./Src/freertos.o
 .rodata.str1.1
                0x08009826       0x8c ./Src/freertos.o
 .rodata.usart1_entry.str1.1
                0x080098b2      0x5dc ./Src/freertos.o
 .rodata.usart2_entry.str1.1
                0x08009e8e       0x4f ./Src/freertos.o
 .rodata.usart3_entry.str1.1
                0x08009edd        0xe ./Src/freertos.o
                                 0x10 (size before relaxing)
 .rodata.MX_I2C1_Init.str1.1
                0x08009eeb        0xd ./Src/i2c.o
 .rodata.MX_IWDG_Init.str1.1
                0x08009ef8        0xe ./Src/iwdg.o
 .rodata.MX_RTC_Init.str1.1
                0x08009f06        0xd ./Src/rtc.o
 .rodata.MX_SPI1_Init.str1.1
                0x08009f13        0xd ./Src/spi.o
 .rodata.AHBPrescTable
                0x08009f20       0x10 ./Src/system_stm32f0xx.o
                0x08009f20                AHBPrescTable
 .rodata.APBPrescTable
                0x08009f30        0x8 ./Src/system_stm32f0xx.o
                0x08009f30                APBPrescTable
 .rodata.MX_TIM2_Init.str1.1
                0x08009f38        0xd ./Src/tim.o
 .rodata.MX_USART1_UART_Init.str1.1
                0x08009f45        0xf ./Src/usart.o
 .rodata.vTaskStartScheduler.str1.1
                0x08009f54        0x5 ./Middlewares/Third_Party/FreeRTOS/Source/tasks.o
 .rodata.CSWTCH.50
                0x08009f59        0x4 ./Drivers/STM32F0xx_HAL_Driver/Src/stm32f0xx_hal_uart.o
 .rodata._svfprintf_r.str1.1
                0x08009f5d       0x11 c:/program files (x86)/gnu tools arm embedded/6 2017-q2-update/bin/../lib/gcc/arm-none-eabi/6.3.1/../../../../arm-none-eabi/lib/thumb/v6-m\libg_nano.a(lib_a-nano-svfprintf.o)
 .rodata._printf_i.str1.1
                0x08009f6e       0x22 c:/program files (x86)/gnu tools arm embedded/6 2017-q2-update/bin/../lib/gcc/arm-none-eabi/6.3.1/../../../../arm-none-eabi/lib/thumb/v6-m\libg_nano.a(lib_a-nano-vfprintf_i.o)
                0x08009f90                . = ALIGN (0x4)

.rel.dyn        0x08009f90        0x0
 .rel.iplt      0x08009f90        0x0 c:/program files (x86)/gnu tools arm embedded/6 2017-q2-update/bin/../lib/gcc/arm-none-eabi/6.3.1/thumb/v6-m/crtbegin.o

.ARM.extab
 *(.ARM.extab* .gnu.linkonce.armextab.*)

.ARM            0x08009f90        0x0
                0x08009f90                __exidx_start = .
 *(.ARM.exidx*)
                0x08009f90                __exidx_end = .

.preinit_array  0x08009f90        0x0
                0x08009f90                PROVIDE (__preinit_array_start, .)
 *(.preinit_array*)
                0x08009f90                PROVIDE (__preinit_array_end, .)

.init_array     0x08009f90        0x4
                0x08009f90                PROVIDE (__init_array_start, .)
 *(SORT(.init_array.*))
 *(.init_array*)
 .init_array    0x08009f90        0x4 c:/program files (x86)/gnu tools arm embedded/6 2017-q2-update/bin/../lib/gcc/arm-none-eabi/6.3.1/thumb/v6-m/crtbegin.o
                0x08009f94                PROVIDE (__init_array_end, .)

.fini_array     0x08009f94        0x4
                [!provide]                PROVIDE (__fini_array_start, .)
 *(SORT(.fini_array.*))
 *(.fini_array*)
 .fini_array    0x08009f94        0x4 c:/program files (x86)/gnu tools arm embedded/6 2017-q2-update/bin/../lib/gcc/arm-none-eabi/6.3.1/thumb/v6-m/crtbegin.o
                [!provide]                PROVIDE (__fini_array_end, .)
                0x08009f98                _sidata = LOADADDR (.data)

.data           0x20000000      0x14c load address 0x08009f98
                0x20000000                . = ALIGN (0x4)
                0x20000000                _sdata = .
 *(.data)
 *(.data*)
 .data.flash_IgEvent
                0x20000000       0x39 ./Src/freertos.o
                0x20000000                flash_IgEvent
 *fill*         0x20000039        0x3 
 .data.gIG_Event
                0x2000003c       0x20 ./Src/freertos.o
                0x2000003c                gIG_Event
 .data.uart_Tx  0x2000005c       0x82 ./Src/freertos.o
                0x2000005c                uart_Tx
 *fill*         0x200000de        0x2 
 .data.SystemCoreClock
                0x200000e0        0x4 ./Src/system_stm32f0xx.o
                0x200000e0                SystemCoreClock
 .data.uxCriticalNesting
                0x200000e4        0x4 ./Middlewares/Third_Party/FreeRTOS/Source/portable/GCC/ARM_CM0/port.o
 .data._impure_ptr
                0x200000e8        0x4 c:/program files (x86)/gnu tools arm embedded/6 2017-q2-update/bin/../lib/gcc/arm-none-eabi/6.3.1/../../../../arm-none-eabi/lib/thumb/v6-m\libg_nano.a(lib_a-impure.o)
                0x200000e8                _impure_ptr
 .data.impure_data
                0x200000ec       0x60 c:/program files (x86)/gnu tools arm embedded/6 2017-q2-update/bin/../lib/gcc/arm-none-eabi/6.3.1/../../../../arm-none-eabi/lib/thumb/v6-m\libg_nano.a(lib_a-impure.o)
                0x2000014c                . = ALIGN (0x4)
                0x2000014c                _edata = .

.jcr            0x2000014c        0x0 load address 0x0800a0e4
 .jcr           0x2000014c        0x0 c:/program files (x86)/gnu tools arm embedded/6 2017-q2-update/bin/../lib/gcc/arm-none-eabi/6.3.1/thumb/v6-m/crtbegin.o

.igot.plt       0x2000014c        0x0 load address 0x0800a0e4
 .igot.plt      0x2000014c        0x0 c:/program files (x86)/gnu tools arm embedded/6 2017-q2-update/bin/../lib/gcc/arm-none-eabi/6.3.1/thumb/v6-m/crtbegin.o
                0x2000014c                . = ALIGN (0x4)

.bss            0x2000014c     0x3128 load address 0x0800a0e4
                0x2000014c                _sbss = .
                0x2000014c                __bss_start__ = _sbss
 *(.bss)
 .bss           0x2000014c       0x1c c:/program files (x86)/gnu tools arm embedded/6 2017-q2-update/bin/../lib/gcc/arm-none-eabi/6.3.1/thumb/v6-m/crtbegin.o
 *(.bss*)
 .bss.UartReady
                0x20000168        0x1 ./Src/freertos.o
                0x20000168                UartReady
 *fill*         0x20000169        0x3 
 .bss.arg_ptr.9910
                0x2000016c        0x4 ./Src/freertos.o
 .bss.cml_array
                0x20000170       0x40 ./Src/freertos.o
                0x20000170                cml_array
 .bss.cml_proc  0x200001b0       0x40 ./Src/freertos.o
                0x200001b0                cml_proc
 .bss.sAlarm    0x200001f0       0x28 ./Src/freertos.o
                0x200001f0                sAlarm
 .bss.sDate     0x20000218        0x4 ./Src/freertos.o
                0x20000218                sDate
 .bss.sTime     0x2000021c       0x14 ./Src/freertos.o
                0x2000021c                sTime
 .bss.sva_gpi   0x20000230        0x1 ./Src/freertos.o
                0x20000230                sva_gpi
 *fill*         0x20000231        0x3 
 .bss.pxEnd     0x20000234        0x4 ./Middlewares/Third_Party/FreeRTOS/Source/portable/MemMang/heap_4.o
 .bss.ucHeap    0x20000238     0x2800 ./Middlewares/Third_Party/FreeRTOS/Source/portable/MemMang/heap_4.o
 .bss.xBlockAllocatedBit
                0x20002a38        0x4 ./Middlewares/Third_Party/FreeRTOS/Source/portable/MemMang/heap_4.o
 .bss.xFreeBytesRemaining
                0x20002a3c        0x4 ./Middlewares/Third_Party/FreeRTOS/Source/portable/MemMang/heap_4.o
 .bss.xMinimumEverFreeBytesRemaining
                0x20002a40        0x4 ./Middlewares/Third_Party/FreeRTOS/Source/portable/MemMang/heap_4.o
 .bss.xStart    0x20002a44        0x8 ./Middlewares/Third_Party/FreeRTOS/Source/portable/MemMang/heap_4.o
 .bss.pxCurrentTCB
                0x20002a4c        0x4 ./Middlewares/Third_Party/FreeRTOS/Source/tasks.o
                0x20002a4c                pxCurrentTCB
 .bss.pxDelayedTaskList
                0x20002a50        0x4 ./Middlewares/Third_Party/FreeRTOS/Source/tasks.o
 .bss.pxOverflowDelayedTaskList
                0x20002a54        0x4 ./Middlewares/Third_Party/FreeRTOS/Source/tasks.o
 .bss.pxReadyTasksLists
                0x20002a58       0x8c ./Middlewares/Third_Party/FreeRTOS/Source/tasks.o
 .bss.uxCurrentNumberOfTasks
                0x20002ae4        0x4 ./Middlewares/Third_Party/FreeRTOS/Source/tasks.o
 .bss.uxDeletedTasksWaitingCleanUp
                0x20002ae8        0x4 ./Middlewares/Third_Party/FreeRTOS/Source/tasks.o
 .bss.uxPendedTicks
                0x20002aec        0x4 ./Middlewares/Third_Party/FreeRTOS/Source/tasks.o
 .bss.uxSchedulerSuspended
                0x20002af0        0x4 ./Middlewares/Third_Party/FreeRTOS/Source/tasks.o
 .bss.uxTaskNumber
                0x20002af4        0x4 ./Middlewares/Third_Party/FreeRTOS/Source/tasks.o
 .bss.uxTopReadyPriority
                0x20002af8        0x4 ./Middlewares/Third_Party/FreeRTOS/Source/tasks.o
 .bss.xDelayedTaskList1
                0x20002afc       0x14 ./Middlewares/Third_Party/FreeRTOS/Source/tasks.o
 .bss.xDelayedTaskList2
                0x20002b10       0x14 ./Middlewares/Third_Party/FreeRTOS/Source/tasks.o
 .bss.xIdleTaskHandle
                0x20002b24        0x4 ./Middlewares/Third_Party/FreeRTOS/Source/tasks.o
 .bss.xNextTaskUnblockTime
                0x20002b28        0x4 ./Middlewares/Third_Party/FreeRTOS/Source/tasks.o
 .bss.xNumOfOverflows
                0x20002b2c        0x4 ./Middlewares/Third_Party/FreeRTOS/Source/tasks.o
 .bss.xPendingReadyList
                0x20002b30       0x14 ./Middlewares/Third_Party/FreeRTOS/Source/tasks.o
 .bss.xSchedulerRunning
                0x20002b44        0x4 ./Middlewares/Third_Party/FreeRTOS/Source/tasks.o
 .bss.xSuspendedTaskList
                0x20002b48       0x14 ./Middlewares/Third_Party/FreeRTOS/Source/tasks.o
 .bss.xTasksWaitingTermination
                0x20002b5c       0x14 ./Middlewares/Third_Party/FreeRTOS/Source/tasks.o
 .bss.xTickCount
                0x20002b70        0x4 ./Middlewares/Third_Party/FreeRTOS/Source/tasks.o
 .bss.xYieldPending
                0x20002b74        0x4 ./Middlewares/Third_Party/FreeRTOS/Source/tasks.o
 .bss.__malloc_free_list
                0x20002b78        0x4 c:/program files (x86)/gnu tools arm embedded/6 2017-q2-update/bin/../lib/gcc/arm-none-eabi/6.3.1/../../../../arm-none-eabi/lib/thumb/v6-m\libg_nano.a(lib_a-nano-mallocr.o)
                0x20002b78                __malloc_free_list
 .bss.__malloc_sbrk_start
                0x20002b7c        0x4 c:/program files (x86)/gnu tools arm embedded/6 2017-q2-update/bin/../lib/gcc/arm-none-eabi/6.3.1/../../../../arm-none-eabi/lib/thumb/v6-m\libg_nano.a(lib_a-nano-mallocr.o)
                0x20002b7c                __malloc_sbrk_start
 .bss.heap_end.4116
                0x20002b80        0x4 c:/program files (x86)/gnu tools arm embedded/6 2017-q2-update/bin/../lib/gcc/arm-none-eabi/6.3.1/../../../../arm-none-eabi/lib/thumb/v6-m\libnosys.a(sbrk.o)
 *(COMMON)
 COMMON         0x20002b84       0x90 ./Src/adc.o
                0x20002b84                hdma_adc
                0x20002bc8                hadc
 COMMON         0x20002c14       0x44 ./Src/can.o
                0x20002c14                hcan
 COMMON         0x20002c58      0x140 ./Src/freertos.o
                0x20002c58                ig_event
                0x20002c78                USART1_TaskHandle
                0x20002c7c                defaultTaskHandle
                0x20002c80                I2C1_ZAXIS_QHandle
                0x20002c84                I2C1_GSENSOR_QHandle
                0x20002c88                MUTEX_SPI1Handle
                0x20002c8c                USART3_TaskHandle
                0x20002c90                SPI1_TaskHandle
                0x20002c94                ADC_TaskHandle
                0x20002c98                dbg_buff
                0x20002d18                UART2_LAT_QHandle
                0x20002d1c                IWDG_TaskHandle
                0x20002d20                I2C1_XAXIS_QHandle
                0x20002d24                current_IgEvent
                0x20002d60                I2C1_YAXIS_QHandle
                0x20002d64                I2C1_TaskHandle
                0x20002d68                ADC_TEMP_QHandle
                0x20002d6c                MUTEX_DebugHandle
                0x20002d70                CAN_TaskHandle
                0x20002d74                IGNITION_TaskHandle
                0x20002d78                ADC_VOLT_QHandle
                0x20002d7c                UART2_LONG_QHandle
                0x20002d80                MUTEX_ADC_QHandle
                0x20002d84                GPIO_MISC_QHandle
                0x20002d88                MUTEX_CMD_PROCHandle
                0x20002d8c                GPIO_STATE_TaskHandle
                0x20002d90                USART2_TaskHandle
                0x20002d94                CMD_PROC_TaskHandle
 COMMON         0x20002d98       0x98 ./Src/i2c.o
                0x20002d98                hi2c1
                0x20002de4                hi2c2
 COMMON         0x20002e30       0x10 ./Src/iwdg.o
                0x20002e30                hiwdg
 COMMON         0x20002e40       0x20 ./Src/rtc.o
                0x20002e40                hrtc
 COMMON         0x20002e60       0x64 ./Src/spi.o
                0x20002e60                hspi1
 COMMON         0x20002ec4       0x40 ./Src/stm32f0xx_hal_timebase_TIM.o
                0x20002ec4                htim1
 COMMON         0x20002f04       0x80 ./Src/tim.o
                0x20002f04                htim2
                0x20002f44                htim14
 COMMON         0x20002f84      0x2e8 ./Src/usart.o
                0x20002f84                hdma_usart2_rx
                0x20002fc8                hdma_usart3_rx
                0x2000300c                huart3
                0x2000307c                hdma_usart3_tx
                0x200030c0                hdma_usart1_tx
                0x20003104                hdma_usart1_rx
                0x20003148                hdma_usart2_tx
                0x2000318c                huart1
                0x200031fc                huart2
 COMMON         0x2000326c        0x4 ./Drivers/STM32F0xx_HAL_Driver/Src/stm32f0xx_hal.o
                0x2000326c                uwTick
 COMMON         0x20003270        0x4 c:/program files (x86)/gnu tools arm embedded/6 2017-q2-update/bin/../lib/gcc/arm-none-eabi/6.3.1/../../../../arm-none-eabi/lib/thumb/v6-m\libg_nano.a(lib_a-reent.o)
                0x20003270                errno
                0x20003274                . = ALIGN (0x4)
                0x20003274                _ebss = .
                0x20003274                __bss_end__ = _ebss

._user_heap_stack
                0x20003274      0x604 load address 0x0800a0e4
                0x20003278                . = ALIGN (0x8)
 *fill*         0x20003274        0x4 
                0x20003278                PROVIDE (end, .)
                [!provide]                PROVIDE (_end, .)
                0x20003478                . = (. + _Min_Heap_Size)
 *fill*         0x20003278      0x200 
                0x20003878                . = (. + _Min_Stack_Size)
 *fill*         0x20003478      0x400 
                0x20003878                . = ALIGN (0x8)

/DISCARD/
 libc.a(*)
 libm.a(*)
 libgcc.a(*)

.ARM.attributes
                0x00000000       0x28
 *(.ARM.attributes)
 .ARM.attributes
                0x00000000       0x1e c:/program files (x86)/gnu tools arm embedded/6 2017-q2-update/bin/../lib/gcc/arm-none-eabi/6.3.1/thumb/v6-m/crti.o
 .ARM.attributes
                0x0000001e       0x2c c:/program files (x86)/gnu tools arm embedded/6 2017-q2-update/bin/../lib/gcc/arm-none-eabi/6.3.1/thumb/v6-m/crtbegin.o
 .ARM.attributes
                0x0000004a       0x31 ./Src/adc.o
 .ARM.attributes
                0x0000007b       0x31 ./Src/can.o
 .ARM.attributes
                0x000000ac       0x31 ./Src/dma.o
 .ARM.attributes
                0x000000dd       0x31 ./Src/freertos.o
 .ARM.attributes
                0x0000010e       0x31 ./Src/gpio.o
 .ARM.attributes
                0x0000013f       0x31 ./Src/i2c.o
 .ARM.attributes
                0x00000170       0x31 ./Src/iwdg.o
 .ARM.attributes
                0x000001a1       0x31 ./Src/main.o
 .ARM.attributes
                0x000001d2       0x31 ./Src/rtc.o
 .ARM.attributes
                0x00000203       0x31 ./Src/spi.o
 .ARM.attributes
                0x00000234       0x21 ./Src/startup_stm32f091xc.o
 .ARM.attributes
                0x00000255       0x31 ./Src/stm32f0xx_hal_msp.o
 .ARM.attributes
                0x00000286       0x31 ./Src/stm32f0xx_hal_timebase_TIM.o
 .ARM.attributes
                0x000002b7       0x31 ./Src/stm32f0xx_it.o
 .ARM.attributes
                0x000002e8       0x31 ./Src/system_stm32f0xx.o
 .ARM.attributes
                0x00000319       0x31 ./Src/tim.o
 .ARM.attributes
                0x0000034a       0x31 ./Src/usart.o
 .ARM.attributes
                0x0000037b       0x31 ./Middlewares/Third_Party/FreeRTOS/Source/portable/MemMang/heap_4.o
 .ARM.attributes
                0x000003ac       0x31 ./Middlewares/Third_Party/FreeRTOS/Source/portable/GCC/ARM_CM0/port.o
 .ARM.attributes
                0x000003dd       0x31 ./Middlewares/Third_Party/FreeRTOS/Source/CMSIS_RTOS/cmsis_os.o
 .ARM.attributes
                0x0000040e       0x31 ./Middlewares/Third_Party/FreeRTOS/Source/list.o
 .ARM.attributes
                0x0000043f       0x31 ./Middlewares/Third_Party/FreeRTOS/Source/queue.o
 .ARM.attributes
                0x00000470       0x31 ./Middlewares/Third_Party/FreeRTOS/Source/tasks.o
 .ARM.attributes
                0x000004a1       0x31 ./Drivers/STM32F0xx_HAL_Driver/Src/stm32f0xx_hal.o
 .ARM.attributes
                0x000004d2       0x31 ./Drivers/STM32F0xx_HAL_Driver/Src/stm32f0xx_hal_adc.o
 .ARM.attributes
                0x00000503       0x31 ./Drivers/STM32F0xx_HAL_Driver/Src/stm32f0xx_hal_can.o
 .ARM.attributes
                0x00000534       0x31 ./Drivers/STM32F0xx_HAL_Driver/Src/stm32f0xx_hal_cortex.o
 .ARM.attributes
                0x00000565       0x31 ./Drivers/STM32F0xx_HAL_Driver/Src/stm32f0xx_hal_dma.o
 .ARM.attributes
                0x00000596       0x31 ./Drivers/STM32F0xx_HAL_Driver/Src/stm32f0xx_hal_gpio.o
 .ARM.attributes
                0x000005c7       0x31 ./Drivers/STM32F0xx_HAL_Driver/Src/stm32f0xx_hal_i2c.o
 .ARM.attributes
                0x000005f8       0x31 ./Drivers/STM32F0xx_HAL_Driver/Src/stm32f0xx_hal_i2c_ex.o
 .ARM.attributes
                0x00000629       0x31 ./Drivers/STM32F0xx_HAL_Driver/Src/stm32f0xx_hal_iwdg.o
 .ARM.attributes
                0x0000065a       0x31 ./Drivers/STM32F0xx_HAL_Driver/Src/stm32f0xx_hal_pwr.o
 .ARM.attributes
                0x0000068b       0x31 ./Drivers/STM32F0xx_HAL_Driver/Src/stm32f0xx_hal_rcc.o
 .ARM.attributes
                0x000006bc       0x31 ./Drivers/STM32F0xx_HAL_Driver/Src/stm32f0xx_hal_rcc_ex.o
 .ARM.attributes
                0x000006ed       0x31 ./Drivers/STM32F0xx_HAL_Driver/Src/stm32f0xx_hal_rtc.o
 .ARM.attributes
                0x0000071e       0x31 ./Drivers/STM32F0xx_HAL_Driver/Src/stm32f0xx_hal_rtc_ex.o
 .ARM.attributes
                0x0000074f       0x31 ./Drivers/STM32F0xx_HAL_Driver/Src/stm32f0xx_hal_spi.o
 .ARM.attributes
                0x00000780       0x31 ./Drivers/STM32F0xx_HAL_Driver/Src/stm32f0xx_hal_tim.o
 .ARM.attributes
                0x000007b1       0x31 ./Drivers/STM32F0xx_HAL_Driver/Src/stm32f0xx_hal_tim_ex.o
 .ARM.attributes
                0x000007e2       0x31 ./Drivers/STM32F0xx_HAL_Driver/Src/stm32f0xx_hal_uart.o
 .ARM.attributes
                0x00000813       0x31 ./Drivers/STM32F0xx_HAL_Driver/Src/stm32f0xx_hal_uart_ex.o
 .ARM.attributes
                0x00000844       0x1e c:/program files (x86)/gnu tools arm embedded/6 2017-q2-update/bin/../lib/gcc/arm-none-eabi/6.3.1/thumb/v6-m\libgcc.a(_thumb1_case_sqi.o)
 .ARM.attributes
                0x00000862       0x1e c:/program files (x86)/gnu tools arm embedded/6 2017-q2-update/bin/../lib/gcc/arm-none-eabi/6.3.1/thumb/v6-m\libgcc.a(_thumb1_case_uqi.o)
 .ARM.attributes
                0x00000880       0x1e c:/program files (x86)/gnu tools arm embedded/6 2017-q2-update/bin/../lib/gcc/arm-none-eabi/6.3.1/thumb/v6-m\libgcc.a(_thumb1_case_shi.o)
 .ARM.attributes
                0x0000089e       0x1e c:/program files (x86)/gnu tools arm embedded/6 2017-q2-update/bin/../lib/gcc/arm-none-eabi/6.3.1/thumb/v6-m\libgcc.a(_udivsi3.o)
 .ARM.attributes
                0x000008bc       0x1e c:/program files (x86)/gnu tools arm embedded/6 2017-q2-update/bin/../lib/gcc/arm-none-eabi/6.3.1/thumb/v6-m\libgcc.a(_divsi3.o)
 .ARM.attributes
                0x000008da       0x1e c:/program files (x86)/gnu tools arm embedded/6 2017-q2-update/bin/../lib/gcc/arm-none-eabi/6.3.1/thumb/v6-m\libgcc.a(_dvmd_tls.o)
 .ARM.attributes
                0x000008f8       0x2c c:/program files (x86)/gnu tools arm embedded/6 2017-q2-update/bin/../lib/gcc/arm-none-eabi/6.3.1/../../../../arm-none-eabi/lib/thumb/v6-m\libg_nano.a(lib_a-impure.o)
 .ARM.attributes
                0x00000924       0x2c c:/program files (x86)/gnu tools arm embedded/6 2017-q2-update/bin/../lib/gcc/arm-none-eabi/6.3.1/../../../../arm-none-eabi/lib/thumb/v6-m\libg_nano.a(lib_a-init.o)
 .ARM.attributes
                0x00000950       0x2c c:/program files (x86)/gnu tools arm embedded/6 2017-q2-update/bin/../lib/gcc/arm-none-eabi/6.3.1/../../../../arm-none-eabi/lib/thumb/v6-m\libg_nano.a(lib_a-memcpy-stub.o)
 .ARM.attributes
                0x0000097c       0x2c c:/program files (x86)/gnu tools arm embedded/6 2017-q2-update/bin/../lib/gcc/arm-none-eabi/6.3.1/../../../../arm-none-eabi/lib/thumb/v6-m\libg_nano.a(lib_a-memset.o)
 .ARM.attributes
                0x000009a8       0x2c c:/program files (x86)/gnu tools arm embedded/6 2017-q2-update/bin/../lib/gcc/arm-none-eabi/6.3.1/../../../../arm-none-eabi/lib/thumb/v6-m\libg_nano.a(lib_a-strncpy.o)
 .ARM.attributes
                0x000009d4       0x2c c:/program files (x86)/gnu tools arm embedded/6 2017-q2-update/bin/../lib/gcc/arm-none-eabi/6.3.1/../../../../arm-none-eabi/lib/thumb/v6-m\libg_nano.a(lib_a-vsnprintf.o)
 .ARM.attributes
                0x00000a00       0x2c c:/program files (x86)/gnu tools arm embedded/6 2017-q2-update/bin/../lib/gcc/arm-none-eabi/6.3.1/../../../../arm-none-eabi/lib/thumb/v6-m\libg_nano.a(lib_a-nano-svfprintf.o)
 .ARM.attributes
                0x00000a2c       0x2c c:/program files (x86)/gnu tools arm embedded/6 2017-q2-update/bin/../lib/gcc/arm-none-eabi/6.3.1/../../../../arm-none-eabi/lib/thumb/v6-m\libg_nano.a(lib_a-nano-vfprintf_i.o)
 .ARM.attributes
                0x00000a58       0x2c c:/program files (x86)/gnu tools arm embedded/6 2017-q2-update/bin/../lib/gcc/arm-none-eabi/6.3.1/../../../../arm-none-eabi/lib/thumb/v6-m\libg_nano.a(lib_a-memchr-stub.o)
 .ARM.attributes
                0x00000a84       0x2c c:/program files (x86)/gnu tools arm embedded/6 2017-q2-update/bin/../lib/gcc/arm-none-eabi/6.3.1/../../../../arm-none-eabi/lib/thumb/v6-m\libg_nano.a(lib_a-memmove.o)
 .ARM.attributes
                0x00000ab0       0x2c c:/program files (x86)/gnu tools arm embedded/6 2017-q2-update/bin/../lib/gcc/arm-none-eabi/6.3.1/../../../../arm-none-eabi/lib/thumb/v6-m\libg_nano.a(lib_a-nano-freer.o)
 .ARM.attributes
                0x00000adc       0x2c c:/program files (x86)/gnu tools arm embedded/6 2017-q2-update/bin/../lib/gcc/arm-none-eabi/6.3.1/../../../../arm-none-eabi/lib/thumb/v6-m\libg_nano.a(lib_a-nano-mallocr.o)
 .ARM.attributes
                0x00000b08       0x2c c:/program files (x86)/gnu tools arm embedded/6 2017-q2-update/bin/../lib/gcc/arm-none-eabi/6.3.1/../../../../arm-none-eabi/lib/thumb/v6-m\libg_nano.a(lib_a-nano-reallocr.o)
 .ARM.attributes
                0x00000b34       0x2c c:/program files (x86)/gnu tools arm embedded/6 2017-q2-update/bin/../lib/gcc/arm-none-eabi/6.3.1/../../../../arm-none-eabi/lib/thumb/v6-m\libg_nano.a(lib_a-sbrkr.o)
 .ARM.attributes
                0x00000b60       0x2c c:/program files (x86)/gnu tools arm embedded/6 2017-q2-update/bin/../lib/gcc/arm-none-eabi/6.3.1/../../../../arm-none-eabi/lib/thumb/v6-m\libg_nano.a(lib_a-mlock.o)
 .ARM.attributes
                0x00000b8c       0x2c c:/program files (x86)/gnu tools arm embedded/6 2017-q2-update/bin/../lib/gcc/arm-none-eabi/6.3.1/../../../../arm-none-eabi/lib/thumb/v6-m\libg_nano.a(lib_a-nano-msizer.o)
 .ARM.attributes
                0x00000bb8       0x2c c:/program files (x86)/gnu tools arm embedded/6 2017-q2-update/bin/../lib/gcc/arm-none-eabi/6.3.1/../../../../arm-none-eabi/lib/thumb/v6-m\libg_nano.a(lib_a-reent.o)
 .ARM.attributes
                0x00000be4       0x2c c:/program files (x86)/gnu tools arm embedded/6 2017-q2-update/bin/../lib/gcc/arm-none-eabi/6.3.1/../../../../arm-none-eabi/lib/thumb/v6-m\libnosys.a(sbrk.o)
 .ARM.attributes
                0x00000c10       0x1e c:/program files (x86)/gnu tools arm embedded/6 2017-q2-update/bin/../lib/gcc/arm-none-eabi/6.3.1/thumb/v6-m/crtn.o
OUTPUT(STM32F091RCTx_freeRTOS.elf elf32-littlearm)

.debug_info     0x00000000    0x3a8d0
 .debug_info    0x00000000     0x119f ./Src/adc.o
 .debug_info    0x0000119f     0x127f ./Src/can.o
 .debug_info    0x0000241e      0xbb5 ./Src/dma.o
 .debug_info    0x00002fd3     0x5297 ./Src/freertos.o
 .debug_info    0x0000826a      0xc56 ./Src/gpio.o
 .debug_info    0x00008ec0     0x1449 ./Src/i2c.o
 .debug_info    0x0000a309      0xa74 ./Src/iwdg.o
 .debug_info    0x0000ad7d     0x26a9 ./Src/main.o
 .debug_info    0x0000d426     0x1020 ./Src/rtc.o
 .debug_info    0x0000e446     0x1146 ./Src/spi.o
 .debug_info    0x0000f58c       0x8b ./Src/startup_stm32f091xc.o
 .debug_info    0x0000f617      0xb5c ./Src/stm32f0xx_hal_msp.o
 .debug_info    0x00010173     0x116b ./Src/stm32f0xx_hal_timebase_TIM.o
 .debug_info    0x000112de     0x1aa7 ./Src/stm32f0xx_it.o
 .debug_info    0x00012d85      0xa77 ./Src/system_stm32f0xx.o
 .debug_info    0x000137fc     0x1465 ./Src/tim.o
 .debug_info    0x00014c61     0x165d ./Src/usart.o
 .debug_info    0x000162be      0xbb8 ./Middlewares/Third_Party/FreeRTOS/Source/portable/MemMang/heap_4.o
 .debug_info    0x00016e76      0x2ac ./Middlewares/Third_Party/FreeRTOS/Source/portable/GCC/ARM_CM0/port.o
 .debug_info    0x00017122     0x24dd ./Middlewares/Third_Party/FreeRTOS/Source/CMSIS_RTOS/cmsis_os.o
 .debug_info    0x000195ff      0xad0 ./Middlewares/Third_Party/FreeRTOS/Source/list.o
 .debug_info    0x0001a0cf     0x1b37 ./Middlewares/Third_Party/FreeRTOS/Source/queue.o
 .debug_info    0x0001bc06     0x23dc ./Middlewares/Third_Party/FreeRTOS/Source/tasks.o
 .debug_info    0x0001dfe2      0xe8e ./Drivers/STM32F0xx_HAL_Driver/Src/stm32f0xx_hal.o
 .debug_info    0x0001ee70     0x16b6 ./Drivers/STM32F0xx_HAL_Driver/Src/stm32f0xx_hal_adc.o
 .debug_info    0x00020526     0x13ef ./Drivers/STM32F0xx_HAL_Driver/Src/stm32f0xx_hal_can.o
 .debug_info    0x00021915     0x102d ./Drivers/STM32F0xx_HAL_Driver/Src/stm32f0xx_hal_cortex.o
 .debug_info    0x00022942     0x1057 ./Drivers/STM32F0xx_HAL_Driver/Src/stm32f0xx_hal_dma.o
 .debug_info    0x00023999      0xeab ./Drivers/STM32F0xx_HAL_Driver/Src/stm32f0xx_hal_gpio.o
 .debug_info    0x00024844     0x3980 ./Drivers/STM32F0xx_HAL_Driver/Src/stm32f0xx_hal_i2c.o
 .debug_info    0x000281c4     0x10fb ./Drivers/STM32F0xx_HAL_Driver/Src/stm32f0xx_hal_i2c_ex.o
 .debug_info    0x000292bf      0xaa9 ./Drivers/STM32F0xx_HAL_Driver/Src/stm32f0xx_hal_iwdg.o
 .debug_info    0x00029d68      0xcbf ./Drivers/STM32F0xx_HAL_Driver/Src/stm32f0xx_hal_pwr.o
 .debug_info    0x0002aa27     0x11c6 ./Drivers/STM32F0xx_HAL_Driver/Src/stm32f0xx_hal_rcc.o
 .debug_info    0x0002bbed      0xeaa ./Drivers/STM32F0xx_HAL_Driver/Src/stm32f0xx_hal_rcc_ex.o
 .debug_info    0x0002ca97     0x1585 ./Drivers/STM32F0xx_HAL_Driver/Src/stm32f0xx_hal_rtc.o
 .debug_info    0x0002e01c     0x1758 ./Drivers/STM32F0xx_HAL_Driver/Src/stm32f0xx_hal_rtc_ex.o
 .debug_info    0x0002f774     0x27b2 ./Drivers/STM32F0xx_HAL_Driver/Src/stm32f0xx_hal_spi.o
 .debug_info    0x00031f26     0x3c43 ./Drivers/STM32F0xx_HAL_Driver/Src/stm32f0xx_hal_tim.o
 .debug_info    0x00035b69     0x1a3c ./Drivers/STM32F0xx_HAL_Driver/Src/stm32f0xx_hal_tim_ex.o
 .debug_info    0x000375a5     0x210a ./Drivers/STM32F0xx_HAL_Driver/Src/stm32f0xx_hal_uart.o
 .debug_info    0x000396af     0x1221 ./Drivers/STM32F0xx_HAL_Driver/Src/stm32f0xx_hal_uart_ex.o

.debug_abbrev   0x00000000     0x74aa
 .debug_abbrev  0x00000000      0x26d ./Src/adc.o
 .debug_abbrev  0x0000026d      0x276 ./Src/can.o
 .debug_abbrev  0x000004e3      0x22d ./Src/dma.o
 .debug_abbrev  0x00000710      0x400 ./Src/freertos.o
 .debug_abbrev  0x00000b10      0x224 ./Src/gpio.o
 .debug_abbrev  0x00000d34      0x265 ./Src/i2c.o
 .debug_abbrev  0x00000f99      0x219 ./Src/iwdg.o
 .debug_abbrev  0x000011b2      0x2eb ./Src/main.o
 .debug_abbrev  0x0000149d      0x248 ./Src/rtc.o
 .debug_abbrev  0x000016e5      0x251 ./Src/spi.o
 .debug_abbrev  0x00001936       0x12 ./Src/startup_stm32f091xc.o
 .debug_abbrev  0x00001948      0x22d ./Src/stm32f0xx_hal_msp.o
 .debug_abbrev  0x00001b75      0x2a1 ./Src/stm32f0xx_hal_timebase_TIM.o
 .debug_abbrev  0x00001e16      0x236 ./Src/stm32f0xx_it.o
 .debug_abbrev  0x0000204c      0x202 ./Src/system_stm32f0xx.o
 .debug_abbrev  0x0000224e      0x2d2 ./Src/tim.o
 .debug_abbrev  0x00002520      0x2ae ./Src/usart.o
 .debug_abbrev  0x000027ce      0x304 ./Middlewares/Third_Party/FreeRTOS/Source/portable/MemMang/heap_4.o
 .debug_abbrev  0x00002ad2      0x194 ./Middlewares/Third_Party/FreeRTOS/Source/portable/GCC/ARM_CM0/port.o
 .debug_abbrev  0x00002c66      0x436 ./Middlewares/Third_Party/FreeRTOS/Source/CMSIS_RTOS/cmsis_os.o
 .debug_abbrev  0x0000309c      0x219 ./Middlewares/Third_Party/FreeRTOS/Source/list.o
 .debug_abbrev  0x000032b5      0x357 ./Middlewares/Third_Party/FreeRTOS/Source/queue.o
 .debug_abbrev  0x0000360c      0x3f5 ./Middlewares/Third_Party/FreeRTOS/Source/tasks.o
 .debug_abbrev  0x00003a01      0x309 ./Drivers/STM32F0xx_HAL_Driver/Src/stm32f0xx_hal.o
 .debug_abbrev  0x00003d0a      0x382 ./Drivers/STM32F0xx_HAL_Driver/Src/stm32f0xx_hal_adc.o
 .debug_abbrev  0x0000408c      0x334 ./Drivers/STM32F0xx_HAL_Driver/Src/stm32f0xx_hal_can.o
 .debug_abbrev  0x000043c0      0x333 ./Drivers/STM32F0xx_HAL_Driver/Src/stm32f0xx_hal_cortex.o
 .debug_abbrev  0x000046f3      0x2ed ./Drivers/STM32F0xx_HAL_Driver/Src/stm32f0xx_hal_dma.o
 .debug_abbrev  0x000049e0      0x2ad ./Drivers/STM32F0xx_HAL_Driver/Src/stm32f0xx_hal_gpio.o
 .debug_abbrev  0x00004c8d      0x3c4 ./Drivers/STM32F0xx_HAL_Driver/Src/stm32f0xx_hal_i2c.o
 .debug_abbrev  0x00005051      0x26c ./Drivers/STM32F0xx_HAL_Driver/Src/stm32f0xx_hal_i2c_ex.o
 .debug_abbrev  0x000052bd      0x21c ./Drivers/STM32F0xx_HAL_Driver/Src/stm32f0xx_hal_iwdg.o
 .debug_abbrev  0x000054d9      0x263 ./Drivers/STM32F0xx_HAL_Driver/Src/stm32f0xx_hal_pwr.o
 .debug_abbrev  0x0000573c      0x322 ./Drivers/STM32F0xx_HAL_Driver/Src/stm32f0xx_hal_rcc.o
 .debug_abbrev  0x00005a5e      0x2e8 ./Drivers/STM32F0xx_HAL_Driver/Src/stm32f0xx_hal_rcc_ex.o
 .debug_abbrev  0x00005d46      0x2ef ./Drivers/STM32F0xx_HAL_Driver/Src/stm32f0xx_hal_rtc.o
 .debug_abbrev  0x00006035      0x2fe ./Drivers/STM32F0xx_HAL_Driver/Src/stm32f0xx_hal_rtc_ex.o
 .debug_abbrev  0x00006333      0x3ea ./Drivers/STM32F0xx_HAL_Driver/Src/stm32f0xx_hal_spi.o
 .debug_abbrev  0x0000671d      0x3dd ./Drivers/STM32F0xx_HAL_Driver/Src/stm32f0xx_hal_tim.o
 .debug_abbrev  0x00006afa      0x345 ./Drivers/STM32F0xx_HAL_Driver/Src/stm32f0xx_hal_tim_ex.o
 .debug_abbrev  0x00006e3f      0x390 ./Drivers/STM32F0xx_HAL_Driver/Src/stm32f0xx_hal_uart.o
 .debug_abbrev  0x000071cf      0x2db ./Drivers/STM32F0xx_HAL_Driver/Src/stm32f0xx_hal_uart_ex.o

.debug_loc      0x00000000    0x13a8d
 .debug_loc     0x00000000       0x58 ./Src/adc.o
 .debug_loc     0x00000058       0x42 ./Src/can.o
 .debug_loc     0x0000009a      0xd91 ./Src/freertos.o
 .debug_loc     0x00000e2b       0x74 ./Src/i2c.o
 .debug_loc     0x00000e9f       0x21 ./Src/main.o
 .debug_loc     0x00000ec0       0x42 ./Src/spi.o
 .debug_loc     0x00000f02       0x7a ./Src/stm32f0xx_hal_timebase_TIM.o
 .debug_loc     0x00000f7c       0xe7 ./Src/system_stm32f0xx.o
 .debug_loc     0x00001063       0x7c ./Src/tim.o
 .debug_loc     0x000010df       0xb0 ./Src/usart.o
 .debug_loc     0x0000118f      0x2de ./Middlewares/Third_Party/FreeRTOS/Source/portable/MemMang/heap_4.o
 .debug_loc     0x0000146d       0xb4 ./Middlewares/Third_Party/FreeRTOS/Source/portable/GCC/ARM_CM0/port.o
 .debug_loc     0x00001521      0xffa ./Middlewares/Third_Party/FreeRTOS/Source/CMSIS_RTOS/cmsis_os.o
 .debug_loc     0x0000251b       0x94 ./Middlewares/Third_Party/FreeRTOS/Source/list.o
 .debug_loc     0x000025af     0x12f3 ./Middlewares/Third_Party/FreeRTOS/Source/queue.o
 .debug_loc     0x000038a2     0x127f ./Middlewares/Third_Party/FreeRTOS/Source/tasks.o
 .debug_loc     0x00004b21       0x7c ./Drivers/STM32F0xx_HAL_Driver/Src/stm32f0xx_hal.o
 .debug_loc     0x00004b9d      0xaad ./Drivers/STM32F0xx_HAL_Driver/Src/stm32f0xx_hal_adc.o
 .debug_loc     0x0000564a      0x7a3 ./Drivers/STM32F0xx_HAL_Driver/Src/stm32f0xx_hal_can.o
 .debug_loc     0x00005ded      0x3cc ./Drivers/STM32F0xx_HAL_Driver/Src/stm32f0xx_hal_cortex.o
 .debug_loc     0x000061b9      0x7c2 ./Drivers/STM32F0xx_HAL_Driver/Src/stm32f0xx_hal_dma.o