Archive member included to satisfy reference by file (symbol)

c:/program files (x86)/gnu tools arm embedded/6 2017-q2-update/bin/../lib/gcc/arm-none-eabi/6.3.1/thumb/v6-m\libgcc.a(_thumb1_case_sqi.o)
                              ./Drivers/STM32F0xx_HAL_Driver/Src/stm32f0xx_hal_uart.o (__gnu_thumb1_case_sqi)
c:/program files (x86)/gnu tools arm embedded/6 2017-q2-update/bin/../lib/gcc/arm-none-eabi/6.3.1/thumb/v6-m\libgcc.a(_thumb1_case_uqi.o)
                              ./Middlewares/Third_Party/FreeRTOS/Source/tasks.o (__gnu_thumb1_case_uqi)
c:/program files (x86)/gnu tools arm embedded/6 2017-q2-update/bin/../lib/gcc/arm-none-eabi/6.3.1/thumb/v6-m\libgcc.a(_udivsi3.o)
                              ./Src/main.o (__aeabi_uidiv)
c:/program files (x86)/gnu tools arm embedded/6 2017-q2-update/bin/../lib/gcc/arm-none-eabi/6.3.1/thumb/v6-m\libgcc.a(_dvmd_tls.o)
                              c:/program files (x86)/gnu tools arm embedded/6 2017-q2-update/bin/../lib/gcc/arm-none-eabi/6.3.1/thumb/v6-m\libgcc.a(_udivsi3.o) (__aeabi_idiv0)
c:/program files (x86)/gnu tools arm embedded/6 2017-q2-update/bin/../lib/gcc/arm-none-eabi/6.3.1/thumb/v6-m\libgcc.a(_lshrdi3.o)
                              ./Drivers/STM32F0xx_HAL_Driver/Src/stm32f0xx_hal_flash.o (__aeabi_llsr)
c:/program files (x86)/gnu tools arm embedded/6 2017-q2-update/bin/../lib/gcc/arm-none-eabi/6.3.1/../../../../arm-none-eabi/lib/thumb/v6-m\libg_nano.a(lib_a-exit.o)
                              c:/program files (x86)/gnu tools arm embedded/6 2017-q2-update/bin/../lib/gcc/arm-none-eabi/6.3.1/../../../../arm-none-eabi/lib/thumb/v6-m/crt0.o (exit)
c:/program files (x86)/gnu tools arm embedded/6 2017-q2-update/bin/../lib/gcc/arm-none-eabi/6.3.1/../../../../arm-none-eabi/lib/thumb/v6-m\libg_nano.a(lib_a-impure.o)
                              c:/program files (x86)/gnu tools arm embedded/6 2017-q2-update/bin/../lib/gcc/arm-none-eabi/6.3.1/../../../../arm-none-eabi/lib/thumb/v6-m\libg_nano.a(lib_a-exit.o) (_global_impure_ptr)
c:/program files (x86)/gnu tools arm embedded/6 2017-q2-update/bin/../lib/gcc/arm-none-eabi/6.3.1/../../../../arm-none-eabi/lib/thumb/v6-m\libg_nano.a(lib_a-init.o)
                              c:/program files (x86)/gnu tools arm embedded/6 2017-q2-update/bin/../lib/gcc/arm-none-eabi/6.3.1/../../../../arm-none-eabi/lib/thumb/v6-m/crt0.o (__libc_init_array)
c:/program files (x86)/gnu tools arm embedded/6 2017-q2-update/bin/../lib/gcc/arm-none-eabi/6.3.1/../../../../arm-none-eabi/lib/thumb/v6-m\libg_nano.a(lib_a-memcpy-stub.o)
                              ./Src/freertos.o (memcpy)
c:/program files (x86)/gnu tools arm embedded/6 2017-q2-update/bin/../lib/gcc/arm-none-eabi/6.3.1/../../../../arm-none-eabi/lib/thumb/v6-m\libg_nano.a(lib_a-memset.o)
                              c:/program files (x86)/gnu tools arm embedded/6 2017-q2-update/bin/../lib/gcc/arm-none-eabi/6.3.1/../../../../arm-none-eabi/lib/thumb/v6-m/crt0.o (memset)
c:/program files (x86)/gnu tools arm embedded/6 2017-q2-update/bin/../lib/gcc/arm-none-eabi/6.3.1/../../../../arm-none-eabi/lib/thumb/v6-m\libg_nano.a(lib_a-strncpy.o)
                              ./Src/freertos.o (strncpy)
c:/program files (x86)/gnu tools arm embedded/6 2017-q2-update/bin/../lib/gcc/arm-none-eabi/6.3.1/../../../../arm-none-eabi/lib/thumb/v6-m\libg_nano.a(lib_a-vsnprintf.o)
                              ./Src/freertos.o (vsnprintf)
c:/program files (x86)/gnu tools arm embedded/6 2017-q2-update/bin/../lib/gcc/arm-none-eabi/6.3.1/../../../../arm-none-eabi/lib/thumb/v6-m\libg_nano.a(lib_a-nano-svfprintf.o)
                              c:/program files (x86)/gnu tools arm embedded/6 2017-q2-update/bin/../lib/gcc/arm-none-eabi/6.3.1/../../../../arm-none-eabi/lib/thumb/v6-m\libg_nano.a(lib_a-vsnprintf.o) (_svfprintf_r)
c:/program files (x86)/gnu tools arm embedded/6 2017-q2-update/bin/../lib/gcc/arm-none-eabi/6.3.1/../../../../arm-none-eabi/lib/thumb/v6-m\libg_nano.a(lib_a-nano-vfprintf_i.o)
                              c:/program files (x86)/gnu tools arm embedded/6 2017-q2-update/bin/../lib/gcc/arm-none-eabi/6.3.1/../../../../arm-none-eabi/lib/thumb/v6-m\libg_nano.a(lib_a-nano-svfprintf.o) (_printf_i)
c:/program files (x86)/gnu tools arm embedded/6 2017-q2-update/bin/../lib/gcc/arm-none-eabi/6.3.1/../../../../arm-none-eabi/lib/thumb/v6-m\libg_nano.a(lib_a-memchr-stub.o)
                              c:/program files (x86)/gnu tools arm embedded/6 2017-q2-update/bin/../lib/gcc/arm-none-eabi/6.3.1/../../../../arm-none-eabi/lib/thumb/v6-m\libg_nano.a(lib_a-nano-svfprintf.o) (memchr)
c:/program files (x86)/gnu tools arm embedded/6 2017-q2-update/bin/../lib/gcc/arm-none-eabi/6.3.1/../../../../arm-none-eabi/lib/thumb/v6-m\libg_nano.a(lib_a-memmove.o)
                              c:/program files (x86)/gnu tools arm embedded/6 2017-q2-update/bin/../lib/gcc/arm-none-eabi/6.3.1/../../../../arm-none-eabi/lib/thumb/v6-m\libg_nano.a(lib_a-nano-svfprintf.o) (memmove)
[...]
Memory Configuration

Name             Origin             Length             Attributes
RAM              0x20000000         0x00008000         xrw
FLASH            0x08000000         0x00040000         xr
*default*        0x00000000         0xffffffff

Linker script and memory map

LOAD c:/program files (x86)/gnu tools arm embedded/6 2017-q2-update/bin/../lib/gcc/arm-none-eabi/6.3.1/thumb/v6-m/crti.o
LOAD c:/program files (x86)/gnu tools arm embedded/6 2017-q2-update/bin/../lib/gcc/arm-none-eabi/6.3.1/thumb/v6-m/crtbegin.o
LOAD c:/program files (x86)/gnu tools arm embedded/6 2017-q2-update/bin/../lib/gcc/arm-none-eabi/6.3.1/../../../../arm-none-eabi/lib/thumb/v6-m/crt0.o
LOAD ./Src/adc.o
LOAD ./Src/aewin_def.o
LOAD ./Src/can.o
LOAD ./Src/dma.o
LOAD ./Src/freertos.o
LOAD ./Src/gpio.o
LOAD ./Src/i2c.o
LOAD ./Src/main.o
LOAD ./Src/rtc.o
LOAD ./Src/spi.o
LOAD ./Src/startup_stm32f091xc.o
LOAD ./Src/stm32f0xx_hal_msp.o
LOAD ./Src/stm32f0xx_hal_timebase_TIM.o
LOAD ./Src/stm32f0xx_it.o
LOAD ./Src/system_stm32f0xx.o
LOAD ./Src/tim.o
LOAD ./Src/usart.o
LOAD ./Middlewares/Third_Party/FreeRTOS/Source/portable/MemMang/heap_4.o
LOAD ./Middlewares/Third_Party/FreeRTOS/Source/portable/GCC/ARM_CM0/port.o
LOAD ./Middlewares/Third_Party/FreeRTOS/Source/CMSIS_RTOS/cmsis_os.o
LOAD ./Middlewares/Third_Party/FreeRTOS/Source/croutine.o
LOAD ./Middlewares/Third_Party/FreeRTOS/Source/event_groups.o
LOAD ./Middlewares/Third_Party/FreeRTOS/Source/list.o
LOAD ./Middlewares/Third_Party/FreeRTOS/Source/queue.o
LOAD ./Middlewares/Third_Party/FreeRTOS/Source/tasks.o
LOAD ./Middlewares/Third_Party/FreeRTOS/Source/timers.o
LOAD ./Drivers/STM32F0xx_HAL_Driver/Src/stm32f0xx_hal.o
LOAD ./Drivers/STM32F0xx_HAL_Driver/Src/stm32f0xx_hal_adc.o
LOAD ./Drivers/STM32F0xx_HAL_Driver/Src/stm32f0xx_hal_adc_ex.o
LOAD ./Drivers/STM32F0xx_HAL_Driver/Src/stm32f0xx_hal_can.o
LOAD ./Drivers/STM32F0xx_HAL_Driver/Src/stm32f0xx_hal_cortex.o
LOAD ./Drivers/STM32F0xx_HAL_Driver/Src/stm32f0xx_hal_dma.o
LOAD ./Drivers/STM32F0xx_HAL_Driver/Src/stm32f0xx_hal_flash.o
LOAD ./Drivers/STM32F0xx_HAL_Driver/Src/stm32f0xx_hal_flash_ex.o
LOAD ./Drivers/STM32F0xx_HAL_Driver/Src/stm32f0xx_hal_gpio.o
LOAD ./Drivers/STM32F0xx_HAL_Driver/Src/stm32f0xx_hal_i2c.o
LOAD ./Drivers/STM32F0xx_HAL_Driver/Src/stm32f0xx_hal_i2c_ex.o
LOAD ./Drivers/STM32F0xx_HAL_Driver/Src/stm32f0xx_hal_pwr.o
LOAD ./Drivers/STM32F0xx_HAL_Driver/Src/stm32f0xx_hal_pwr_ex.o
LOAD ./Drivers/STM32F0xx_HAL_Driver/Src/stm32f0xx_hal_rcc.o
LOAD ./Drivers/STM32F0xx_HAL_Driver/Src/stm32f0xx_hal_rcc_ex.o
LOAD ./Drivers/STM32F0xx_HAL_Driver/Src/stm32f0xx_hal_rtc.o
LOAD ./Drivers/STM32F0xx_HAL_Driver/Src/stm32f0xx_hal_rtc_ex.o
LOAD ./Drivers/STM32F0xx_HAL_Driver/Src/stm32f0xx_hal_smbus.o
LOAD ./Drivers/STM32F0xx_HAL_Driver/Src/stm32f0xx_hal_spi.o
LOAD ./Drivers/STM32F0xx_HAL_Driver/Src/stm32f0xx_hal_spi_ex.o
LOAD ./Drivers/STM32F0xx_HAL_Driver/Src/stm32f0xx_hal_tim.o
LOAD ./Drivers/STM32F0xx_HAL_Driver/Src/stm32f0xx_hal_tim_ex.o
LOAD ./Drivers/STM32F0xx_HAL_Driver/Src/stm32f0xx_hal_uart.o
LOAD ./Drivers/STM32F0xx_HAL_Driver/Src/stm32f0xx_hal_uart_ex.o
START GROUP
LOAD c:/program files (x86)/gnu tools arm embedded/6 2017-q2-update/bin/../lib/gcc/arm-none-eabi/6.3.1/thumb/v6-m\libgcc.a
LOAD c:/program files (x86)/gnu tools arm embedded/6 2017-q2-update/bin/../lib/gcc/arm-none-eabi/6.3.1/../../../../arm-none-eabi/lib/thumb/v6-m\libg_nano.a
LOAD c:/program files (x86)/gnu tools arm embedded/6 2017-q2-update/bin/../lib/gcc/arm-none-eabi/6.3.1/../../../../arm-none-eabi/lib/thumb/v6-m\libc_nano.a
END GROUP
START GROUP
LOAD c:/program files (x86)/gnu tools arm embedded/6 2017-q2-update/bin/../lib/gcc/arm-none-eabi/6.3.1/thumb/v6-m\libgcc.a
LOAD c:/program files (x86)/gnu tools arm embedded/6 2017-q2-update/bin/../lib/gcc/arm-none-eabi/6.3.1/../../../../arm-none-eabi/lib/thumb/v6-m\libc_nano.a
LOAD c:/program files (x86)/gnu tools arm embedded/6 2017-q2-update/bin/../lib/gcc/arm-none-eabi/6.3.1/../../../../arm-none-eabi/lib/thumb/v6-m\libnosys.a
END GROUP
START GROUP
LOAD c:/program files (x86)/gnu tools arm embedded/6 2017-q2-update/bin/../lib/gcc/arm-none-eabi/6.3.1/thumb/v6-m\libgcc.a
LOAD c:/program files (x86)/gnu tools arm embedded/6 2017-q2-update/bin/../lib/gcc/arm-none-eabi/6.3.1/../../../../arm-none-eabi/lib/thumb/v6-m\libc_nano.a
LOAD c:/program files (x86)/gnu tools arm embedded/6 2017-q2-update/bin/../lib/gcc/arm-none-eabi/6.3.1/../../../../arm-none-eabi/lib/thumb/v6-m\libnosys.a
END GROUP
LOAD c:/program files (x86)/gnu tools arm embedded/6 2017-q2-update/bin/../lib/gcc/arm-none-eabi/6.3.1/thumb/v6-m/crtend.o
LOAD c:/program files (x86)/gnu tools arm embedded/6 2017-q2-update/bin/../lib/gcc/arm-none-eabi/6.3.1/thumb/v6-m/crtn.o
                0x20008000                _estack = 0x20008000
                0x00000200                _Min_Heap_Size = 0x200
                0x00000400                _Min_Stack_Size = 0x400

.isr_vector     0x08000000       0xbc
                0x08000000                . = ALIGN (0x4)
 *(.isr_vector)
 .isr_vector    0x08000000       0xbc ./Src/startup_stm32f091xc.o
                0x08000000                g_pfnVectors
                0x080000bc                . = ALIGN (0x4)

.text           0x080000c0     0x65b0
                0x080000c0                . = ALIGN (0x4)
 *(.text)
 .text          0x080000c0       0x60 c:/program files (x86)/gnu tools arm embedded/6 2017-q2-update/bin/../lib/gcc/arm-none-eabi/6.3.1/thumb/v6-m/crtbegin.o
 .text          0x08000120       0x14 c:/program files (x86)/gnu tools arm embedded/6 2017-q2-update/bin/../lib/gcc/arm-none-eabi/6.3.1/thumb/v6-m\libgcc.a(_thumb1_case_sqi.o)
                0x08000120                __gnu_thumb1_case_sqi
 .text          0x08000134       0x14 c:/program files (x86)/gnu tools arm embedded/6 2017-q2-update/bin/../lib/gcc/arm-none-eabi/6.3.1/thumb/v6-m\libgcc.a(_thumb1_case_uqi.o)
                0x08000134                __gnu_thumb1_case_uqi
 .text          0x08000148      0x114 c:/program files (x86)/gnu tools arm embedded/6 2017-q2-update/bin/../lib/gcc/arm-none-eabi/6.3.1/thumb/v6-m\libgcc.a(_udivsi3.o)
                0x08000148                __aeabi_uidiv
                0x08000148                __udivsi3
                0x08000254                __aeabi_uidivmod
 .text          0x0800025c        0x4 c:/program files (x86)/gnu tools arm embedded/6 2017-q2-update/bin/../lib/gcc/arm-none-eabi/6.3.1/thumb/v6-m\libgcc.a(_dvmd_tls.o)
                0x0800025c                __aeabi_idiv0
                0x0800025c                __aeabi_ldiv0
 *(.text*)
 .text.MX_ADC_Init
                0x08000260       0xb8 ./Src/adc.o
                0x08000260                MX_ADC_Init
 .text.HAL_ADC_MspInit
                0x08000318       0xd4 ./Src/adc.o
                0x08000318                HAL_ADC_MspInit
 .text.MX_CAN_Init
                0x080003ec       0x40 ./Src/can.o
                0x080003ec                MX_CAN_Init
 .text.HAL_CAN_MspInit
                0x0800042c       0x60 ./Src/can.o
                0x0800042c                HAL_CAN_MspInit
 .text.MX_DMA_Init
                0x0800048c       0x4c ./Src/dma.o
                0x0800048c                MX_DMA_Init
 .text.cmd_proc_entry
                0x080004d8        0xa ./Src/freertos.o
                0x080004d8                cmd_proc_entry
 *fill*         0x080004e2        0x2 
 .text.usart1_entry
                0x080004e4       0x30 ./Src/freertos.o
                0x080004e4                usart1_entry
 .text.usart2_entry
                0x08000514       0x40 ./Src/freertos.o
                0x08000514                usart2_entry
 .text.usart3_entry
                0x08000554      0x1a0 ./Src/freertos.o
                0x08000554                usart3_entry
 .text.adc_entry
                0x080006f4       0x2c ./Src/freertos.o
                0x080006f4                adc_entry
 .text.IWDG_entry
                0x08000720        0xa ./Src/freertos.o
                0x08000720                IWDG_entry
 .text.StartDefaultTask
                0x0800072a        0xa ./Src/freertos.o
                0x0800072a                StartDefaultTask
 .text.ignition_entry
                0x08000734        0xa ./Src/freertos.o
                0x08000734                ignition_entry
 *fill*         0x0800073e        0x2 
 .text.MX_FREERTOS_Init
                0x08000740      0x188 ./Src/freertos.o
                0x08000740                MX_FREERTOS_Init
 .text.aewin_dbg
                0x080008c8       0x5c ./Src/freertos.o
                0x080008c8                aewin_dbg
 .text.i2c1_entry
                0x08000924       0x14 ./Src/freertos.o
                0x08000924                i2c1_entry
 .text.MX_GPIO_Init
                0x08000938       0xa8 ./Src/gpio.o
                0x08000938                MX_GPIO_Init
 .text.MX_I2C1_SMBUS_Init
                0x080009e0       0x64 ./Src/i2c.o
                0x080009e0                MX_I2C1_SMBUS_Init
 .text.MX_I2C2_Init
                0x08000a44       0x6c ./Src/i2c.o
                0x08000a44                MX_I2C2_Init
 .text.HAL_SMBUS_MspInit
                0x08000ab0       0x70 ./Src/i2c.o
                0x08000ab0                HAL_SMBUS_MspInit
 .text.HAL_I2C_MspInit
                0x08000b20       0x4c ./Src/i2c.o
                0x08000b20                HAL_I2C_MspInit
 .text.SystemClock_Config
                0x08000b6c       0x98 ./Src/main.o
                0x08000b6c                SystemClock_Config
 .text.startup.main
                0x08000c04       0x48 ./Src/main.o
                0x08000c04                main
 .text.HAL_TIM_PeriodElapsedCallback
                0x08000c4c       0x14 ./Src/main.o
                0x08000c4c                HAL_TIM_PeriodElapsedCallback
 .text._Error_Handler
                0x08000c60        0x2 ./Src/main.o
                0x08000c60                _Error_Handler
 *fill*         0x08000c62        0x2 
 .text.MX_RTC_Init
                0x08000c64      0x104 ./Src/rtc.o
                0x08000c64                MX_RTC_Init
 .text.HAL_RTC_MspInit
                0x08000d68       0x20 ./Src/rtc.o
                0x08000d68                HAL_RTC_MspInit
 .text.MX_SPI1_Init
                0x08000d88       0x54 ./Src/spi.o
                0x08000d88                MX_SPI1_Init
 .text.HAL_SPI_MspInit
                0x08000ddc       0x60 ./Src/spi.o
                0x08000ddc                HAL_SPI_MspInit
 .text.Reset_Handler
                0x08000e3c       0x50 ./Src/startup_stm32f091xc.o
                0x08000e3c                Reset_Handler
 .text.Default_Handler
                0x08000e8c        0x2 ./Src/startup_stm32f091xc.o
                0x08000e8c                TIM1_CC_IRQHandler
                0x08000e8c                TSC_IRQHandler
                0x08000e8c                SPI1_IRQHandler
                0x08000e8c                TIM6_DAC_IRQHandler
                0x08000e8c                EXTI2_3_IRQHandler
                0x08000e8c                I2C2_IRQHandler
                0x08000e8c                TIM17_IRQHandler
                0x08000e8c                RTC_IRQHandler
                0x08000e8c                PVD_VDDIO2_IRQHandler
                0x08000e8c                TIM16_IRQHandler
                0x08000e8c                TIM3_IRQHandler
                0x08000e8c                EXTI4_15_IRQHandler
                0x08000e8c                USART3_8_IRQHandler
                0x08000e8c                Default_Handler
                0x08000e8c                TIM14_IRQHandler
                0x08000e8c                TIM7_IRQHandler
                0x08000e8c                TIM15_IRQHandler
                0x08000e8c                EXTI0_1_IRQHandler
                0x08000e8c                SPI2_IRQHandler
                0x08000e8c                WWDG_IRQHandler
                0x08000e8c                TIM2_IRQHandler
                0x08000e8c                FLASH_IRQHandler
 *fill*         0x08000e8e        0x2 
 .text.HAL_MspInit
                0x08000e90       0x4c ./Src/stm32f0xx_hal_msp.o
                0x08000e90                HAL_MspInit
 .text.HAL_InitTick
                0x08000edc       0x7c ./Src/stm32f0xx_hal_timebase_TIM.o
                0x08000edc                HAL_InitTick
 .text.NMI_Handler
                0x08000f58        0x2 ./Src/stm32f0xx_it.o
                0x08000f58                NMI_Handler
 .text.HardFault_Handler
                0x08000f5a        0x2 ./Src/stm32f0xx_it.o
                0x08000f5a                HardFault_Handler
 .text.SysTick_Handler
                0x08000f5c        0x8 ./Src/stm32f0xx_it.o
                0x08000f5c                SysTick_Handler
 .text.RCC_CRS_IRQHandler
                0x08000f64        0x2 ./Src/stm32f0xx_it.o
                0x08000f64                RCC_CRS_IRQHandler
 *fill*         0x08000f66        0x2 
 .text.DMA1_Ch1_IRQHandler
                0x08000f68       0x10 ./Src/stm32f0xx_it.o
                0x08000f68                DMA1_Ch1_IRQHandler
 .text.DMA1_Ch2_3_DMA2_Ch1_2_IRQHandler
                0x08000f78       0x18 ./Src/stm32f0xx_it.o
                0x08000f78                DMA1_Ch2_3_DMA2_Ch1_2_IRQHandler
 .text.DMA1_Ch4_7_DMA2_Ch3_5_IRQHandler
                0x08000f90       0x18 ./Src/stm32f0xx_it.o
                0x08000f90                DMA1_Ch4_7_DMA2_Ch3_5_IRQHandler
 .text.ADC1_COMP_IRQHandler
                0x08000fa8       0x10 ./Src/stm32f0xx_it.o
                0x08000fa8                ADC1_COMP_IRQHandler
 .text.TIM1_BRK_UP_TRG_COM_IRQHandler
                0x08000fb8       0x10 ./Src/stm32f0xx_it.o
                0x08000fb8                TIM1_BRK_UP_TRG_COM_IRQHandler
 .text.I2C1_IRQHandler
                0x08000fc8       0x20 ./Src/stm32f0xx_it.o
                0x08000fc8                I2C1_IRQHandler
 .text.USART1_IRQHandler
                0x08000fe8       0x10 ./Src/stm32f0xx_it.o
                0x08000fe8                USART1_IRQHandler
 .text.USART2_IRQHandler
                0x08000ff8       0x10 ./Src/stm32f0xx_it.o
                0x08000ff8                USART2_IRQHandler
 .text.CEC_CAN_IRQHandler
                0x08001008       0x10 ./Src/stm32f0xx_it.o
                0x08001008                CEC_CAN_IRQHandler
 .text.SystemInit
                0x08001018       0x60 ./Src/system_stm32f0xx.o
                0x08001018                SystemInit
 .text.MX_TIM2_Init
                0x08001078       0x88 ./Src/tim.o
                0x08001078                MX_TIM2_Init
 .text.HAL_TIM_Base_MspInit
                0x08001100       0x48 ./Src/tim.o
                0x08001100                HAL_TIM_Base_MspInit
 .text.HAL_TIM_MspPostInit
                0x08001148       0x30 ./Src/tim.o
                0x08001148                HAL_TIM_MspPostInit
 .text.MX_TIM14_Init
                0x08001178       0x70 ./Src/tim.o
                0x08001178                MX_TIM14_Init
 .text.MX_USART1_UART_Init
                0x080011e8       0x54 ./Src/usart.o
                0x080011e8                MX_USART1_UART_Init
 .text.MX_USART2_UART_Init
                0x0800123c       0x54 ./Src/usart.o
                0x0800123c                MX_USART2_UART_Init
 .text.MX_USART3_UART_Init
                0x08001290       0x50 ./Src/usart.o
                0x08001290                MX_USART3_UART_Init
 .text.HAL_UART_MspInit
                0x080012e0      0x248 ./Src/usart.o
                0x080012e0                HAL_UART_MspInit
 .text.unlikely.prvInsertBlockIntoFreeList
                0x08001528       0x48 ./Middlewares/Third_Party/FreeRTOS/Source/portable/MemMang/heap_4.o
 .text.pvPortMalloc
                0x08001570      0x104 ./Middlewares/Third_Party/FreeRTOS/Source/portable/MemMang/heap_4.o
                0x08001570                pvPortMalloc
 .text.vPortFree
                0x08001674       0x48 ./Middlewares/Third_Party/FreeRTOS/Source/portable/MemMang/heap_4.o
                0x08001674                vPortFree
 .text.prvTaskExitError
                0x080016bc       0x14 ./Middlewares/Third_Party/FreeRTOS/Source/portable/GCC/ARM_CM0/port.o
 .text.vPortStartFirstTask
                0x080016d0       0x34 ./Middlewares/Third_Party/FreeRTOS/Source/portable/GCC/ARM_CM0/port.o
 .text.pxPortInitialiseStack
                0x08001704       0x20 ./Middlewares/Third_Party/FreeRTOS/Source/portable/GCC/ARM_CM0/port.o
                0x08001704                pxPortInitialiseStack
 .text.SVC_Handler
                0x08001724        0x2 ./Middlewares/Third_Party/FreeRTOS/Source/portable/GCC/ARM_CM0/port.o
                0x08001724                SVC_Handler
 *fill*         0x08001726        0x2 
 .text.vPortYield
                0x08001728       0x18 ./Middlewares/Third_Party/FreeRTOS/Source/portable/GCC/ARM_CM0/port.o
                0x08001728                vPortYield
 .text.vPortEnterCritical
                0x08001740       0x18 ./Middlewares/Third_Party/FreeRTOS/Source/portable/GCC/ARM_CM0/port.o
                0x08001740                vPortEnterCritical
 .text.vPortExitCritical
                0x08001758       0x1c ./Middlewares/Third_Party/FreeRTOS/Source/portable/GCC/ARM_CM0/port.o
                0x08001758                vPortExitCritical
 .text.ulSetInterruptMaskFromISR
                0x08001774        0xa ./Middlewares/Third_Party/FreeRTOS/Source/portable/GCC/ARM_CM0/port.o
                0x08001774                ulSetInterruptMaskFromISR
 .text.vClearInterruptMaskFromISR
                0x0800177e        0x6 ./Middlewares/Third_Party/FreeRTOS/Source/portable/GCC/ARM_CM0/port.o
                0x0800177e                vClearInterruptMaskFromISR
 *fill*         0x08001784        0xc 
 .text.PendSV_Handler
                0x08001790       0x44 ./Middlewares/Third_Party/FreeRTOS/Source/portable/GCC/ARM_CM0/port.o
                0x08001790                PendSV_Handler
 .text.xPortSysTickHandler
                0x080017d4       0x24 ./Middlewares/Third_Party/FreeRTOS/Source/portable/GCC/ARM_CM0/port.o
                0x080017d4                xPortSysTickHandler
 .text.vPortSetupTimerInterrupt
                0x080017f8       0x28 ./Middlewares/Third_Party/FreeRTOS/Source/portable/GCC/ARM_CM0/port.o
                0x080017f8                vPortSetupTimerInterrupt
 .text.xPortStartScheduler
                0x08001820       0x34 ./Middlewares/Third_Party/FreeRTOS/Source/portable/GCC/ARM_CM0/port.o
                0x08001820                xPortStartScheduler
 .text.osKernelStart
                0x08001854        0xa ./Middlewares/Third_Party/FreeRTOS/Source/CMSIS_RTOS/cmsis_os.o
                0x08001854                osKernelStart
 .text.osThreadCreate
                0x0800185e       0x30 ./Middlewares/Third_Party/FreeRTOS/Source/CMSIS_RTOS/cmsis_os.o
                0x0800185e                osThreadCreate
 .text.osDelay  0x0800188e       0x10 ./Middlewares/Third_Party/FreeRTOS/Source/CMSIS_RTOS/cmsis_os.o
                0x0800188e                osDelay
 .text.osMutexCreate
                0x0800189e        0xa ./Middlewares/Third_Party/FreeRTOS/Source/CMSIS_RTOS/cmsis_os.o
                0x0800189e                osMutexCreate
 .text.osMutexWait
                0x080018a8       0x4c ./Middlewares/Third_Party/FreeRTOS/Source/CMSIS_RTOS/cmsis_os.o
                0x080018a8                osMutexWait
 .text.osSemaphoreRelease
                0x080018f4       0x40 ./Middlewares/Third_Party/FreeRTOS/Source/CMSIS_RTOS/cmsis_os.o
                0x080018f4                osSemaphoreRelease
 .text.osMutexRelease
                0x08001934        0x8 ./Middlewares/Third_Party/FreeRTOS/Source/CMSIS_RTOS/cmsis_os.o
                0x08001934                osMutexRelease
 .text.osMessageCreate
                0x0800193c        0xe ./Middlewares/Third_Party/FreeRTOS/Source/CMSIS_RTOS/cmsis_os.o
                0x0800193c                osMessageCreate
 .text.osSystickHandler
                0x0800194a       0x10 ./Middlewares/Third_Party/FreeRTOS/Source/CMSIS_RTOS/cmsis_os.o
                0x0800194a                osSystickHandler
 .text.vListInitialise
                0x0800195a       0x16 ./Middlewares/Third_Party/FreeRTOS/Source/list.o
                0x0800195a                vListInitialise
 .text.vListInitialiseItem
                0x08001970        0x6 ./Middlewares/Third_Party/FreeRTOS/Source/list.o
                0x08001970                vListInitialiseItem
 .text.vListInsertEnd
                0x08001976       0x18 ./Middlewares/Third_Party/FreeRTOS/Source/list.o
                0x08001976                vListInsertEnd
 .text.vListInsert
                0x0800198e       0x2e ./Middlewares/Third_Party/FreeRTOS/Source/list.o
                0x0800198e                vListInsert
 .text.uxListRemove
                0x080019bc       0x20 ./Middlewares/Third_Party/FreeRTOS/Source/list.o
                0x080019bc                uxListRemove
 .text.unlikely.prvCopyDataToQueue
                0x080019dc       0x70 ./Middlewares/Third_Party/FreeRTOS/Source/queue.o
 .text.unlikely.prvCopyDataFromQueue
                0x08001a4c       0x24 ./Middlewares/Third_Party/FreeRTOS/Source/queue.o
 .text.prvUnlockQueue
                0x08001a70       0x6a ./Middlewares/Third_Party/FreeRTOS/Source/queue.o
 .text.xQueueGenericReset
                0x08001ada       0x68 ./Middlewares/Third_Party/FreeRTOS/Source/queue.o
                0x08001ada                xQueueGenericReset
 .text.xQueueGenericCreate
                0x08001b42       0x3a ./Middlewares/Third_Party/FreeRTOS/Source/queue.o
                0x08001b42                xQueueGenericCreate
 .text.xQueueGenericSend
                0x08001b7c      0x11e ./Middlewares/Third_Party/FreeRTOS/Source/queue.o
                0x08001b7c                xQueueGenericSend
 .text.xQueueCreateMutex
                0x08001c9a       0x24 ./Middlewares/Third_Party/FreeRTOS/Source/queue.o
                0x08001c9a                xQueueCreateMutex
 .text.xQueueGiveFromISR
                0x08001cbe       0x7a ./Middlewares/Third_Party/FreeRTOS/Source/queue.o
                0x08001cbe                xQueueGiveFromISR
 .text.xQueueGenericReceive
                0x08001d38      0x14c ./Middlewares/Third_Party/FreeRTOS/Source/queue.o
                0x08001d38                xQueueGenericReceive
 .text.xQueueReceiveFromISR
                0x08001e84       0x80 ./Middlewares/Third_Party/FreeRTOS/Source/queue.o
                0x08001e84                xQueueReceiveFromISR
 .text.prvResetNextTaskUnblockTime
                0x08001f04       0x28 ./Middlewares/Third_Party/FreeRTOS/Source/tasks.o
 .text.prvAddCurrentTaskToDelayedList
                0x08001f2c       0x70 ./Middlewares/Third_Party/FreeRTOS/Source/tasks.o
 .text.xTaskCreate
                0x08001f9c      0x188 ./Middlewares/Third_Party/FreeRTOS/Source/tasks.o
                0x08001f9c                xTaskCreate
 .text.vTaskStartScheduler
                0x08002124       0x54 ./Middlewares/Third_Party/FreeRTOS/Source/tasks.o
                0x08002124                vTaskStartScheduler
 .text.vTaskSuspendAll
                0x08002178       0x10 ./Middlewares/Third_Party/FreeRTOS/Source/tasks.o
                0x08002178                vTaskSuspendAll
 .text.xTaskIncrementTick
                0x08002188       0xfc ./Middlewares/Third_Party/FreeRTOS/Source/tasks.o
                0x08002188                xTaskIncrementTick
 .text.xTaskResumeAll
                0x08002284       0xd0 ./Middlewares/Third_Party/FreeRTOS/Source/tasks.o
                0x08002284                xTaskResumeAll
 .text.vTaskDelay
                0x08002354       0x34 ./Middlewares/Third_Party/FreeRTOS/Source/tasks.o
                0x08002354                vTaskDelay
 .text.prvIdleTask
                0x08002388       0x68 ./Middlewares/Third_Party/FreeRTOS/Source/tasks.o
 .text.vTaskSwitchContext
                0x080023f0       0x6c ./Middlewares/Third_Party/FreeRTOS/Source/tasks.o
                0x080023f0                vTaskSwitchContext
 .text.vTaskPlaceOnEventList
                0x0800245c       0x24 ./Middlewares/Third_Party/FreeRTOS/Source/tasks.o
                0x0800245c                vTaskPlaceOnEventList
 .text.xTaskRemoveFromEventList
                0x08002480       0x78 ./Middlewares/Third_Party/FreeRTOS/Source/tasks.o
                0x08002480                xTaskRemoveFromEventList
 .text.vTaskSetTimeOutState
                0x080024f8       0x20 ./Middlewares/Third_Party/FreeRTOS/Source/tasks.o
                0x080024f8                vTaskSetTimeOutState
 .text.xTaskCheckForTimeOut
                0x08002518       0x60 ./Middlewares/Third_Party/FreeRTOS/Source/tasks.o
                0x08002518                xTaskCheckForTimeOut
 .text.vTaskMissedYield
                0x08002578        0xc ./Middlewares/Third_Party/FreeRTOS/Source/tasks.o
                0x08002578                vTaskMissedYield
 .text.xTaskGetSchedulerState
                0x08002584       0x20 ./Middlewares/Third_Party/FreeRTOS/Source/tasks.o
                0x08002584                xTaskGetSchedulerState
 .text.vTaskPriorityInherit
                0x080025a4       0x6c ./Middlewares/Third_Party/FreeRTOS/Source/tasks.o
                0x080025a4                vTaskPriorityInherit
 .text.xTaskPriorityDisinherit
                0x08002610       0x6c ./Middlewares/Third_Party/FreeRTOS/Source/tasks.o
                0x08002610                xTaskPriorityDisinherit
 .text.pvTaskIncrementMutexHeldCount
                0x0800267c       0x18 ./Middlewares/Third_Party/FreeRTOS/Source/tasks.o
                0x0800267c                pvTaskIncrementMutexHeldCount
 .text.HAL_Init
                0x08002694       0x20 ./Drivers/STM32F0xx_HAL_Driver/Src/stm32f0xx_hal.o
                0x08002694                HAL_Init
 .text.HAL_IncTick
                0x080026b4       0x10 ./Drivers/STM32F0xx_HAL_Driver/Src/stm32f0xx_hal.o
                0x080026b4                HAL_IncTick
 .text.HAL_GetTick
                0x080026c4        0xc ./Drivers/STM32F0xx_HAL_Driver/Src/stm32f0xx_hal.o
                0x080026c4                HAL_GetTick
 .text.ADC_Enable
                0x080026d0       0x98 ./Drivers/STM32F0xx_HAL_Driver/Src/stm32f0xx_hal_adc.o
 .text.HAL_ADC_Init
                0x08002768      0x14c ./Drivers/STM32F0xx_HAL_Driver/Src/stm32f0xx_hal_adc.o
                0x08002768                HAL_ADC_Init
 .text.HAL_ADC_Start_DMA
                0x080028b4       0x94 ./Drivers/STM32F0xx_HAL_Driver/Src/stm32f0xx_hal_adc.o
                0x080028b4                HAL_ADC_Start_DMA
 .text.HAL_ADC_ConvCpltCallback
                0x08002948        0x2 ./Drivers/STM32F0xx_HAL_Driver/Src/stm32f0xx_hal_adc.o
                0x08002948                HAL_ADC_ConvCpltCallback
 *fill*         0x0800294a        0x2 
 .text.ADC_DMAConvCplt
                0x0800294c       0x70 ./Drivers/STM32F0xx_HAL_Driver/Src/stm32f0xx_hal_adc.o
 .text.HAL_ADC_ConvHalfCpltCallback
                0x080029bc        0x2 ./Drivers/STM32F0xx_HAL_Driver/Src/stm32f0xx_hal_adc.o
                0x080029bc                HAL_ADC_ConvHalfCpltCallback
 .text.ADC_DMAHalfConvCplt
                0x080029be        0xa ./Drivers/STM32F0xx_HAL_Driver/Src/stm32f0xx_hal_adc.o
 .text.HAL_ADC_LevelOutOfWindowCallback
                0x080029c8        0x2 ./Drivers/STM32F0xx_HAL_Driver/Src/stm32f0xx_hal_adc.o
                0x080029c8                HAL_ADC_LevelOutOfWindowCallback
 .text.HAL_ADC_ErrorCallback
                0x080029ca        0x2 ./Drivers/STM32F0xx_HAL_Driver/Src/stm32f0xx_hal_adc.o
                0x080029ca                HAL_ADC_ErrorCallback
 .text.ADC_DMAError
                0x080029cc       0x1a ./Drivers/STM32F0xx_HAL_Driver/Src/stm32f0xx_hal_adc.o
 *fill*         0x080029e6        0x2 
 .text.HAL_ADC_IRQHandler
                0x080029e8       0xe0 ./Drivers/STM32F0xx_HAL_Driver/Src/stm32f0xx_hal_adc.o
                0x080029e8                HAL_ADC_IRQHandler
 .text.HAL_ADC_ConfigChannel
                0x08002ac8      0x100 ./Drivers/STM32F0xx_HAL_Driver/Src/stm32f0xx_hal_adc.o
                0x08002ac8                HAL_ADC_ConfigChannel
 .text.HAL_CAN_Init
                0x08002bc8      0x13c ./Drivers/STM32F0xx_HAL_Driver/Src/stm32f0xx_hal_can.o
                0x08002bc8                HAL_CAN_Init
 .text.HAL_CAN_TxCpltCallback
                0x08002d04        0x2 ./Drivers/STM32F0xx_HAL_Driver/Src/stm32f0xx_hal_can.o
                0x08002d04                HAL_CAN_TxCpltCallback
 .text.HAL_CAN_RxCpltCallback
                0x08002d06        0x2 ./Drivers/STM32F0xx_HAL_Driver/Src/stm32f0xx_hal_can.o
                0x08002d06                HAL_CAN_RxCpltCallback
 .text.CAN_Receive_IT
                0x08002d08      0x10c ./Drivers/STM32F0xx_HAL_Driver/Src/stm32f0xx_hal_can.o
 .text.HAL_CAN_ErrorCallback
                0x08002e14        0x2 ./Drivers/STM32F0xx_HAL_Driver/Src/stm32f0xx_hal_can.o
                0x08002e14                HAL_CAN_ErrorCallback
 *fill*         0x08002e16        0x2 
 .text.HAL_CAN_IRQHandler
                0x08002e18      0x1e4 ./Drivers/STM32F0xx_HAL_Driver/Src/stm32f0xx_hal_can.o
                0x08002e18                HAL_CAN_IRQHandler
 .text.HAL_NVIC_SetPriority
                0x08002ffc       0x60 ./Drivers/STM32F0xx_HAL_Driver/Src/stm32f0xx_hal_cortex.o
                0x08002ffc                HAL_NVIC_SetPriority
 .text.HAL_NVIC_EnableIRQ
                0x0800305c       0x14 ./Drivers/STM32F0xx_HAL_Driver/Src/stm32f0xx_hal_cortex.o
                0x0800305c                HAL_NVIC_EnableIRQ
 .text.HAL_SYSTICK_Config
                0x08003070       0x34 ./Drivers/STM32F0xx_HAL_Driver/Src/stm32f0xx_hal_cortex.o
                0x08003070                HAL_SYSTICK_Config
 .text.HAL_SYSTICK_CLKSourceConfig
                0x080030a4       0x1c ./Drivers/STM32F0xx_HAL_Driver/Src/stm32f0xx_hal_cortex.o
                0x080030a4                HAL_SYSTICK_CLKSourceConfig
 .text.DMA_CalcBaseAndBitshift
                0x080030c0       0x48 ./Drivers/STM32F0xx_HAL_Driver/Src/stm32f0xx_hal_dma.o
 .text.HAL_DMA_Init
                0x08003108       0x58 ./Drivers/STM32F0xx_HAL_Driver/Src/stm32f0xx_hal_dma.o
                0x08003108                HAL_DMA_Init
 .text.HAL_DMA_Start_IT
                0x08003160       0x76 ./Drivers/STM32F0xx_HAL_Driver/Src/stm32f0xx_hal_dma.o
                0x08003160                HAL_DMA_Start_IT
 .text.HAL_DMA_Abort
                0x080031d6       0x2a ./Drivers/STM32F0xx_HAL_Driver/Src/stm32f0xx_hal_dma.o
                0x080031d6                HAL_DMA_Abort
 .text.HAL_DMA_Abort_IT
                0x08003200       0x46 ./Drivers/STM32F0xx_HAL_Driver/Src/stm32f0xx_hal_dma.o
                0x08003200                HAL_DMA_Abort_IT
 .text.HAL_DMA_IRQHandler
                0x08003246       0x92 ./Drivers/STM32F0xx_HAL_Driver/Src/stm32f0xx_hal_dma.o
                0x08003246                HAL_DMA_IRQHandler
 .text.HAL_GPIO_Init
                0x080032d8      0x178 ./Drivers/STM32F0xx_HAL_Driver/Src/stm32f0xx_hal_gpio.o
                0x080032d8                HAL_GPIO_Init
 .text.HAL_GPIO_WritePin
                0x08003450        0xc ./Drivers/STM32F0xx_HAL_Driver/Src/stm32f0xx_hal_gpio.o
                0x08003450                HAL_GPIO_WritePin
 .text.HAL_I2C_Init
                0x0800345c       0xac ./Drivers/STM32F0xx_HAL_Driver/Src/stm32f0xx_hal_i2c.o
                0x0800345c                HAL_I2C_Init
 .text.HAL_I2CEx_ConfigAnalogFilter
                0x08003508       0x4c ./Drivers/STM32F0xx_HAL_Driver/Src/stm32f0xx_hal_i2c_ex.o
                0x08003508                HAL_I2CEx_ConfigAnalogFilter
 .text.HAL_I2CEx_ConfigDigitalFilter
                0x08003554       0x48 ./Drivers/STM32F0xx_HAL_Driver/Src/stm32f0xx_hal_i2c_ex.o
                0x08003554                HAL_I2CEx_ConfigDigitalFilter
 .text.HAL_I2CEx_EnableFastModePlus
                0x0800359c       0x28 ./Drivers/STM32F0xx_HAL_Driver/Src/stm32f0xx_hal_i2c_ex.o
                0x0800359c                HAL_I2CEx_EnableFastModePlus
 .text.HAL_PWR_EnableBkUpAccess
                0x080035c4       0x14 ./Drivers/STM32F0xx_HAL_Driver/Src/stm32f0xx_hal_pwr.o
                0x080035c4                HAL_PWR_EnableBkUpAccess
 .text.HAL_RCC_OscConfig
                0x080035d8      0x464 ./Drivers/STM32F0xx_HAL_Driver/Src/stm32f0xx_hal_rcc.o
                0x080035d8                HAL_RCC_OscConfig
 .text.HAL_RCC_GetSysClockFreq
                0x08003a3c       0x78 ./Drivers/STM32F0xx_HAL_Driver/Src/stm32f0xx_hal_rcc.o
                0x08003a3c                HAL_RCC_GetSysClockFreq
 .text.HAL_RCC_ClockConfig
                0x08003ab4      0x15c ./Drivers/STM32F0xx_HAL_Driver/Src/stm32f0xx_hal_rcc.o
                0x08003ab4                HAL_RCC_ClockConfig
 .text.HAL_RCC_GetHCLKFreq
                0x08003c10        0xc ./Drivers/STM32F0xx_HAL_Driver/Src/stm32f0xx_hal_rcc.o
                0x08003c10                HAL_RCC_GetHCLKFreq
 .text.HAL_RCC_GetPCLK1Freq
                0x08003c1c       0x20 ./Drivers/STM32F0xx_HAL_Driver/Src/stm32f0xx_hal_rcc.o
                0x08003c1c                HAL_RCC_GetPCLK1Freq
 .text.HAL_RCC_GetClockConfig
                0x08003c3c       0x38 ./Drivers/STM32F0xx_HAL_Driver/Src/stm32f0xx_hal_rcc.o
                0x08003c3c                HAL_RCC_GetClockConfig
 .text.HAL_RCCEx_PeriphCLKConfig
                0x08003c74      0x144 ./Drivers/STM32F0xx_HAL_Driver/Src/stm32f0xx_hal_rcc_ex.o
                0x08003c74                HAL_RCCEx_PeriphCLKConfig
 .text.HAL_RTC_WaitForSynchro
                0x08003db8       0x34 ./Drivers/STM32F0xx_HAL_Driver/Src/stm32f0xx_hal_rtc.o
                0x08003db8                HAL_RTC_WaitForSynchro
 .text.RTC_EnterInitMode
                0x08003dec       0x38 ./Drivers/STM32F0xx_HAL_Driver/Src/stm32f0xx_hal_rtc.o
                0x08003dec                RTC_EnterInitMode
 .text.HAL_RTC_Init
                0x08003e24       0xa8 ./Drivers/STM32F0xx_HAL_Driver/Src/stm32f0xx_hal_rtc.o
                0x08003e24                HAL_RTC_Init
 .text.RTC_ByteToBcd2
                0x08003ecc       0x16 ./Drivers/STM32F0xx_HAL_Driver/Src/stm32f0xx_hal_rtc.o
                0x08003ecc                RTC_ByteToBcd2
 *fill*         0x08003ee2        0x2 
 .text.HAL_RTC_SetTime
                0x08003ee4       0xe8 ./Drivers/STM32F0xx_HAL_Driver/Src/stm32f0xx_hal_rtc.o
                0x08003ee4                HAL_RTC_SetTime
 .text.HAL_RTC_SetDate
                0x08003fcc       0xc8 ./Drivers/STM32F0xx_HAL_Driver/Src/stm32f0xx_hal_rtc.o
                0x08003fcc                HAL_RTC_SetDate
 .text.HAL_RTC_SetAlarm
                0x08004094      0x108 ./Drivers/STM32F0xx_HAL_Driver/Src/stm32f0xx_hal_rtc.o
                0x08004094                HAL_RTC_SetAlarm
 .text.HAL_RTCEx_SetTimeStamp
                0x0800419c       0x40 ./Drivers/STM32F0xx_HAL_Driver/Src/stm32f0xx_hal_rtc_ex.o
                0x0800419c                HAL_RTCEx_SetTimeStamp
 .text.HAL_RTCEx_SetWakeUpTimer
                0x080041dc       0xbc ./Drivers/STM32F0xx_HAL_Driver/Src/stm32f0xx_hal_rtc_ex.o
                0x080041dc                HAL_RTCEx_SetWakeUpTimer
 .text.HAL_RTCEx_BKUPWrite
                0x08004298        0xc ./Drivers/STM32F0xx_HAL_Driver/Src/stm32f0xx_hal_rtc_ex.o
                0x08004298                HAL_RTCEx_BKUPWrite
 .text.HAL_RTCEx_BKUPRead
                0x080042a4        0xc ./Drivers/STM32F0xx_HAL_Driver/Src/stm32f0xx_hal_rtc_ex.o
                0x080042a4                HAL_RTCEx_BKUPRead
 .text.SMBUS_Disable_IRQ
                0x080042b0       0x80 ./Drivers/STM32F0xx_HAL_Driver/Src/stm32f0xx_hal_smbus.o
 .text.SMBUS_TransferConfig
                0x08004330       0x24 ./Drivers/STM32F0xx_HAL_Driver/Src/stm32f0xx_hal_smbus.o
 .text.HAL_SMBUS_Init
                0x08004354       0xd8 ./Drivers/STM32F0xx_HAL_Driver/Src/stm32f0xx_hal_smbus.o
                0x08004354                HAL_SMBUS_Init
 .text.HAL_SMBUS_EnableAlert_IT
                0x0800442c       0x1e ./Drivers/STM32F0xx_HAL_Driver/Src/stm32f0xx_hal_smbus.o
                0x0800442c                HAL_SMBUS_EnableAlert_IT
 .text.HAL_SMBUS_MasterTxCpltCallback
                0x0800444a        0x2 ./Drivers/STM32F0xx_HAL_Driver/Src/stm32f0xx_hal_smbus.o
                0x0800444a                HAL_SMBUS_MasterTxCpltCallback
 .text.HAL_SMBUS_MasterRxCpltCallback
                0x0800444c        0x2 ./Drivers/STM32F0xx_HAL_Driver/Src/stm32f0xx_hal_smbus.o
                0x0800444c                HAL_SMBUS_MasterRxCpltCallback
 .text.HAL_SMBUS_SlaveTxCpltCallback
                0x0800444e        0x2 ./Drivers/STM32F0xx_HAL_Driver/Src/stm32f0xx_hal_smbus.o
                0x0800444e                HAL_SMBUS_SlaveTxCpltCallback
 .text.HAL_SMBUS_SlaveRxCpltCallback
                0x08004450        0x2 ./Drivers/STM32F0xx_HAL_Driver/Src/stm32f0xx_hal_smbus.o
                0x08004450                HAL_SMBUS_SlaveRxCpltCallback
 .text.HAL_SMBUS_AddrCallback
                0x08004452        0x2 ./Drivers/STM32F0xx_HAL_Driver/Src/stm32f0xx_hal_smbus.o
                0x08004452                HAL_SMBUS_AddrCallback
 .text.HAL_SMBUS_ListenCpltCallback
                0x08004454        0x2 ./Drivers/STM32F0xx_HAL_Driver/Src/stm32f0xx_hal_smbus.o
                0x08004454                HAL_SMBUS_ListenCpltCallback
 .text.HAL_SMBUS_ErrorCallback
                0x08004456        0x2 ./Drivers/STM32F0xx_HAL_Driver/Src/stm32f0xx_hal_smbus.o
                0x08004456                HAL_SMBUS_ErrorCallback
 .text.SMBUS_ITErrorHandler
                0x08004458       0xc0 ./Drivers/STM32F0xx_HAL_Driver/Src/stm32f0xx_hal_smbus.o
 .text.HAL_SMBUS_ER_IRQHandler
                0x08004518        0x8 ./Drivers/STM32F0xx_HAL_Driver/Src/stm32f0xx_hal_smbus.o
                0x08004518                HAL_SMBUS_ER_IRQHandler
 .text.SMBUS_Master_ISR.part.1
                0x08004520      0x1c4 ./Drivers/STM32F0xx_HAL_Driver/Src/stm32f0xx_hal_smbus.o
 .text.SMBUS_Slave_ISR
                0x080046e4      0x264 ./Drivers/STM32F0xx_HAL_Driver/Src/stm32f0xx_hal_smbus.o
 .text.HAL_SMBUS_EV_IRQHandler
                0x08004948       0xa6 ./Drivers/STM32F0xx_HAL_Driver/Src/stm32f0xx_hal_smbus.o
                0x08004948                HAL_SMBUS_EV_IRQHandler
 *fill*         0x080049ee        0x2 
 .text.HAL_SPI_Init
                0x080049f0       0xbc ./Drivers/STM32F0xx_HAL_Driver/Src/stm32f0xx_hal_spi.o
                0x080049f0                HAL_SPI_Init
 .text.TIM_OC1_SetConfig
                0x08004aac       0x88 ./Drivers/STM32F0xx_HAL_Driver/Src/stm32f0xx_hal_tim.o
 .text.TIM_OC3_SetConfig
                0x08004b34       0x88 ./Drivers/STM32F0xx_HAL_Driver/Src/stm32f0xx_hal_tim.o
 .text.TIM_OC4_SetConfig
                0x08004bbc       0x74 ./Drivers/STM32F0xx_HAL_Driver/Src/stm32f0xx_hal_tim.o
 .text.HAL_TIM_Base_Start_IT
                0x08004c30       0x14 ./Drivers/STM32F0xx_HAL_Driver/Src/stm32f0xx_hal_tim.o
                0x08004c30                HAL_TIM_Base_Start_IT
 .text.HAL_TIM_PWM_MspInit
                0x08004c44        0x2 ./Drivers/STM32F0xx_HAL_Driver/Src/stm32f0xx_hal_tim.o
                0x08004c44                HAL_TIM_PWM_MspInit
 .text.HAL_TIM_OC_DelayElapsedCallback
                0x08004c46        0x2 ./Drivers/STM32F0xx_HAL_Driver/Src/stm32f0xx_hal_tim.o
                0x08004c46                HAL_TIM_OC_DelayElapsedCallback
 .text.HAL_TIM_IC_CaptureCallback
                0x08004c48        0x2 ./Drivers/STM32F0xx_HAL_Driver/Src/stm32f0xx_hal_tim.o
                0x08004c48                HAL_TIM_IC_CaptureCallback
 .text.HAL_TIM_PWM_PulseFinishedCallback
                0x08004c4a        0x2 ./Drivers/STM32F0xx_HAL_Driver/Src/stm32f0xx_hal_tim.o
                0x08004c4a                HAL_TIM_PWM_PulseFinishedCallback
 .text.HAL_TIM_TriggerCallback
                0x08004c4c        0x2 ./Drivers/STM32F0xx_HAL_Driver/Src/stm32f0xx_hal_tim.o
                0x08004c4c                HAL_TIM_TriggerCallback
 .text.HAL_TIM_IRQHandler
                0x08004c4e      0x148 ./Drivers/STM32F0xx_HAL_Driver/Src/stm32f0xx_hal_tim.o
                0x08004c4e                HAL_TIM_IRQHandler
 *fill*         0x08004d96        0x2 
 .text.TIM_Base_SetConfig
                0x08004d98       0xa0 ./Drivers/STM32F0xx_HAL_Driver/Src/stm32f0xx_hal_tim.o
                0x08004d98                TIM_Base_SetConfig
 .text.HAL_TIM_Base_Init
                0x08004e38       0x36 ./Drivers/STM32F0xx_HAL_Driver/Src/stm32f0xx_hal_tim.o
                0x08004e38                HAL_TIM_Base_Init
 .text.HAL_TIM_PWM_Init
                0x08004e6e       0x36 ./Drivers/STM32F0xx_HAL_Driver/Src/stm32f0xx_hal_tim.o
                0x08004e6e                HAL_TIM_PWM_Init
 .text.TIM_OC2_SetConfig
                0x08004ea4       0x80 ./Drivers/STM32F0xx_HAL_Driver/Src/stm32f0xx_hal_tim.o
                0x08004ea4                TIM_OC2_SetConfig
 .text.HAL_TIM_PWM_ConfigChannel
                0x08004f24       0xd4 ./Drivers/STM32F0xx_HAL_Driver/Src/stm32f0xx_hal_tim.o
                0x08004f24                HAL_TIM_PWM_ConfigChannel
 .text.TIM_ETR_SetConfig
                0x08004ff8       0x18 ./Drivers/STM32F0xx_HAL_Driver/Src/stm32f0xx_hal_tim.o
                0x08004ff8                TIM_ETR_SetConfig
 .text.HAL_TIM_ConfigClockSource
                0x08005010      0x168 ./Drivers/STM32F0xx_HAL_Driver/Src/stm32f0xx_hal_tim.o
                0x08005010                HAL_TIM_ConfigClockSource
 .text.TIM_SlaveTimer_SetConfig
                0x08005178       0xa4 ./Drivers/STM32F0xx_HAL_Driver/Src/stm32f0xx_hal_tim.o
 .text.HAL_TIM_SlaveConfigSynchronization
                0x0800521c       0x40 ./Drivers/STM32F0xx_HAL_Driver/Src/stm32f0xx_hal_tim.o
                0x0800521c                HAL_TIM_SlaveConfigSynchronization
 .text.HAL_TIMEx_MasterConfigSynchronization
                0x0800525c       0x42 ./Drivers/STM32F0xx_HAL_Driver/Src/stm32f0xx_hal_tim_ex.o
                0x0800525c                HAL_TIMEx_MasterConfigSynchronization
 .text.HAL_TIMEx_CommutationCallback
                0x0800529e        0x2 ./Drivers/STM32F0xx_HAL_Driver/Src/stm32f0xx_hal_tim_ex.o
                0x0800529e                HAL_TIMEx_CommutationCallback
 .text.HAL_TIMEx_BreakCallback
                0x080052a0        0x2 ./Drivers/STM32F0xx_HAL_Driver/Src/stm32f0xx_hal_tim_ex.o
                0x080052a0                HAL_TIMEx_BreakCallback
 *fill*         0x080052a2        0x2 
 .text.UART_EndRxTransfer
                0x080052a4       0x20 ./Drivers/STM32F0xx_HAL_Driver/Src/stm32f0xx_hal_uart.o
 .text.HAL_UART_Transmit_DMA
                0x080052c4       0x8c ./Drivers/STM32F0xx_HAL_Driver/Src/stm32f0xx_hal_uart.o
                0x080052c4                HAL_UART_Transmit_DMA
 .text.HAL_UART_Receive_DMA
                0x08005350       0x9c ./Drivers/STM32F0xx_HAL_Driver/Src/stm32f0xx_hal_uart.o
                0x08005350                HAL_UART_Receive_DMA
 .text.HAL_UART_Abort
                0x080053ec       0x74 ./Drivers/STM32F0xx_HAL_Driver/Src/stm32f0xx_hal_uart.o
                0x080053ec                HAL_UART_Abort
 .text.HAL_UART_TxCpltCallback
                0x08005460        0x2 ./Drivers/STM32F0xx_HAL_Driver/Src/stm32f0xx_hal_uart.o
                0x08005460                HAL_UART_TxCpltCallback
 .text.UART_DMATransmitCplt
                0x08005462       0x30 ./Drivers/STM32F0xx_HAL_Driver/Src/stm32f0xx_hal_uart.o
 .text.HAL_UART_TxHalfCpltCallback
                0x08005492        0x2 ./Drivers/STM32F0xx_HAL_Driver/Src/stm32f0xx_hal_uart.o
                0x08005492                HAL_UART_TxHalfCpltCallback
 .text.UART_DMATxHalfCplt
                0x08005494        0xa ./Drivers/STM32F0xx_HAL_Driver/Src/stm32f0xx_hal_uart.o
 .text.HAL_UART_RxCpltCallback
                0x0800549e        0x2 ./Drivers/STM32F0xx_HAL_Driver/Src/stm32f0xx_hal_uart.o
                0x0800549e                HAL_UART_RxCpltCallback
 .text.UART_DMAReceiveCplt
                0x080054a0       0x44 ./Drivers/STM32F0xx_HAL_Driver/Src/stm32f0xx_hal_uart.o
 .text.HAL_UART_RxHalfCpltCallback
                0x080054e4        0x2 ./Drivers/STM32F0xx_HAL_Driver/Src/stm32f0xx_hal_uart.o
                0x080054e4                HAL_UART_RxHalfCpltCallback
 .text.UART_DMARxHalfCplt
                0x080054e6        0xa ./Drivers/STM32F0xx_HAL_Driver/Src/stm32f0xx_hal_uart.o
 .text.HAL_UART_ErrorCallback
                0x080054f0        0x2 ./Drivers/STM32F0xx_HAL_Driver/Src/stm32f0xx_hal_uart.o
                0x080054f0                HAL_UART_ErrorCallback
 .text.UART_DMAError
                0x080054f2       0x5a ./Drivers/STM32F0xx_HAL_Driver/Src/stm32f0xx_hal_uart.o
 .text.UART_DMAAbortOnError
                0x0800554c       0x16 ./Drivers/STM32F0xx_HAL_Driver/Src/stm32f0xx_hal_uart.o
 *fill*         0x08005562        0x2 
 .text.UART_SetConfig
                0x08005564      0x1c0 ./Drivers/STM32F0xx_HAL_Driver/Src/stm32f0xx_hal_uart.o
                0x08005564                UART_SetConfig
 .text.UART_AdvFeatureConfig
                0x08005724       0xd0 ./Drivers/STM32F0xx_HAL_Driver/Src/stm32f0xx_hal_uart.o
                0x08005724                UART_AdvFeatureConfig
 .text.UART_WaitOnFlagUntilTimeout
                0x080057f4       0x64 ./Drivers/STM32F0xx_HAL_Driver/Src/stm32f0xx_hal_uart.o
                0x080057f4                UART_WaitOnFlagUntilTimeout
 .text.HAL_UART_Transmit
                0x08005858       0xcc ./Drivers/STM32F0xx_HAL_Driver/Src/stm32f0xx_hal_uart.o
                0x08005858                HAL_UART_Transmit
 .text.HAL_UART_Receive
                0x08005924      0x100 ./Drivers/STM32F0xx_HAL_Driver/Src/stm32f0xx_hal_uart.o
                0x08005924                HAL_UART_Receive
 .text.UART_CheckIdleState
                0x08005a24       0x84 ./Drivers/STM32F0xx_HAL_Driver/Src/stm32f0xx_hal_uart.o
                0x08005a24                UART_CheckIdleState
 .text.HAL_UART_Init
                0x08005aa8       0x6c ./Drivers/STM32F0xx_HAL_Driver/Src/stm32f0xx_hal_uart.o
                0x08005aa8                HAL_UART_Init
 .text.UART_Transmit_IT
                0x08005b14       0x64 ./Drivers/STM32F0xx_HAL_Driver/Src/stm32f0xx_hal_uart.o
                0x08005b14                UART_Transmit_IT
 .text.UART_EndTransmit_IT
                0x08005b78       0x1c ./Drivers/STM32F0xx_HAL_Driver/Src/stm32f0xx_hal_uart.o
                0x08005b78                UART_EndTransmit_IT
 .text.UART_Receive_IT
                0x08005b94       0x7c ./Drivers/STM32F0xx_HAL_Driver/Src/stm32f0xx_hal_uart.o
                0x08005b94                UART_Receive_IT
 .text.HAL_UART_IRQHandler
                0x08005c10      0x138 ./Drivers/STM32F0xx_HAL_Driver/Src/stm32f0xx_hal_uart.o
                0x08005c10                HAL_UART_IRQHandler
 .text.HAL_UARTEx_WakeupCallback
                0x08005d48        0x2 ./Drivers/STM32F0xx_HAL_Driver/Src/stm32f0xx_hal_uart_ex.o
                0x08005d48                HAL_UARTEx_WakeupCallback
 *fill*         0x08005d4a        0x2 
 .text.__libc_init_array
                0x08005d4c       0x48 c:/program files (x86)/gnu tools arm embedded/6 2017-q2-update/bin/../lib/gcc/arm-none-eabi/6.3.1/../../../../arm-none-eabi/lib/thumb/v6-m\libg_nano.a(lib_a-init.o)
                0x08005d4c                __libc_init_array
 .text.memcpy   0x08005d94       0x12 c:/program files (x86)/gnu tools arm embedded/6 2017-q2-update/bin/../lib/gcc/arm-none-eabi/6.3.1/../../../../arm-none-eabi/lib/thumb/v6-m\libg_nano.a(lib_a-memcpy-stub.o)
                0x08005d94                memcpy
 .text.memset   0x08005da6       0x10 c:/program files (x86)/gnu tools arm embedded/6 2017-q2-update/bin/../lib/gcc/arm-none-eabi/6.3.1/../../../../arm-none-eabi/lib/thumb/v6-m\libg_nano.a(lib_a-memset.o)
                0x08005da6                memset
 .text.strncpy  0x08005db6       0x2a c:/program files (x86)/gnu tools arm embedded/6 2017-q2-update/bin/../lib/gcc/arm-none-eabi/6.3.1/../../../../arm-none-eabi/lib/thumb/v6-m\libg_nano.a(lib_a-strncpy.o)
                0x08005db6                strncpy
 .text._vsnprintf_r
                0x08005de0       0x56 c:/program files (x86)/gnu tools arm embedded/6 2017-q2-update/bin/../lib/gcc/arm-none-eabi/6.3.1/../../../../arm-none-eabi/lib/thumb/v6-m\libg_nano.a(lib_a-vsnprintf.o)
                0x08005de0                _vsniprintf_r
                0x08005de0                _vsnprintf_r
 *fill*         0x08005e36        0x2 
 .text.vsnprintf
                0x08005e38       0x18 c:/program files (x86)/gnu tools arm embedded/6 2017-q2-update/bin/../lib/gcc/arm-none-eabi/6.3.1/../../../../arm-none-eabi/lib/thumb/v6-m\libg_nano.a(lib_a-vsnprintf.o)
                0x08005e38                vsniprintf
                0x08005e38                vsnprintf
 .text.__ssputs_r
                0x08005e50       0xc4 c:/program files (x86)/gnu tools arm embedded/6 2017-q2-update/bin/../lib/gcc/arm-none-eabi/6.3.1/../../../../arm-none-eabi/lib/thumb/v6-m\libg_nano.a(lib_a-nano-svfprintf.o)
                0x08005e50                __ssputs_r
 .text._svfprintf_r
                0x08005f14      0x208 c:/program files (x86)/gnu tools arm embedded/6 2017-q2-update/bin/../lib/gcc/arm-none-eabi/6.3.1/../../../../arm-none-eabi/lib/thumb/v6-m\libg_nano.a(lib_a-nano-svfprintf.o)
                0x08005f14                _svfiprintf_r
                0x08005f14                _svfprintf_r
 .text._printf_common
                0x0800611c       0xda c:/program files (x86)/gnu tools arm embedded/6 2017-q2-update/bin/../lib/gcc/arm-none-eabi/6.3.1/../../../../arm-none-eabi/lib/thumb/v6-m\libg_nano.a(lib_a-nano-vfprintf_i.o)
                0x0800611c                _printf_common
 *fill*         0x080061f6        0x2 
 .text._printf_i
                0x080061f8      0x234 c:/program files (x86)/gnu tools arm embedded/6 2017-q2-update/bin/../lib/gcc/arm-none-eabi/6.3.1/../../../../arm-none-eabi/lib/thumb/v6-m\libg_nano.a(lib_a-nano-vfprintf_i.o)
                0x080061f8                _printf_i
 .text.memchr   0x0800642c       0x16 c:/program files (x86)/gnu tools arm embedded/6 2017-q2-update/bin/../lib/gcc/arm-none-eabi/6.3.1/../../../../arm-none-eabi/lib/thumb/v6-m\libg_nano.a(lib_a-memchr-stub.o)
                0x0800642c                memchr
 .text.memmove  0x08006442       0x24 c:/program files (x86)/gnu tools arm embedded/6 2017-q2-update/bin/../lib/gcc/arm-none-eabi/6.3.1/../../../../arm-none-eabi/lib/thumb/v6-m\libg_nano.a(lib_a-memmove.o)
                0x08006442                memmove
 *fill*         0x08006466        0x2 
 .text._free_r  0x08006468       0x94 c:/program files (x86)/gnu tools arm embedded/6 2017-q2-update/bin/../lib/gcc/arm-none-eabi/6.3.1/../../../../arm-none-eabi/lib/thumb/v6-m\libg_nano.a(lib_a-nano-freer.o)
                0x08006468                _free_r
 .text._malloc_r
                0x080064fc       0xbc c:/program files (x86)/gnu tools arm embedded/6 2017-q2-update/bin/../lib/gcc/arm-none-eabi/6.3.1/../../../../arm-none-eabi/lib/thumb/v6-m\libg_nano.a(lib_a-nano-mallocr.o)
                0x080064fc                _malloc_r
 .text._realloc_r
                0x080065b8       0x4c c:/program files (x86)/gnu tools arm embedded/6 2017-q2-update/bin/../lib/gcc/arm-none-eabi/6.3.1/../../../../arm-none-eabi/lib/thumb/v6-m\libg_nano.a(lib_a-nano-reallocr.o)
                0x080065b8                _realloc_r
 .text._sbrk_r  0x08006604       0x24 c:/program files (x86)/gnu tools arm embedded/6 2017-q2-update/bin/../lib/gcc/arm-none-eabi/6.3.1/../../../../arm-none-eabi/lib/thumb/v6-m\libg_nano.a(lib_a-sbrkr.o)
                0x08006604                _sbrk_r
 .text.__malloc_lock
                0x08006628        0x2 c:/program files (x86)/gnu tools arm embedded/6 2017-q2-update/bin/../lib/gcc/arm-none-eabi/6.3.1/../../../../arm-none-eabi/lib/thumb/v6-m\libg_nano.a(lib_a-mlock.o)
                0x08006628                __malloc_lock
 .text.__malloc_unlock
                0x0800662a        0x2 c:/program files (x86)/gnu tools arm embedded/6 2017-q2-update/bin/../lib/gcc/arm-none-eabi/6.3.1/../../../../arm-none-eabi/lib/thumb/v6-m\libg_nano.a(lib_a-mlock.o)
                0x0800662a                __malloc_unlock
 .text._malloc_usable_size_r
                0x0800662c       0x10 c:/program files (x86)/gnu tools arm embedded/6 2017-q2-update/bin/../lib/gcc/arm-none-eabi/6.3.1/../../../../arm-none-eabi/lib/thumb/v6-m\libg_nano.a(lib_a-nano-msizer.o)
                0x0800662c                _malloc_usable_size_r
 .text._sbrk    0x0800663c       0x1c c:/program files (x86)/gnu tools arm embedded/6 2017-q2-update/bin/../lib/gcc/arm-none-eabi/6.3.1/../../../../arm-none-eabi/lib/thumb/v6-m\libnosys.a(sbrk.o)
                0x0800663c                _sbrk
 *(.glue_7)
 .glue_7        0x08006658        0x0 linker stubs
 *(.glue_7t)
 .glue_7t       0x08006658        0x0 linker stubs
 *(.eh_frame)
 .eh_frame      0x08006658        0x0 c:/program files (x86)/gnu tools arm embedded/6 2017-q2-update/bin/../lib/gcc/arm-none-eabi/6.3.1/thumb/v6-m/crtbegin.o
 *(.init)
 .init          0x08006658        0x4 c:/program files (x86)/gnu tools arm embedded/6 2017-q2-update/bin/../lib/gcc/arm-none-eabi/6.3.1/thumb/v6-m/crti.o
                0x08006658                _init
 .init          0x0800665c        0x8 c:/program files (x86)/gnu tools arm embedded/6 2017-q2-update/bin/../lib/gcc/arm-none-eabi/6.3.1/thumb/v6-m/crtn.o
 *(.fini)
 .fini          0x08006664        0x4 c:/program files (x86)/gnu tools arm embedded/6 2017-q2-update/bin/../lib/gcc/arm-none-eabi/6.3.1/thumb/v6-m/crti.o
                0x08006664                _fini
 .fini          0x08006668        0x8 c:/program files (x86)/gnu tools arm embedded/6 2017-q2-update/bin/../lib/gcc/arm-none-eabi/6.3.1/thumb/v6-m/crtn.o
                0x08006670                . = ALIGN (0x4)
                0x08006670                _etext = .

.vfp11_veneer   0x08006670        0x0
 .vfp11_veneer  0x08006670        0x0 linker stubs

.v4_bx          0x08006670        0x0
 .v4_bx         0x08006670        0x0 linker stubs

.iplt           0x08006670        0x0
 .iplt          0x08006670        0x0 c:/program files (x86)/gnu tools arm embedded/6 2017-q2-update/bin/../lib/gcc/arm-none-eabi/6.3.1/thumb/v6-m/crtbegin.o

.rodata         0x08006670      0x2ac
                0x08006670                . = ALIGN (0x4)
 *(.rodata)
 .rodata        0x08006670      0x144 ./Src/freertos.o
 .rodata        0x080067b4       0x20 ./Drivers/STM32F0xx_HAL_Driver/Src/stm32f0xx_hal_rcc.o
 *(.rodata*)
 .rodata.MX_ADC_Init.str1.1
                0x080067d4        0xd ./Src/adc.o
 .rodata.MX_CAN_Init.str1.1
                0x080067e1        0xd ./Src/can.o
 .rodata.adc_entry.str1.1
                0x080067ee       0x12 ./Src/freertos.o
 .rodata.i2c1_entry.str1.1
                0x08006800        0xb ./Src/freertos.o
 .rodata.str1.1
                0x0800680b       0x69 ./Src/freertos.o
 .rodata.usart3_entry.str1.1
                0x08006874        0xe ./Src/freertos.o
                                 0x10 (size before relaxing)
 .rodata.MX_I2C1_SMBUS_Init.str1.1
                0x08006882        0xd ./Src/i2c.o
 .rodata.MX_RTC_Init.str1.1
                0x0800688f        0xd ./Src/rtc.o
 .rodata.MX_SPI1_Init.str1.1
                0x0800689c        0xd ./Src/spi.o
 .rodata.AHBPrescTable
                0x080068a9       0x10 ./Src/system_stm32f0xx.o
                0x080068a9                AHBPrescTable
 .rodata.APBPrescTable
                0x080068b9        0x8 ./Src/system_stm32f0xx.o
                0x080068b9                APBPrescTable
 .rodata.MX_TIM2_Init.str1.1
                0x080068c1        0xd ./Src/tim.o
 .rodata.MX_USART1_UART_Init.str1.1
                0x080068ce        0xf ./Src/usart.o
 .rodata.vTaskStartScheduler.str1.1
                0x080068dd        0x5 ./Middlewares/Third_Party/FreeRTOS/Source/tasks.o
 .rodata.CSWTCH.50
                0x080068e2        0x4 ./Drivers/STM32F0xx_HAL_Driver/Src/stm32f0xx_hal_uart.o
 .rodata._svfprintf_r.str1.1
                0x080068e6       0x11 c:/program files (x86)/gnu tools arm embedded/6 2017-q2-update/bin/../lib/gcc/arm-none-eabi/6.3.1/../../../../arm-none-eabi/lib/thumb/v6-m\libg_nano.a(lib_a-nano-svfprintf.o)
 .rodata._printf_i.str1.1
                0x080068f7       0x22 c:/program files (x86)/gnu tools arm embedded/6 2017-q2-update/bin/../lib/gcc/arm-none-eabi/6.3.1/../../../../arm-none-eabi/lib/thumb/v6-m\libg_nano.a(lib_a-nano-vfprintf_i.o)
                0x0800691c                . = ALIGN (0x4)
 *fill*         0x08006919        0x3 

.rel.dyn        0x0800691c        0x0
 .rel.iplt      0x0800691c        0x0 c:/program files (x86)/gnu tools arm embedded/6 2017-q2-update/bin/../lib/gcc/arm-none-eabi/6.3.1/thumb/v6-m/crtbegin.o

.ARM.extab
 *(.ARM.extab* .gnu.linkonce.armextab.*)

.ARM            0x0800691c        0x0
                0x0800691c                __exidx_start = .
 *(.ARM.exidx*)
                0x0800691c                __exidx_end = .

.preinit_array  0x0800691c        0x0
                0x0800691c                PROVIDE (__preinit_array_start, .)
 *(.preinit_array*)
                0x0800691c                PROVIDE (__preinit_array_end, .)

.init_array     0x0800691c        0x4
                0x0800691c                PROVIDE (__init_array_start, .)
 *(SORT(.init_array.*))
 *(.init_array*)
 .init_array    0x0800691c        0x4 c:/program files (x86)/gnu tools arm embedded/6 2017-q2-update/bin/../lib/gcc/arm-none-eabi/6.3.1/thumb/v6-m/crtbegin.o
                0x08006920                PROVIDE (__init_array_end, .)

.fini_array     0x08006920        0x4
                [!provide]                PROVIDE (__fini_array_start, .)
 *(SORT(.fini_array.*))
 *(.fini_array*)
 .fini_array    0x08006920        0x4 c:/program files (x86)/gnu tools arm embedded/6 2017-q2-update/bin/../lib/gcc/arm-none-eabi/6.3.1/thumb/v6-m/crtbegin.o
                [!provide]                PROVIDE (__fini_array_end, .)
                0x08006924                _sidata = LOADADDR (.data)

.data           0x20000000       0x6c load address 0x08006924
                0x20000000                . = ALIGN (0x4)
                0x20000000                _sdata = .
 *(.data)
 *(.data*)
 .data.SystemCoreClock
                0x20000000        0x4 ./Src/system_stm32f0xx.o
                0x20000000                SystemCoreClock
 .data.uxCriticalNesting
                0x20000004        0x4 ./Middlewares/Third_Party/FreeRTOS/Source/portable/GCC/ARM_CM0/port.o
 .data._impure_ptr
                0x20000008        0x4 c:/program files (x86)/gnu tools arm embedded/6 2017-q2-update/bin/../lib/gcc/arm-none-eabi/6.3.1/../../../../arm-none-eabi/lib/thumb/v6-m\libg_nano.a(lib_a-impure.o)
                0x20000008                _impure_ptr
 .data.impure_data
                0x2000000c       0x60 c:/program files (x86)/gnu tools arm embedded/6 2017-q2-update/bin/../lib/gcc/arm-none-eabi/6.3.1/../../../../arm-none-eabi/lib/thumb/v6-m\libg_nano.a(lib_a-impure.o)
                0x2000006c                . = ALIGN (0x4)
                0x2000006c                _edata = .

.jcr            0x2000006c        0x0 load address 0x08006990
 .jcr           0x2000006c        0x0 c:/program files (x86)/gnu tools arm embedded/6 2017-q2-update/bin/../lib/gcc/arm-none-eabi/6.3.1/thumb/v6-m/crtbegin.o

.igot.plt       0x2000006c        0x0 load address 0x08006990
 .igot.plt      0x2000006c        0x0 c:/program files (x86)/gnu tools arm embedded/6 2017-q2-update/bin/../lib/gcc/arm-none-eabi/6.3.1/thumb/v6-m/crtbegin.o
                0x2000006c                . = ALIGN (0x4)

.bss            0x2000006c     0x26bc load address 0x08006990
                0x2000006c                _sbss = .
                0x2000006c                __bss_start__ = _sbss
 *(.bss)
 .bss           0x2000006c       0x1c c:/program files (x86)/gnu tools arm embedded/6 2017-q2-update/bin/../lib/gcc/arm-none-eabi/6.3.1/thumb/v6-m/crtbegin.o
 *(.bss*)
 .bss.pxEnd     0x20000088        0x4 ./Middlewares/Third_Party/FreeRTOS/Source/portable/MemMang/heap_4.o
 .bss.ucHeap    0x2000008c     0x2000 ./Middlewares/Third_Party/FreeRTOS/Source/portable/MemMang/heap_4.o
 .bss.xBlockAllocatedBit
                0x2000208c        0x4 ./Middlewares/Third_Party/FreeRTOS/Source/portable/MemMang/heap_4.o
 .bss.xFreeBytesRemaining
                0x20002090        0x4 ./Middlewares/Third_Party/FreeRTOS/Source/portable/MemMang/heap_4.o
 .bss.xMinimumEverFreeBytesRemaining
                0x20002094        0x4 ./Middlewares/Third_Party/FreeRTOS/Source/portable/MemMang/heap_4.o
 .bss.xStart    0x20002098        0x8 ./Middlewares/Third_Party/FreeRTOS/Source/portable/MemMang/heap_4.o
 .bss.pxCurrentTCB
                0x200020a0        0x4 ./Middlewares/Third_Party/FreeRTOS/Source/tasks.o
                0x200020a0                pxCurrentTCB
 .bss.pxDelayedTaskList
                0x200020a4        0x4 ./Middlewares/Third_Party/FreeRTOS/Source/tasks.o
 .bss.pxOverflowDelayedTaskList
                0x200020a8        0x4 ./Middlewares/Third_Party/FreeRTOS/Source/tasks.o
 .bss.pxReadyTasksLists
                0x200020ac       0x8c ./Middlewares/Third_Party/FreeRTOS/Source/tasks.o
 .bss.uxCurrentNumberOfTasks
                0x20002138        0x4 ./Middlewares/Third_Party/FreeRTOS/Source/tasks.o
 .bss.uxDeletedTasksWaitingCleanUp
                0x2000213c        0x4 ./Middlewares/Third_Party/FreeRTOS/Source/tasks.o
 .bss.uxPendedTicks
                0x20002140        0x4 ./Middlewares/Third_Party/FreeRTOS/Source/tasks.o
 .bss.uxSchedulerSuspended
                0x20002144        0x4 ./Middlewares/Third_Party/FreeRTOS/Source/tasks.o
 .bss.uxTaskNumber
                0x20002148        0x4 ./Middlewares/Third_Party/FreeRTOS/Source/tasks.o
 .bss.uxTopReadyPriority
                0x2000214c        0x4 ./Middlewares/Third_Party/FreeRTOS/Source/tasks.o
 .bss.xDelayedTaskList1
                0x20002150       0x14 ./Middlewares/Third_Party/FreeRTOS/Source/tasks.o
 .bss.xDelayedTaskList2
                0x20002164       0x14 ./Middlewares/Third_Party/FreeRTOS/Source/tasks.o
 .bss.xIdleTaskHandle
                0x20002178        0x4 ./Middlewares/Third_Party/FreeRTOS/Source/tasks.o
 .bss.xNextTaskUnblockTime
                0x2000217c        0x4 ./Middlewares/Third_Party/FreeRTOS/Source/tasks.o
 .bss.xNumOfOverflows
                0x20002180        0x4 ./Middlewares/Third_Party/FreeRTOS/Source/tasks.o
 .bss.xPendingReadyList
                0x20002184       0x14 ./Middlewares/Third_Party/FreeRTOS/Source/tasks.o
 .bss.xSchedulerRunning
                0x20002198        0x4 ./Middlewares/Third_Party/FreeRTOS/Source/tasks.o
 .bss.xSuspendedTaskList
                0x2000219c       0x14 ./Middlewares/Third_Party/FreeRTOS/Source/tasks.o
 .bss.xTasksWaitingTermination
                0x200021b0       0x14 ./Middlewares/Third_Party/FreeRTOS/Source/tasks.o
 .bss.xTickCount
                0x200021c4        0x4 ./Middlewares/Third_Party/FreeRTOS/Source/tasks.o
 .bss.xYieldPending
                0x200021c8        0x4 ./Middlewares/Third_Party/FreeRTOS/Source/tasks.o
 .bss.__malloc_free_list
                0x200021cc        0x4 c:/program files (x86)/gnu tools arm embedded/6 2017-q2-update/bin/../lib/gcc/arm-none-eabi/6.3.1/../../../../arm-none-eabi/lib/thumb/v6-m\libg_nano.a(lib_a-nano-mallocr.o)
                0x200021cc                __malloc_free_list
 .bss.__malloc_sbrk_start
                0x200021d0        0x4 c:/program files (x86)/gnu tools arm embedded/6 2017-q2-update/bin/../lib/gcc/arm-none-eabi/6.3.1/../../../../arm-none-eabi/lib/thumb/v6-m\libg_nano.a(lib_a-nano-mallocr.o)
                0x200021d0                __malloc_sbrk_start
 .bss.heap_end.4116
                0x200021d4        0x4 c:/program files (x86)/gnu tools arm embedded/6 2017-q2-update/bin/../lib/gcc/arm-none-eabi/6.3.1/../../../../arm-none-eabi/lib/thumb/v6-m\libnosys.a(sbrk.o)
 *(COMMON)
 COMMON         0x200021d8       0x90 ./Src/adc.o
                0x200021d8                hdma_adc
                0x2000221c                hadc
 COMMON         0x20002268       0x44 ./Src/can.o
                0x20002268                hcan
 COMMON         0x200022ac       0x34 ./Src/freertos.o
                0x200022ac                USART1_TaskHandle
                0x200022b0                defaultTaskHandle
                0x200022b4                USART3_TaskHandle
                0x200022b8                ADC_QHandle
                0x200022bc                ADC_TaskHandle
                0x200022c0                IWDG_TaskHandle
                0x200022c4                I2C1_TaskHandle
                0x200022c8                MUTEX_DebugHandle
                0x200022cc                IGNITION_TaskHandle
                0x200022d0                MUTEX_ADC_QHandle
                0x200022d4                GPIO_MISC_QHandle
                0x200022d8                USART2_TaskHandle
                0x200022dc                CMD_PROC_TaskHandle
 COMMON         0x200022e0       0x9c ./Src/i2c.o
                0x200022e0                hi2c2
                0x2000232c                hsmbus1
 COMMON         0x2000237c       0x20 ./Src/rtc.o
                0x2000237c                hrtc
 COMMON         0x2000239c       0x64 ./Src/spi.o
                0x2000239c                hspi1
 COMMON         0x20002400       0x40 ./Src/stm32f0xx_hal_timebase_TIM.o
                0x20002400                htim1
 COMMON         0x20002440       0x80 ./Src/tim.o
                0x20002440                htim2
                0x20002480                htim14
 COMMON         0x200024c0      0x260 ./Src/usart.o
                0x200024c0                hdma_usart2_rx
                0x20002504                huart3
                0x20002574                hdma_usart1_tx
                0x200025b8                hdma_usart1_rx
                0x200025fc                hdma_usart2_tx
                0x20002640                huart1
                0x200026b0                huart2
 COMMON         0x20002720        0x4 ./Drivers/STM32F0xx_HAL_Driver/Src/stm32f0xx_hal.o
                0x20002720                uwTick
 COMMON         0x20002724        0x4 c:/program files (x86)/gnu tools arm embedded/6 2017-q2-update/bin/../lib/gcc/arm-none-eabi/6.3.1/../../../../arm-none-eabi/lib/thumb/v6-m\libg_nano.a(lib_a-reent.o)
                0x20002724                errno
                0x20002728                . = ALIGN (0x4)
                0x20002728                _ebss = .
                0x20002728                __bss_end__ = _ebss

._user_heap_stack
                0x20002728      0x600 load address 0x08006990
                0x20002728                . = ALIGN (0x8)
                0x20002728                PROVIDE (end, .)
                [!provide]                PROVIDE (_end, .)
                0x20002928                . = (. + _Min_Heap_Size)
 *fill*         0x20002728      0x200 
                0x20002d28                . = (. + _Min_Stack_Size)
 *fill*         0x20002928      0x400 
                0x20002d28                . = ALIGN (0x8)

/DISCARD/
 libc.a(*)
 libm.a(*)
 libgcc.a(*)

.ARM.attributes
                0x00000000       0x28
 *(.ARM.attributes)
 .ARM.attributes
                0x00000000       0x1e c:/program files (x86)/gnu tools arm embedded/6 2017-q2-update/bin/../lib/gcc/arm-none-eabi/6.3.1/thumb/v6-m/crti.o
 .ARM.attributes
                0x0000001e       0x2c c:/program files (x86)/gnu tools arm embedded/6 2017-q2-update/bin/../lib/gcc/arm-none-eabi/6.3.1/thumb/v6-m/crtbegin.o
 .ARM.attributes
                0x0000004a       0x31 ./Src/adc.o
 .ARM.attributes
                0x0000007b       0x31 ./Src/can.o
 .ARM.attributes
                0x000000ac       0x31 ./Src/dma.o
 .ARM.attributes
                0x000000dd       0x31 ./Src/freertos.o
 .ARM.attributes
                0x0000010e       0x31 ./Src/gpio.o
 .ARM.attributes
                0x0000013f       0x31 ./Src/i2c.o
 .ARM.attributes
                0x00000170       0x31 ./Src/main.o
 .ARM.attributes
                0x000001a1       0x31 ./Src/rtc.o
 .ARM.attributes
                0x000001d2       0x31 ./Src/spi.o
 .ARM.attributes
                0x00000203       0x21 ./Src/startup_stm32f091xc.o
 .ARM.attributes
                0x00000224       0x31 ./Src/stm32f0xx_hal_msp.o
 .ARM.attributes
                0x00000255       0x31 ./Src/stm32f0xx_hal_timebase_TIM.o
 .ARM.attributes
                0x00000286       0x31 ./Src/stm32f0xx_it.o
 .ARM.attributes
                0x000002b7       0x31 ./Src/system_stm32f0xx.o
 .ARM.attributes
                0x000002e8       0x31 ./Src/tim.o
 .ARM.attributes
                0x00000319       0x31 ./Src/usart.o
 .ARM.attributes
                0x0000034a       0x31 ./Middlewares/Third_Party/FreeRTOS/Source/portable/MemMang/heap_4.o
 .ARM.attributes
                0x0000037b       0x31 ./Middlewares/Third_Party/FreeRTOS/Source/portable/GCC/ARM_CM0/port.o
 .ARM.attributes
                0x000003ac       0x31 ./Middlewares/Third_Party/FreeRTOS/Source/CMSIS_RTOS/cmsis_os.o
 .ARM.attributes
                0x000003dd       0x31 ./Middlewares/Third_Party/FreeRTOS/Source/list.o
 .ARM.attributes
                0x0000040e       0x31 ./Middlewares/Third_Party/FreeRTOS/Source/queue.o
 .ARM.attributes
                0x0000043f       0x31 ./Middlewares/Third_Party/FreeRTOS/Source/tasks.o
 .ARM.attributes
                0x00000470       0x31 ./Drivers/STM32F0xx_HAL_Driver/Src/stm32f0xx_hal.o
 .ARM.attributes
                0x000004a1       0x31 ./Drivers/STM32F0xx_HAL_Driver/Src/stm32f0xx_hal_adc.o
 .ARM.attributes
                0x000004d2       0x31 ./Drivers/STM32F0xx_HAL_Driver/Src/stm32f0xx_hal_can.o
 .ARM.attributes
                0x00000503       0x31 ./Drivers/STM32F0xx_HAL_Driver/Src/stm32f0xx_hal_cortex.o
 .ARM.attributes
                0x00000534       0x31 ./Drivers/STM32F0xx_HAL_Driver/Src/stm32f0xx_hal_dma.o
 .ARM.attributes
                0x00000565       0x31 ./Drivers/STM32F0xx_HAL_Driver/Src/stm32f0xx_hal_gpio.o
 .ARM.attributes
                0x00000596       0x31 ./Drivers/STM32F0xx_HAL_Driver/Src/stm32f0xx_hal_i2c.o
 .ARM.attributes
                0x000005c7       0x31 ./Drivers/STM32F0xx_HAL_Driver/Src/stm32f0xx_hal_i2c_ex.o
 .ARM.attributes
                0x000005f8       0x31 ./Drivers/STM32F0xx_HAL_Driver/Src/stm32f0xx_hal_pwr.o
 .ARM.attributes
                0x00000629       0x31 ./Drivers/STM32F0xx_HAL_Driver/Src/stm32f0xx_hal_rcc.o
 .ARM.attributes
                0x0000065a       0x31 ./Drivers/STM32F0xx_HAL_Driver/Src/stm32f0xx_hal_rcc_ex.o
 .ARM.attributes
                0x0000068b       0x31 ./Drivers/STM32F0xx_HAL_Driver/Src/stm32f0xx_hal_rtc.o
 .ARM.attributes
                0x000006bc       0x31 ./Drivers/STM32F0xx_HAL_Driver/Src/stm32f0xx_hal_rtc_ex.o
 .ARM.attributes
                0x000006ed       0x31 ./Drivers/STM32F0xx_HAL_Driver/Src/stm32f0xx_hal_smbus.o
 .ARM.attributes
                0x0000071e       0x31 ./Drivers/STM32F0xx_HAL_Driver/Src/stm32f0xx_hal_spi.o
 .ARM.attributes
                0x0000074f       0x31 ./Drivers/STM32F0xx_HAL_Driver/Src/stm32f0xx_hal_tim.o
 .ARM.attributes
                0x00000780       0x31 ./Drivers/STM32F0xx_HAL_Driver/Src/stm32f0xx_hal_tim_ex.o
 .ARM.attributes
                0x000007b1       0x31 ./Drivers/STM32F0xx_HAL_Driver/Src/stm32f0xx_hal_uart.o
 .ARM.attributes
                0x000007e2       0x31 ./Drivers/STM32F0xx_HAL_Driver/Src/stm32f0xx_hal_uart_ex.o
 .ARM.attributes
                0x00000813       0x1e c:/program files (x86)/gnu tools arm embedded/6 2017-q2-update/bin/../lib/gcc/arm-none-eabi/6.3.1/thumb/v6-m\libgcc.a(_thumb1_case_sqi.o)
 .ARM.attributes
                0x00000831       0x1e c:/program files (x86)/gnu tools arm embedded/6 2017-q2-update/bin/../lib/gcc/arm-none-eabi/6.3.1/thumb/v6-m\libgcc.a(_thumb1_case_uqi.o)
 .ARM.attributes
                0x0000084f       0x1e c:/program files (x86)/gnu tools arm embedded/6 2017-q2-update/bin/../lib/gcc/arm-none-eabi/6.3.1/thumb/v6-m\libgcc.a(_udivsi3.o)
 .ARM.attributes
                0x0000086d       0x1e c:/program files (x86)/gnu tools arm embedded/6 2017-q2-update/bin/../lib/gcc/arm-none-eabi/6.3.1/thumb/v6-m\libgcc.a(_dvmd_tls.o)
 .ARM.attributes
                0x0000088b       0x2c c:/program files (x86)/gnu tools arm embedded/6 2017-q2-update/bin/../lib/gcc/arm-none-eabi/6.3.1/../../../../arm-none-eabi/lib/thumb/v6-m\libg_nano.a(lib_a-impure.o)
 .ARM.attributes
                0x000008b7       0x2c c:/program files (x86)/gnu tools arm embedded/6 2017-q2-update/bin/../lib/gcc/arm-none-eabi/6.3.1/../../../../arm-none-eabi/lib/thumb/v6-m\libg_nano.a(lib_a-init.o)
 .ARM.attributes
                0x000008e3       0x2c c:/program files (x86)/gnu tools arm embedded/6 2017-q2-update/bin/../lib/gcc/arm-none-eabi/6.3.1/../../../../arm-none-eabi/lib/thumb/v6-m\libg_nano.a(lib_a-memcpy-stub.o)
 .ARM.attributes
                0x0000090f       0x2c c:/program files (x86)/gnu tools arm embedded/6 2017-q2-update/bin/../lib/gcc/arm-none-eabi/6.3.1/../../../../arm-none-eabi/lib/thumb/v6-m\libg_nano.a(lib_a-memset.o)
 .ARM.attributes
                0x0000093b       0x2c c:/program files (x86)/gnu tools arm embedded/6 2017-q2-update/bin/../lib/gcc/arm-none-eabi/6.3.1/../../../../arm-none-eabi/lib/thumb/v6-m\libg_nano.a(lib_a-strncpy.o)
 .ARM.attributes
                0x00000967       0x2c c:/program files (x86)/gnu tools arm embedded/6 2017-q2-update/bin/../lib/gcc/arm-none-eabi/6.3.1/../../../../arm-none-eabi/lib/thumb/v6-m\libg_nano.a(lib_a-vsnprintf.o)
 .ARM.attributes
                0x00000993       0x2c c:/program files (x86)/gnu tools arm embedded/6 2017-q2-update/bin/../lib/gcc/arm-none-eabi/6.3.1/../../../../arm-none-eabi/lib/thumb/v6-m\libg_nano.a(lib_a-nano-svfprintf.o)
 .ARM.attributes
                0x000009bf       0x2c c:/program files (x86)/gnu tools arm embedded/6 2017-q2-update/bin/../lib/gcc/arm-none-eabi/6.3.1/../../../../arm-none-eabi/lib/thumb/v6-m\libg_nano.a(lib_a-nano-vfprintf_i.o)
 .ARM.attributes
                0x000009eb       0x2c c:/program files (x86)/gnu tools arm embedded/6 2017-q2-update/bin/../lib/gcc/arm-none-eabi/6.3.1/../../../../arm-none-eabi/lib/thumb/v6-m\libg_nano.a(lib_a-memchr-stub.o)
 .ARM.attributes
                0x00000a17       0x2c c:/program files (x86)/gnu tools arm embedded/6 2017-q2-update/bin/../lib/gcc/arm-none-eabi/6.3.1/../../../../arm-none-eabi/lib/thumb/v6-m\libg_nano.a(lib_a-memmove.o)
 .ARM.attributes
                0x00000a43       0x2c c:/program files (x86)/gnu tools arm embedded/6 2017-q2-update/bin/../lib/gcc/arm-none-eabi/6.3.1/../../../../arm-none-eabi/lib/thumb/v6-m\libg_nano.a(lib_a-nano-freer.o)
 .ARM.attributes
                0x00000a6f       0x2c c:/program files (x86)/gnu tools arm embedded/6 2017-q2-update/bin/../lib/gcc/arm-none-eabi/6.3.1/../../../../arm-none-eabi/lib/thumb/v6-m\libg_nano.a(lib_a-nano-mallocr.o)
 .ARM.attributes
                0x00000a9b       0x2c c:/program files (x86)/gnu tools arm embedded/6 2017-q2-update/bin/../lib/gcc/arm-none-eabi/6.3.1/../../../../arm-none-eabi/lib/thumb/v6-m\libg_nano.a(lib_a-nano-reallocr.o)
 .ARM.attributes
                0x00000ac7       0x2c c:/program files (x86)/gnu tools arm embedded/6 2017-q2-update/bin/../lib/gcc/arm-none-eabi/6.3.1/../../../../arm-none-eabi/lib/thumb/v6-m\libg_nano.a(lib_a-sbrkr.o)
 .ARM.attributes
                0x00000af3       0x2c c:/program files (x86)/gnu tools arm embedded/6 2017-q2-update/bin/../lib/gcc/arm-none-eabi/6.3.1/../../../../arm-none-eabi/lib/thumb/v6-m\libg_nano.a(lib_a-mlock.o)
 .ARM.attributes
                0x00000b1f       0x2c c:/program files (x86)/gnu tools arm embedded/6 2017-q2-update/bin/../lib/gcc/arm-none-eabi/6.3.1/../../../../arm-none-eabi/lib/thumb/v6-m\libg_nano.a(lib_a-nano-msizer.o)
 .ARM.attributes
                0x00000b4b       0x2c c:/program files (x86)/gnu tools arm embedded/6 2017-q2-update/bin/../lib/gcc/arm-none-eabi/6.3.1/../../../../arm-none-eabi/lib/thumb/v6-m\libg_nano.a(lib_a-reent.o)
 .ARM.attributes
                0x00000b77       0x2c c:/program files (x86)/gnu tools arm embedded/6 2017-q2-update/bin/../lib/gcc/arm-none-eabi/6.3.1/../../../../arm-none-eabi/lib/thumb/v6-m\libnosys.a(sbrk.o)
 .ARM.attributes
                0x00000ba3       0x1e c:/program files (x86)/gnu tools arm embedded/6 2017-q2-update/bin/../lib/gcc/arm-none-eabi/6.3.1/thumb/v6-m/crtn.o
OUTPUT(STM32F091RCTx_freeRTOS.elf elf32-littlearm)

.debug_info     0x00000000    0x37c6e
 .debug_info    0x00000000     0x13c5 ./Src/adc.o
 .debug_info    0x000013c5     0x127f ./Src/can.o
 .debug_info    0x00002644      0xb9d ./Src/dma.o
 .debug_info    0x000031e1     0x1cf1 ./Src/freertos.o
 .debug_info    0x00004ed2      0xc1c ./Src/gpio.o
 .debug_info    0x00005aee     0x15ac ./Src/i2c.o
 .debug_info    0x0000709a     0x26cc ./Src/main.o
 .debug_info    0x00009766     0x1020 ./Src/rtc.o
 .debug_info    0x0000a786     0x1146 ./Src/spi.o
 .debug_info    0x0000b8cc       0x87 ./Src/startup_stm32f091xc.o
 .debug_info    0x0000b953      0xb97 ./Src/stm32f0xx_hal_msp.o
 .debug_info    0x0000c4ea     0x116b ./Src/stm32f0xx_hal_timebase_TIM.o
 .debug_info    0x0000d655     0x1b7a ./Src/stm32f0xx_it.o
 .debug_info    0x0000f1cf      0xa77 ./Src/system_stm32f0xx.o
 .debug_info    0x0000fc46     0x1465 ./Src/tim.o
 .debug_info    0x000110ab     0x15a4 ./Src/usart.o
 .debug_info    0x0001264f      0xbb8 ./Middlewares/Third_Party/FreeRTOS/Source/portable/MemMang/heap_4.o
 .debug_info    0x00013207      0x2ac ./Middlewares/Third_Party/FreeRTOS/Source/portable/GCC/ARM_CM0/port.o
 .debug_info    0x000134b3     0x24dd ./Middlewares/Third_Party/FreeRTOS/Source/CMSIS_RTOS/cmsis_os.o
 .debug_info    0x00015990      0xad0 ./Middlewares/Third_Party/FreeRTOS/Source/list.o
 .debug_info    0x00016460     0x1b37 ./Middlewares/Third_Party/FreeRTOS/Source/queue.o
 .debug_info    0x00017f97     0x23dc ./Middlewares/Third_Party/FreeRTOS/Source/tasks.o
 .debug_info    0x0001a373      0xe8e ./Drivers/STM32F0xx_HAL_Driver/Src/stm32f0xx_hal.o
 .debug_info    0x0001b201     0x16b6 ./Drivers/STM32F0xx_HAL_Driver/Src/stm32f0xx_hal_adc.o
 .debug_info    0x0001c8b7     0x13ef ./Drivers/STM32F0xx_HAL_Driver/Src/stm32f0xx_hal_can.o
 .debug_info    0x0001dca6     0x102d ./Drivers/STM32F0xx_HAL_Driver/Src/stm32f0xx_hal_cortex.o
 .debug_info    0x0001ecd3     0x1057 ./Drivers/STM32F0xx_HAL_Driver/Src/stm32f0xx_hal_dma.o
 .debug_info    0x0001fd2a      0xeab ./Drivers/STM32F0xx_HAL_Driver/Src/stm32f0xx_hal_gpio.o
 .debug_info    0x00020bd5     0x3980 ./Drivers/STM32F0xx_HAL_Driver/Src/stm32f0xx_hal_i2c.o
 .debug_info    0x00024555     0x10fb ./Drivers/STM32F0xx_HAL_Driver/Src/stm32f0xx_hal_i2c_ex.o
 .debug_info    0x00025650      0xcbf ./Drivers/STM32F0xx_HAL_Driver/Src/stm32f0xx_hal_pwr.o
 .debug_info    0x0002630f     0x11c6 ./Drivers/STM32F0xx_HAL_Driver/Src/stm32f0xx_hal_rcc.o
 .debug_info    0x000274d5      0xeaa ./Drivers/STM32F0xx_HAL_Driver/Src/stm32f0xx_hal_rcc_ex.o
 .debug_info    0x0002837f     0x1585 ./Drivers/STM32F0xx_HAL_Driver/Src/stm32f0xx_hal_rtc.o
 .debug_info    0x00029904     0x1758 ./Drivers/STM32F0xx_HAL_Driver/Src/stm32f0xx_hal_rtc_ex.o
 .debug_info    0x0002b05c     0x1ab6 ./Drivers/STM32F0xx_HAL_Driver/Src/stm32f0xx_hal_smbus.o
 .debug_info    0x0002cb12     0x27b2 ./Drivers/STM32F0xx_HAL_Driver/Src/stm32f0xx_hal_spi.o
 .debug_info    0x0002f2c4     0x3c43 ./Drivers/STM32F0xx_HAL_Driver/Src/stm32f0xx_hal_tim.o
 .debug_info    0x00032f07     0x1a3c ./Drivers/STM32F0xx_HAL_Driver/Src/stm32f0xx_hal_tim_ex.o
 .debug_info    0x00034943     0x210a ./Drivers/STM32F0xx_HAL_Driver/Src/stm32f0xx_hal_uart.o
 .debug_info    0x00036a4d     0x1221 ./Drivers/STM32F0xx_HAL_Driver/Src/stm32f0xx_hal_uart_ex.o

.debug_abbrev   0x00000000     0x73ea
 .debug_abbrev  0x00000000      0x276 ./Src/adc.o
 .debug_abbrev  0x00000276      0x276 ./Src/can.o
 .debug_abbrev  0x000004ec      0x22d ./Src/dma.o
 .debug_abbrev  0x00000719      0x37e ./Src/freertos.o
 .debug_abbrev  0x00000a97      0x224 ./Src/gpio.o
 .debug_abbrev  0x00000cbb      0x265 ./Src/i2c.o
 .debug_abbrev  0x00000f20      0x2eb ./Src/main.o
 .debug_abbrev  0x0000120b      0x248 ./Src/rtc.o
 .debug_abbrev  0x00001453      0x251 ./Src/spi.o
 .debug_abbrev  0x000016a4       0x12 ./Src/startup_stm32f091xc.o
 .debug_abbrev  0x000016b6      0x22d ./Src/stm32f0xx_hal_msp.o
 .debug_abbrev  0x000018e3      0x2a1 ./Src/stm32f0xx_hal_timebase_TIM.o
 .debug_abbrev  0x00001b84      0x266 ./Src/stm32f0xx_it.o
 .debug_abbrev  0x00001dea      0x202 ./Src/system_stm32f0xx.o
 .debug_abbrev  0x00001fec      0x2d2 ./Src/tim.o
 .debug_abbrev  0x000022be      0x2ae ./Src/usart.o
 .debug_abbrev  0x0000256c      0x304 ./Middlewares/Third_Party/FreeRTOS/Source/portable/MemMang/heap_4.o
 .debug_abbrev  0x00002870      0x194 ./Middlewares/Third_Party/FreeRTOS/Source/portable/GCC/ARM_CM0/port.o
 .debug_abbrev  0x00002a04      0x436 ./Middlewares/Third_Party/FreeRTOS/Source/CMSIS_RTOS/cmsis_os.o
 .debug_abbrev  0x00002e3a      0x219 ./Middlewares/Third_Party/FreeRTOS/Source/list.o
 .debug_abbrev  0x00003053      0x357 ./Middlewares/Third_Party/FreeRTOS/Source/queue.o
 .debug_abbrev  0x000033aa      0x3f5 ./Middlewares/Third_Party/FreeRTOS/Source/tasks.o
 .debug_abbrev  0x0000379f      0x309 ./Drivers/STM32F0xx_HAL_Driver/Src/stm32f0xx_hal.o
 .debug_abbrev  0x00003aa8      0x382 ./Drivers/STM32F0xx_HAL_Driver/Src/stm32f0xx_hal_adc.o
 .debug_abbrev  0x00003e2a      0x334 ./Drivers/STM32F0xx_HAL_Driver/Src/stm32f0xx_hal_can.o
 .debug_abbrev  0x0000415e      0x333 ./Drivers/STM32F0xx_HAL_Driver/Src/stm32f0xx_hal_cortex.o
 .debug_abbrev  0x00004491      0x2ed ./Drivers/STM32F0xx_HAL_Driver/Src/stm32f0xx_hal_dma.o
 .debug_abbrev  0x0000477e      0x2ad ./Drivers/STM32F0xx_HAL_Driver/Src/stm32f0xx_hal_gpio.o
 .debug_abbrev  0x00004a2b      0x3c4 ./Drivers/STM32F0xx_HAL_Driver/Src/stm32f0xx_hal_i2c.o
 .debug_abbrev  0x00004def      0x26c ./Drivers/STM32F0xx_HAL_Driver/Src/stm32f0xx_hal_i2c_ex.o
 .debug_abbrev  0x0000505b      0x263 ./Drivers/STM32F0xx_HAL_Driver/Src/stm32f0xx_hal_pwr.o
 .debug_abbrev  0x000052be      0x322 ./Drivers/STM32F0xx_HAL_Driver/Src/stm32f0xx_hal_rcc.o
 .debug_abbrev  0x000055e0      0x2e8 ./Drivers/STM32F0xx_HAL_Driver/Src/stm32f0xx_hal_rcc_ex.o
 .debug_abbrev  0x000058c8      0x2ef ./Drivers/STM32F0xx_HAL_Driver/Src/stm32f0xx_hal_rtc.o
 .debug_abbrev  0x00005bb7      0x2fe ./Drivers/STM32F0xx_HAL_Driver/Src/stm32f0xx_hal_rtc_ex.o
 .debug_abbrev  0x00005eb5      0x3be ./Drivers/STM32F0xx_HAL_Driver/Src/stm32f0xx_hal_smbus.o
 .debug_abbrev  0x00006273      0x3ea ./Drivers/STM32F0xx_HAL_Driver/Src/stm32f0xx_hal_spi.o
 .debug_abbrev  0x0000665d      0x3dd ./Drivers/STM32F0xx_HAL_Driver/Src/stm32f0xx_hal_tim.o
 .debug_abbrev  0x00006a3a      0x345 ./Drivers/STM32F0xx_HAL_Driver/Src/stm32f0xx_hal_tim_ex.o
 .debug_abbrev  0x00006d7f      0x390 ./Drivers/STM32F0xx_HAL_Driver/Src/stm32f0xx_hal_uart.o
 .debug_abbrev  0x0000710f      0x2db ./Drivers/STM32F0xx_HAL_Driver/Src/stm32f0xx_hal_uart_ex.o

.debug_loc      0x00000000    0x13ac5
 .debug_loc     0x00000000       0x58 ./Src/adc.o
 .debug_loc     0x00000058       0x42 ./Src/can.o
 .debug_loc     0x0000009a      0x284 ./Src/freertos.o
 .debug_loc     0x0000031e       0x84 ./Src/i2c.o
 .debug_loc     0x000003a2       0x21 ./Src/main.o
 .debug_loc     0x000003c3       0x42 ./Src/spi.o
 .debug_loc     0x00000405       0x7a ./Src/stm32f0xx_hal_timebase_TIM.o
 .debug_loc     0x0000047f       0xe7 ./Src/system_stm32f0xx.o
 .debug_loc     0x00000566       0x7c ./Src/tim.o
 .debug_loc     0x000005e2       0xb0 ./Src/usart.o
 .debug_loc     0x00000692      0x2de ./Middlewares/Third_Party/FreeRTOS/Source/portable/MemMang/heap_4.o
 .debug_loc     0x00000970       0xb4 ./Middlewares/Third_Party/FreeRTOS/Source/portable/GCC/ARM_CM0/port.o
 .debug_loc     0x00000a24      0xffa ./Middlewares/Third_Party/FreeRTOS/Source/CMSIS_RTOS/cmsis_os.o
 .debug_loc     0x00001a1e       0x94 ./Middlewares/Third_Party/FreeRTOS/Source/list.o
 .debug_loc     0x00001ab2     0x12f3 ./Middlewares/Third_Party/FreeRTOS/Source/queue.o
 .debug_loc     0x00002da5     0x127f ./Middlewares/Third_Party/FreeRTOS/Source/tasks.o
 .debug_loc     0x00004024       0x7c ./Drivers/STM32F0xx_HAL_Driver/Src/stm32f0xx_hal.o
 .debug_loc     0x000040a0      0xaad ./Drivers/STM32F0xx_HAL_Driver/Src/stm32f0xx_hal_adc.o
 .debug_loc     0x00004b4d      0x7a3 ./Drivers/STM32F0xx_HAL_Driver/Src/stm32f0xx_hal_can.o
 .debug_loc     0x000052f0      0x3cc ./Drivers/STM32F0xx_HAL_Driver/Src/stm32f0xx_hal_cortex.o
 .debug_loc     0x000056bc      0x7c2 ./Drivers/STM32F0xx_HAL_Driver/Src/stm32f0xx_hal_dma.o
 .debug_loc     0x00005e7e      0x322 ./Drivers/STM32F0xx_HAL_Driver/Src/stm32f0xx_hal_gpio.o
 .debug_loc     0x000061a0     0x3291 ./Drivers/STM32F0xx_HAL_Driver/Src/stm32f0xx_hal_i2c.o
 .debug_loc     0x00009431      0x1c8 ./Drivers/STM32F0xx_HAL_Driver/Src/stm32f0xx_hal_i2c_ex.o
 .debug_loc     0x000095f9       0xc8 ./Drivers/STM32F0xx_HAL_Driver/Src/stm32f0xx_hal_pwr.o
 .debug_loc     0x000096c1      0x4cb ./Drivers/STM32F0xx_HAL_Driver/Src/stm32f0xx_hal_rcc.o
 .debug_loc     0x00009b8c      0x4c3 ./Drivers/STM32F0xx_HAL_Driver/Src/stm32f0xx_hal_rcc_ex.o
 .debug_loc     0x0000a04f      0xa44 ./Drivers/STM32F0xx_HAL_Driver/Src/stm32f0xx_hal_rtc.o
 .debug_loc     0x0000aa93      0xc4c ./Drivers/STM32F0xx_HAL_Driver/Src/stm32f0xx_hal_rtc_ex.o
 .debug_loc     0x0000b6df      0xbab ./Drivers/STM32F0xx_HAL_Driver/Src/stm32f0xx_hal_smbus.o
 .debug_loc     0x0000c28a     0x1916 ./Drivers/STM32F0xx_HAL_Driver/Src/stm32f0xx_hal_spi.o
 .debug_loc     0x0000dba0     0x3b44 ./Drivers/STM32F0xx_HAL_Driver/Src/stm32f0xx_hal_tim.o
 .debug_loc     0x000116e4      0xcc7 ./Drivers/STM32F0xx_HAL_Driver/Src/stm32f0xx_hal_tim_ex.o
 .debug_loc     0x000123ab     0x13bf ./Drivers/STM32F0xx_HAL_Driver/Src/stm32f0xx_hal_uart.o
 .debug_loc     0x0001376a      0x35b ./Drivers/STM32F0xx_HAL_Driver/Src/stm32f0xx_hal_uart_ex.o

.debug_aranges  0x00000000     0x18a0
 .debug_aranges
                0x00000000       0x30 ./Src/adc.o
 .debug_aranges
                0x00000030       0x30 ./Src/can.o
 .debug_aranges
                0x00000060       0x20 ./Src/dma.o
 .debug_aranges
                0x00000080       0x58 ./Src/freertos.o
 .debug_aranges
                0x000000d8       0x20 ./Src/gpio.o
 .debug_aranges
                0x000000f8       0x48 ./Src/i2c.o
 .debug_aranges
                0x00000140       0x38 ./Src/main.o
 .debug_aranges
                0x00000178       0x30 ./Src/rtc.o
 .debug_aranges
                0x000001a8       0x30 ./Src/spi.o
 .debug_aranges
                0x000001d8       0x28 ./Src/startup_stm32f091xc.o
 .debug_aranges
                0x00000200       0x20 ./Src/stm32f0xx_hal_msp.o
 .debug_aranges
                0x00000220       0x30 ./Src/stm32f0xx_hal_timebase_TIM.o
 .debug_aranges
                0x00000250       0x78 ./Src/stm32f0xx_it.o
 .debug_aranges
                0x000002c8       0x28 ./Src/system_stm32f0xx.o
 .debug_aranges
                0x000002f0       0x40 ./Src/tim.o
 .debug_aranges
                0x00000330       0x40 ./Src/usart.o
 .debug_aranges
                0x00000370       0x48 ./Middlewares/Third_Party/FreeRTOS/Source/portable/MemMang/heap_4.o
 .debug_aranges
                0x000003b8       0x88 ./Middlewares/Third_Party/FreeRTOS/Source/portable/GCC/ARM_CM0/port.o
 .debug_aranges
                0x00000440      0x190 ./Middlewares/Third_Party/FreeRTOS/Source/CMSIS_RTOS/cmsis_os.o
 .debug_aranges
                0x000005d0       0x40 ./Middlewares/Third_Party/FreeRTOS/Source/list.o
 .debug_aranges
                0x00000610       0xc0 ./Middlewares/Third_Party/FreeRTOS/Source/queue.o
 .debug_aranges
                0x000006d0      0x160 ./Middlewares/Third_Party/FreeRTOS/Source/tasks.o
 .debug_aranges
                0x00000830       0xb0 ./Drivers/STM32F0xx_HAL_Driver/Src/stm32f0xx_hal.o
 .debug_aranges
                0x000008e0       0xd0 ./Drivers/STM32F0xx_HAL_Driver/Src/stm32f0xx_hal_adc.o
 .debug_aranges
                0x000009b0       0x88 ./Drivers/STM32F0xx_HAL_Driver/Src/stm32f0xx_hal_can.o
 .debug_aranges
                0x00000a38       0x78 ./Drivers/STM32F0xx_HAL_Driver/Src/stm32f0xx_hal_cortex.o
 .debug_aranges
                0x00000ab0       0x80 ./Drivers/STM32F0xx_HAL_Driver/Src/stm32f0xx_hal_dma.o
 .debug_aranges
                0x00000b30       0x58 ./Drivers/STM32F0xx_HAL_Driver/Src/stm32f0xx_hal_gpio.o
 .debug_aranges
                0x00000b88      0x200 ./Drivers/STM32F0xx_HAL_Driver/Src/stm32f0xx_hal_i2c.o
 .debug_aranges
                0x00000d88       0x48 ./Drivers/STM32F0xx_HAL_Driver/Src/stm32f0xx_hal_i2c_ex.o
 .debug_aranges
                0x00000dd0       0x78 ./Drivers/STM32F0xx_HAL_Driver/Src/stm32f0xx_hal_pwr.o
 .debug_aranges
                0x00000e48       0x80 ./Drivers/STM32F0xx_HAL_Driver/Src/stm32f0xx_hal_rcc.o
 .debug_aranges
                0x00000ec8       0x68 ./Drivers/STM32F0xx_HAL_Driver/Src/stm32f0xx_hal_rcc_ex.o
 .debug_aranges
                0x00000f30       0xa8 ./Drivers/STM32F0xx_HAL_Driver/Src/stm32f0xx_hal_rtc.o
 .debug_aranges
                0x00000fd8      0x100 ./Drivers/STM32F0xx_HAL_Driver/Src/stm32f0xx_hal_rtc_ex.o
 .debug_aranges
                0x000010d8       0xf0 ./Drivers/STM32F0xx_HAL_Driver/Src/stm32f0xx_hal_smbus.o
 .debug_aranges
                0x000011c8      0x198 ./Drivers/STM32F0xx_HAL_Driver/Src/stm32f0xx_hal_spi.o
 .debug_aranges
                0x00001360      0x268 ./Drivers/STM32F0xx_HAL_Driver/Src/stm32f0xx_hal_tim.o
 .debug_aranges
                0x000015c8       0xf8 ./Drivers/STM32F0xx_HAL_Driver/Src/stm32f0xx_hal_tim_ex.o
 .debug_aranges
                0x000016c0      0x188 ./Drivers/STM32F0xx_HAL_Driver/Src/stm32f0xx_hal_uart.o
 .debug_aranges
                0x00001848       0x58 ./Drivers/STM32F0xx_HAL_Driver/Src/stm32f0xx_hal_uart_ex.o

.debug_ranges   0x00000000     0x20b0
 .debug_ranges  0x00000000       0x48 ./Src/adc.o
 .debug_ranges  0x00000048       0x40 ./Src/can.o
 .debug_ranges  0x00000088       0x40 ./Src/dma.o
 .debug_ranges  0x000000c8       0x48 ./Src/freertos.o
 .debug_ranges  0x00000110       0xc0 ./Src/gpio.o
 .debug_ranges  0x000001d0       0x58 ./Src/i2c.o
 .debug_ranges  0x00000228       0x28 ./Src/main.o
 .debug_ranges  0x00000250       0x20 ./Src/rtc.o
 .debug_ranges  0x00000270       0x48 ./Src/spi.o
 .debug_ranges  0x000002b8       0x20 ./Src/startup_stm32f091xc.o
 .debug_ranges  0x000002d8       0x40 ./Src/stm32f0xx_hal_msp.o
 .debug_ranges  0x00000318       0x40 ./Src/stm32f0xx_hal_timebase_TIM.o
 .debug_ranges  0x00000358       0x68 ./Src/stm32f0xx_it.o
 .debug_ranges  0x000003c0       0x18 ./Src/system_stm32f0xx.o
 .debug_ranges  0x000003d8       0x30 ./Src/tim.o
 .debug_ranges  0x00000408       0x88 ./Src/usart.o
 .debug_ranges  0x00000490       0x50 ./Middlewares/Third_Party/FreeRTOS/Source/portable/MemMang/heap_4.o
 .debug_ranges  0x000004e0       0x78 ./Middlewares/Third_Party/FreeRTOS/Source/portable/GCC/ARM_CM0/port.o
 .debug_ranges  0x00000558      0x180 ./Middlewares/Third_Party/FreeRTOS/Source/CMSIS_RTOS/cmsis_os.o
 .debug_ranges  0x000006d8       0x30 ./Middlewares/Third_Party/FreeRTOS/Source/list.o
 .debug_ranges  0x00000708      0x1c8 ./Middlewares/Third_Party/FreeRTOS/Source/queue.o
 .debug_ranges  0x000008d0      0x240 ./Middlewares/Third_Party/FreeRTOS/Source/tasks.o
 .debug_ranges  0x00000b10       0xa0 ./Drivers/STM32F0xx_HAL_Driver/Src/stm32f0xx_hal.o
 .debug_ranges  0x00000bb0       0xc0 ./Drivers/STM32F0xx_HAL_Driver/Src/stm32f0xx_hal_adc.o
 .debug_ranges  0x00000c70       0x90 ./Drivers/STM32F0xx_HAL_Driver/Src/stm32f0xx_hal_can.o
 .debug_ranges  0x00000d00      0x120 ./Drivers/STM32F0xx_HAL_Driver/Src/stm32f0xx_hal_cortex.o
 .debug_ranges  0x00000e20       0xc0 ./Drivers/STM32F0xx_HAL_Driver/Src/stm32f0xx_hal_dma.o
 .debug_ranges  0x00000ee0       0x68 ./Drivers/STM32F0xx_HAL_Driver/Src/stm32f0xx_hal_gpio.o
 .debug_ranges  0x00000f48      0x280 ./Drivers/STM32F0xx_HAL_Driver/Src/stm32f0xx_hal_i2c.o
 .debug_ranges  0x000011c8       0x78 ./Drivers/STM32F0xx_HAL_Driver/Src/stm32f0xx_hal_i2c_ex.o
 .debug_ranges  0x00001240       0x68 ./Drivers/STM32F0xx_HAL_Driver/Src/stm32f0xx_hal_pwr.o
 .debug_ranges  0x000012a8       0xa0 ./Drivers/STM32F0xx_HAL_Driver/Src/stm32f0xx_hal_rcc.o
 .debug_ranges  0x00001348       0x78 ./Drivers/STM32F0xx_HAL_Driver/Src/stm32f0xx_hal_rcc_ex.o
 .debug_ranges  0x000013c0       0x98 ./Drivers/STM32F0xx_HAL_Driver/Src/stm32f0xx_hal_rtc.o
 .debug_ranges  0x00001458       0xf0 ./Drivers/STM32F0xx_HAL_Driver/Src/stm32f0xx_hal_rtc_ex.o
 .debug_ranges  0x00001548      0x1d8 ./Drivers/STM32F0xx_HAL_Driver/Src/stm32f0xx_hal_smbus.o
 .debug_ranges  0x00001720      0x278 ./Drivers/STM32F0xx_HAL_Driver/Src/stm32f0xx_hal_spi.o
 .debug_ranges  0x00001998      0x470 ./Drivers/STM32F0xx_HAL_Driver/Src/stm32f0xx_hal_tim.o
 .debug_ranges  0x00001e08       0xe8 ./Drivers/STM32F0xx_HAL_Driver/Src/stm32f0xx_hal_tim_ex.o
 .debug_ranges  0x00001ef0      0x178 ./Drivers/STM32F0xx_HAL_Driver/Src/stm32f0xx_hal_uart.o
 .debug_ranges  0x00002068       0x48 ./Drivers/STM32F0xx_HAL_Driver/Src/stm32f0xx_hal_uart_ex.o

.debug_line     0x00000000    0x10cf9
 .debug_line    0x00000000      0x40b ./Src/adc.o
 .debug_line    0x0000040b      0x396 ./Src/can.o
 .debug_line    0x000007a1      0x2b6 ./Src/dma.o
 .debug_line    0x00000a57      0x636 ./Src/freertos.o
 .debug_line    0x0000108d      0x2d3 ./Src/gpio.o
 .debug_line    0x00001360      0x444 ./Src/i2c.o
 .debug_line    0x000017a4      0x566 ./Src/main.o
 .debug_line    0x00001d0a      0x37b ./Src/rtc.o
 .debug_line    0x00002085      0x39e ./Src/spi.o
 .debug_line    0x00002423       0x84 ./Src/startup_stm32f091xc.o
 .debug_line    0x000024a7      0x2c2 ./Src/stm32f0xx_hal_msp.o
 .debug_line    0x00002769      0x360 ./Src/stm32f0xx_hal_timebase_TIM.o
 .debug_line    0x00002ac9      0x47c ./Src/stm32f0xx_it.o
 .debug_line    0x00002f45      0x289 ./Src/system_stm32f0xx.o
 .debug_line    0x000031ce      0x3e7 ./Src/tim.o
 .debug_line    0x000035b5      0x4cd ./Src/usart.o
 .debug_line    0x00003a82      0x406 ./Middlewares/Third_Party/FreeRTOS/Source/portable/MemMang/heap_4.o
 .debug_line    0x00003e88      0x3ca ./Middlewares/Third_Party/FreeRTOS/Source/portable/GCC/ARM_CM0/port.o
 .debug_line    0x00004252      0x977 ./Middlewares/Third_Party/FreeRTOS/Source/CMSIS_RTOS/cmsis_os.o
 .debug_line    0x00004bc9      0x403 ./Middlewares/Third_Party/FreeRTOS/Source/list.o