Archive member included to satisfy reference by file (symbol)

c:/program files (x86)/gnu tools arm embedded/6 2017-q2-update/bin/../lib/gcc/arm-none-eabi/6.3.1/thumb/v6-m\libgcc.a(_thumb1_case_sqi.o)
                              ./Drivers/STM32F0xx_HAL_Driver/Src/stm32f0xx_hal_uart.o (__gnu_thumb1_case_sqi)
c:/program files (x86)/gnu tools arm embedded/6 2017-q2-update/bin/../lib/gcc/arm-none-eabi/6.3.1/thumb/v6-m\libgcc.a(_thumb1_case_uqi.o)
                              ./Src/freertos.o (__gnu_thumb1_case_uqi)
c:/program files (x86)/gnu tools arm embedded/6 2017-q2-update/bin/../lib/gcc/arm-none-eabi/6.3.1/thumb/v6-m\libgcc.a(_thumb1_case_shi.o)
                              ./Src/freertos.o (__gnu_thumb1_case_shi)
c:/program files (x86)/gnu tools arm embedded/6 2017-q2-update/bin/../lib/gcc/arm-none-eabi/6.3.1/thumb/v6-m\libgcc.a(_udivsi3.o)
                              ./Src/freertos.o (__aeabi_uidiv)
c:/program files (x86)/gnu tools arm embedded/6 2017-q2-update/bin/../lib/gcc/arm-none-eabi/6.3.1/thumb/v6-m\libgcc.a(_dvmd_tls.o)
                              c:/program files (x86)/gnu tools arm embedded/6 2017-q2-update/bin/../lib/gcc/arm-none-eabi/6.3.1/thumb/v6-m\libgcc.a(_udivsi3.o) (__aeabi_idiv0)
c:/program files (x86)/gnu tools arm embedded/6 2017-q2-update/bin/../lib/gcc/arm-none-eabi/6.3.1/thumb/v6-m\libgcc.a(_lshrdi3.o)
                              ./Drivers/STM32F0xx_HAL_Driver/Src/stm32f0xx_hal_flash.o (__aeabi_llsr)
c:/program files (x86)/gnu tools arm embedded/6 2017-q2-update/bin/../lib/gcc/arm-none-eabi/6.3.1/../../../../arm-none-eabi/lib/thumb/v6-m\libg_nano.a(lib_a-exit.o)
                              c:/program files (x86)/gnu tools arm embedded/6 2017-q2-update/bin/../lib/gcc/arm-none-eabi/6.3.1/../../../../arm-none-eabi/lib/thumb/v6-m/crt0.o (exit)
c:/program files (x86)/gnu tools arm embedded/6 2017-q2-update/bin/../lib/gcc/arm-none-eabi/6.3.1/../../../../arm-none-eabi/lib/thumb/v6-m\libg_nano.a(lib_a-impure.o)
                              c:/program files (x86)/gnu tools arm embedded/6 2017-q2-update/bin/../lib/gcc/arm-none-eabi/6.3.1/../../../../arm-none-eabi/lib/thumb/v6-m\libg_nano.a(lib_a-exit.o) (_global_impure_ptr)
c:/program files (x86)/gnu tools arm embedded/6 2017-q2-update/bin/../lib/gcc/arm-none-eabi/6.3.1/../../../../arm-none-eabi/lib/thumb/v6-m\libg_nano.a(lib_a-init.o)
                              c:/program files (x86)/gnu tools arm embedded/6 2017-q2-update/bin/../lib/gcc/arm-none-eabi/6.3.1/../../../../arm-none-eabi/lib/thumb/v6-m/crt0.o (__libc_init_array)
c:/program files (x86)/gnu tools arm embedded/6 2017-q2-update/bin/../lib/gcc/arm-none-eabi/6.3.1/../../../../arm-none-eabi/lib/thumb/v6-m\libg_nano.a(lib_a-memcpy-stub.o)
                              ./Src/freertos.o (memcpy)
c:/program files (x86)/gnu tools arm embedded/6 2017-q2-update/bin/../lib/gcc/arm-none-eabi/6.3.1/../../../../arm-none-eabi/lib/thumb/v6-m\libg_nano.a(lib_a-memset.o)
                              c:/program files (x86)/gnu tools arm embedded/6 2017-q2-update/bin/../lib/gcc/arm-none-eabi/6.3.1/../../../../arm-none-eabi/lib/thumb/v6-m/crt0.o (memset)
c:/program files (x86)/gnu tools arm embedded/6 2017-q2-update/bin/../lib/gcc/arm-none-eabi/6.3.1/../../../../arm-none-eabi/lib/thumb/v6-m\libg_nano.a(lib_a-strncpy.o)
                              ./Src/freertos.o (strncpy)
c:/program files (x86)/gnu tools arm embedded/6 2017-q2-update/bin/../lib/gcc/arm-none-eabi/6.3.1/../../../../arm-none-eabi/lib/thumb/v6-m\libnosys.a(_exit.o)
                              c:/program files (x86)/gnu tools arm embedded/6 2017-q2-update/bin/../lib/gcc/arm-none-eabi/6.3.1/../../../../arm-none-eabi/lib/thumb/v6-m\libg_nano.a(lib_a-exit.o) (_exit)

Allocating common symbols
Common symbol       size              file

USART1_TaskHandle   0x4               ./Src/freertos.o
defaultTaskHandle   0x4               ./Src/freertos.o
hdma_usart2_rx      0x44              ./Src/usart.o
I2C1_ZAXIS_QHandle  0x4               ./Src/freertos.o
xTimeNow            0x4               ./Src/freertos.o
hdma_usart3_rx      0x44              ./Src/usart.o
huart3              0x70              ./Src/usart.o
hi2c1               0x4c              ./Src/i2c.o
hiwdg               0x10              ./Src/iwdg.o
hi2c2               0x4c              ./Src/i2c.o
I2C1_GSENSOR_QHandle
                    0x4               ./Src/freertos.o
MUTEX_SPI1Handle    0x4               ./Src/freertos.o
JumpAddress         0x4               ./Src/freertos.o
USART3_TaskHandle   0x4               ./Src/freertos.o
hcan                0x44              ./Src/can.o
uwTick              0x4               ./Drivers/STM32F0xx_HAL_Driver/Src/stm32f0xx_hal.o
SPI1_TaskHandle     0x4               ./Src/freertos.o
xQueueRegistry      0x40              ./Middlewares/Third_Party/FreeRTOS/Source/queue.o
hdma_usart3_tx      0x44              ./Src/usart.o
pFlash              0x20              ./Drivers/STM32F0xx_HAL_Driver/Src/stm32f0xx_hal_flash.o
[...]
Memory Configuration

Name             Origin             Length             Attributes
RAM              0x20000000         0x00008000         xrw
FLASH            0x08000000         0x00040000         xr
*default*        0x00000000         0xffffffff

Linker script and memory map

LOAD c:/program files (x86)/gnu tools arm embedded/6 2017-q2-update/bin/../lib/gcc/arm-none-eabi/6.3.1/thumb/v6-m/crti.o
LOAD c:/program files (x86)/gnu tools arm embedded/6 2017-q2-update/bin/../lib/gcc/arm-none-eabi/6.3.1/thumb/v6-m/crtbegin.o
LOAD c:/program files (x86)/gnu tools arm embedded/6 2017-q2-update/bin/../lib/gcc/arm-none-eabi/6.3.1/../../../../arm-none-eabi/lib/thumb/v6-m/crt0.o
LOAD ./Src/adc.o
LOAD ./Src/aewin_def.o
LOAD ./Src/can.o
LOAD ./Src/dma.o
LOAD ./Src/freertos.o
LOAD ./Src/gpio.o
LOAD ./Src/i2c.o
LOAD ./Src/iwdg.o
LOAD ./Src/main.o
LOAD ./Src/rtc.o
LOAD ./Src/spi.o
LOAD ./Src/startup_stm32f091xc.o
LOAD ./Src/stm32f0xx_hal_msp.o
LOAD ./Src/stm32f0xx_hal_timebase_TIM.o
LOAD ./Src/stm32f0xx_it.o
LOAD ./Src/system_stm32f0xx.o
LOAD ./Src/tim.o
LOAD ./Src/usart.o
LOAD ./Middlewares/Third_Party/FreeRTOS/Source/portable/MemMang/heap_4.o
LOAD ./Middlewares/Third_Party/FreeRTOS/Source/portable/GCC/ARM_CM0/port.o
LOAD ./Middlewares/Third_Party/FreeRTOS/Source/CMSIS_RTOS/cmsis_os.o
LOAD ./Middlewares/Third_Party/FreeRTOS/Source/croutine.o
LOAD ./Middlewares/Third_Party/FreeRTOS/Source/event_groups.o
LOAD ./Middlewares/Third_Party/FreeRTOS/Source/list.o
LOAD ./Middlewares/Third_Party/FreeRTOS/Source/queue.o
LOAD ./Middlewares/Third_Party/FreeRTOS/Source/tasks.o
LOAD ./Middlewares/Third_Party/FreeRTOS/Source/timers.o
LOAD ./Drivers/STM32F0xx_HAL_Driver/Src/stm32f0xx_hal.o
LOAD ./Drivers/STM32F0xx_HAL_Driver/Src/stm32f0xx_hal_adc.o
LOAD ./Drivers/STM32F0xx_HAL_Driver/Src/stm32f0xx_hal_adc_ex.o
LOAD ./Drivers/STM32F0xx_HAL_Driver/Src/stm32f0xx_hal_can.o
LOAD ./Drivers/STM32F0xx_HAL_Driver/Src/stm32f0xx_hal_cortex.o
LOAD ./Drivers/STM32F0xx_HAL_Driver/Src/stm32f0xx_hal_dma.o
LOAD ./Drivers/STM32F0xx_HAL_Driver/Src/stm32f0xx_hal_flash.o
LOAD ./Drivers/STM32F0xx_HAL_Driver/Src/stm32f0xx_hal_flash_ex.o
LOAD ./Drivers/STM32F0xx_HAL_Driver/Src/stm32f0xx_hal_gpio.o
LOAD ./Drivers/STM32F0xx_HAL_Driver/Src/stm32f0xx_hal_i2c.o
LOAD ./Drivers/STM32F0xx_HAL_Driver/Src/stm32f0xx_hal_i2c_ex.o
LOAD ./Drivers/STM32F0xx_HAL_Driver/Src/stm32f0xx_hal_iwdg.o
LOAD ./Drivers/STM32F0xx_HAL_Driver/Src/stm32f0xx_hal_pwr.o
LOAD ./Drivers/STM32F0xx_HAL_Driver/Src/stm32f0xx_hal_pwr_ex.o
LOAD ./Drivers/STM32F0xx_HAL_Driver/Src/stm32f0xx_hal_rcc.o
LOAD ./Drivers/STM32F0xx_HAL_Driver/Src/stm32f0xx_hal_rcc_ex.o
LOAD ./Drivers/STM32F0xx_HAL_Driver/Src/stm32f0xx_hal_rtc.o
LOAD ./Drivers/STM32F0xx_HAL_Driver/Src/stm32f0xx_hal_rtc_ex.o
LOAD ./Drivers/STM32F0xx_HAL_Driver/Src/stm32f0xx_hal_spi.o
LOAD ./Drivers/STM32F0xx_HAL_Driver/Src/stm32f0xx_hal_spi_ex.o
LOAD ./Drivers/STM32F0xx_HAL_Driver/Src/stm32f0xx_hal_tim.o
LOAD ./Drivers/STM32F0xx_HAL_Driver/Src/stm32f0xx_hal_tim_ex.o
LOAD ./Drivers/STM32F0xx_HAL_Driver/Src/stm32f0xx_hal_uart.o
LOAD ./Drivers/STM32F0xx_HAL_Driver/Src/stm32f0xx_hal_uart_ex.o
START GROUP
LOAD c:/program files (x86)/gnu tools arm embedded/6 2017-q2-update/bin/../lib/gcc/arm-none-eabi/6.3.1/thumb/v6-m\libgcc.a
LOAD c:/program files (x86)/gnu tools arm embedded/6 2017-q2-update/bin/../lib/gcc/arm-none-eabi/6.3.1/../../../../arm-none-eabi/lib/thumb/v6-m\libg_nano.a
LOAD c:/program files (x86)/gnu tools arm embedded/6 2017-q2-update/bin/../lib/gcc/arm-none-eabi/6.3.1/../../../../arm-none-eabi/lib/thumb/v6-m\libc_nano.a
END GROUP
START GROUP
LOAD c:/program files (x86)/gnu tools arm embedded/6 2017-q2-update/bin/../lib/gcc/arm-none-eabi/6.3.1/thumb/v6-m\libgcc.a
LOAD c:/program files (x86)/gnu tools arm embedded/6 2017-q2-update/bin/../lib/gcc/arm-none-eabi/6.3.1/../../../../arm-none-eabi/lib/thumb/v6-m\libc_nano.a
LOAD c:/program files (x86)/gnu tools arm embedded/6 2017-q2-update/bin/../lib/gcc/arm-none-eabi/6.3.1/../../../../arm-none-eabi/lib/thumb/v6-m\libnosys.a
END GROUP
START GROUP
LOAD c:/program files (x86)/gnu tools arm embedded/6 2017-q2-update/bin/../lib/gcc/arm-none-eabi/6.3.1/thumb/v6-m\libgcc.a
LOAD c:/program files (x86)/gnu tools arm embedded/6 2017-q2-update/bin/../lib/gcc/arm-none-eabi/6.3.1/../../../../arm-none-eabi/lib/thumb/v6-m\libc_nano.a
LOAD c:/program files (x86)/gnu tools arm embedded/6 2017-q2-update/bin/../lib/gcc/arm-none-eabi/6.3.1/../../../../arm-none-eabi/lib/thumb/v6-m\libnosys.a
END GROUP
LOAD c:/program files (x86)/gnu tools arm embedded/6 2017-q2-update/bin/../lib/gcc/arm-none-eabi/6.3.1/thumb/v6-m/crtend.o
LOAD c:/program files (x86)/gnu tools arm embedded/6 2017-q2-update/bin/../lib/gcc/arm-none-eabi/6.3.1/thumb/v6-m/crtn.o
                0x20008000                _estack = 0x20008000
                0x00000200                _Min_Heap_Size = 0x200
                0x00000400                _Min_Stack_Size = 0x400

.isr_vector     0x08000000       0xbc
                0x08000000                . = ALIGN (0x4)
 *(.isr_vector)
 .isr_vector    0x08000000       0xbc ./Src/startup_stm32f091xc.o
                0x08000000                g_pfnVectors
                0x080000bc                . = ALIGN (0x4)

.text           0x080000c0     0x9948
                0x080000c0                . = ALIGN (0x4)
 *(.text)
 .text          0x080000c0       0x60 c:/program files (x86)/gnu tools arm embedded/6 2017-q2-update/bin/../lib/gcc/arm-none-eabi/6.3.1/thumb/v6-m/crtbegin.o
 .text          0x08000120       0x14 c:/program files (x86)/gnu tools arm embedded/6 2017-q2-update/bin/../lib/gcc/arm-none-eabi/6.3.1/thumb/v6-m\libgcc.a(_thumb1_case_sqi.o)
                0x08000120                __gnu_thumb1_case_sqi
 .text          0x08000134       0x14 c:/program files (x86)/gnu tools arm embedded/6 2017-q2-update/bin/../lib/gcc/arm-none-eabi/6.3.1/thumb/v6-m\libgcc.a(_thumb1_case_uqi.o)
                0x08000134                __gnu_thumb1_case_uqi
 .text          0x08000148       0x14 c:/program files (x86)/gnu tools arm embedded/6 2017-q2-update/bin/../lib/gcc/arm-none-eabi/6.3.1/thumb/v6-m\libgcc.a(_thumb1_case_shi.o)
                0x08000148                __gnu_thumb1_case_shi
 .text          0x0800015c      0x114 c:/program files (x86)/gnu tools arm embedded/6 2017-q2-update/bin/../lib/gcc/arm-none-eabi/6.3.1/thumb/v6-m\libgcc.a(_udivsi3.o)
                0x0800015c                __aeabi_uidiv
                0x0800015c                __udivsi3
                0x08000268                __aeabi_uidivmod
 .text          0x08000270        0x4 c:/program files (x86)/gnu tools arm embedded/6 2017-q2-update/bin/../lib/gcc/arm-none-eabi/6.3.1/thumb/v6-m\libgcc.a(_dvmd_tls.o)
                0x08000270                __aeabi_idiv0
                0x08000270                __aeabi_ldiv0
 .text          0x08000274       0x18 c:/program files (x86)/gnu tools arm embedded/6 2017-q2-update/bin/../lib/gcc/arm-none-eabi/6.3.1/thumb/v6-m\libgcc.a(_lshrdi3.o)
                0x08000274                __lshrdi3
                0x08000274                __aeabi_llsr
 *(.text*)
 .text.MX_ADC_Init
                0x0800028c       0x88 ./Src/adc.o
                0x0800028c                MX_ADC_Init
 .text.HAL_ADC_MspInit
                0x08000314       0x9c ./Src/adc.o
                0x08000314                HAL_ADC_MspInit
 .text.MX_CAN_Init
                0x080003b0       0x4c ./Src/can.o
                0x080003b0                MX_CAN_Init
 .text.HAL_CAN_MspInit
                0x080003fc       0x60 ./Src/can.o
                0x080003fc                HAL_CAN_MspInit
 .text.MX_DMA_Init
                0x0800045c       0x5c ./Src/dma.o
                0x0800045c                MX_DMA_Init
 .text.StartDefaultTask
                0x080004b8        0xa ./Src/freertos.o
                0x080004b8                StartDefaultTask
 *fill*         0x080004c2        0x2 
 .text.cmd_proc_entry
                0x080004c4       0x44 ./Src/freertos.o
                0x080004c4                cmd_proc_entry
 .text.usart3_entry
                0x08000508      0x1b4 ./Src/freertos.o
                0x08000508                usart3_entry
 .text.i2c1_entry
                0x080006bc       0xbc ./Src/freertos.o
                0x080006bc                i2c1_entry
 .text.adc_entry
                0x08000778       0x50 ./Src/freertos.o
                0x08000778                adc_entry
 .text.gpio_state_entry
                0x080007c8       0xa0 ./Src/freertos.o
                0x080007c8                gpio_state_entry
 .text.can_entry
                0x08000868       0xac ./Src/freertos.o
                0x08000868                can_entry
 .text.HAL_RTC_AlarmAEventCallback
                0x08000914       0x54 ./Src/freertos.o
                0x08000914                HAL_RTC_AlarmAEventCallback
 .text.adc_voltageConversion_float
                0x08000968       0x20 ./Src/freertos.o
                0x08000968                adc_voltageConversion_float
 .text.adc_tempConversion_int
                0x08000988       0x24 ./Src/freertos.o
                0x08000988                adc_tempConversion_int
 .text.adc_tempConversion_float
                0x080009ac       0x28 ./Src/freertos.o
                0x080009ac                adc_tempConversion_float
 .text.usart1_entry
                0x080009d4      0xca4 ./Src/freertos.o
                0x080009d4                usart1_entry
 .text.uart_findDataIndex
                0x08001678       0x36 ./Src/freertos.o
                0x08001678                uart_findDataIndex
 .text.uart2_isFindString
                0x080016ae       0x54 ./Src/freertos.o
                0x080016ae                uart2_isFindString
 *fill*         0x08001702        0x2 
 .text.usart2_entry
                0x08001704      0x904 ./Src/freertos.o
                0x08001704                usart2_entry
 .text.enable_4GModule
                0x08002008       0x24 ./Src/freertos.o
                0x08002008                enable_4GModule
 .text.check_lowPower
                0x0800202c       0x4c ./Src/freertos.o
                0x0800202c                check_lowPower
 .text.check_highPower
                0x08002078       0x4c ./Src/freertos.o
                0x08002078                check_highPower
 .text.ignition_entry
                0x080020c4      0x318 ./Src/freertos.o
                0x080020c4                ignition_entry
 .text.config_recovery
                0x080023dc       0x1c ./Src/freertos.o
                0x080023dc                config_recovery
 .text.MX_FREERTOS_Init
                0x080023f8      0x364 ./Src/freertos.o
                0x080023f8                MX_FREERTOS_Init
 .text.write_setting_to_eeprom
                0x0800275c       0x58 ./Src/freertos.o
                0x0800275c                write_setting_to_eeprom
 .text.spi1_entry
                0x080027b4      0x60c ./Src/freertos.o
                0x080027b4                spi1_entry
 .text.JumpToBootloader
                0x08002dc0       0x84 ./Src/freertos.o
                0x08002dc0                JumpToBootloader
 .text.IWDG_entry
                0x08002e44       0xa4 ./Src/freertos.o
                0x08002e44                IWDG_entry
 .text.MX_GPIO_Init
                0x08002ee8       0xf4 ./Src/gpio.o
                0x08002ee8                MX_GPIO_Init
 .text.MX_I2C1_Init
                0x08002fdc       0x6c ./Src/i2c.o
                0x08002fdc                MX_I2C1_Init
 .text.MX_I2C2_Init
                0x08003048       0x6c ./Src/i2c.o
                0x08003048                MX_I2C2_Init
 .text.HAL_I2C_MspInit
                0x080030b4       0xac ./Src/i2c.o
                0x080030b4                HAL_I2C_MspInit
 .text.MX_IWDG_Init
                0x08003160       0x34 ./Src/iwdg.o
                0x08003160                MX_IWDG_Init
 .text.SystemClock_Config
                0x08003194       0xa4 ./Src/main.o
                0x08003194                SystemClock_Config
 .text.startup.main
                0x08003238       0x4c ./Src/main.o
                0x08003238                main
 .text.HAL_TIM_PeriodElapsedCallback
                0x08003284       0x14 ./Src/main.o
                0x08003284                HAL_TIM_PeriodElapsedCallback
 .text._Error_Handler
                0x08003298        0x2 ./Src/main.o
                0x08003298                _Error_Handler
 *fill*         0x0800329a        0x2 
 .text.MX_RTC_Init
                0x0800329c      0x108 ./Src/rtc.o
                0x0800329c                MX_RTC_Init
 .text.HAL_RTC_MspInit
                0x080033a4       0x30 ./Src/rtc.o
                0x080033a4                HAL_RTC_MspInit
 .text.MX_SPI1_Init
                0x080033d4       0x54 ./Src/spi.o
                0x080033d4                MX_SPI1_Init
 .text.HAL_SPI_MspInit
                0x08003428       0x60 ./Src/spi.o
                0x08003428                HAL_SPI_MspInit
 .text.Reset_Handler
                0x08003488       0x50 ./Src/startup_stm32f091xc.o
                0x08003488                Reset_Handler
 .text.Default_Handler
                0x080034d8        0x2 ./Src/startup_stm32f091xc.o
                0x080034d8                TIM1_CC_IRQHandler
                0x080034d8                TSC_IRQHandler
                0x080034d8                ADC1_COMP_IRQHandler
                0x080034d8                RCC_CRS_IRQHandler
                0x080034d8                SPI1_IRQHandler
                0x080034d8                TIM6_DAC_IRQHandler
                0x080034d8                EXTI2_3_IRQHandler
                0x080034d8                I2C2_IRQHandler
                0x080034d8                TIM17_IRQHandler
                0x080034d8                PVD_VDDIO2_IRQHandler
                0x080034d8                TIM16_IRQHandler
                0x080034d8                TIM3_IRQHandler
                0x080034d8                EXTI4_15_IRQHandler
                0x080034d8                Default_Handler
                0x080034d8                TIM14_IRQHandler
                0x080034d8                TIM7_IRQHandler
                0x080034d8                TIM15_IRQHandler
                0x080034d8                EXTI0_1_IRQHandler
                0x080034d8                SPI2_IRQHandler
                0x080034d8                WWDG_IRQHandler
                0x080034d8                TIM2_IRQHandler
                0x080034d8                FLASH_IRQHandler
 *fill*         0x080034da        0x2 
 .text.HAL_MspInit
                0x080034dc       0x3c ./Src/stm32f0xx_hal_msp.o
                0x080034dc                HAL_MspInit
 .text.HAL_InitTick
                0x08003518       0x7c ./Src/stm32f0xx_hal_timebase_TIM.o
                0x08003518                HAL_InitTick
 .text.NMI_Handler
                0x08003594        0x2 ./Src/stm32f0xx_it.o
                0x08003594                NMI_Handler
 .text.HardFault_Handler
                0x08003596        0x2 ./Src/stm32f0xx_it.o
                0x08003596                HardFault_Handler
 .text.SysTick_Handler
                0x08003598        0x8 ./Src/stm32f0xx_it.o
                0x08003598                SysTick_Handler
 .text.RTC_IRQHandler
                0x080035a0       0x1c ./Src/stm32f0xx_it.o
                0x080035a0                RTC_IRQHandler
 .text.DMA1_Ch1_IRQHandler
                0x080035bc       0x10 ./Src/stm32f0xx_it.o
                0x080035bc                DMA1_Ch1_IRQHandler
 .text.DMA1_Ch2_3_DMA2_Ch1_2_IRQHandler
                0x080035cc       0x2c ./Src/stm32f0xx_it.o
                0x080035cc                DMA1_Ch2_3_DMA2_Ch1_2_IRQHandler
 .text.DMA1_Ch4_7_DMA2_Ch3_5_IRQHandler
                0x080035f8       0x18 ./Src/stm32f0xx_it.o
                0x080035f8                DMA1_Ch4_7_DMA2_Ch3_5_IRQHandler
 .text.TIM1_BRK_UP_TRG_COM_IRQHandler
                0x08003610       0x10 ./Src/stm32f0xx_it.o
                0x08003610                TIM1_BRK_UP_TRG_COM_IRQHandler
 .text.I2C1_IRQHandler
                0x08003620       0x20 ./Src/stm32f0xx_it.o
                0x08003620                I2C1_IRQHandler
 .text.USART1_IRQHandler
                0x08003640       0x10 ./Src/stm32f0xx_it.o
                0x08003640                USART1_IRQHandler
 .text.USART2_IRQHandler
                0x08003650       0x10 ./Src/stm32f0xx_it.o
                0x08003650                USART2_IRQHandler
 .text.USART3_8_IRQHandler
                0x08003660       0x10 ./Src/stm32f0xx_it.o
                0x08003660                USART3_8_IRQHandler
 .text.CEC_CAN_IRQHandler
                0x08003670       0x10 ./Src/stm32f0xx_it.o
                0x08003670                CEC_CAN_IRQHandler
 .text.SystemInit
                0x08003680       0x60 ./Src/system_stm32f0xx.o
                0x08003680                SystemInit
 .text.MX_TIM2_Init
                0x080036e0       0x88 ./Src/tim.o
                0x080036e0                MX_TIM2_Init
 .text.HAL_TIM_Base_MspInit
                0x08003768       0x48 ./Src/tim.o
                0x08003768                HAL_TIM_Base_MspInit
 .text.HAL_TIM_MspPostInit
                0x080037b0       0x30 ./Src/tim.o
                0x080037b0                HAL_TIM_MspPostInit
 .text.MX_TIM14_Init
                0x080037e0       0x70 ./Src/tim.o
                0x080037e0                MX_TIM14_Init
 .text.MX_USART1_UART_Init
                0x08003850       0x40 ./Src/usart.o
                0x08003850                MX_USART1_UART_Init
 .text.MX_USART2_UART_Init
                0x08003890       0x40 ./Src/usart.o
                0x08003890                MX_USART2_UART_Init
 .text.MX_USART3_UART_Init
                0x080038d0       0x50 ./Src/usart.o
                0x080038d0                MX_USART3_UART_Init
 .text.HAL_UART_MspInit
                0x08003920      0x2f0 ./Src/usart.o
                0x08003920                HAL_UART_MspInit
 .text.unlikely.prvInsertBlockIntoFreeList
                0x08003c10       0x48 ./Middlewares/Third_Party/FreeRTOS/Source/portable/MemMang/heap_4.o
 .text.pvPortMalloc
                0x08003c58      0x104 ./Middlewares/Third_Party/FreeRTOS/Source/portable/MemMang/heap_4.o
                0x08003c58                pvPortMalloc
 .text.vPortFree
                0x08003d5c       0x48 ./Middlewares/Third_Party/FreeRTOS/Source/portable/MemMang/heap_4.o
                0x08003d5c                vPortFree
 .text.prvTaskExitError
                0x08003da4       0x14 ./Middlewares/Third_Party/FreeRTOS/Source/portable/GCC/ARM_CM0/port.o
 *fill*         0x08003db8        0x8 
 .text.vPortStartFirstTask
                0x08003dc0       0x34 ./Middlewares/Third_Party/FreeRTOS/Source/portable/GCC/ARM_CM0/port.o
 .text.pxPortInitialiseStack
                0x08003df4       0x20 ./Middlewares/Third_Party/FreeRTOS/Source/portable/GCC/ARM_CM0/port.o
                0x08003df4                pxPortInitialiseStack
 .text.SVC_Handler
                0x08003e14        0x2 ./Middlewares/Third_Party/FreeRTOS/Source/portable/GCC/ARM_CM0/port.o
                0x08003e14                SVC_Handler
 *fill*         0x08003e16        0x2 
 .text.vPortYield
                0x08003e18       0x18 ./Middlewares/Third_Party/FreeRTOS/Source/portable/GCC/ARM_CM0/port.o
                0x08003e18                vPortYield
 .text.vPortEnterCritical
                0x08003e30       0x18 ./Middlewares/Third_Party/FreeRTOS/Source/portable/GCC/ARM_CM0/port.o
                0x08003e30                vPortEnterCritical
 .text.vPortExitCritical
                0x08003e48       0x1c ./Middlewares/Third_Party/FreeRTOS/Source/portable/GCC/ARM_CM0/port.o
                0x08003e48                vPortExitCritical
 .text.ulSetInterruptMaskFromISR
                0x08003e64        0xa ./Middlewares/Third_Party/FreeRTOS/Source/portable/GCC/ARM_CM0/port.o
                0x08003e64                ulSetInterruptMaskFromISR
 .text.vClearInterruptMaskFromISR
                0x08003e6e        0x6 ./Middlewares/Third_Party/FreeRTOS/Source/portable/GCC/ARM_CM0/port.o
                0x08003e6e                vClearInterruptMaskFromISR
 *fill*         0x08003e74        0xc 
 .text.PendSV_Handler
                0x08003e80       0x44 ./Middlewares/Third_Party/FreeRTOS/Source/portable/GCC/ARM_CM0/port.o
                0x08003e80                PendSV_Handler
 .text.xPortSysTickHandler
                0x08003ec4       0x24 ./Middlewares/Third_Party/FreeRTOS/Source/portable/GCC/ARM_CM0/port.o
                0x08003ec4                xPortSysTickHandler
 .text.vPortSetupTimerInterrupt
                0x08003ee8       0x28 ./Middlewares/Third_Party/FreeRTOS/Source/portable/GCC/ARM_CM0/port.o
                0x08003ee8                vPortSetupTimerInterrupt
 .text.xPortStartScheduler
                0x08003f10       0x34 ./Middlewares/Third_Party/FreeRTOS/Source/portable/GCC/ARM_CM0/port.o
                0x08003f10                xPortStartScheduler
 .text.osKernelStart
                0x08003f44        0xa ./Middlewares/Third_Party/FreeRTOS/Source/CMSIS_RTOS/cmsis_os.o
                0x08003f44                osKernelStart
 .text.osThreadCreate
                0x08003f4e       0x30 ./Middlewares/Third_Party/FreeRTOS/Source/CMSIS_RTOS/cmsis_os.o
                0x08003f4e                osThreadCreate
 .text.osThreadTerminate
                0x08003f7e        0xa ./Middlewares/Third_Party/FreeRTOS/Source/CMSIS_RTOS/cmsis_os.o
                0x08003f7e                osThreadTerminate
 .text.osDelay  0x08003f88       0x10 ./Middlewares/Third_Party/FreeRTOS/Source/CMSIS_RTOS/cmsis_os.o
                0x08003f88                osDelay
 .text.osMutexCreate
                0x08003f98        0xa ./Middlewares/Third_Party/FreeRTOS/Source/CMSIS_RTOS/cmsis_os.o
                0x08003f98                osMutexCreate
 *fill*         0x08003fa2        0x2 
 .text.osMutexWait
                0x08003fa4       0x4c ./Middlewares/Third_Party/FreeRTOS/Source/CMSIS_RTOS/cmsis_os.o
                0x08003fa4                osMutexWait
 .text.osSemaphoreRelease
                0x08003ff0       0x40 ./Middlewares/Third_Party/FreeRTOS/Source/CMSIS_RTOS/cmsis_os.o
                0x08003ff0                osSemaphoreRelease
 .text.osMutexRelease
                0x08004030        0x8 ./Middlewares/Third_Party/FreeRTOS/Source/CMSIS_RTOS/cmsis_os.o
                0x08004030                osMutexRelease
 .text.osMessageCreate
                0x08004038        0xe ./Middlewares/Third_Party/FreeRTOS/Source/CMSIS_RTOS/cmsis_os.o
                0x08004038                osMessageCreate
 *fill*         0x08004046        0x2 
 .text.osMessagePut
                0x08004048       0x4c ./Middlewares/Third_Party/FreeRTOS/Source/CMSIS_RTOS/cmsis_os.o
                0x08004048                osMessagePut
 .text.osMessageGet
                0x08004094       0x74 ./Middlewares/Third_Party/FreeRTOS/Source/CMSIS_RTOS/cmsis_os.o
                0x08004094                osMessageGet
 .text.osSystickHandler
                0x08004108       0x10 ./Middlewares/Third_Party/FreeRTOS/Source/CMSIS_RTOS/cmsis_os.o
                0x08004108                osSystickHandler
 .text.vListInitialise
                0x08004118       0x16 ./Middlewares/Third_Party/FreeRTOS/Source/list.o
                0x08004118                vListInitialise
 .text.vListInitialiseItem
                0x0800412e        0x6 ./Middlewares/Third_Party/FreeRTOS/Source/list.o
                0x0800412e                vListInitialiseItem
 .text.vListInsertEnd
                0x08004134       0x18 ./Middlewares/Third_Party/FreeRTOS/Source/list.o
                0x08004134                vListInsertEnd
 .text.vListInsert
                0x0800414c       0x2e ./Middlewares/Third_Party/FreeRTOS/Source/list.o
                0x0800414c                vListInsert
 .text.uxListRemove
                0x0800417a       0x20 ./Middlewares/Third_Party/FreeRTOS/Source/list.o
                0x0800417a                uxListRemove
 .text.unlikely.prvCopyDataToQueue
                0x0800419a       0x70 ./Middlewares/Third_Party/FreeRTOS/Source/queue.o
 .text.unlikely.prvCopyDataFromQueue
                0x0800420a       0x24 ./Middlewares/Third_Party/FreeRTOS/Source/queue.o
 .text.prvUnlockQueue
                0x0800422e       0x6a ./Middlewares/Third_Party/FreeRTOS/Source/queue.o
 .text.xQueueGenericReset
                0x08004298       0x68 ./Middlewares/Third_Party/FreeRTOS/Source/queue.o
                0x08004298                xQueueGenericReset
 .text.xQueueGenericCreate
                0x08004300       0x3a ./Middlewares/Third_Party/FreeRTOS/Source/queue.o
                0x08004300                xQueueGenericCreate
 .text.xQueueGenericSend
                0x0800433a      0x11e ./Middlewares/Third_Party/FreeRTOS/Source/queue.o
                0x0800433a                xQueueGenericSend
 .text.xQueueCreateMutex
                0x08004458       0x24 ./Middlewares/Third_Party/FreeRTOS/Source/queue.o
                0x08004458                xQueueCreateMutex
 .text.xQueueGenericSendFromISR
                0x0800447c       0x92 ./Middlewares/Third_Party/FreeRTOS/Source/queue.o
                0x0800447c                xQueueGenericSendFromISR
 .text.xQueueGiveFromISR
                0x0800450e       0x7a ./Middlewares/Third_Party/FreeRTOS/Source/queue.o
                0x0800450e                xQueueGiveFromISR
 .text.xQueueGenericReceive
                0x08004588      0x14c ./Middlewares/Third_Party/FreeRTOS/Source/queue.o
                0x08004588                xQueueGenericReceive
 .text.xQueueReceiveFromISR
                0x080046d4       0x80 ./Middlewares/Third_Party/FreeRTOS/Source/queue.o
                0x080046d4                xQueueReceiveFromISR
 .text.prvResetNextTaskUnblockTime
                0x08004754       0x28 ./Middlewares/Third_Party/FreeRTOS/Source/tasks.o
 .text.prvAddCurrentTaskToDelayedList
                0x0800477c       0x70 ./Middlewares/Third_Party/FreeRTOS/Source/tasks.o
 .text.xTaskCreate
                0x080047ec      0x188 ./Middlewares/Third_Party/FreeRTOS/Source/tasks.o
                0x080047ec                xTaskCreate
 .text.vTaskDelete
                0x08004974       0xa0 ./Middlewares/Third_Party/FreeRTOS/Source/tasks.o
                0x08004974                vTaskDelete
 .text.vTaskStartScheduler
                0x08004a14       0x54 ./Middlewares/Third_Party/FreeRTOS/Source/tasks.o
                0x08004a14                vTaskStartScheduler
 .text.vTaskSuspendAll
                0x08004a68       0x10 ./Middlewares/Third_Party/FreeRTOS/Source/tasks.o
                0x08004a68                vTaskSuspendAll
 .text.xTaskIncrementTick
                0x08004a78       0xfc ./Middlewares/Third_Party/FreeRTOS/Source/tasks.o
                0x08004a78                xTaskIncrementTick
 .text.xTaskResumeAll
                0x08004b74       0xd0 ./Middlewares/Third_Party/FreeRTOS/Source/tasks.o
                0x08004b74                xTaskResumeAll
 .text.vTaskDelay
                0x08004c44       0x34 ./Middlewares/Third_Party/FreeRTOS/Source/tasks.o
                0x08004c44                vTaskDelay
 .text.prvIdleTask
                0x08004c78       0x68 ./Middlewares/Third_Party/FreeRTOS/Source/tasks.o
 .text.vTaskSwitchContext
                0x08004ce0       0x6c ./Middlewares/Third_Party/FreeRTOS/Source/tasks.o
                0x08004ce0                vTaskSwitchContext
 .text.vTaskPlaceOnEventList
                0x08004d4c       0x24 ./Middlewares/Third_Party/FreeRTOS/Source/tasks.o
                0x08004d4c                vTaskPlaceOnEventList
 .text.xTaskRemoveFromEventList
                0x08004d70       0x78 ./Middlewares/Third_Party/FreeRTOS/Source/tasks.o
                0x08004d70                xTaskRemoveFromEventList
 .text.vTaskSetTimeOutState
                0x08004de8       0x20 ./Middlewares/Third_Party/FreeRTOS/Source/tasks.o
                0x08004de8                vTaskSetTimeOutState
 .text.xTaskCheckForTimeOut
                0x08004e08       0x60 ./Middlewares/Third_Party/FreeRTOS/Source/tasks.o
                0x08004e08                xTaskCheckForTimeOut
 .text.vTaskMissedYield
                0x08004e68        0xc ./Middlewares/Third_Party/FreeRTOS/Source/tasks.o
                0x08004e68                vTaskMissedYield
 .text.xTaskGetSchedulerState
                0x08004e74       0x20 ./Middlewares/Third_Party/FreeRTOS/Source/tasks.o
                0x08004e74                xTaskGetSchedulerState
 .text.vTaskPriorityInherit
                0x08004e94       0x6c ./Middlewares/Third_Party/FreeRTOS/Source/tasks.o
                0x08004e94                vTaskPriorityInherit
 .text.xTaskPriorityDisinherit
                0x08004f00       0x6c ./Middlewares/Third_Party/FreeRTOS/Source/tasks.o
                0x08004f00                xTaskPriorityDisinherit
 .text.pvTaskIncrementMutexHeldCount
                0x08004f6c       0x18 ./Middlewares/Third_Party/FreeRTOS/Source/tasks.o
                0x08004f6c                pvTaskIncrementMutexHeldCount
 .text.HAL_Init
                0x08004f84       0x20 ./Drivers/STM32F0xx_HAL_Driver/Src/stm32f0xx_hal.o
                0x08004f84                HAL_Init
 .text.HAL_IncTick
                0x08004fa4       0x10 ./Drivers/STM32F0xx_HAL_Driver/Src/stm32f0xx_hal.o
                0x08004fa4                HAL_IncTick
 .text.HAL_GetTick
                0x08004fb4        0xc ./Drivers/STM32F0xx_HAL_Driver/Src/stm32f0xx_hal.o
                0x08004fb4                HAL_GetTick
 .text.HAL_Delay
                0x08004fc0       0x20 ./Drivers/STM32F0xx_HAL_Driver/Src/stm32f0xx_hal.o
                0x08004fc0                HAL_Delay
 .text.ADC_Disable
                0x08004fe0       0x72 ./Drivers/STM32F0xx_HAL_Driver/Src/stm32f0xx_hal_adc.o
 *fill*         0x08005052        0x2 
 .text.ADC_Enable
                0x08005054       0x98 ./Drivers/STM32F0xx_HAL_Driver/Src/stm32f0xx_hal_adc.o
 .text.ADC_ConversionStop
                0x080050ec       0x52 ./Drivers/STM32F0xx_HAL_Driver/Src/stm32f0xx_hal_adc.o
 *fill*         0x0800513e        0x2 
 .text.HAL_ADC_Init
                0x08005140      0x14c ./Drivers/STM32F0xx_HAL_Driver/Src/stm32f0xx_hal_adc.o
                0x08005140                HAL_ADC_Init
 .text.HAL_ADC_Start_DMA
                0x0800528c       0x94 ./Drivers/STM32F0xx_HAL_Driver/Src/stm32f0xx_hal_adc.o
                0x0800528c                HAL_ADC_Start_DMA
 .text.HAL_ADC_Stop_DMA
                0x08005320       0x70 ./Drivers/STM32F0xx_HAL_Driver/Src/stm32f0xx_hal_adc.o
                0x08005320                HAL_ADC_Stop_DMA
 .text.HAL_ADC_ConvCpltCallback
                0x08005390        0x2 ./Drivers/STM32F0xx_HAL_Driver/Src/stm32f0xx_hal_adc.o
                0x08005390                HAL_ADC_ConvCpltCallback
 *fill*         0x08005392        0x2 
 .text.ADC_DMAConvCplt
                0x08005394       0x70 ./Drivers/STM32F0xx_HAL_Driver/Src/stm32f0xx_hal_adc.o
 .text.HAL_ADC_ConvHalfCpltCallback
                0x08005404        0x2 ./Drivers/STM32F0xx_HAL_Driver/Src/stm32f0xx_hal_adc.o
                0x08005404                HAL_ADC_ConvHalfCpltCallback
 .text.ADC_DMAHalfConvCplt
                0x08005406        0xa ./Drivers/STM32F0xx_HAL_Driver/Src/stm32f0xx_hal_adc.o
 .text.HAL_ADC_ErrorCallback
                0x08005410        0x2 ./Drivers/STM32F0xx_HAL_Driver/Src/stm32f0xx_hal_adc.o
                0x08005410                HAL_ADC_ErrorCallback
 .text.ADC_DMAError
                0x08005412       0x1a ./Drivers/STM32F0xx_HAL_Driver/Src/stm32f0xx_hal_adc.o
 .text.HAL_ADC_ConfigChannel
                0x0800542c      0x100 ./Drivers/STM32F0xx_HAL_Driver/Src/stm32f0xx_hal_adc.o
                0x0800542c                HAL_ADC_ConfigChannel
 .text.HAL_CAN_ConfigFilter
                0x0800552c       0xdc ./Drivers/STM32F0xx_HAL_Driver/Src/stm32f0xx_hal_can.o
                0x0800552c                HAL_CAN_ConfigFilter
 .text.HAL_CAN_Init
                0x08005608      0x13c ./Drivers/STM32F0xx_HAL_Driver/Src/stm32f0xx_hal_can.o
                0x08005608                HAL_CAN_Init
 .text.HAL_CAN_Transmit
                0x08005744      0x1c0 ./Drivers/STM32F0xx_HAL_Driver/Src/stm32f0xx_hal_can.o
                0x08005744                HAL_CAN_Transmit
 .text.HAL_CAN_Receive_IT
                0x08005904       0xbc ./Drivers/STM32F0xx_HAL_Driver/Src/stm32f0xx_hal_can.o
                0x08005904                HAL_CAN_Receive_IT
 .text.HAL_CAN_TxCpltCallback
                0x080059c0        0x2 ./Drivers/STM32F0xx_HAL_Driver/Src/stm32f0xx_hal_can.o
                0x080059c0                HAL_CAN_TxCpltCallback
 .text.HAL_CAN_RxCpltCallback
                0x080059c2        0x2 ./Drivers/STM32F0xx_HAL_Driver/Src/stm32f0xx_hal_can.o
                0x080059c2                HAL_CAN_RxCpltCallback
 .text.CAN_Receive_IT
                0x080059c4      0x10c ./Drivers/STM32F0xx_HAL_Driver/Src/stm32f0xx_hal_can.o
 .text.HAL_CAN_ErrorCallback
                0x08005ad0        0x2 ./Drivers/STM32F0xx_HAL_Driver/Src/stm32f0xx_hal_can.o
                0x08005ad0                HAL_CAN_ErrorCallback
 *fill*         0x08005ad2        0x2 
 .text.HAL_CAN_IRQHandler
                0x08005ad4      0x1e4 ./Drivers/STM32F0xx_HAL_Driver/Src/stm32f0xx_hal_can.o
                0x08005ad4                HAL_CAN_IRQHandler
 .text.HAL_NVIC_SetPriority
                0x08005cb8       0x60 ./Drivers/STM32F0xx_HAL_Driver/Src/stm32f0xx_hal_cortex.o
                0x08005cb8                HAL_NVIC_SetPriority
 .text.HAL_NVIC_EnableIRQ
                0x08005d18       0x14 ./Drivers/STM32F0xx_HAL_Driver/Src/stm32f0xx_hal_cortex.o
                0x08005d18                HAL_NVIC_EnableIRQ
 .text.HAL_SYSTICK_Config
                0x08005d2c       0x34 ./Drivers/STM32F0xx_HAL_Driver/Src/stm32f0xx_hal_cortex.o
                0x08005d2c                HAL_SYSTICK_Config
 .text.HAL_SYSTICK_CLKSourceConfig
                0x08005d60       0x1c ./Drivers/STM32F0xx_HAL_Driver/Src/stm32f0xx_hal_cortex.o
                0x08005d60                HAL_SYSTICK_CLKSourceConfig
 .text.DMA_CalcBaseAndBitshift
                0x08005d7c       0x48 ./Drivers/STM32F0xx_HAL_Driver/Src/stm32f0xx_hal_dma.o
 .text.HAL_DMA_Init
                0x08005dc4       0x58 ./Drivers/STM32F0xx_HAL_Driver/Src/stm32f0xx_hal_dma.o
                0x08005dc4                HAL_DMA_Init
 .text.HAL_DMA_Start_IT
                0x08005e1c       0x76 ./Drivers/STM32F0xx_HAL_Driver/Src/stm32f0xx_hal_dma.o
                0x08005e1c                HAL_DMA_Start_IT
 .text.HAL_DMA_Abort
                0x08005e92       0x2a ./Drivers/STM32F0xx_HAL_Driver/Src/stm32f0xx_hal_dma.o
                0x08005e92                HAL_DMA_Abort
 .text.HAL_DMA_Abort_IT
                0x08005ebc       0x46 ./Drivers/STM32F0xx_HAL_Driver/Src/stm32f0xx_hal_dma.o
                0x08005ebc                HAL_DMA_Abort_IT
 .text.HAL_DMA_IRQHandler
                0x08005f02       0x92 ./Drivers/STM32F0xx_HAL_Driver/Src/stm32f0xx_hal_dma.o
                0x08005f02                HAL_DMA_IRQHandler
 .text.FLASH_SetErrorCode
                0x08005f94       0x3c ./Drivers/STM32F0xx_HAL_Driver/Src/stm32f0xx_hal_flash.o
 .text.FLASH_WaitForLastOperation
                0x08005fd0       0x54 ./Drivers/STM32F0xx_HAL_Driver/Src/stm32f0xx_hal_flash.o
                0x08005fd0                FLASH_WaitForLastOperation
 .text.HAL_FLASH_Program
                0x08006024       0x84 ./Drivers/STM32F0xx_HAL_Driver/Src/stm32f0xx_hal_flash.o
                0x08006024                HAL_FLASH_Program
 .text.FLASH_MassErase
                0x080060a8       0x24 ./Drivers/STM32F0xx_HAL_Driver/Src/stm32f0xx_hal_flash_ex.o
 .text.FLASH_PageErase
                0x080060cc       0x24 ./Drivers/STM32F0xx_HAL_Driver/Src/stm32f0xx_hal_flash_ex.o
                0x080060cc                FLASH_PageErase
 .text.HAL_FLASHEx_Erase
                0x080060f0       0x94 ./Drivers/STM32F0xx_HAL_Driver/Src/stm32f0xx_hal_flash_ex.o
                0x080060f0                HAL_FLASHEx_Erase
 .text.HAL_GPIO_Init
                0x08006184      0x178 ./Drivers/STM32F0xx_HAL_Driver/Src/stm32f0xx_hal_gpio.o
                0x08006184                HAL_GPIO_Init
 .text.HAL_GPIO_ReadPin
                0x080062fc        0xc ./Drivers/STM32F0xx_HAL_Driver/Src/stm32f0xx_hal_gpio.o
                0x080062fc                HAL_GPIO_ReadPin
 .text.HAL_GPIO_WritePin
                0x08006308        0xc ./Drivers/STM32F0xx_HAL_Driver/Src/stm32f0xx_hal_gpio.o
                0x08006308                HAL_GPIO_WritePin
 .text.I2C_Flush_TXDR
                0x08006314       0x1c ./Drivers/STM32F0xx_HAL_Driver/Src/stm32f0xx_hal_i2c.o
 .text.I2C_TransferConfig
                0x08006330       0x24 ./Drivers/STM32F0xx_HAL_Driver/Src/stm32f0xx_hal_i2c.o
 .text.I2C_Disable_IRQ
                0x08006354       0x60 ./Drivers/STM32F0xx_HAL_Driver/Src/stm32f0xx_hal_i2c.o
 .text.I2C_WaitOnFlagUntilTimeout
                0x080063b4       0x4c ./Drivers/STM32F0xx_HAL_Driver/Src/stm32f0xx_hal_i2c.o
 .text.I2C_IsAcknowledgeFailed
                0x08006400       0x80 ./Drivers/STM32F0xx_HAL_Driver/Src/stm32f0xx_hal_i2c.o
 .text.I2C_WaitOnTXISFlagUntilTimeout
                0x08006480       0x5a ./Drivers/STM32F0xx_HAL_Driver/Src/stm32f0xx_hal_i2c.o
 *fill*         0x080064da        0x2 
 .text.I2C_WaitOnRXNEFlagUntilTimeout
                0x080064dc       0x78 ./Drivers/STM32F0xx_HAL_Driver/Src/stm32f0xx_hal_i2c.o
 .text.I2C_WaitOnSTOPFlagUntilTimeout
                0x08006554       0x56 ./Drivers/STM32F0xx_HAL_Driver/Src/stm32f0xx_hal_i2c.o
 *fill*         0x080065aa        0x2 
 .text.HAL_I2C_Init
                0x080065ac       0xac ./Drivers/STM32F0xx_HAL_Driver/Src/stm32f0xx_hal_i2c.o
                0x080065ac                HAL_I2C_Init
 .text.HAL_I2C_Master_Transmit
                0x08006658      0x130 ./Drivers/STM32F0xx_HAL_Driver/Src/stm32f0xx_hal_i2c.o
                0x08006658                HAL_I2C_Master_Transmit
 .text.HAL_I2C_Master_Receive
                0x08006788      0x130 ./Drivers/STM32F0xx_HAL_Driver/Src/stm32f0xx_hal_i2c.o
                0x08006788                HAL_I2C_Master_Receive
 .text.HAL_I2C_EV_IRQHandler
                0x080068b8       0x12 ./Drivers/STM32F0xx_HAL_Driver/Src/stm32f0xx_hal_i2c.o
                0x080068b8                HAL_I2C_EV_IRQHandler
 .text.HAL_I2C_SlaveTxCpltCallback
                0x080068ca        0x2 ./Drivers/STM32F0xx_HAL_Driver/Src/stm32f0xx_hal_i2c.o
                0x080068ca                HAL_I2C_SlaveTxCpltCallback
 .text.HAL_I2C_SlaveRxCpltCallback
                0x080068cc        0x2 ./Drivers/STM32F0xx_HAL_Driver/Src/stm32f0xx_hal_i2c.o
                0x080068cc                HAL_I2C_SlaveRxCpltCallback
 .text.I2C_ITSlaveSequentialCplt
                0x080068ce       0x52 ./Drivers/STM32F0xx_HAL_Driver/Src/stm32f0xx_hal_i2c.o
 .text.HAL_I2C_AddrCallback
                0x08006920        0x2 ./Drivers/STM32F0xx_HAL_Driver/Src/stm32f0xx_hal_i2c.o
                0x08006920                HAL_I2C_AddrCallback
 .text.HAL_I2C_ListenCpltCallback
                0x08006922        0x2 ./Drivers/STM32F0xx_HAL_Driver/Src/stm32f0xx_hal_i2c.o
                0x08006922                HAL_I2C_ListenCpltCallback
 .text.I2C_ITListenCplt
                0x08006924       0x64 ./Drivers/STM32F0xx_HAL_Driver/Src/stm32f0xx_hal_i2c.o
 .text.HAL_I2C_ErrorCallback
                0x08006988        0x2 ./Drivers/STM32F0xx_HAL_Driver/Src/stm32f0xx_hal_i2c.o
                0x08006988                HAL_I2C_ErrorCallback
 .text.HAL_I2C_AbortCpltCallback
                0x0800698a        0x2 ./Drivers/STM32F0xx_HAL_Driver/Src/stm32f0xx_hal_i2c.o
                0x0800698a                HAL_I2C_AbortCpltCallback
 .text.I2C_ITError
                0x0800698c       0xe0 ./Drivers/STM32F0xx_HAL_Driver/Src/stm32f0xx_hal_i2c.o
 .text.I2C_ITSlaveCplt
                0x08006a6c       0xf8 ./Drivers/STM32F0xx_HAL_Driver/Src/stm32f0xx_hal_i2c.o
 .text.I2C_Slave_ISR_IT
                0x08006b64      0x1d0 ./Drivers/STM32F0xx_HAL_Driver/Src/stm32f0xx_hal_i2c.o
 .text.HAL_I2C_ER_IRQHandler
                0x08006d34       0x5a ./Drivers/STM32F0xx_HAL_Driver/Src/stm32f0xx_hal_i2c.o
                0x08006d34                HAL_I2C_ER_IRQHandler
 .text.I2C_DMAAbort
                0x08006d8e       0x34 ./Drivers/STM32F0xx_HAL_Driver/Src/stm32f0xx_hal_i2c.o
 *fill*         0x08006dc2        0x2 
 .text.HAL_I2CEx_ConfigAnalogFilter
                0x08006dc4       0x4c ./Drivers/STM32F0xx_HAL_Driver/Src/stm32f0xx_hal_i2c_ex.o
                0x08006dc4                HAL_I2CEx_ConfigAnalogFilter
 .text.HAL_I2CEx_ConfigDigitalFilter
                0x08006e10       0x48 ./Drivers/STM32F0xx_HAL_Driver/Src/stm32f0xx_hal_i2c_ex.o
                0x08006e10                HAL_I2CEx_ConfigDigitalFilter
 .text.HAL_I2CEx_EnableFastModePlus
                0x08006e58       0x28 ./Drivers/STM32F0xx_HAL_Driver/Src/stm32f0xx_hal_i2c_ex.o
                0x08006e58                HAL_I2CEx_EnableFastModePlus
 .text.HAL_IWDG_Init
                0x08006e80       0x58 ./Drivers/STM32F0xx_HAL_Driver/Src/stm32f0xx_hal_iwdg.o
                0x08006e80                HAL_IWDG_Init
 .text.HAL_IWDG_Refresh
                0x08006ed8       0x10 ./Drivers/STM32F0xx_HAL_Driver/Src/stm32f0xx_hal_iwdg.o
                0x08006ed8                HAL_IWDG_Refresh
 .text.HAL_PWR_EnableBkUpAccess
                0x08006ee8       0x14 ./Drivers/STM32F0xx_HAL_Driver/Src/stm32f0xx_hal_pwr.o
                0x08006ee8                HAL_PWR_EnableBkUpAccess
 .text.HAL_RCC_DeInit
                0x08006efc       0x4c ./Drivers/STM32F0xx_HAL_Driver/Src/stm32f0xx_hal_rcc.o
                0x08006efc                HAL_RCC_DeInit
 .text.HAL_RCC_OscConfig
                0x08006f48      0x464 ./Drivers/STM32F0xx_HAL_Driver/Src/stm32f0xx_hal_rcc.o
                0x08006f48                HAL_RCC_OscConfig
 .text.HAL_RCC_MCOConfig
                0x080073ac       0x54 ./Drivers/STM32F0xx_HAL_Driver/Src/stm32f0xx_hal_rcc.o
                0x080073ac                HAL_RCC_MCOConfig
 .text.HAL_RCC_GetSysClockFreq
                0x08007400       0x78 ./Drivers/STM32F0xx_HAL_Driver/Src/stm32f0xx_hal_rcc.o
                0x08007400                HAL_RCC_GetSysClockFreq
 .text.HAL_RCC_ClockConfig
                0x08007478      0x15c ./Drivers/STM32F0xx_HAL_Driver/Src/stm32f0xx_hal_rcc.o
                0x08007478                HAL_RCC_ClockConfig
 .text.HAL_RCC_GetHCLKFreq
                0x080075d4        0xc ./Drivers/STM32F0xx_HAL_Driver/Src/stm32f0xx_hal_rcc.o
                0x080075d4                HAL_RCC_GetHCLKFreq
 .text.HAL_RCC_GetPCLK1Freq
                0x080075e0       0x20 ./Drivers/STM32F0xx_HAL_Driver/Src/stm32f0xx_hal_rcc.o
                0x080075e0                HAL_RCC_GetPCLK1Freq
 .text.HAL_RCC_GetClockConfig
                0x08007600       0x38 ./Drivers/STM32F0xx_HAL_Driver/Src/stm32f0xx_hal_rcc.o
                0x08007600                HAL_RCC_GetClockConfig
 .text.HAL_RCCEx_PeriphCLKConfig
                0x08007638      0x144 ./Drivers/STM32F0xx_HAL_Driver/Src/stm32f0xx_hal_rcc_ex.o
                0x08007638                HAL_RCCEx_PeriphCLKConfig
 .text.HAL_RTC_AlarmIRQHandler
                0x0800777c       0x38 ./Drivers/STM32F0xx_HAL_Driver/Src/stm32f0xx_hal_rtc.o
                0x0800777c                HAL_RTC_AlarmIRQHandler
 .text.HAL_RTC_WaitForSynchro
                0x080077b4       0x34 ./Drivers/STM32F0xx_HAL_Driver/Src/stm32f0xx_hal_rtc.o
                0x080077b4                HAL_RTC_WaitForSynchro
 .text.RTC_EnterInitMode
                0x080077e8       0x38 ./Drivers/STM32F0xx_HAL_Driver/Src/stm32f0xx_hal_rtc.o
                0x080077e8                RTC_EnterInitMode
 .text.HAL_RTC_Init
                0x08007820       0xa8 ./Drivers/STM32F0xx_HAL_Driver/Src/stm32f0xx_hal_rtc.o
                0x08007820                HAL_RTC_Init
 .text.RTC_ByteToBcd2
                0x080078c8       0x16 ./Drivers/STM32F0xx_HAL_Driver/Src/stm32f0xx_hal_rtc.o
                0x080078c8                RTC_ByteToBcd2
 *fill*         0x080078de        0x2 
 .text.HAL_RTC_SetTime
                0x080078e0       0xe8 ./Drivers/STM32F0xx_HAL_Driver/Src/stm32f0xx_hal_rtc.o
                0x080078e0                HAL_RTC_SetTime
 .text.HAL_RTC_SetDate
                0x080079c8       0xc8 ./Drivers/STM32F0xx_HAL_Driver/Src/stm32f0xx_hal_rtc.o
                0x080079c8                HAL_RTC_SetDate
 .text.HAL_RTC_SetAlarm_IT
                0x08007a90      0x12c ./Drivers/STM32F0xx_HAL_Driver/Src/stm32f0xx_hal_rtc.o
                0x08007a90                HAL_RTC_SetAlarm_IT
 .text.RTC_Bcd2ToByte
                0x08007bbc       0x10 ./Drivers/STM32F0xx_HAL_Driver/Src/stm32f0xx_hal_rtc.o
                0x08007bbc                RTC_Bcd2ToByte
 .text.HAL_RTC_GetTime
                0x08007bcc       0x4c ./Drivers/STM32F0xx_HAL_Driver/Src/stm32f0xx_hal_rtc.o
                0x08007bcc                HAL_RTC_GetTime
 .text.HAL_RTC_GetDate
                0x08007c18       0x3e ./Drivers/STM32F0xx_HAL_Driver/Src/stm32f0xx_hal_rtc.o
                0x08007c18                HAL_RTC_GetDate
 *fill*         0x08007c56        0x2 
 .text.HAL_RTC_GetAlarm
                0x08007c58       0x7c ./Drivers/STM32F0xx_HAL_Driver/Src/stm32f0xx_hal_rtc.o
                0x08007c58                HAL_RTC_GetAlarm
 .text.HAL_RTCEx_SetTimeStamp_IT
                0x08007cd4       0x60 ./Drivers/STM32F0xx_HAL_Driver/Src/stm32f0xx_hal_rtc_ex.o
                0x08007cd4                HAL_RTCEx_SetTimeStamp_IT
 .text.HAL_RTCEx_TimeStampEventCallback
                0x08007d34        0x2 ./Drivers/STM32F0xx_HAL_Driver/Src/stm32f0xx_hal_rtc_ex.o
                0x08007d34                HAL_RTCEx_TimeStampEventCallback
 .text.HAL_RTCEx_Tamper1EventCallback
                0x08007d36        0x2 ./Drivers/STM32F0xx_HAL_Driver/Src/stm32f0xx_hal_rtc_ex.o
                0x08007d36                HAL_RTCEx_Tamper1EventCallback
 .text.HAL_RTCEx_Tamper2EventCallback
                0x08007d38        0x2 ./Drivers/STM32F0xx_HAL_Driver/Src/stm32f0xx_hal_rtc_ex.o
                0x08007d38                HAL_RTCEx_Tamper2EventCallback
 .text.HAL_RTCEx_Tamper3EventCallback
                0x08007d3a        0x2 ./Drivers/STM32F0xx_HAL_Driver/Src/stm32f0xx_hal_rtc_ex.o
                0x08007d3a                HAL_RTCEx_Tamper3EventCallback
 .text.HAL_RTCEx_TamperTimeStampIRQHandler
                0x08007d3c       0xa4 ./Drivers/STM32F0xx_HAL_Driver/Src/stm32f0xx_hal_rtc_ex.o
                0x08007d3c                HAL_RTCEx_TamperTimeStampIRQHandler
 .text.HAL_RTCEx_SetWakeUpTimer_IT
                0x08007de0       0xec ./Drivers/STM32F0xx_HAL_Driver/Src/stm32f0xx_hal_rtc_ex.o
                0x08007de0                HAL_RTCEx_SetWakeUpTimer_IT
 .text.HAL_RTCEx_WakeUpTimerEventCallback
                0x08007ecc        0x2 ./Drivers/STM32F0xx_HAL_Driver/Src/stm32f0xx_hal_rtc_ex.o
                0x08007ecc                HAL_RTCEx_WakeUpTimerEventCallback
 *fill*         0x08007ece        0x2 
 .text.HAL_RTCEx_WakeUpTimerIRQHandler
                0x08007ed0       0x38 ./Drivers/STM32F0xx_HAL_Driver/Src/stm32f0xx_hal_rtc_ex.o
                0x08007ed0                HAL_RTCEx_WakeUpTimerIRQHandler
 .text.HAL_RTCEx_BKUPWrite
                0x08007f08        0xc ./Drivers/STM32F0xx_HAL_Driver/Src/stm32f0xx_hal_rtc_ex.o
                0x08007f08                HAL_RTCEx_BKUPWrite
 .text.HAL_RTCEx_BKUPRead
                0x08007f14        0xc ./Drivers/STM32F0xx_HAL_Driver/Src/stm32f0xx_hal_rtc_ex.o
                0x08007f14                HAL_RTCEx_BKUPRead
 .text.SPI_WaitFifoStateUntilTimeout.part.1
                0x08007f20       0x60 ./Drivers/STM32F0xx_HAL_Driver/Src/stm32f0xx_hal_spi.o
 .text.SPI_WaitFlagStateUntilTimeout.constprop.9
                0x08007f80       0x2e ./Drivers/STM32F0xx_HAL_Driver/Src/stm32f0xx_hal_spi.o
 .text.SPI_WaitFifoStateUntilTimeout.constprop.10
                0x08007fae       0x48 ./Drivers/STM32F0xx_HAL_Driver/Src/stm32f0xx_hal_spi.o
 .text.SPI_EndRxTxTransaction
                0x08007ff6       0x46 ./Drivers/STM32F0xx_HAL_Driver/Src/stm32f0xx_hal_spi.o
 .text.SPI_EndRxTransaction
                0x0800803c       0x7a ./Drivers/STM32F0xx_HAL_Driver/Src/stm32f0xx_hal_spi.o
 *fill*         0x080080b6        0x2 
 .text.HAL_SPI_Init
                0x080080b8       0xbc ./Drivers/STM32F0xx_HAL_Driver/Src/stm32f0xx_hal_spi.o
                0x080080b8                HAL_SPI_Init
 .text.HAL_SPI_Transmit
                0x08008174      0x1aa ./Drivers/STM32F0xx_HAL_Driver/Src/stm32f0xx_hal_spi.o
                0x08008174                HAL_SPI_Transmit
 *fill*         0x0800831e        0x2 
 .text.HAL_SPI_TransmitReceive
                0x08008320      0x268 ./Drivers/STM32F0xx_HAL_Driver/Src/stm32f0xx_hal_spi.o
                0x08008320                HAL_SPI_TransmitReceive
 .text.HAL_SPI_Receive
                0x08008588      0x17c ./Drivers/STM32F0xx_HAL_Driver/Src/stm32f0xx_hal_spi.o
                0x08008588                HAL_SPI_Receive
 .text.TIM_OC1_SetConfig
                0x08008704       0x88 ./Drivers/STM32F0xx_HAL_Driver/Src/stm32f0xx_hal_tim.o
 .text.TIM_OC3_SetConfig
                0x0800878c       0x88 ./Drivers/STM32F0xx_HAL_Driver/Src/stm32f0xx_hal_tim.o
 .text.TIM_OC4_SetConfig
                0x08008814       0x74 ./Drivers/STM32F0xx_HAL_Driver/Src/stm32f0xx_hal_tim.o
 .text.HAL_TIM_Base_Start_IT
                0x08008888       0x14 ./Drivers/STM32F0xx_HAL_Driver/Src/stm32f0xx_hal_tim.o
                0x08008888                HAL_TIM_Base_Start_IT
 .text.HAL_TIM_PWM_MspInit
                0x0800889c        0x2 ./Drivers/STM32F0xx_HAL_Driver/Src/stm32f0xx_hal_tim.o
                0x0800889c                HAL_TIM_PWM_MspInit
 .text.HAL_TIM_OC_DelayElapsedCallback
                0x0800889e        0x2 ./Drivers/STM32F0xx_HAL_Driver/Src/stm32f0xx_hal_tim.o
                0x0800889e                HAL_TIM_OC_DelayElapsedCallback
 .text.HAL_TIM_IC_CaptureCallback
                0x080088a0        0x2 ./Drivers/STM32F0xx_HAL_Driver/Src/stm32f0xx_hal_tim.o
                0x080088a0                HAL_TIM_IC_CaptureCallback
 .text.HAL_TIM_PWM_PulseFinishedCallback
                0x080088a2        0x2 ./Drivers/STM32F0xx_HAL_Driver/Src/stm32f0xx_hal_tim.o
                0x080088a2                HAL_TIM_PWM_PulseFinishedCallback
 .text.HAL_TIM_TriggerCallback
                0x080088a4        0x2 ./Drivers/STM32F0xx_HAL_Driver/Src/stm32f0xx_hal_tim.o
                0x080088a4                HAL_TIM_TriggerCallback
 .text.HAL_TIM_IRQHandler
                0x080088a6      0x148 ./Drivers/STM32F0xx_HAL_Driver/Src/stm32f0xx_hal_tim.o
                0x080088a6                HAL_TIM_IRQHandler
 *fill*         0x080089ee        0x2 
 .text.TIM_Base_SetConfig
                0x080089f0       0xa0 ./Drivers/STM32F0xx_HAL_Driver/Src/stm32f0xx_hal_tim.o
                0x080089f0                TIM_Base_SetConfig
 .text.HAL_TIM_Base_Init
                0x08008a90       0x36 ./Drivers/STM32F0xx_HAL_Driver/Src/stm32f0xx_hal_tim.o
                0x08008a90                HAL_TIM_Base_Init
 .text.HAL_TIM_PWM_Init
                0x08008ac6       0x36 ./Drivers/STM32F0xx_HAL_Driver/Src/stm32f0xx_hal_tim.o
                0x08008ac6                HAL_TIM_PWM_Init
 .text.TIM_OC2_SetConfig
                0x08008afc       0x80 ./Drivers/STM32F0xx_HAL_Driver/Src/stm32f0xx_hal_tim.o
                0x08008afc                TIM_OC2_SetConfig
 .text.HAL_TIM_PWM_ConfigChannel
                0x08008b7c       0xd4 ./Drivers/STM32F0xx_HAL_Driver/Src/stm32f0xx_hal_tim.o
                0x08008b7c                HAL_TIM_PWM_ConfigChannel
 .text.TIM_ETR_SetConfig
                0x08008c50       0x18 ./Drivers/STM32F0xx_HAL_Driver/Src/stm32f0xx_hal_tim.o
                0x08008c50                TIM_ETR_SetConfig
 .text.HAL_TIM_ConfigClockSource
                0x08008c68      0x168 ./Drivers/STM32F0xx_HAL_Driver/Src/stm32f0xx_hal_tim.o
                0x08008c68                HAL_TIM_ConfigClockSource
 .text.TIM_SlaveTimer_SetConfig
                0x08008dd0       0xa4 ./Drivers/STM32F0xx_HAL_Driver/Src/stm32f0xx_hal_tim.o
 .text.HAL_TIM_SlaveConfigSynchronization
                0x08008e74       0x40 ./Drivers/STM32F0xx_HAL_Driver/Src/stm32f0xx_hal_tim.o
                0x08008e74                HAL_TIM_SlaveConfigSynchronization
 .text.HAL_TIMEx_MasterConfigSynchronization
                0x08008eb4       0x42 ./Drivers/STM32F0xx_HAL_Driver/Src/stm32f0xx_hal_tim_ex.o
                0x08008eb4                HAL_TIMEx_MasterConfigSynchronization
 .text.HAL_TIMEx_CommutationCallback
                0x08008ef6        0x2 ./Drivers/STM32F0xx_HAL_Driver/Src/stm32f0xx_hal_tim_ex.o
                0x08008ef6                HAL_TIMEx_CommutationCallback
 .text.HAL_TIMEx_BreakCallback
                0x08008ef8        0x2 ./Drivers/STM32F0xx_HAL_Driver/Src/stm32f0xx_hal_tim_ex.o
                0x08008ef8                HAL_TIMEx_BreakCallback
 *fill*         0x08008efa        0x2 
 .text.UART_EndRxTransfer
                0x08008efc       0x20 ./Drivers/STM32F0xx_HAL_Driver/Src/stm32f0xx_hal_uart.o
 .text.HAL_UART_Transmit_DMA
                0x08008f1c       0x8c ./Drivers/STM32F0xx_HAL_Driver/Src/stm32f0xx_hal_uart.o
                0x08008f1c                HAL_UART_Transmit_DMA
 .text.HAL_UART_Receive_DMA
                0x08008fa8       0x9c ./Drivers/STM32F0xx_HAL_Driver/Src/stm32f0xx_hal_uart.o
                0x08008fa8                HAL_UART_Receive_DMA
 .text.HAL_UART_TxCpltCallback
                0x08009044        0x2 ./Drivers/STM32F0xx_HAL_Driver/Src/stm32f0xx_hal_uart.o
                0x08009044                HAL_UART_TxCpltCallback
 .text.UART_DMATransmitCplt
                0x08009046       0x30 ./Drivers/STM32F0xx_HAL_Driver/Src/stm32f0xx_hal_uart.o
 .text.HAL_UART_TxHalfCpltCallback
                0x08009076        0x2 ./Drivers/STM32F0xx_HAL_Driver/Src/stm32f0xx_hal_uart.o
                0x08009076                HAL_UART_TxHalfCpltCallback
 .text.UART_DMATxHalfCplt
                0x08009078        0xa ./Drivers/STM32F0xx_HAL_Driver/Src/stm32f0xx_hal_uart.o
 .text.HAL_UART_RxCpltCallback
                0x08009082        0x2 ./Drivers/STM32F0xx_HAL_Driver/Src/stm32f0xx_hal_uart.o
                0x08009082                HAL_UART_RxCpltCallback
 .text.UART_DMAReceiveCplt
                0x08009084       0x44 ./Drivers/STM32F0xx_HAL_Driver/Src/stm32f0xx_hal_uart.o
 .text.HAL_UART_RxHalfCpltCallback
                0x080090c8        0x2 ./Drivers/STM32F0xx_HAL_Driver/Src/stm32f0xx_hal_uart.o
                0x080090c8                HAL_UART_RxHalfCpltCallback
 .text.UART_DMARxHalfCplt
                0x080090ca        0xa ./Drivers/STM32F0xx_HAL_Driver/Src/stm32f0xx_hal_uart.o
 .text.HAL_UART_ErrorCallback
                0x080090d4        0x2 ./Drivers/STM32F0xx_HAL_Driver/Src/stm32f0xx_hal_uart.o
                0x080090d4                HAL_UART_ErrorCallback
 .text.UART_DMAError
                0x080090d6       0x5a ./Drivers/STM32F0xx_HAL_Driver/Src/stm32f0xx_hal_uart.o
 .text.UART_DMAAbortOnError
                0x08009130       0x16 ./Drivers/STM32F0xx_HAL_Driver/Src/stm32f0xx_hal_uart.o
 .text.HAL_UART_AbortCpltCallback
                0x08009146        0x2 ./Drivers/STM32F0xx_HAL_Driver/Src/stm32f0xx_hal_uart.o
                0x08009146                HAL_UART_AbortCpltCallback
 .text.HAL_UART_Abort_IT
                0x08009148       0xc0 ./Drivers/STM32F0xx_HAL_Driver/Src/stm32f0xx_hal_uart.o
                0x08009148                HAL_UART_Abort_IT
 .text.UART_DMARxAbortCallback
                0x08009208       0x36 ./Drivers/STM32F0xx_HAL_Driver/Src/stm32f0xx_hal_uart.o
 .text.UART_DMATxAbortCallback
                0x0800923e       0x36 ./Drivers/STM32F0xx_HAL_Driver/Src/stm32f0xx_hal_uart.o
 .text.UART_SetConfig
                0x08009274      0x1c0 ./Drivers/STM32F0xx_HAL_Driver/Src/stm32f0xx_hal_uart.o
                0x08009274                UART_SetConfig
 .text.UART_AdvFeatureConfig
                0x08009434       0xd0 ./Drivers/STM32F0xx_HAL_Driver/Src/stm32f0xx_hal_uart.o
                0x08009434                UART_AdvFeatureConfig
 .text.UART_WaitOnFlagUntilTimeout
                0x08009504       0x64 ./Drivers/STM32F0xx_HAL_Driver/Src/stm32f0xx_hal_uart.o
                0x08009504                UART_WaitOnFlagUntilTimeout
 .text.HAL_UART_Transmit
                0x08009568       0xcc ./Drivers/STM32F0xx_HAL_Driver/Src/stm32f0xx_hal_uart.o
                0x08009568                HAL_UART_Transmit
 .text.UART_CheckIdleState
                0x08009634       0x84 ./Drivers/STM32F0xx_HAL_Driver/Src/stm32f0xx_hal_uart.o
                0x08009634                UART_CheckIdleState
 .text.HAL_UART_Init
                0x080096b8       0x6c ./Drivers/STM32F0xx_HAL_Driver/Src/stm32f0xx_hal_uart.o
                0x080096b8                HAL_UART_Init
 .text.UART_Transmit_IT
                0x08009724       0x64 ./Drivers/STM32F0xx_HAL_Driver/Src/stm32f0xx_hal_uart.o
                0x08009724                UART_Transmit_IT
 .text.UART_EndTransmit_IT
                0x08009788       0x1c ./Drivers/STM32F0xx_HAL_Driver/Src/stm32f0xx_hal_uart.o
                0x08009788                UART_EndTransmit_IT
 .text.UART_Receive_IT
                0x080097a4       0x7c ./Drivers/STM32F0xx_HAL_Driver/Src/stm32f0xx_hal_uart.o
                0x080097a4                UART_Receive_IT
 .text.HAL_UART_IRQHandler
                0x08009820      0x138 ./Drivers/STM32F0xx_HAL_Driver/Src/stm32f0xx_hal_uart.o
                0x08009820                HAL_UART_IRQHandler
 .text.HAL_UARTEx_WakeupCallback
                0x08009958        0x2 ./Drivers/STM32F0xx_HAL_Driver/Src/stm32f0xx_hal_uart_ex.o
                0x08009958                HAL_UARTEx_WakeupCallback
 *fill*         0x0800995a        0x2 
 .text.__libc_init_array
                0x0800995c       0x48 c:/program files (x86)/gnu tools arm embedded/6 2017-q2-update/bin/../lib/gcc/arm-none-eabi/6.3.1/../../../../arm-none-eabi/lib/thumb/v6-m\libg_nano.a(lib_a-init.o)
                0x0800995c                __libc_init_array
 .text.memcpy   0x080099a4       0x12 c:/program files (x86)/gnu tools arm embedded/6 2017-q2-update/bin/../lib/gcc/arm-none-eabi/6.3.1/../../../../arm-none-eabi/lib/thumb/v6-m\libg_nano.a(lib_a-memcpy-stub.o)
                0x080099a4                memcpy
 .text.memset   0x080099b6       0x10 c:/program files (x86)/gnu tools arm embedded/6 2017-q2-update/bin/../lib/gcc/arm-none-eabi/6.3.1/../../../../arm-none-eabi/lib/thumb/v6-m\libg_nano.a(lib_a-memset.o)
                0x080099b6                memset
 .text.strncpy  0x080099c6       0x2a c:/program files (x86)/gnu tools arm embedded/6 2017-q2-update/bin/../lib/gcc/arm-none-eabi/6.3.1/../../../../arm-none-eabi/lib/thumb/v6-m\libg_nano.a(lib_a-strncpy.o)
                0x080099c6                strncpy
 *(.glue_7)
 .glue_7        0x080099f0        0x0 linker stubs
 *(.glue_7t)
 .glue_7t       0x080099f0        0x0 linker stubs
 *(.eh_frame)
 .eh_frame      0x080099f0        0x0 c:/program files (x86)/gnu tools arm embedded/6 2017-q2-update/bin/../lib/gcc/arm-none-eabi/6.3.1/thumb/v6-m/crtbegin.o
 *(.init)
 .init          0x080099f0        0x4 c:/program files (x86)/gnu tools arm embedded/6 2017-q2-update/bin/../lib/gcc/arm-none-eabi/6.3.1/thumb/v6-m/crti.o
                0x080099f0                _init
 .init          0x080099f4        0x8 c:/program files (x86)/gnu tools arm embedded/6 2017-q2-update/bin/../lib/gcc/arm-none-eabi/6.3.1/thumb/v6-m/crtn.o
 *(.fini)
 .fini          0x080099fc        0x4 c:/program files (x86)/gnu tools arm embedded/6 2017-q2-update/bin/../lib/gcc/arm-none-eabi/6.3.1/thumb/v6-m/crti.o
                0x080099fc                _fini
 .fini          0x08009a00        0x8 c:/program files (x86)/gnu tools arm embedded/6 2017-q2-update/bin/../lib/gcc/arm-none-eabi/6.3.1/thumb/v6-m/crtn.o
                0x08009a08                . = ALIGN (0x4)
                0x08009a08                _etext = .

.vfp11_veneer   0x08009a08        0x0
 .vfp11_veneer  0x08009a08        0x0 linker stubs

.v4_bx          0x08009a08        0x0
 .v4_bx         0x08009a08        0x0 linker stubs

.iplt           0x08009a08        0x0
 .iplt          0x08009a08        0x0 c:/program files (x86)/gnu tools arm embedded/6 2017-q2-update/bin/../lib/gcc/arm-none-eabi/6.3.1/thumb/v6-m/crtbegin.o

.rodata         0x08009a08      0x328
                0x08009a08                . = ALIGN (0x4)
 *(.rodata)
 .rodata        0x08009a08      0x124 ./Src/freertos.o
 .rodata        0x08009b2c       0x20 ./Drivers/STM32F0xx_HAL_Driver/Src/stm32f0xx_hal_rcc.o
 *(.rodata*)
 .rodata.MX_ADC_Init.str1.1
                0x08009b4c        0xd ./Src/adc.o
 .rodata.MX_CAN_Init.str1.1
                0x08009b59        0xd ./Src/can.o
 .rodata.can_entry.str1.1
                0x08009b66       0x12 ./Src/freertos.o
 .rodata.str1.1
                0x08009b78       0x8c ./Src/freertos.o
 .rodata.usart2_entry.str1.1
                0x08009c04       0xaa ./Src/freertos.o
 .rodata.usart3_entry.str1.1
                0x08009cae       0x10 ./Src/freertos.o
 .rodata.MX_I2C1_Init.str1.1
                0x08009cbe        0xd ./Src/i2c.o
 .rodata.MX_IWDG_Init.str1.1
                0x08009ccb        0xe ./Src/iwdg.o
 .rodata.MX_RTC_Init.str1.1
                0x08009cd9        0xd ./Src/rtc.o
 .rodata.MX_SPI1_Init.str1.1
                0x08009ce6        0xd ./Src/spi.o
 .rodata.AHBPrescTable
                0x08009cf3       0x10 ./Src/system_stm32f0xx.o
                0x08009cf3                AHBPrescTable
 .rodata.APBPrescTable
                0x08009d03        0x8 ./Src/system_stm32f0xx.o
                0x08009d03                APBPrescTable
 .rodata.MX_TIM2_Init.str1.1
                0x08009d0b        0xd ./Src/tim.o
 .rodata.MX_USART1_UART_Init.str1.1
                0x08009d18        0xf ./Src/usart.o
 .rodata.vTaskStartScheduler.str1.1
                0x08009d27        0x5 ./Middlewares/Third_Party/FreeRTOS/Source/tasks.o
 .rodata.CSWTCH.50
                0x08009d2c        0x4 ./Drivers/STM32F0xx_HAL_Driver/Src/stm32f0xx_hal_uart.o
                0x08009d30                . = ALIGN (0x4)

.rel.dyn        0x08009d30        0x0
 .rel.iplt      0x08009d30        0x0 c:/program files (x86)/gnu tools arm embedded/6 2017-q2-update/bin/../lib/gcc/arm-none-eabi/6.3.1/thumb/v6-m/crtbegin.o

.ARM.extab
 *(.ARM.extab* .gnu.linkonce.armextab.*)

.ARM            0x08009d30        0x0
                0x08009d30                __exidx_start = .
 *(.ARM.exidx*)
                0x08009d30                __exidx_end = .

.preinit_array  0x08009d30        0x0
                0x08009d30                PROVIDE (__preinit_array_start, .)
 *(.preinit_array*)
                0x08009d30                PROVIDE (__preinit_array_end, .)

.init_array     0x08009d30        0x4
                0x08009d30                PROVIDE (__init_array_start, .)
 *(SORT(.init_array.*))
 *(.init_array*)
 .init_array    0x08009d30        0x4 c:/program files (x86)/gnu tools arm embedded/6 2017-q2-update/bin/../lib/gcc/arm-none-eabi/6.3.1/thumb/v6-m/crtbegin.o
                0x08009d34                PROVIDE (__init_array_end, .)

.fini_array     0x08009d34        0x4
                [!provide]                PROVIDE (__fini_array_start, .)
 *(SORT(.fini_array.*))
 *(.fini_array*)
 .fini_array    0x08009d34        0x4 c:/program files (x86)/gnu tools arm embedded/6 2017-q2-update/bin/../lib/gcc/arm-none-eabi/6.3.1/thumb/v6-m/crtbegin.o
                [!provide]                PROVIDE (__fini_array_end, .)
                0x08009d38                _sidata = LOADADDR (.data)

.data           0x20000000      0x270 load address 0x08009d38
                0x20000000                . = ALIGN (0x4)
                0x20000000                _sdata = .
 *(.data)
 *(.data*)
 .data.eeprom_test
                0x20000000       0x5c ./Src/freertos.o
                0x20000000                eeprom_test
 .data.flash_IgEvent
                0x2000005c       0x32 ./Src/freertos.o
                0x2000005c                flash_IgEvent
 .data.ig_var   0x2000008e        0x3 ./Src/freertos.o
                0x2000008e                ig_var
 .data.uart_Tx  0x20000091      0x1d4 ./Src/freertos.o
                0x20000091                uart_Tx
 *fill*         0x20000265        0x3 
 .data.SystemCoreClock
                0x20000268        0x4 ./Src/system_stm32f0xx.o
                0x20000268                SystemCoreClock
 .data.uxCriticalNesting
                0x2000026c        0x4 ./Middlewares/Third_Party/FreeRTOS/Source/portable/GCC/ARM_CM0/port.o
                0x20000270                . = ALIGN (0x4)
                0x20000270                _edata = .

.jcr            0x20000270        0x0 load address 0x08009fa8
 .jcr           0x20000270        0x0 c:/program files (x86)/gnu tools arm embedded/6 2017-q2-update/bin/../lib/gcc/arm-none-eabi/6.3.1/thumb/v6-m/crtbegin.o

.igot.plt       0x20000270        0x0 load address 0x08009fa8
 .igot.plt      0x20000270        0x0 c:/program files (x86)/gnu tools arm embedded/6 2017-q2-update/bin/../lib/gcc/arm-none-eabi/6.3.1/thumb/v6-m/crtbegin.o
                0x20000270                . = ALIGN (0x4)

.bss            0x20000270     0x34c0 load address 0x08009fa8
                0x20000270                _sbss = .
                0x20000270                __bss_start__ = _sbss
 *(.bss)
 .bss           0x20000270       0x1c c:/program files (x86)/gnu tools arm embedded/6 2017-q2-update/bin/../lib/gcc/arm-none-eabi/6.3.1/thumb/v6-m/crtbegin.o
 *(.bss*)
 .bss.EraseInitStruct
                0x2000028c        0xc ./Src/freertos.o
 .bss.PageError
                0x20000298        0x4 ./Src/freertos.o
                0x20000298                PageError
 .bss.cml_array
                0x2000029c       0x40 ./Src/freertos.o
                0x2000029c                cml_array
 .bss.cml_proc  0x200002dc       0x40 ./Src/freertos.o
                0x200002dc                cml_proc
 .bss.countdown_timer
                0x2000031c        0x9 ./Src/freertos.o
                0x2000031c                countdown_timer
 .bss.flag_flashWrite
                0x20000325        0x1 ./Src/freertos.o
                0x20000325                flag_flashWrite
 .bss.flag_jumpToBootloader
                0x20000326        0x1 ./Src/freertos.o
                0x20000326                flag_jumpToBootloader
 .bss.r280_module_state
                0x20000327        0xc ./Src/freertos.o
                0x20000327                r280_module_state
 *fill*         0x20000333        0x1 
 .bss.sAlarm    0x20000334       0x28 ./Src/freertos.o
                0x20000334                sAlarm
 .bss.sDate     0x2000035c        0x4 ./Src/freertos.o
                0x2000035c                sDate
 .bss.sTime     0x20000360       0x14 ./Src/freertos.o
                0x20000360                sTime
 .bss.sva_gpi   0x20000374        0x1 ./Src/freertos.o
                0x20000374                sva_gpi
 .bss.sva_gpo   0x20000375        0x2 ./Src/freertos.o
                0x20000375                sva_gpo
 .bss.wwan_command
                0x20000377        0x1 ./Src/freertos.o
                0x20000377                wwan_command
 .bss.pxEnd     0x20000378        0x4 ./Middlewares/Third_Party/FreeRTOS/Source/portable/MemMang/heap_4.o
 .bss.ucHeap    0x2000037c     0x2c00 ./Middlewares/Third_Party/FreeRTOS/Source/portable/MemMang/heap_4.o
 .bss.xBlockAllocatedBit
                0x20002f7c        0x4 ./Middlewares/Third_Party/FreeRTOS/Source/portable/MemMang/heap_4.o
 .bss.xFreeBytesRemaining
                0x20002f80        0x4 ./Middlewares/Third_Party/FreeRTOS/Source/portable/MemMang/heap_4.o
 .bss.xMinimumEverFreeBytesRemaining
                0x20002f84        0x4 ./Middlewares/Third_Party/FreeRTOS/Source/portable/MemMang/heap_4.o
 .bss.xStart    0x20002f88        0x8 ./Middlewares/Third_Party/FreeRTOS/Source/portable/MemMang/heap_4.o
 .bss.pxCurrentTCB
                0x20002f90        0x4 ./Middlewares/Third_Party/FreeRTOS/Source/tasks.o
                0x20002f90                pxCurrentTCB
 .bss.pxDelayedTaskList
                0x20002f94        0x4 ./Middlewares/Third_Party/FreeRTOS/Source/tasks.o
 .bss.pxOverflowDelayedTaskList
                0x20002f98        0x4 ./Middlewares/Third_Party/FreeRTOS/Source/tasks.o
 .bss.pxReadyTasksLists
                0x20002f9c       0x8c ./Middlewares/Third_Party/FreeRTOS/Source/tasks.o
 .bss.uxCurrentNumberOfTasks
                0x20003028        0x4 ./Middlewares/Third_Party/FreeRTOS/Source/tasks.o
 .bss.uxDeletedTasksWaitingCleanUp
                0x2000302c        0x4 ./Middlewares/Third_Party/FreeRTOS/Source/tasks.o
 .bss.uxPendedTicks
                0x20003030        0x4 ./Middlewares/Third_Party/FreeRTOS/Source/tasks.o
 .bss.uxSchedulerSuspended
                0x20003034        0x4 ./Middlewares/Third_Party/FreeRTOS/Source/tasks.o
 .bss.uxTaskNumber
                0x20003038        0x4 ./Middlewares/Third_Party/FreeRTOS/Source/tasks.o
 .bss.uxTopReadyPriority
                0x2000303c        0x4 ./Middlewares/Third_Party/FreeRTOS/Source/tasks.o
 .bss.xDelayedTaskList1
                0x20003040       0x14 ./Middlewares/Third_Party/FreeRTOS/Source/tasks.o
 .bss.xDelayedTaskList2
                0x20003054       0x14 ./Middlewares/Third_Party/FreeRTOS/Source/tasks.o
 .bss.xIdleTaskHandle
                0x20003068        0x4 ./Middlewares/Third_Party/FreeRTOS/Source/tasks.o
 .bss.xNextTaskUnblockTime
                0x2000306c        0x4 ./Middlewares/Third_Party/FreeRTOS/Source/tasks.o
 .bss.xNumOfOverflows
                0x20003070        0x4 ./Middlewares/Third_Party/FreeRTOS/Source/tasks.o
 .bss.xPendingReadyList
                0x20003074       0x14 ./Middlewares/Third_Party/FreeRTOS/Source/tasks.o
 .bss.xSchedulerRunning
                0x20003088        0x4 ./Middlewares/Third_Party/FreeRTOS/Source/tasks.o
 .bss.xSuspendedTaskList
                0x2000308c       0x14 ./Middlewares/Third_Party/FreeRTOS/Source/tasks.o
 .bss.xTasksWaitingTermination
                0x200030a0       0x14 ./Middlewares/Third_Party/FreeRTOS/Source/tasks.o
 .bss.xTickCount
                0x200030b4        0x4 ./Middlewares/Third_Party/FreeRTOS/Source/tasks.o
 .bss.xYieldPending
                0x200030b8        0x4 ./Middlewares/Third_Party/FreeRTOS/Source/tasks.o
 *(COMMON)
 COMMON         0x200030bc       0x90 ./Src/adc.o
                0x200030bc                hdma_adc
                0x20003100                hadc
 COMMON         0x2000314c       0x44 ./Src/can.o
                0x2000314c                hcan
 COMMON         0x20003190      0x12c ./Src/freertos.o
                0x20003190                USART1_TaskHandle
                0x20003194                defaultTaskHandle
                0x20003198                I2C1_ZAXIS_QHandle
                0x2000319c                xTimeNow
                0x200031a0                I2C1_GSENSOR_QHandle
                0x200031a4                MUTEX_SPI1Handle
                0x200031a8                JumpAddress
                0x200031ac                USART3_TaskHandle
                0x200031b0                SPI1_TaskHandle
                0x200031b4                ADC_TaskHandle
                0x200031b8                hdma_usart1_tx
                0x200031fc                UART2_LAT_QHandle
                0x20003200                IWDG_TaskHandle
                0x20003204                hdma_usart1_rx
                0x20003248                I2C1_XAXIS_QHandle
                0x2000324c                current_IgEvent
                0x20003280                I2C1_YAXIS_QHandle
                0x20003284                I2C1_TaskHandle
                0x20003288                ADC_TEMP_QHandle
                0x2000328c                MUTEX_DebugHandle
                0x20003290                CAN_TaskHandle
                0x20003294                IGNITION_TaskHandle
                0x20003298                ADC_VOLT_QHandle
                0x2000329c                UART2_LONG_QHandle
                0x200032a0                MUTEX_ADC_QHandle
                0x200032a4                GPIO_MISC_QHandle
                0x200032a8                JumpToApplication
                0x200032ac                MUTEX_CMD_PROCHandle
                0x200032b0                GPIO_STATE_TaskHandle
                0x200032b4                USART2_TaskHandle
                0x200032b8                CMD_PROC_TaskHandle
 COMMON         0x200032bc       0x98 ./Src/i2c.o
                0x200032bc                hi2c1
                0x20003308                hi2c2
 COMMON         0x20003354       0x10 ./Src/iwdg.o
                0x20003354                hiwdg
 COMMON         0x20003364       0x20 ./Src/rtc.o
                0x20003364                hrtc
 COMMON         0x20003384       0x64 ./Src/spi.o
                0x20003384                hspi1
 COMMON         0x200033e8       0x40 ./Src/stm32f0xx_hal_timebase_TIM.o
                0x200033e8                htim1
 COMMON         0x20003428       0x80 ./Src/tim.o
                0x20003428                htim2
                0x20003468                htim14
 COMMON         0x200034a8      0x260 ./Src/usart.o
                0x200034a8                hdma_usart2_rx
                0x200034ec                hdma_usart3_rx
                0x20003530                huart3
                0x200035a0                hdma_usart3_tx
                0x200035e4                hdma_usart2_tx
                0x20003628                huart1
                0x20003698                huart2
 COMMON         0x20003708        0x4 ./Drivers/STM32F0xx_HAL_Driver/Src/stm32f0xx_hal.o
                0x20003708                uwTick
 *fill*         0x2000370c        0x4 
 COMMON         0x20003710       0x20 ./Drivers/STM32F0xx_HAL_Driver/Src/stm32f0xx_hal_flash.o
                0x20003710                pFlash
                0x20003730                . = ALIGN (0x4)
                0x20003730                _ebss = .
                0x20003730                __bss_end__ = _ebss

._user_heap_stack
                0x20003730      0x600 load address 0x08009fa8
                0x20003730                . = ALIGN (0x8)
                [!provide]                PROVIDE (end, .)
                [!provide]                PROVIDE (_end, .)
                0x20003930                . = (. + _Min_Heap_Size)
 *fill*         0x20003730      0x200 
                0x20003d30                . = (. + _Min_Stack_Size)
 *fill*         0x20003930      0x400 
                0x20003d30                . = ALIGN (0x8)

/DISCARD/
 libc.a(*)
 libm.a(*)
 libgcc.a(*)

.ARM.attributes
                0x00000000       0x28
 *(.ARM.attributes)
 .ARM.attributes
                0x00000000       0x1e c:/program files (x86)/gnu tools arm embedded/6 2017-q2-update/bin/../lib/gcc/arm-none-eabi/6.3.1/thumb/v6-m/crti.o
 .ARM.attributes
                0x0000001e       0x2c c:/program files (x86)/gnu tools arm embedded/6 2017-q2-update/bin/../lib/gcc/arm-none-eabi/6.3.1/thumb/v6-m/crtbegin.o
 .ARM.attributes
                0x0000004a       0x31 ./Src/adc.o
 .ARM.attributes
                0x0000007b       0x31 ./Src/can.o
 .ARM.attributes
                0x000000ac       0x31 ./Src/dma.o
 .ARM.attributes
                0x000000dd       0x31 ./Src/freertos.o
 .ARM.attributes
                0x0000010e       0x31 ./Src/gpio.o
 .ARM.attributes
                0x0000013f       0x31 ./Src/i2c.o
 .ARM.attributes
                0x00000170       0x31 ./Src/iwdg.o
 .ARM.attributes
                0x000001a1       0x31 ./Src/main.o
 .ARM.attributes
                0x000001d2       0x31 ./Src/rtc.o
 .ARM.attributes
                0x00000203       0x31 ./Src/spi.o
 .ARM.attributes
                0x00000234       0x21 ./Src/startup_stm32f091xc.o
 .ARM.attributes
                0x00000255       0x31 ./Src/stm32f0xx_hal_msp.o
 .ARM.attributes
                0x00000286       0x31 ./Src/stm32f0xx_hal_timebase_TIM.o
 .ARM.attributes
                0x000002b7       0x31 ./Src/stm32f0xx_it.o
 .ARM.attributes
                0x000002e8       0x31 ./Src/system_stm32f0xx.o
 .ARM.attributes
                0x00000319       0x31 ./Src/tim.o
 .ARM.attributes
                0x0000034a       0x31 ./Src/usart.o
 .ARM.attributes
                0x0000037b       0x31 ./Middlewares/Third_Party/FreeRTOS/Source/portable/MemMang/heap_4.o
 .ARM.attributes
                0x000003ac       0x31 ./Middlewares/Third_Party/FreeRTOS/Source/portable/GCC/ARM_CM0/port.o
 .ARM.attributes
                0x000003dd       0x31 ./Middlewares/Third_Party/FreeRTOS/Source/CMSIS_RTOS/cmsis_os.o
 .ARM.attributes
                0x0000040e       0x31 ./Middlewares/Third_Party/FreeRTOS/Source/list.o
 .ARM.attributes
                0x0000043f       0x31 ./Middlewares/Third_Party/FreeRTOS/Source/queue.o
 .ARM.attributes
                0x00000470       0x31 ./Middlewares/Third_Party/FreeRTOS/Source/tasks.o
 .ARM.attributes
                0x000004a1       0x31 ./Drivers/STM32F0xx_HAL_Driver/Src/stm32f0xx_hal.o
 .ARM.attributes
                0x000004d2       0x31 ./Drivers/STM32F0xx_HAL_Driver/Src/stm32f0xx_hal_adc.o
 .ARM.attributes
                0x00000503       0x31 ./Drivers/STM32F0xx_HAL_Driver/Src/stm32f0xx_hal_can.o
 .ARM.attributes
                0x00000534       0x31 ./Drivers/STM32F0xx_HAL_Driver/Src/stm32f0xx_hal_cortex.o
 .ARM.attributes
                0x00000565       0x31 ./Drivers/STM32F0xx_HAL_Driver/Src/stm32f0xx_hal_dma.o
 .ARM.attributes
                0x00000596       0x31 ./Drivers/STM32F0xx_HAL_Driver/Src/stm32f0xx_hal_flash.o
 .ARM.attributes
                0x000005c7       0x31 ./Drivers/STM32F0xx_HAL_Driver/Src/stm32f0xx_hal_flash_ex.o
 .ARM.attributes
                0x000005f8       0x31 ./Drivers/STM32F0xx_HAL_Driver/Src/stm32f0xx_hal_gpio.o
 .ARM.attributes
                0x00000629       0x31 ./Drivers/STM32F0xx_HAL_Driver/Src/stm32f0xx_hal_i2c.o
 .ARM.attributes
                0x0000065a       0x31 ./Drivers/STM32F0xx_HAL_Driver/Src/stm32f0xx_hal_i2c_ex.o
 .ARM.attributes
                0x0000068b       0x31 ./Drivers/STM32F0xx_HAL_Driver/Src/stm32f0xx_hal_iwdg.o
 .ARM.attributes
                0x000006bc       0x31 ./Drivers/STM32F0xx_HAL_Driver/Src/stm32f0xx_hal_pwr.o
 .ARM.attributes
                0x000006ed       0x31 ./Drivers/STM32F0xx_HAL_Driver/Src/stm32f0xx_hal_rcc.o
 .ARM.attributes
                0x0000071e       0x31 ./Drivers/STM32F0xx_HAL_Driver/Src/stm32f0xx_hal_rcc_ex.o
 .ARM.attributes
                0x0000074f       0x31 ./Drivers/STM32F0xx_HAL_Driver/Src/stm32f0xx_hal_rtc.o
 .ARM.attributes
                0x00000780       0x31 ./Drivers/STM32F0xx_HAL_Driver/Src/stm32f0xx_hal_rtc_ex.o
 .ARM.attributes
                0x000007b1       0x31 ./Drivers/STM32F0xx_HAL_Driver/Src/stm32f0xx_hal_spi.o
 .ARM.attributes
                0x000007e2       0x31 ./Drivers/STM32F0xx_HAL_Driver/Src/stm32f0xx_hal_tim.o
 .ARM.attributes
                0x00000813       0x31 ./Drivers/STM32F0xx_HAL_Driver/Src/stm32f0xx_hal_tim_ex.o
 .ARM.attributes
                0x00000844       0x31 ./Drivers/STM32F0xx_HAL_Driver/Src/stm32f0xx_hal_uart.o
 .ARM.attributes
                0x00000875       0x31 ./Drivers/STM32F0xx_HAL_Driver/Src/stm32f0xx_hal_uart_ex.o
 .ARM.attributes
                0x000008a6       0x1e c:/program files (x86)/gnu tools arm embedded/6 2017-q2-update/bin/../lib/gcc/arm-none-eabi/6.3.1/thumb/v6-m\libgcc.a(_thumb1_case_sqi.o)
 .ARM.attributes
                0x000008c4       0x1e c:/program files (x86)/gnu tools arm embedded/6 2017-q2-update/bin/../lib/gcc/arm-none-eabi/6.3.1/thumb/v6-m\libgcc.a(_thumb1_case_uqi.o)
 .ARM.attributes
                0x000008e2       0x1e c:/program files (x86)/gnu tools arm embedded/6 2017-q2-update/bin/../lib/gcc/arm-none-eabi/6.3.1/thumb/v6-m\libgcc.a(_thumb1_case_shi.o)
 .ARM.attributes
                0x00000900       0x1e c:/program files (x86)/gnu tools arm embedded/6 2017-q2-update/bin/../lib/gcc/arm-none-eabi/6.3.1/thumb/v6-m\libgcc.a(_udivsi3.o)
 .ARM.attributes
                0x0000091e       0x1e c:/program files (x86)/gnu tools arm embedded/6 2017-q2-update/bin/../lib/gcc/arm-none-eabi/6.3.1/thumb/v6-m\libgcc.a(_dvmd_tls.o)
 .ARM.attributes
                0x0000093c       0x1e c:/program files (x86)/gnu tools arm embedded/6 2017-q2-update/bin/../lib/gcc/arm-none-eabi/6.3.1/thumb/v6-m\libgcc.a(_lshrdi3.o)
 .ARM.attributes
                0x0000095a       0x2c c:/program files (x86)/gnu tools arm embedded/6 2017-q2-update/bin/../lib/gcc/arm-none-eabi/6.3.1/../../../../arm-none-eabi/lib/thumb/v6-m\libg_nano.a(lib_a-init.o)
 .ARM.attributes
                0x00000986       0x2c c:/program files (x86)/gnu tools arm embedded/6 2017-q2-update/bin/../lib/gcc/arm-none-eabi/6.3.1/../../../../arm-none-eabi/lib/thumb/v6-m\libg_nano.a(lib_a-memcpy-stub.o)
 .ARM.attributes
                0x000009b2       0x2c c:/program files (x86)/gnu tools arm embedded/6 2017-q2-update/bin/../lib/gcc/arm-none-eabi/6.3.1/../../../../arm-none-eabi/lib/thumb/v6-m\libg_nano.a(lib_a-memset.o)
 .ARM.attributes
                0x000009de       0x2c c:/program files (x86)/gnu tools arm embedded/6 2017-q2-update/bin/../lib/gcc/arm-none-eabi/6.3.1/../../../../arm-none-eabi/lib/thumb/v6-m\libg_nano.a(lib_a-strncpy.o)
 .ARM.attributes
                0x00000a0a       0x1e c:/program files (x86)/gnu tools arm embedded/6 2017-q2-update/bin/../lib/gcc/arm-none-eabi/6.3.1/thumb/v6-m/crtn.o
OUTPUT(STM32F091RCTx_freeRTOS.elf elf32-littlearm)

.debug_info     0x00000000    0x3ec32
 .debug_info    0x00000000     0x119f ./Src/adc.o
 .debug_info    0x0000119f     0x127f ./Src/can.o
 .debug_info    0x0000241e      0xbb5 ./Src/dma.o
 .debug_info    0x00002fd3     0x7064 ./Src/freertos.o
 .debug_info    0x0000a037      0xc92 ./Src/gpio.o
 .debug_info    0x0000acc9     0x1449 ./Src/i2c.o
 .debug_info    0x0000c112      0xa74 ./Src/iwdg.o
 .debug_info    0x0000cb86     0x26a9 ./Src/main.o
 .debug_info    0x0000f22f     0x1165 ./Src/rtc.o
 .debug_info    0x00010394     0x1146 ./Src/spi.o
 .debug_info    0x000114da       0x8b ./Src/startup_stm32f091xc.o
 .debug_info    0x00011565      0xb5c ./Src/stm32f0xx_hal_msp.o
 .debug_info    0x000120c1     0x116b ./Src/stm32f0xx_hal_timebase_TIM.o
 .debug_info    0x0001322c     0x1d5d ./Src/stm32f0xx_it.o
 .debug_info    0x00014f89      0xa77 ./Src/system_stm32f0xx.o
 .debug_info    0x00015a00     0x1465 ./Src/tim.o
 .debug_info    0x00016e65     0x165d ./Src/usart.o
 .debug_info    0x000184c2      0xbb8 ./Middlewares/Third_Party/FreeRTOS/Source/portable/MemMang/heap_4.o
 .debug_info    0x0001907a      0x2ac ./Middlewares/Third_Party/FreeRTOS/Source/portable/GCC/ARM_CM0/port.o
 .debug_info    0x00019326     0x24dd ./Middlewares/Third_Party/FreeRTOS/Source/CMSIS_RTOS/cmsis_os.o
 .debug_info    0x0001b803      0xad0 ./Middlewares/Third_Party/FreeRTOS/Source/list.o
 .debug_info    0x0001c2d3     0x1b37 ./Middlewares/Third_Party/FreeRTOS/Source/queue.o
 .debug_info    0x0001de0a     0x23dc ./Middlewares/Third_Party/FreeRTOS/Source/tasks.o
 .debug_info    0x000201e6      0xe8e ./Drivers/STM32F0xx_HAL_Driver/Src/stm32f0xx_hal.o
 .debug_info    0x00021074     0x16b6 ./Drivers/STM32F0xx_HAL_Driver/Src/stm32f0xx_hal_adc.o
 .debug_info    0x0002272a     0x13ef ./Drivers/STM32F0xx_HAL_Driver/Src/stm32f0xx_hal_can.o
 .debug_info    0x00023b19     0x102d ./Drivers/STM32F0xx_HAL_Driver/Src/stm32f0xx_hal_cortex.o
 .debug_info    0x00024b46     0x1057 ./Drivers/STM32F0xx_HAL_Driver/Src/stm32f0xx_hal_dma.o
 .debug_info    0x00025b9d      0xe71 ./Drivers/STM32F0xx_HAL_Driver/Src/stm32f0xx_hal_flash.o
 .debug_info    0x00026a0e     0x12ed ./Drivers/STM32F0xx_HAL_Driver/Src/stm32f0xx_hal_flash_ex.o
 .debug_info    0x00027cfb      0xeab ./Drivers/STM32F0xx_HAL_Driver/Src/stm32f0xx_hal_gpio.o
 .debug_info    0x00028ba6     0x3980 ./Drivers/STM32F0xx_HAL_Driver/Src/stm32f0xx_hal_i2c.o
 .debug_info    0x0002c526     0x10fb ./Drivers/STM32F0xx_HAL_Driver/Src/stm32f0xx_hal_i2c_ex.o
 .debug_info    0x0002d621      0xaa9 ./Drivers/STM32F0xx_HAL_Driver/Src/stm32f0xx_hal_iwdg.o
 .debug_info    0x0002e0ca      0xcbf ./Drivers/STM32F0xx_HAL_Driver/Src/stm32f0xx_hal_pwr.o
 .debug_info    0x0002ed89     0x11c6 ./Drivers/STM32F0xx_HAL_Driver/Src/stm32f0xx_hal_rcc.o
 .debug_info    0x0002ff4f      0xeaa ./Drivers/STM32F0xx_HAL_Driver/Src/stm32f0xx_hal_rcc_ex.o
 .debug_info    0x00030df9     0x1585 ./Drivers/STM32F0xx_HAL_Driver/Src/stm32f0xx_hal_rtc.o
 .debug_info    0x0003237e     0x1758 ./Drivers/STM32F0xx_HAL_Driver/Src/stm32f0xx_hal_rtc_ex.o
 .debug_info    0x00033ad6     0x27b2 ./Drivers/STM32F0xx_HAL_Driver/Src/stm32f0xx_hal_spi.o
 .debug_info    0x00036288     0x3c43 ./Drivers/STM32F0xx_HAL_Driver/Src/stm32f0xx_hal_tim.o
 .debug_info    0x00039ecb     0x1a3c ./Drivers/STM32F0xx_HAL_Driver/Src/stm32f0xx_hal_tim_ex.o
 .debug_info    0x0003b907     0x210a ./Drivers/STM32F0xx_HAL_Driver/Src/stm32f0xx_hal_uart.o
 .debug_info    0x0003da11     0x1221 ./Drivers/STM32F0xx_HAL_Driver/Src/stm32f0xx_hal_uart_ex.o

.debug_abbrev   0x00000000     0x7cbe
 .debug_abbrev  0x00000000      0x26d ./Src/adc.o
 .debug_abbrev  0x0000026d      0x276 ./Src/can.o
 .debug_abbrev  0x000004e3      0x22d ./Src/dma.o
 .debug_abbrev  0x00000710      0x4b5 ./Src/freertos.o
 .debug_abbrev  0x00000bc5      0x224 ./Src/gpio.o
 .debug_abbrev  0x00000de9      0x265 ./Src/i2c.o
 .debug_abbrev  0x0000104e      0x219 ./Src/iwdg.o
 .debug_abbrev  0x00001267      0x2eb ./Src/main.o
 .debug_abbrev  0x00001552      0x251 ./Src/rtc.o
 .debug_abbrev  0x000017a3      0x251 ./Src/spi.o
 .debug_abbrev  0x000019f4       0x12 ./Src/startup_stm32f091xc.o
 .debug_abbrev  0x00001a06      0x22d ./Src/stm32f0xx_hal_msp.o
 .debug_abbrev  0x00001c33      0x2a1 ./Src/stm32f0xx_hal_timebase_TIM.o
 .debug_abbrev  0x00001ed4      0x25a ./Src/stm32f0xx_it.o
 .debug_abbrev  0x0000212e      0x202 ./Src/system_stm32f0xx.o
 .debug_abbrev  0x00002330      0x2d2 ./Src/tim.o
 .debug_abbrev  0x00002602      0x2ae ./Src/usart.o
 .debug_abbrev  0x000028b0      0x304 ./Middlewares/Third_Party/FreeRTOS/Source/portable/MemMang/heap_4.o
 .debug_abbrev  0x00002bb4      0x194 ./Middlewares/Third_Party/FreeRTOS/Source/portable/GCC/ARM_CM0/port.o
 .debug_abbrev  0x00002d48      0x436 ./Middlewares/Third_Party/FreeRTOS/Source/CMSIS_RTOS/cmsis_os.o
 .debug_abbrev  0x0000317e      0x219 ./Middlewares/Third_Party/FreeRTOS/Source/list.o
 .debug_abbrev  0x00003397      0x357 ./Middlewares/Third_Party/FreeRTOS/Source/queue.o
 .debug_abbrev  0x000036ee      0x3f5 ./Middlewares/Third_Party/FreeRTOS/Source/tasks.o
 .debug_abbrev  0x00003ae3      0x309 ./Drivers/STM32F0xx_HAL_Driver/Src/stm32f0xx_hal.o
 .debug_abbrev  0x00003dec      0x382 ./Drivers/STM32F0xx_HAL_Driver/Src/stm32f0xx_hal_adc.o
 .debug_abbrev  0x0000416e      0x334 ./Drivers/STM32F0xx_HAL_Driver/Src/stm32f0xx_hal_can.o
 .debug_abbrev  0x000044a2      0x333 ./Drivers/STM32F0xx_HAL_Driver/Src/stm32f0xx_hal_cortex.o
 .debug_abbrev  0x000047d5      0x2ed ./Drivers/STM32F0xx_HAL_Driver/Src/stm32f0xx_hal_dma.o
 .debug_abbrev  0x00004ac2      0x3c0 ./Drivers/STM32F0xx_HAL_Driver/Src/stm32f0xx_hal_flash.o
 .debug_abbrev  0x00004e82      0x372 ./Drivers/STM32F0xx_HAL_Driver/Src/stm32f0xx_hal_flash_ex.o
 .debug_abbrev  0x000051f4      0x2ad ./Drivers/STM32F0xx_HAL_Driver/Src/stm32f0xx_hal_gpio.o
 .debug_abbrev  0x000054a1      0x3c4 ./Drivers/STM32F0xx_HAL_Driver/Src/stm32f0xx_hal_i2c.o
 .debug_abbrev  0x00005865      0x26c ./Drivers/STM32F0xx_HAL_Driver/Src/stm32f0xx_hal_i2c_ex.o
 .debug_abbrev  0x00005ad1      0x21c ./Drivers/STM32F0xx_HAL_Driver/Src/stm32f0xx_hal_iwdg.o
 .debug_abbrev  0x00005ced      0x263 ./Drivers/STM32F0xx_HAL_Driver/Src/stm32f0xx_hal_pwr.o
 .debug_abbrev  0x00005f50      0x322 ./Drivers/STM32F0xx_HAL_Driver/Src/stm32f0xx_hal_rcc.o
 .debug_abbrev  0x00006272      0x2e8 ./Drivers/STM32F0xx_HAL_Driver/Src/stm32f0xx_hal_rcc_ex.o
 .debug_abbrev  0x0000655a      0x2ef ./Drivers/STM32F0xx_HAL_Driver/Src/stm32f0xx_hal_rtc.o
 .debug_abbrev  0x00006849      0x2fe ./Drivers/STM32F0xx_HAL_Driver/Src/stm32f0xx_hal_rtc_ex.o
 .debug_abbrev  0x00006b47      0x3ea ./Drivers/STM32F0xx_HAL_Driver/Src/stm32f0xx_hal_spi.o
 .debug_abbrev  0x00006f31      0x3dd ./Drivers/STM32F0xx_HAL_Driver/Src/stm32f0xx_hal_tim.o
 .debug_abbrev  0x0000730e      0x345 ./Drivers/STM32F0xx_HAL_Driver/Src/stm32f0xx_hal_tim_ex.o
 .debug_abbrev  0x00007653      0x390 ./Drivers/STM32F0xx_HAL_Driver/Src/stm32f0xx_hal_uart.o
 .debug_abbrev  0x000079e3      0x2db ./Drivers/STM32F0xx_HAL_Driver/Src/stm32f0xx_hal_uart_ex.o

.debug_loc      0x00000000    0x1453f
 .debug_loc     0x00000000       0x58 ./Src/adc.o
 .debug_loc     0x00000058       0x42 ./Src/can.o
 .debug_loc     0x0000009a      0xeec ./Src/freertos.o
 .debug_loc     0x00000f86       0x74 ./Src/i2c.o
 .debug_loc     0x00000ffa       0x21 ./Src/main.o
 .debug_loc     0x0000101b       0x42 ./Src/rtc.o
 .debug_loc     0x0000105d       0x42 ./Src/spi.o
 .debug_loc     0x0000109f       0x7a ./Src/stm32f0xx_hal_timebase_TIM.o
 .debug_loc     0x00001119       0xe7 ./Src/system_stm32f0xx.o
 .debug_loc     0x00001200       0x7c ./Src/tim.o
 .debug_loc     0x0000127c       0xb0 ./Src/usart.o
 .debug_loc     0x0000132c      0x2de ./Middlewares/Third_Party/FreeRTOS/Source/portable/MemMang/heap_4.o
 .debug_loc     0x0000160a       0xb4 ./Middlewares/Third_Party/FreeRTOS/Source/portable/GCC/ARM_CM0/port.o
 .debug_loc     0x000016be      0xffa ./Middlewares/Third_Party/FreeRTOS/Source/CMSIS_RTOS/cmsis_os.o
 .debug_loc     0x000026b8       0x94 ./Middlewares/Third_Party/FreeRTOS/Source/list.o
 .debug_loc     0x0000274c     0x12f3 ./Middlewares/Third_Party/FreeRTOS/Source/queue.o
 .debug_loc     0x00003a3f     0x127f ./Middlewares/Third_Party/FreeRTOS/Source/tasks.o
 .debug_loc     0x00004cbe       0x7c ./Drivers/STM32F0xx_HAL_Driver/Src/stm32f0xx_hal.o
 .debug_loc     0x00004d3a      0xaad ./Drivers/STM32F0xx_HAL_Driver/Src/stm32f0xx_hal_adc.o
 .debug_loc     0x000057e7      0x7a3 ./Drivers/STM32F0xx_HAL_Driver/Src/stm32f0xx_hal_can.o
 .debug_loc     0x00005f8a      0x3cc ./Drivers/STM32F0xx_HAL_Driver/Src/stm32f0xx_hal_cortex.o
 .debug_loc     0x00006356      0x7c2 ./Drivers/STM32F0xx_HAL_Driver/Src/stm32f0xx_hal_dma.o
 .debug_loc     0x00006b18      0x292 ./Drivers/STM32F0xx_HAL_Driver/Src/stm32f0xx_hal_flash.o
 .debug_loc     0x00006daa      0x683 ./Drivers/STM32F0xx_HAL_Driver/Src/stm32f0xx_hal_flash_ex.o
 .debug_loc     0x0000742d      0x322 ./Drivers/STM32F0xx_HAL_Driver/Src/stm32f0xx_hal_gpio.o
 .debug_loc     0x0000774f     0x3291 ./Drivers/STM32F0xx_HAL_Driver/Src/stm32f0xx_hal_i2c.o
 .debug_loc     0x0000a9e0      0x1c8 ./Drivers/STM32F0xx_HAL_Driver/Src/stm32f0xx_hal_i2c_ex.o
 .debug_loc     0x0000aba8       0x76 ./Drivers/STM32F0xx_HAL_Driver/Src/stm32f0xx_hal_iwdg.o
 .debug_loc     0x0000ac1e       0xc8 ./Drivers/STM32F0xx_HAL_Driver/Src/stm32f0xx_hal_pwr.o
 .debug_loc     0x0000ace6      0x4cb ./Drivers/STM32F0xx_HAL_Driver/Src/stm32f0xx_hal_rcc.o
 .debug_loc     0x0000b1b1      0x4c3 ./Drivers/STM32F0xx_HAL_Driver/Src/stm32f0xx_hal_rcc_ex.o
 .debug_loc     0x0000b674      0xa44 ./Drivers/STM32F0xx_HAL_Driver/Src/stm32f0xx_hal_rtc.o
 .debug_loc     0x0000c0b8      0xc4c ./Drivers/STM32F0xx_HAL_Driver/Src/stm32f0xx_hal_rtc_ex.o
 .debug_loc     0x0000cd04     0x1916 ./Drivers/STM32F0xx_HAL_Driver/Src/stm32f0xx_hal_spi.o
 .debug_loc     0x0000e61a     0x3b44 ./Drivers/STM32F0xx_HAL_Driver/Src/stm32f0xx_hal_tim.o
 .debug_loc     0x0001215e      0xcc7 ./Drivers/STM32F0xx_HAL_Driver/Src/stm32f0xx_hal_tim_ex.o
 .debug_loc     0x00012e25     0x13bf ./Drivers/STM32F0xx_HAL_Driver/Src/stm32f0xx_hal_uart.o
 .debug_loc     0x000141e4      0x35b ./Drivers/STM32F0xx_HAL_Driver/Src/stm32f0xx_hal_uart_ex.o

.debug_aranges  0x00000000     0x1960
 .debug_aranges
                0x00000000       0x30 ./Src/adc.o
 .debug_aranges
                0x00000030       0x30 ./Src/can.o
 .debug_aranges
                0x00000060       0x20 ./Src/dma.o
 .debug_aranges
                0x00000080       0xf0 ./Src/freertos.o
 .debug_aranges
                0x00000170       0x20 ./Src/gpio.o
 .debug_aranges
                0x00000190       0x38 ./Src/i2c.o
 .debug_aranges
                0x000001c8       0x20 ./Src/iwdg.o
 .debug_aranges
                0x000001e8       0x38 ./Src/main.o
 .debug_aranges
                0x00000220       0x30 ./Src/rtc.o
 .debug_aranges
                0x00000250       0x30 ./Src/spi.o
 .debug_aranges
                0x00000280       0x28 ./Src/startup_stm32f091xc.o
 .debug_aranges
                0x000002a8       0x20 ./Src/stm32f0xx_hal_msp.o
 .debug_aranges
                0x000002c8       0x30 ./Src/stm32f0xx_hal_timebase_TIM.o
 .debug_aranges
                0x000002f8       0x80 ./Src/stm32f0xx_it.o
 .debug_aranges
                0x00000378       0x28 ./Src/system_stm32f0xx.o
 .debug_aranges
                0x000003a0       0x40 ./Src/tim.o
 .debug_aranges
                0x000003e0       0x40 ./Src/usart.o
 .debug_aranges
                0x00000420       0x48 ./Middlewares/Third_Party/FreeRTOS/Source/portable/MemMang/heap_4.o
 .debug_aranges
                0x00000468       0x88 ./Middlewares/Third_Party/FreeRTOS/Source/portable/GCC/ARM_CM0/port.o
 .debug_aranges
                0x000004f0      0x190 ./Middlewares/Third_Party/FreeRTOS/Source/CMSIS_RTOS/cmsis_os.o
 .debug_aranges
                0x00000680       0x40 ./Middlewares/Third_Party/FreeRTOS/Source/list.o
 .debug_aranges
                0x000006c0       0xc0 ./Middlewares/Third_Party/FreeRTOS/Source/queue.o
 .debug_aranges
                0x00000780      0x160 ./Middlewares/Third_Party/FreeRTOS/Source/tasks.o
 .debug_aranges
                0x000008e0       0xb0 ./Drivers/STM32F0xx_HAL_Driver/Src/stm32f0xx_hal.o
 .debug_aranges
                0x00000990       0xd0 ./Drivers/STM32F0xx_HAL_Driver/Src/stm32f0xx_hal_adc.o
 .debug_aranges
                0x00000a60       0x88 ./Drivers/STM32F0xx_HAL_Driver/Src/stm32f0xx_hal_can.o
 .debug_aranges
                0x00000ae8       0x78 ./Drivers/STM32F0xx_HAL_Driver/Src/stm32f0xx_hal_cortex.o
 .debug_aranges
                0x00000b60       0x80 ./Drivers/STM32F0xx_HAL_Driver/Src/stm32f0xx_hal_dma.o
 .debug_aranges