16:21:46 **** Clean-only build of configuration Release for project STM32F091RCTx_freeRTOS ****
make -j8 clean 
rm -rf  ./Src/adc.o ./Src/can.o ./Src/dma.o ./Src/freertos.o ./Src/gpio.o ./Src/i2c.o ./Src/iwdg.o ./Src/main.o ./Src/rtc.o ./Src/spi.o ./Src/startup_stm32f091xc.o ./Src/stm32f0xx_hal_msp.o ./Src/stm32f0xx_hal_timebase_TIM.o ./Src/stm32f0xx_it.o ./Src/system_stm32f0xx.o ./Src/tim.o ./Src/usart.o  ./Middlewares/Third_Party/FreeRTOS/Source/portable/MemMang/heap_4.o  ./Middlewares/Third_Party/FreeRTOS/Source/portable/GCC/ARM_CM0/port.o  ./Middlewares/Third_Party/FreeRTOS/Source/CMSIS_RTOS/cmsis_os.o  ./Middlewares/Third_Party/FreeRTOS/Source/croutine.o ./Middlewares/Third_Party/FreeRTOS/Source/event_groups.o ./Middlewares/Third_Party/FreeRTOS/Source/list.o ./Middlewares/Third_Party/FreeRTOS/Source/queue.o ./Middlewares/Third_Party/FreeRTOS/Source/tasks.o ./Middlewares/Third_Party/FreeRTOS/Source/timers.o  ./Drivers/STM32F0xx_HAL_Driver/Src/stm32f0xx_hal.o ./Drivers/STM32F0xx_HAL_Driver/Src/stm32f0xx_hal_adc.o ./Drivers/STM32F0xx_HAL_Driver/Src/stm32f0xx_hal_adc_ex.o ./Drivers/STM32F0xx_HAL_Driver/Src/stm32f0xx_hal_can.o ./Drivers/STM32F0xx_HAL_Driver/Src/stm32f0xx_hal_cortex.o ./Drivers/STM32F0xx_HAL_Driver/Src/stm32f0xx_hal_dma.o ./Drivers/STM32F0xx_HAL_Driver/Src/stm32f0xx_hal_flash.o ./Drivers/STM32F0xx_HAL_Driver/Src/stm32f0xx_hal_flash_ex.o ./Drivers/STM32F0xx_HAL_Driver/Src/stm32f0xx_hal_gpio.o ./Drivers/STM32F0xx_HAL_Driver/Src/stm32f0xx_hal_i2c.o ./Drivers/STM32F0xx_HAL_Driver/Src/stm32f0xx_hal_i2c_ex.o ./Drivers/STM32F0xx_HAL_Driver/Src/stm32f0xx_hal_iwdg.o ./Drivers/STM32F0xx_HAL_Driver/Src/stm32f0xx_hal_pwr.o ./Drivers/STM32F0xx_HAL_Driver/Src/stm32f0xx_hal_pwr_ex.o ./Drivers/STM32F0xx_HAL_Driver/Src/stm32f0xx_hal_rcc.o ./Drivers/STM32F0xx_HAL_Driver/Src/stm32f0xx_hal_rcc_ex.o ./Drivers/STM32F0xx_HAL_Driver/Src/stm32f0xx_hal_rtc.o ./Drivers/STM32F0xx_HAL_Driver/Src/stm32f0xx_hal_rtc_ex.o ./Drivers/STM32F0xx_HAL_Driver/Src/stm32f0xx_hal_smbus.o ./Drivers/STM32F0xx_HAL_Driver/Src/stm32f0xx_hal_spi.o ./Drivers/STM32F0xx_HAL_Driver/Src/stm32f0xx_hal_spi_ex.o ./Drivers/STM32F0xx_HAL_Driver/Src/stm32f0xx_hal_tim.o ./Drivers/STM32F0xx_HAL_Driver/Src/stm32f0xx_hal_tim_ex.o ./Drivers/STM32F0xx_HAL_Driver/Src/stm32f0xx_hal_uart.o ./Drivers/STM32F0xx_HAL_Driver/Src/stm32f0xx_hal_uart_ex.o  STM32F091RCTx_freeRTOS.hex  STM32F091RCTx_freeRTOS.lst  STM32F091RCTx_freeRTOS.siz  ./Src/startup_stm32f091xc.d  ./Src/adc.d ./Src/can.d ./Src/dma.d ./Src/freertos.d ./Src/gpio.d ./Src/i2c.d ./Src/iwdg.d ./Src/main.d ./Src/rtc.d ./Src/spi.d ./Src/stm32f0xx_hal_msp.d ./Src/stm32f0xx_hal_timebase_TIM.d ./Src/stm32f0xx_it.d ./Src/system_stm32f0xx.d ./Src/tim.d ./Src/usart.d  ./Middlewares/Third_Party/FreeRTOS/Source/portable/MemMang/heap_4.d  ./Middlewares/Third_Party/FreeRTOS/Source/portable/GCC/ARM_CM0/port.d  ./Middlewares/Third_Party/FreeRTOS/Source/CMSIS_RTOS/cmsis_os.d  ./Middlewares/Third_Party/FreeRTOS/Source/croutine.d ./Middlewares/Third_Party/FreeRTOS/Source/event_groups.d ./Middlewares/Third_Party/FreeRTOS/Source/list.d ./Middlewares/Third_Party/FreeRTOS/Source/queue.d ./Middlewares/Third_Party/FreeRTOS/Source/tasks.d ./Middlewares/Third_Party/FreeRTOS/Source/timers.d  ./Drivers/STM32F0xx_HAL_Driver/Src/stm32f0xx_hal.d ./Drivers/STM32F0xx_HAL_Driver/Src/stm32f0xx_hal_adc.d ./Drivers/STM32F0xx_HAL_Driver/Src/stm32f0xx_hal_adc_ex.d ./Drivers/STM32F0xx_HAL_Driver/Src/stm32f0xx_hal_can.d ./Drivers/STM32F0xx_HAL_Driver/Src/stm32f0xx_hal_cortex.d ./Drivers/STM32F0xx_HAL_Driver/Src/stm32f0xx_hal_dma.d ./Drivers/STM32F0xx_HAL_Driver/Src/stm32f0xx_hal_flash.d ./Drivers/STM32F0xx_HAL_Driver/Src/stm32f0xx_hal_flash_ex.d ./Drivers/STM32F0xx_HAL_Driver/Src/stm32f0xx_hal_gpio.d ./Drivers/STM32F0xx_HAL_Driver/Src/stm32f0xx_hal_i2c.d ./Drivers/STM32F0xx_HAL_Driver/Src/stm32f0xx_hal_i2c_ex.d ./Drivers/STM32F0xx_HAL_Driver/Src/stm32f0xx_hal_iwdg.d ./Drivers/STM32F0xx_HAL_Driver/Src/stm32f0xx_hal_pwr.d ./Drivers/STM32F0xx_HAL_Driver/Src/stm32f0xx_hal_pwr_ex.d ./Drivers/STM32F0xx_HAL_Driver/Src/stm32f0xx_hal_rcc.d ./Drivers/STM32F0xx_HAL_Driver/Src/stm32f0xx_hal_rcc_ex.d ./Drivers/STM32F0xx_HAL_Driver/Src/stm32f0xx_hal_rtc.d ./Drivers/STM32F0xx_HAL_Driver/Src/stm32f0xx_hal_rtc_ex.d ./Drivers/STM32F0xx_HAL_Driver/Src/stm32f0xx_hal_smbus.d ./Drivers/STM32F0xx_HAL_Driver/Src/stm32f0xx_hal_spi.d ./Drivers/STM32F0xx_HAL_Driver/Src/stm32f0xx_hal_spi_ex.d ./Drivers/STM32F0xx_HAL_Driver/Src/stm32f0xx_hal_tim.d ./Drivers/STM32F0xx_HAL_Driver/Src/stm32f0xx_hal_tim_ex.d ./Drivers/STM32F0xx_HAL_Driver/Src/stm32f0xx_hal_uart.d ./Drivers/STM32F0xx_HAL_Driver/Src/stm32f0xx_hal_uart_ex.d  STM32F091RCTx_freeRTOS.elf
 
16:21:46 **** Build of configuration Release for project STM32F091RCTx_freeRTOS ****
make -j8 all 
Building file: ../Src/adc.c
Building file: ../Src/aewin_def.c
Building file: ../Src/can.c
Building file: ../Src/dma.c
Building file: ../Src/freertos.c
Building file: ../Src/gpio.c
Building file: ../Src/i2c.c
Invoking: GNU ARM Cross C Compiler
Invoking: GNU ARM Cross C Compiler
Invoking: GNU ARM Cross C Compiler
Invoking: GNU ARM Cross C Compiler
Building file: ../Src/iwdg.c
arm-none-eabi-gcc -mcpu=cortex-m0 -mthumb -Os -fmessage-length=0 -fsigned-char -ffunction-sections -fdata-sections -Werror -Wuninitialized -Wextra -Wmissing-declarations -Wpointer-arith -Wshadow -Wlogical-op -Wfloat-equal  -g -DUSE_HAL_DRIVER -D__weak="__attribute__((weak))" -D__packed="__attribute__((__packed__))" -DSTM32F091xC -DARM_MATH_CM0 -I"C:/Users/Chenj/workspace/SVA-1000/STM32F091RCTx_freeRTOS/Inc" -I"C:/Users/Chenj/workspace/SVA-1000/STM32F091RCTx_freeRTOS/Drivers/STM32F0xx_HAL_Driver/Inc" -I"C:/Users/Chenj/workspace/SVA-1000/STM32F091RCTx_freeRTOS/Drivers/STM32F0xx_HAL_Driver/Inc/Legacy" -I"C:/Users/Chenj/workspace/SVA-1000/STM32F091RCTx_freeRTOS/Middlewares/Third_Party/FreeRTOS/Source/portable/GCC/ARM_CM0" -I"C:/Users/Chenj/workspace/SVA-1000/STM32F091RCTx_freeRTOS/Drivers/CMSIS/Device/ST/STM32F0xx/Include" -I"C:/Users/Chenj/workspace/SVA-1000/STM32F091RCTx_freeRTOS/Middlewares/Third_Party/FreeRTOS/Source/include" -I"C:/Users/Chenj/workspace/SVA-1000/STM32F091RCTx_freeRTOS/Drivers/CMSIS/Include" -I"C:/Users/Chenj/workspace/SVA-1000/STM32F091RCTx_freeRTOS/Middlewares/Third_Party/FreeRTOS/Source/CMSIS_RTOS" -std=gnu11 -fsanitize=float-divide-by-zero -fsanitize=float-cast-overflow -fno-sanitize-recover -MMD -MP -MF"Src/adc.d" -MT"Src/adc.o" -c -o "Src/adc.o" "../Src/adc.c"
Invoking: GNU ARM Cross C Compiler
Invoking: GNU ARM Cross C Compiler
Invoking: GNU ARM Cross C Compiler
arm-none-eabi-gcc -mcpu=cortex-m0 -mthumb -Os -fmessage-length=0 -fsigned-char -ffunction-sections -fdata-sections -Werror -Wuninitialized -Wextra -Wmissing-declarations -Wpointer-arith -Wshadow -Wlogical-op -Wfloat-equal  -g -DUSE_HAL_DRIVER -D__weak="__attribute__((weak))" -D__packed="__attribute__((__packed__))" -DSTM32F091xC -DARM_MATH_CM0 -I"C:/Users/Chenj/workspace/SVA-1000/STM32F091RCTx_freeRTOS/Inc" -I"C:/Users/Chenj/workspace/SVA-1000/STM32F091RCTx_freeRTOS/Drivers/STM32F0xx_HAL_Driver/Inc" -I"C:/Users/Chenj/workspace/SVA-1000/STM32F091RCTx_freeRTOS/Drivers/STM32F0xx_HAL_Driver/Inc/Legacy" -I"C:/Users/Chenj/workspace/SVA-1000/STM32F091RCTx_freeRTOS/Middlewares/Third_Party/FreeRTOS/Source/portable/GCC/ARM_CM0" -I"C:/Users/Chenj/workspace/SVA-1000/STM32F091RCTx_freeRTOS/Drivers/CMSIS/Device/ST/STM32F0xx/Include" -I"C:/Users/Chenj/workspace/SVA-1000/STM32F091RCTx_freeRTOS/Middlewares/Third_Party/FreeRTOS/Source/include" -I"C:/Users/Chenj/workspace/SVA-1000/STM32F091RCTx_freeRTOS/Drivers/CMSIS/Include" -I"C:/Users/Chenj/workspace/SVA-1000/STM32F091RCTx_freeRTOS/Middlewares/Third_Party/FreeRTOS/Source/CMSIS_RTOS" -std=gnu11 -fsanitize=float-divide-by-zero -fsanitize=float-cast-overflow -fno-sanitize-recover -MMD -MP -MF"Src/aewin_def.d" -MT"Src/aewin_def.o" -c -o "Src/aewin_def.o" "../Src/aewin_def.c"
arm-none-eabi-gcc -mcpu=cortex-m0 -mthumb -Os -fmessage-length=0 -fsigned-char -ffunction-sections -fdata-sections -Werror -Wuninitialized -Wextra -Wmissing-declarations -Wpointer-arith -Wshadow -Wlogical-op -Wfloat-equal  -g -DUSE_HAL_DRIVER -D__weak="__attribute__((weak))" -D__packed="__attribute__((__packed__))" -DSTM32F091xC -DARM_MATH_CM0 -I"C:/Users/Chenj/workspace/SVA-1000/STM32F091RCTx_freeRTOS/Inc" -I"C:/Users/Chenj/workspace/SVA-1000/STM32F091RCTx_freeRTOS/Drivers/STM32F0xx_HAL_Driver/Inc" -I"C:/Users/Chenj/workspace/SVA-1000/STM32F091RCTx_freeRTOS/Drivers/STM32F0xx_HAL_Driver/Inc/Legacy" -I"C:/Users/Chenj/workspace/SVA-1000/STM32F091RCTx_freeRTOS/Middlewares/Third_Party/FreeRTOS/Source/portable/GCC/ARM_CM0" -I"C:/Users/Chenj/workspace/SVA-1000/STM32F091RCTx_freeRTOS/Drivers/CMSIS/Device/ST/STM32F0xx/Include" -I"C:/Users/Chenj/workspace/SVA-1000/STM32F091RCTx_freeRTOS/Middlewares/Third_Party/FreeRTOS/Source/include" -I"C:/Users/Chenj/workspace/SVA-1000/STM32F091RCTx_freeRTOS/Drivers/CMSIS/Include" -I"C:/Users/Chenj/workspace/SVA-1000/STM32F091RCTx_freeRTOS/Middlewares/Third_Party/FreeRTOS/Source/CMSIS_RTOS" -std=gnu11 -fsanitize=float-divide-by-zero -fsanitize=float-cast-overflow -fno-sanitize-recover -MMD -MP -MF"Src/can.d" -MT"Src/can.o" -c -o "Src/can.o" "../Src/can.c"
arm-none-eabi-gcc -mcpu=cortex-m0 -mthumb -Os -fmessage-length=0 -fsigned-char -ffunction-sections -fdata-sections -Werror -Wuninitialized -Wextra -Wmissing-declarations -Wpointer-arith -Wshadow -Wlogical-op -Wfloat-equal  -g -DUSE_HAL_DRIVER -D__weak="__attribute__((weak))" -D__packed="__attribute__((__packed__))" -DSTM32F091xC -DARM_MATH_CM0 -I"C:/Users/Chenj/workspace/SVA-1000/STM32F091RCTx_freeRTOS/Inc" -I"C:/Users/Chenj/workspace/SVA-1000/STM32F091RCTx_freeRTOS/Drivers/STM32F0xx_HAL_Driver/Inc" -I"C:/Users/Chenj/workspace/SVA-1000/STM32F091RCTx_freeRTOS/Drivers/STM32F0xx_HAL_Driver/Inc/Legacy" -I"C:/Users/Chenj/workspace/SVA-1000/STM32F091RCTx_freeRTOS/Middlewares/Third_Party/FreeRTOS/Source/portable/GCC/ARM_CM0" -I"C:/Users/Chenj/workspace/SVA-1000/STM32F091RCTx_freeRTOS/Drivers/CMSIS/Device/ST/STM32F0xx/Include" -I"C:/Users/Chenj/workspace/SVA-1000/STM32F091RCTx_freeRTOS/Middlewares/Third_Party/FreeRTOS/Source/include" -I"C:/Users/Chenj/workspace/SVA-1000/STM32F091RCTx_freeRTOS/Drivers/CMSIS/Include" -I"C:/Users/Chenj/workspace/SVA-1000/STM32F091RCTx_freeRTOS/Middlewares/Third_Party/FreeRTOS/Source/CMSIS_RTOS" -std=gnu11 -fsanitize=float-divide-by-zero -fsanitize=float-cast-overflow -fno-sanitize-recover -MMD -MP -MF"Src/dma.d" -MT"Src/dma.o" -c -o "Src/dma.o" "../Src/dma.c"
arm-none-eabi-gcc -mcpu=cortex-m0 -mthumb -Os -fmessage-length=0 -fsigned-char -ffunction-sections -fdata-sections -Werror -Wuninitialized -Wextra -Wmissing-declarations -Wpointer-arith -Wshadow -Wlogical-op -Wfloat-equal  -g -DUSE_HAL_DRIVER -D__weak="__attribute__((weak))" -D__packed="__attribute__((__packed__))" -DSTM32F091xC -DARM_MATH_CM0 -I"C:/Users/Chenj/workspace/SVA-1000/STM32F091RCTx_freeRTOS/Inc" -I"C:/Users/Chenj/workspace/SVA-1000/STM32F091RCTx_freeRTOS/Drivers/STM32F0xx_HAL_Driver/Inc" -I"C:/Users/Chenj/workspace/SVA-1000/STM32F091RCTx_freeRTOS/Drivers/STM32F0xx_HAL_Driver/Inc/Legacy" -I"C:/Users/Chenj/workspace/SVA-1000/STM32F091RCTx_freeRTOS/Middlewares/Third_Party/FreeRTOS/Source/portable/GCC/ARM_CM0" -I"C:/Users/Chenj/workspace/SVA-1000/STM32F091RCTx_freeRTOS/Drivers/CMSIS/Device/ST/STM32F0xx/Include" -I"C:/Users/Chenj/workspace/SVA-1000/STM32F091RCTx_freeRTOS/Middlewares/Third_Party/FreeRTOS/Source/include" -I"C:/Users/Chenj/workspace/SVA-1000/STM32F091RCTx_freeRTOS/Drivers/CMSIS/Include" -I"C:/Users/Chenj/workspace/SVA-1000/STM32F091RCTx_freeRTOS/Middlewares/Third_Party/FreeRTOS/Source/CMSIS_RTOS" -std=gnu11 -fsanitize=float-divide-by-zero -fsanitize=float-cast-overflow -fno-sanitize-recover -MMD -MP -MF"Src/freertos.d" -MT"Src/freertos.o" -c -o "Src/freertos.o" "../Src/freertos.c"
arm-none-eabi-gcc -mcpu=cortex-m0 -mthumb -Os -fmessage-length=0 -fsigned-char -ffunction-sections -fdata-sections -Werror -Wuninitialized -Wextra -Wmissing-declarations -Wpointer-arith -Wshadow -Wlogical-op -Wfloat-equal  -g -DUSE_HAL_DRIVER -D__weak="__attribute__((weak))" -D__packed="__attribute__((__packed__))" -DSTM32F091xC -DARM_MATH_CM0 -I"C:/Users/Chenj/workspace/SVA-1000/STM32F091RCTx_freeRTOS/Inc" -I"C:/Users/Chenj/workspace/SVA-1000/STM32F091RCTx_freeRTOS/Drivers/STM32F0xx_HAL_Driver/Inc" -I"C:/Users/Chenj/workspace/SVA-1000/STM32F091RCTx_freeRTOS/Drivers/STM32F0xx_HAL_Driver/Inc/Legacy" -I"C:/Users/Chenj/workspace/SVA-1000/STM32F091RCTx_freeRTOS/Middlewares/Third_Party/FreeRTOS/Source/portable/GCC/ARM_CM0" -I"C:/Users/Chenj/workspace/SVA-1000/STM32F091RCTx_freeRTOS/Drivers/CMSIS/Device/ST/STM32F0xx/Include" -I"C:/Users/Chenj/workspace/SVA-1000/STM32F091RCTx_freeRTOS/Middlewares/Third_Party/FreeRTOS/Source/include" -I"C:/Users/Chenj/workspace/SVA-1000/STM32F091RCTx_freeRTOS/Drivers/CMSIS/Include" -I"C:/Users/Chenj/workspace/SVA-1000/STM32F091RCTx_freeRTOS/Middlewares/Third_Party/FreeRTOS/Source/CMSIS_RTOS" -std=gnu11 -fsanitize=float-divide-by-zero -fsanitize=float-cast-overflow -fno-sanitize-recover -MMD -MP -MF"Src/i2c.d" -MT"Src/i2c.o" -c -o "Src/i2c.o" "../Src/i2c.c"
arm-none-eabi-gcc -mcpu=cortex-m0 -mthumb -Os -fmessage-length=0 -fsigned-char -ffunction-sections -fdata-sections -Werror -Wuninitialized -Wextra -Wmissing-declarations -Wpointer-arith -Wshadow -Wlogical-op -Wfloat-equal  -g -DUSE_HAL_DRIVER -D__weak="__attribute__((weak))" -D__packed="__attribute__((__packed__))" -DSTM32F091xC -DARM_MATH_CM0 -I"C:/Users/Chenj/workspace/SVA-1000/STM32F091RCTx_freeRTOS/Inc" -I"C:/Users/Chenj/workspace/SVA-1000/STM32F091RCTx_freeRTOS/Drivers/STM32F0xx_HAL_Driver/Inc" -I"C:/Users/Chenj/workspace/SVA-1000/STM32F091RCTx_freeRTOS/Drivers/STM32F0xx_HAL_Driver/Inc/Legacy" -I"C:/Users/Chenj/workspace/SVA-1000/STM32F091RCTx_freeRTOS/Middlewares/Third_Party/FreeRTOS/Source/portable/GCC/ARM_CM0" -I"C:/Users/Chenj/workspace/SVA-1000/STM32F091RCTx_freeRTOS/Drivers/CMSIS/Device/ST/STM32F0xx/Include" -I"C:/Users/Chenj/workspace/SVA-1000/STM32F091RCTx_freeRTOS/Middlewares/Third_Party/FreeRTOS/Source/include" -I"C:/Users/Chenj/workspace/SVA-1000/STM32F091RCTx_freeRTOS/Drivers/CMSIS/Include" -I"C:/Users/Chenj/workspace/SVA-1000/STM32F091RCTx_freeRTOS/Middlewares/Third_Party/FreeRTOS/Source/CMSIS_RTOS" -std=gnu11 -fsanitize=float-divide-by-zero -fsanitize=float-cast-overflow -fno-sanitize-recover -MMD -MP -MF"Src/gpio.d" -MT"Src/gpio.o" -c -o "Src/gpio.o" "../Src/gpio.c"
Invoking: GNU ARM Cross C Compiler
arm-none-eabi-gcc -mcpu=cortex-m0 -mthumb -Os -fmessage-length=0 -fsigned-char -ffunction-sections -fdata-sections -Werror -Wuninitialized -Wextra -Wmissing-declarations -Wpointer-arith -Wshadow -Wlogical-op -Wfloat-equal  -g -DUSE_HAL_DRIVER -D__weak="__attribute__((weak))" -D__packed="__attribute__((__packed__))" -DSTM32F091xC -DARM_MATH_CM0 -I"C:/Users/Chenj/workspace/SVA-1000/STM32F091RCTx_freeRTOS/Inc" -I"C:/Users/Chenj/workspace/SVA-1000/STM32F091RCTx_freeRTOS/Drivers/STM32F0xx_HAL_Driver/Inc" -I"C:/Users/Chenj/workspace/SVA-1000/STM32F091RCTx_freeRTOS/Drivers/STM32F0xx_HAL_Driver/Inc/Legacy" -I"C:/Users/Chenj/workspace/SVA-1000/STM32F091RCTx_freeRTOS/Middlewares/Third_Party/FreeRTOS/Source/portable/GCC/ARM_CM0" -I"C:/Users/Chenj/workspace/SVA-1000/STM32F091RCTx_freeRTOS/Drivers/CMSIS/Device/ST/STM32F0xx/Include" -I"C:/Users/Chenj/workspace/SVA-1000/STM32F091RCTx_freeRTOS/Middlewares/Third_Party/FreeRTOS/Source/include" -I"C:/Users/Chenj/workspace/SVA-1000/STM32F091RCTx_freeRTOS/Drivers/CMSIS/Include" -I"C:/Users/Chenj/workspace/SVA-1000/STM32F091RCTx_freeRTOS/Middlewares/Third_Party/FreeRTOS/Source/CMSIS_RTOS" -std=gnu11 -fsanitize=float-divide-by-zero -fsanitize=float-cast-overflow -fno-sanitize-recover -MMD -MP -MF"Src/iwdg.d" -MT"Src/iwdg.o" -c -o "Src/iwdg.o" "../Src/iwdg.c"
Finished building: ../Src/iwdg.c
Finished building: ../Src/can.c
Finished building: ../Src/i2c.c
Finished building: ../Src/freertos.c
 
 
 
 
Building file: ../Src/main.c
Building file: ../Src/rtc.c
Building file: ../Src/spi.c
Building file: ../Src/startup_stm32f091xc.asm
Invoking: GNU ARM Cross C Compiler
arm-none-eabi-gcc -mcpu=cortex-m0 -mthumb -Os -fmessage-length=0 -fsigned-char -ffunction-sections -fdata-sections -Werror -Wuninitialized -Wextra -Wmissing-declarations -Wpointer-arith -Wshadow -Wlogical-op -Wfloat-equal  -g -DUSE_HAL_DRIVER -D__weak="__attribute__((weak))" -D__packed="__attribute__((__packed__))" -DSTM32F091xC -DARM_MATH_CM0 -I"C:/Users/Chenj/workspace/SVA-1000/STM32F091RCTx_freeRTOS/Inc" -I"C:/Users/Chenj/workspace/SVA-1000/STM32F091RCTx_freeRTOS/Drivers/STM32F0xx_HAL_Driver/Inc" -I"C:/Users/Chenj/workspace/SVA-1000/STM32F091RCTx_freeRTOS/Drivers/STM32F0xx_HAL_Driver/Inc/Legacy" -I"C:/Users/Chenj/workspace/SVA-1000/STM32F091RCTx_freeRTOS/Middlewares/Third_Party/FreeRTOS/Source/portable/GCC/ARM_CM0" -I"C:/Users/Chenj/workspace/SVA-1000/STM32F091RCTx_freeRTOS/Drivers/CMSIS/Device/ST/STM32F0xx/Include" -I"C:/Users/Chenj/workspace/SVA-1000/STM32F091RCTx_freeRTOS/Middlewares/Third_Party/FreeRTOS/Source/include" -I"C:/Users/Chenj/workspace/SVA-1000/STM32F091RCTx_freeRTOS/Drivers/CMSIS/Include" -I"C:/Users/Chenj/workspace/SVA-1000/STM32F091RCTx_freeRTOS/Middlewares/Third_Party/FreeRTOS/Source/CMSIS_RTOS" -std=gnu11 -fsanitize=float-divide-by-zero -fsanitize=float-cast-overflow -fno-sanitize-recover -MMD -MP -MF"Src/main.d" -MT"Src/main.o" -c -o "Src/main.o" "../Src/main.c"
Invoking: GNU ARM Cross C Compiler
Invoking: GNU ARM Cross C Compiler
arm-none-eabi-gcc -mcpu=cortex-m0 -mthumb -Os -fmessage-length=0 -fsigned-char -ffunction-sections -fdata-sections -Werror -Wuninitialized -Wextra -Wmissing-declarations -Wpointer-arith -Wshadow -Wlogical-op -Wfloat-equal  -g -DUSE_HAL_DRIVER -D__weak="__attribute__((weak))" -D__packed="__attribute__((__packed__))" -DSTM32F091xC -DARM_MATH_CM0 -I"C:/Users/Chenj/workspace/SVA-1000/STM32F091RCTx_freeRTOS/Inc" -I"C:/Users/Chenj/workspace/SVA-1000/STM32F091RCTx_freeRTOS/Drivers/STM32F0xx_HAL_Driver/Inc" -I"C:/Users/Chenj/workspace/SVA-1000/STM32F091RCTx_freeRTOS/Drivers/STM32F0xx_HAL_Driver/Inc/Legacy" -I"C:/Users/Chenj/workspace/SVA-1000/STM32F091RCTx_freeRTOS/Middlewares/Third_Party/FreeRTOS/Source/portable/GCC/ARM_CM0" -I"C:/Users/Chenj/workspace/SVA-1000/STM32F091RCTx_freeRTOS/Drivers/CMSIS/Device/ST/STM32F0xx/Include" -I"C:/Users/Chenj/workspace/SVA-1000/STM32F091RCTx_freeRTOS/Middlewares/Third_Party/FreeRTOS/Source/include" -I"C:/Users/Chenj/workspace/SVA-1000/STM32F091RCTx_freeRTOS/Drivers/CMSIS/Include" -I"C:/Users/Chenj/workspace/SVA-1000/STM32F091RCTx_freeRTOS/Middlewares/Third_Party/FreeRTOS/Source/CMSIS_RTOS" -std=gnu11 -fsanitize=float-divide-by-zero -fsanitize=float-cast-overflow -fno-sanitize-recover -MMD -MP -MF"Src/rtc.d" -MT"Src/rtc.o" -c -o "Src/rtc.o" "../Src/rtc.c"
arm-none-eabi-gcc -mcpu=cortex-m0 -mthumb -Os -fmessage-length=0 -fsigned-char -ffunction-sections -fdata-sections -Werror -Wuninitialized -Wextra -Wmissing-declarations -Wpointer-arith -Wshadow -Wlogical-op -Wfloat-equal  -g -DUSE_HAL_DRIVER -D__weak="__attribute__((weak))" -D__packed="__attribute__((__packed__))" -DSTM32F091xC -DARM_MATH_CM0 -I"C:/Users/Chenj/workspace/SVA-1000/STM32F091RCTx_freeRTOS/Inc" -I"C:/Users/Chenj/workspace/SVA-1000/STM32F091RCTx_freeRTOS/Drivers/STM32F0xx_HAL_Driver/Inc" -I"C:/Users/Chenj/workspace/SVA-1000/STM32F091RCTx_freeRTOS/Drivers/STM32F0xx_HAL_Driver/Inc/Legacy" -I"C:/Users/Chenj/workspace/SVA-1000/STM32F091RCTx_freeRTOS/Middlewares/Third_Party/FreeRTOS/Source/portable/GCC/ARM_CM0" -I"C:/Users/Chenj/workspace/SVA-1000/STM32F091RCTx_freeRTOS/Drivers/CMSIS/Device/ST/STM32F0xx/Include" -I"C:/Users/Chenj/workspace/SVA-1000/STM32F091RCTx_freeRTOS/Middlewares/Third_Party/FreeRTOS/Source/include" -I"C:/Users/Chenj/workspace/SVA-1000/STM32F091RCTx_freeRTOS/Drivers/CMSIS/Include" -I"C:/Users/Chenj/workspace/SVA-1000/STM32F091RCTx_freeRTOS/Middlewares/Third_Party/FreeRTOS/Source/CMSIS_RTOS" -std=gnu11 -fsanitize=float-divide-by-zero -fsanitize=float-cast-overflow -fno-sanitize-recover -MMD -MP -MF"Src/spi.d" -MT"Src/spi.o" -c -o "Src/spi.o" "../Src/spi.c"
Invoking: GNU ARM Cross Assembler
arm-none-eabi-gcc -mcpu=cortex-m0 -mthumb -Os -fmessage-length=0 -fsigned-char -ffunction-sections -fdata-sections -Werror -Wuninitialized -Wextra -Wmissing-declarations -Wpointer-arith -Wshadow -Wlogical-op -Wfloat-equal  -g -x assembler-with-cpp -MMD -MP -MF"Src/startup_stm32f091xc.d" -MT"Src/startup_stm32f091xc.o" -c -o "Src/startup_stm32f091xc.o" "../Src/startup_stm32f091xc.asm"
Finished building: ../Src/startup_stm32f091xc.asm
 
Building file: ../Src/stm32f0xx_hal_msp.c
Finished building: ../Src/spi.c
Invoking: GNU ARM Cross C Compiler
arm-none-eabi-gcc -mcpu=cortex-m0 -mthumb -Os -fmessage-length=0 -fsigned-char -ffunction-sections -fdata-sections -Werror -Wuninitialized -Wextra -Wmissing-declarations -Wpointer-arith -Wshadow -Wlogical-op -Wfloat-equal  -g -DUSE_HAL_DRIVER -D__weak="__attribute__((weak))" -D__packed="__attribute__((__packed__))" -DSTM32F091xC -DARM_MATH_CM0 -I"C:/Users/Chenj/workspace/SVA-1000/STM32F091RCTx_freeRTOS/Inc" -I"C:/Users/Chenj/workspace/SVA-1000/STM32F091RCTx_freeRTOS/Drivers/STM32F0xx_HAL_Driver/Inc" -I"C:/Users/Chenj/workspace/SVA-1000/STM32F091RCTx_freeRTOS/Drivers/STM32F0xx_HAL_Driver/Inc/Legacy" -I"C:/Users/Chenj/workspace/SVA-1000/STM32F091RCTx_freeRTOS/Middlewares/Third_Party/FreeRTOS/Source/portable/GCC/ARM_CM0" -I"C:/Users/Chenj/workspace/SVA-1000/STM32F091RCTx_freeRTOS/Drivers/CMSIS/Device/ST/STM32F0xx/Include" -I"C:/Users/Chenj/workspace/SVA-1000/STM32F091RCTx_freeRTOS/Middlewares/Third_Party/FreeRTOS/Source/include" -I"C:/Users/Chenj/workspace/SVA-1000/STM32F091RCTx_freeRTOS/Drivers/CMSIS/Include" -I"C:/Users/Chenj/workspace/SVA-1000/STM32F091RCTx_freeRTOS/Middlewares/Third_Party/FreeRTOS/Source/CMSIS_RTOS" -std=gnu11 -fsanitize=float-divide-by-zero -fsanitize=float-cast-overflow -fno-sanitize-recover -MMD -MP -MF"Src/stm32f0xx_hal_msp.d" -MT"Src/stm32f0xx_hal_msp.o" -c -o "Src/stm32f0xx_hal_msp.o" "../Src/stm32f0xx_hal_msp.c"
Finished building: ../Src/rtc.c
Finished building: ../Src/main.c
 
 
 
Building file: ../Src/stm32f0xx_hal_timebase_TIM.c
Building file: ../Src/stm32f0xx_it.c
Building file: ../Src/system_stm32f0xx.c
Invoking: GNU ARM Cross C Compiler
arm-none-eabi-gcc -mcpu=cortex-m0 -mthumb -Os -fmessage-length=0 -fsigned-char -ffunction-sections -fdata-sections -Werror -Wuninitialized -Wextra -Wmissing-declarations -Wpointer-arith -Wshadow -Wlogical-op -Wfloat-equal  -g -DUSE_HAL_DRIVER -D__weak="__attribute__((weak))" -D__packed="__attribute__((__packed__))" -DSTM32F091xC -DARM_MATH_CM0 -I"C:/Users/Chenj/workspace/SVA-1000/STM32F091RCTx_freeRTOS/Inc" -I"C:/Users/Chenj/workspace/SVA-1000/STM32F091RCTx_freeRTOS/Drivers/STM32F0xx_HAL_Driver/Inc" -I"C:/Users/Chenj/workspace/SVA-1000/STM32F091RCTx_freeRTOS/Drivers/STM32F0xx_HAL_Driver/Inc/Legacy" -I"C:/Users/Chenj/workspace/SVA-1000/STM32F091RCTx_freeRTOS/Middlewares/Third_Party/FreeRTOS/Source/portable/GCC/ARM_CM0" -I"C:/Users/Chenj/workspace/SVA-1000/STM32F091RCTx_freeRTOS/Drivers/CMSIS/Device/ST/STM32F0xx/Include" -I"C:/Users/Chenj/workspace/SVA-1000/STM32F091RCTx_freeRTOS/Middlewares/Third_Party/FreeRTOS/Source/include" -I"C:/Users/Chenj/workspace/SVA-1000/STM32F091RCTx_freeRTOS/Drivers/CMSIS/Include" -I"C:/Users/Chenj/workspace/SVA-1000/STM32F091RCTx_freeRTOS/Middlewares/Third_Party/FreeRTOS/Source/CMSIS_RTOS" -std=gnu11 -fsanitize=float-divide-by-zero -fsanitize=float-cast-overflow -fno-sanitize-recover -MMD -MP -MF"Src/stm32f0xx_hal_timebase_TIM.d" -MT"Src/stm32f0xx_hal_timebase_TIM.o" -c -o "Src/stm32f0xx_hal_timebase_TIM.o" "../Src/stm32f0xx_hal_timebase_TIM.c"
Invoking: GNU ARM Cross C Compiler
Invoking: GNU ARM Cross C Compiler
arm-none-eabi-gcc -mcpu=cortex-m0 -mthumb -Os -fmessage-length=0 -fsigned-char -ffunction-sections -fdata-sections -Werror -Wuninitialized -Wextra -Wmissing-declarations -Wpointer-arith -Wshadow -Wlogical-op -Wfloat-equal  -g -DUSE_HAL_DRIVER -D__weak="__attribute__((weak))" -D__packed="__attribute__((__packed__))" -DSTM32F091xC -DARM_MATH_CM0 -I"C:/Users/Chenj/workspace/SVA-1000/STM32F091RCTx_freeRTOS/Inc" -I"C:/Users/Chenj/workspace/SVA-1000/STM32F091RCTx_freeRTOS/Drivers/STM32F0xx_HAL_Driver/Inc" -I"C:/Users/Chenj/workspace/SVA-1000/STM32F091RCTx_freeRTOS/Drivers/STM32F0xx_HAL_Driver/Inc/Legacy" -I"C:/Users/Chenj/workspace/SVA-1000/STM32F091RCTx_freeRTOS/Middlewares/Third_Party/FreeRTOS/Source/portable/GCC/ARM_CM0" -I"C:/Users/Chenj/workspace/SVA-1000/STM32F091RCTx_freeRTOS/Drivers/CMSIS/Device/ST/STM32F0xx/Include" -I"C:/Users/Chenj/workspace/SVA-1000/STM32F091RCTx_freeRTOS/Middlewares/Third_Party/FreeRTOS/Source/include" -I"C:/Users/Chenj/workspace/SVA-1000/STM32F091RCTx_freeRTOS/Drivers/CMSIS/Include" -I"C:/Users/Chenj/workspace/SVA-1000/STM32F091RCTx_freeRTOS/Middlewares/Third_Party/FreeRTOS/Source/CMSIS_RTOS" -std=gnu11 -fsanitize=float-divide-by-zero -fsanitize=float-cast-overflow -fno-sanitize-recover -MMD -MP -MF"Src/stm32f0xx_it.d" -MT"Src/stm32f0xx_it.o" -c -o "Src/stm32f0xx_it.o" "../Src/stm32f0xx_it.c"
arm-none-eabi-gcc -mcpu=cortex-m0 -mthumb -Os -fmessage-length=0 -fsigned-char -ffunction-sections -fdata-sections -Werror -Wuninitialized -Wextra -Wmissing-declarations -Wpointer-arith -Wshadow -Wlogical-op -Wfloat-equal  -g -DUSE_HAL_DRIVER -D__weak="__attribute__((weak))" -D__packed="__attribute__((__packed__))" -DSTM32F091xC -DARM_MATH_CM0 -I"C:/Users/Chenj/workspace/SVA-1000/STM32F091RCTx_freeRTOS/Inc" -I"C:/Users/Chenj/workspace/SVA-1000/STM32F091RCTx_freeRTOS/Drivers/STM32F0xx_HAL_Driver/Inc" -I"C:/Users/Chenj/workspace/SVA-1000/STM32F091RCTx_freeRTOS/Drivers/STM32F0xx_HAL_Driver/Inc/Legacy" -I"C:/Users/Chenj/workspace/SVA-1000/STM32F091RCTx_freeRTOS/Middlewares/Third_Party/FreeRTOS/Source/portable/GCC/ARM_CM0" -I"C:/Users/Chenj/workspace/SVA-1000/STM32F091RCTx_freeRTOS/Drivers/CMSIS/Device/ST/STM32F0xx/Include" -I"C:/Users/Chenj/workspace/SVA-1000/STM32F091RCTx_freeRTOS/Middlewares/Third_Party/FreeRTOS/Source/include" -I"C:/Users/Chenj/workspace/SVA-1000/STM32F091RCTx_freeRTOS/Drivers/CMSIS/Include" -I"C:/Users/Chenj/workspace/SVA-1000/STM32F091RCTx_freeRTOS/Middlewares/Third_Party/FreeRTOS/Source/CMSIS_RTOS" -std=gnu11 -fsanitize=float-divide-by-zero -fsanitize=float-cast-overflow -fno-sanitize-recover -MMD -MP -MF"Src/system_stm32f0xx.d" -MT"Src/system_stm32f0xx.o" -c -o "Src/system_stm32f0xx.o" "../Src/system_stm32f0xx.c"
Finished building: ../Src/gpio.c
Finished building: ../Src/aewin_def.c
 
Finished building: ../Src/dma.c
 
Building file: ../Src/tim.c
 
Building file: ../Src/usart.c
Finished building: ../Src/adc.c
Invoking: GNU ARM Cross C Compiler
arm-none-eabi-gcc -mcpu=cortex-m0 -mthumb -Os -fmessage-length=0 -fsigned-char -ffunction-sections -fdata-sections -Werror -Wuninitialized -Wextra -Wmissing-declarations -Wpointer-arith -Wshadow -Wlogical-op -Wfloat-equal  -g -DUSE_HAL_DRIVER -D__weak="__attribute__((weak))" -D__packed="__attribute__((__packed__))" -DSTM32F091xC -DARM_MATH_CM0 -I"C:/Users/Chenj/workspace/SVA-1000/STM32F091RCTx_freeRTOS/Inc" -I"C:/Users/Chenj/workspace/SVA-1000/STM32F091RCTx_freeRTOS/Drivers/STM32F0xx_HAL_Driver/Inc" -I"C:/Users/Chenj/workspace/SVA-1000/STM32F091RCTx_freeRTOS/Drivers/STM32F0xx_HAL_Driver/Inc/Legacy" -I"C:/Users/Chenj/workspace/SVA-1000/STM32F091RCTx_freeRTOS/Middlewares/Third_Party/FreeRTOS/Source/portable/GCC/ARM_CM0" -I"C:/Users/Chenj/workspace/SVA-1000/STM32F091RCTx_freeRTOS/Drivers/CMSIS/Device/ST/STM32F0xx/Include" -I"C:/Users/Chenj/workspace/SVA-1000/STM32F091RCTx_freeRTOS/Middlewares/Third_Party/FreeRTOS/Source/include" -I"C:/Users/Chenj/workspace/SVA-1000/STM32F091RCTx_freeRTOS/Drivers/CMSIS/Include" -I"C:/Users/Chenj/workspace/SVA-1000/STM32F091RCTx_freeRTOS/Middlewares/Third_Party/FreeRTOS/Source/CMSIS_RTOS" -std=gnu11 -fsanitize=float-divide-by-zero -fsanitize=float-cast-overflow -fno-sanitize-recover -MMD -MP -MF"Src/tim.d" -MT"Src/tim.o" -c -o "Src/tim.o" "../Src/tim.c"
Finished building: ../Src/stm32f0xx_hal_msp.c
Building file: ../Middlewares/Third_Party/FreeRTOS/Source/portable/MemMang/heap_4.c
Invoking: GNU ARM Cross C Compiler
 
arm-none-eabi-gcc -mcpu=cortex-m0 -mthumb -Os -fmessage-length=0 -fsigned-char -ffunction-sections -fdata-sections -Werror -Wuninitialized -Wextra -Wmissing-declarations -Wpointer-arith -Wshadow -Wlogical-op -Wfloat-equal  -g -DUSE_HAL_DRIVER -D__weak="__attribute__((weak))" -D__packed="__attribute__((__packed__))" -DSTM32F091xC -DARM_MATH_CM0 -I"C:/Users/Chenj/workspace/SVA-1000/STM32F091RCTx_freeRTOS/Inc" -I"C:/Users/Chenj/workspace/SVA-1000/STM32F091RCTx_freeRTOS/Drivers/STM32F0xx_HAL_Driver/Inc" -I"C:/Users/Chenj/workspace/SVA-1000/STM32F091RCTx_freeRTOS/Drivers/STM32F0xx_HAL_Driver/Inc/Legacy" -I"C:/Users/Chenj/workspace/SVA-1000/STM32F091RCTx_freeRTOS/Middlewares/Third_Party/FreeRTOS/Source/portable/GCC/ARM_CM0" -I"C:/Users/Chenj/workspace/SVA-1000/STM32F091RCTx_freeRTOS/Drivers/CMSIS/Device/ST/STM32F0xx/Include" -I"C:/Users/Chenj/workspace/SVA-1000/STM32F091RCTx_freeRTOS/Middlewares/Third_Party/FreeRTOS/Source/include" -I"C:/Users/Chenj/workspace/SVA-1000/STM32F091RCTx_freeRTOS/Drivers/CMSIS/Include" -I"C:/Users/Chenj/workspace/SVA-1000/STM32F091RCTx_freeRTOS/Middlewares/Third_Party/FreeRTOS/Source/CMSIS_RTOS" -std=gnu11 -fsanitize=float-divide-by-zero -fsanitize=float-cast-overflow -fno-sanitize-recover -MMD -MP -MF"Src/usart.d" -MT"Src/usart.o" -c -o "Src/usart.o" "../Src/usart.c"
Invoking: GNU ARM Cross C Compiler
arm-none-eabi-gcc -mcpu=cortex-m0 -mthumb -Os -fmessage-length=0 -fsigned-char -ffunction-sections -fdata-sections -Werror -Wuninitialized -Wextra -Wmissing-declarations -Wpointer-arith -Wshadow -Wlogical-op -Wfloat-equal  -g -DUSE_HAL_DRIVER -D__weak="__attribute__((weak))" -D__packed="__attribute__((__packed__))" -DSTM32F091xC -DARM_MATH_CM0 -I"C:/Users/Chenj/workspace/SVA-1000/STM32F091RCTx_freeRTOS/Inc" -I"C:/Users/Chenj/workspace/SVA-1000/STM32F091RCTx_freeRTOS/Drivers/STM32F0xx_HAL_Driver/Inc" -I"C:/Users/Chenj/workspace/SVA-1000/STM32F091RCTx_freeRTOS/Drivers/STM32F0xx_HAL_Driver/Inc/Legacy" -I"C:/Users/Chenj/workspace/SVA-1000/STM32F091RCTx_freeRTOS/Middlewares/Third_Party/FreeRTOS/Source/portable/GCC/ARM_CM0" -I"C:/Users/Chenj/workspace/SVA-1000/STM32F091RCTx_freeRTOS/Drivers/CMSIS/Device/ST/STM32F0xx/Include" -I"C:/Users/Chenj/workspace/SVA-1000/STM32F091RCTx_freeRTOS/Middlewares/Third_Party/FreeRTOS/Source/include" -I"C:/Users/Chenj/workspace/SVA-1000/STM32F091RCTx_freeRTOS/Drivers/CMSIS/Include" -I"C:/Users/Chenj/workspace/SVA-1000/STM32F091RCTx_freeRTOS/Middlewares/Third_Party/FreeRTOS/Source/CMSIS_RTOS" -std=gnu11 -fsanitize=float-divide-by-zero -fsanitize=float-cast-overflow -fno-sanitize-recover -MMD -MP -MF"Middlewares/Third_Party/FreeRTOS/Source/portable/MemMang/heap_4.d" -MT"Middlewares/Third_Party/FreeRTOS/Source/portable/MemMang/heap_4.o" -c -o "Middlewares/Third_Party/FreeRTOS/Source/portable/MemMang/heap_4.o" "../Middlewares/Third_Party/FreeRTOS/Source/portable/MemMang/heap_4.c"
 
Building file: ../Middlewares/Third_Party/FreeRTOS/Source/portable/GCC/ARM_CM0/port.c
Building file: ../Middlewares/Third_Party/FreeRTOS/Source/CMSIS_RTOS/cmsis_os.c
Invoking: GNU ARM Cross C Compiler
Invoking: GNU ARM Cross C Compiler
arm-none-eabi-gcc -mcpu=cortex-m0 -mthumb -Os -fmessage-length=0 -fsigned-char -ffunction-sections -fdata-sections -Werror -Wuninitialized -Wextra -Wmissing-declarations -Wpointer-arith -Wshadow -Wlogical-op -Wfloat-equal  -g -DUSE_HAL_DRIVER -D__weak="__attribute__((weak))" -D__packed="__attribute__((__packed__))" -DSTM32F091xC -DARM_MATH_CM0 -I"C:/Users/Chenj/workspace/SVA-1000/STM32F091RCTx_freeRTOS/Inc" -I"C:/Users/Chenj/workspace/SVA-1000/STM32F091RCTx_freeRTOS/Drivers/STM32F0xx_HAL_Driver/Inc" -I"C:/Users/Chenj/workspace/SVA-1000/STM32F091RCTx_freeRTOS/Drivers/STM32F0xx_HAL_Driver/Inc/Legacy" -I"C:/Users/Chenj/workspace/SVA-1000/STM32F091RCTx_freeRTOS/Middlewares/Third_Party/FreeRTOS/Source/portable/GCC/ARM_CM0" -I"C:/Users/Chenj/workspace/SVA-1000/STM32F091RCTx_freeRTOS/Drivers/CMSIS/Device/ST/STM32F0xx/Include" -I"C:/Users/Chenj/workspace/SVA-1000/STM32F091RCTx_freeRTOS/Middlewares/Third_Party/FreeRTOS/Source/include" -I"C:/Users/Chenj/workspace/SVA-1000/STM32F091RCTx_freeRTOS/Drivers/CMSIS/Include" -I"C:/Users/Chenj/workspace/SVA-1000/STM32F091RCTx_freeRTOS/Middlewares/Third_Party/FreeRTOS/Source/CMSIS_RTOS" -std=gnu11 -fsanitize=float-divide-by-zero -fsanitize=float-cast-overflow -fno-sanitize-recover -MMD -MP -MF"Middlewares/Third_Party/FreeRTOS/Source/portable/GCC/ARM_CM0/port.d" -MT"Middlewares/Third_Party/FreeRTOS/Source/portable/GCC/ARM_CM0/port.o" -c -o "Middlewares/Third_Party/FreeRTOS/Source/portable/GCC/ARM_CM0/port.o" "../Middlewares/Third_Party/FreeRTOS/Source/portable/GCC/ARM_CM0/port.c"
arm-none-eabi-gcc -mcpu=cortex-m0 -mthumb -Os -fmessage-length=0 -fsigned-char -ffunction-sections -fdata-sections -Werror -Wuninitialized -Wextra -Wmissing-declarations -Wpointer-arith -Wshadow -Wlogical-op -Wfloat-equal  -g -DUSE_HAL_DRIVER -D__weak="__attribute__((weak))" -D__packed="__attribute__((__packed__))" -DSTM32F091xC -DARM_MATH_CM0 -I"C:/Users/Chenj/workspace/SVA-1000/STM32F091RCTx_freeRTOS/Inc" -I"C:/Users/Chenj/workspace/SVA-1000/STM32F091RCTx_freeRTOS/Drivers/STM32F0xx_HAL_Driver/Inc" -I"C:/Users/Chenj/workspace/SVA-1000/STM32F091RCTx_freeRTOS/Drivers/STM32F0xx_HAL_Driver/Inc/Legacy" -I"C:/Users/Chenj/workspace/SVA-1000/STM32F091RCTx_freeRTOS/Middlewares/Third_Party/FreeRTOS/Source/portable/GCC/ARM_CM0" -I"C:/Users/Chenj/workspace/SVA-1000/STM32F091RCTx_freeRTOS/Drivers/CMSIS/Device/ST/STM32F0xx/Include" -I"C:/Users/Chenj/workspace/SVA-1000/STM32F091RCTx_freeRTOS/Middlewares/Third_Party/FreeRTOS/Source/include" -I"C:/Users/Chenj/workspace/SVA-1000/STM32F091RCTx_freeRTOS/Drivers/CMSIS/Include" -I"C:/Users/Chenj/workspace/SVA-1000/STM32F091RCTx_freeRTOS/Middlewares/Third_Party/FreeRTOS/Source/CMSIS_RTOS" -std=gnu11 -fsanitize=float-divide-by-zero -fsanitize=float-cast-overflow -fno-sanitize-recover -MMD -MP -MF"Middlewares/Third_Party/FreeRTOS/Source/CMSIS_RTOS/cmsis_os.d" -MT"Middlewares/Third_Party/FreeRTOS/Source/CMSIS_RTOS/cmsis_os.o" -c -o "Middlewares/Third_Party/FreeRTOS/Source/CMSIS_RTOS/cmsis_os.o" "../Middlewares/Third_Party/FreeRTOS/Source/CMSIS_RTOS/cmsis_os.c"
Finished building: ../Src/stm32f0xx_it.c
Finished building: ../Src/stm32f0xx_hal_timebase_TIM.c
 
Finished building: ../Src/system_stm32f0xx.c
 
 
Building file: ../Middlewares/Third_Party/FreeRTOS/Source/croutine.c
Building file: ../Middlewares/Third_Party/FreeRTOS/Source/event_groups.c
Building file: ../Middlewares/Third_Party/FreeRTOS/Source/list.c
Invoking: GNU ARM Cross C Compiler
arm-none-eabi-gcc -mcpu=cortex-m0 -mthumb -Os -fmessage-length=0 -fsigned-char -ffunction-sections -fdata-sections -Werror -Wuninitialized -Wextra -Wmissing-declarations -Wpointer-arith -Wshadow -Wlogical-op -Wfloat-equal  -g -DUSE_HAL_DRIVER -D__weak="__attribute__((weak))" -D__packed="__attribute__((__packed__))" -DSTM32F091xC -DARM_MATH_CM0 -I"C:/Users/Chenj/workspace/SVA-1000/STM32F091RCTx_freeRTOS/Inc" -I"C:/Users/Chenj/workspace/SVA-1000/STM32F091RCTx_freeRTOS/Drivers/STM32F0xx_HAL_Driver/Inc" -I"C:/Users/Chenj/workspace/SVA-1000/STM32F091RCTx_freeRTOS/Drivers/STM32F0xx_HAL_Driver/Inc/Legacy" -I"C:/Users/Chenj/workspace/SVA-1000/STM32F091RCTx_freeRTOS/Middlewares/Third_Party/FreeRTOS/Source/portable/GCC/ARM_CM0" -I"C:/Users/Chenj/workspace/SVA-1000/STM32F091RCTx_freeRTOS/Drivers/CMSIS/Device/ST/STM32F0xx/Include" -I"C:/Users/Chenj/workspace/SVA-1000/STM32F091RCTx_freeRTOS/Middlewares/Third_Party/FreeRTOS/Source/include" -I"C:/Users/Chenj/workspace/SVA-1000/STM32F091RCTx_freeRTOS/Drivers/CMSIS/Include" -I"C:/Users/Chenj/workspace/SVA-1000/STM32F091RCTx_freeRTOS/Middlewares/Third_Party/FreeRTOS/Source/CMSIS_RTOS" -std=gnu11 -fsanitize=float-divide-by-zero -fsanitize=float-cast-overflow -fno-sanitize-recover -MMD -MP -MF"Middlewares/Third_Party/FreeRTOS/Source/croutine.d" -MT"Middlewares/Third_Party/FreeRTOS/Source/croutine.o" -c -o "Middlewares/Third_Party/FreeRTOS/Source/croutine.o" "../Middlewares/Third_Party/FreeRTOS/Source/croutine.c"
Invoking: GNU ARM Cross C Compiler
arm-none-eabi-gcc -mcpu=cortex-m0 -mthumb -Os -fmessage-length=0 -fsigned-char -ffunction-sections -fdata-sections -Werror -Wuninitialized -Wextra -Wmissing-declarations -Wpointer-arith -Wshadow -Wlogical-op -Wfloat-equal  -g -DUSE_HAL_DRIVER -D__weak="__attribute__((weak))" -D__packed="__attribute__((__packed__))" -DSTM32F091xC -DARM_MATH_CM0 -I"C:/Users/Chenj/workspace/SVA-1000/STM32F091RCTx_freeRTOS/Inc" -I"C:/Users/Chenj/workspace/SVA-1000/STM32F091RCTx_freeRTOS/Drivers/STM32F0xx_HAL_Driver/Inc" -I"C:/Users/Chenj/workspace/SVA-1000/STM32F091RCTx_freeRTOS/Drivers/STM32F0xx_HAL_Driver/Inc/Legacy" -I"C:/Users/Chenj/workspace/SVA-1000/STM32F091RCTx_freeRTOS/Middlewares/Third_Party/FreeRTOS/Source/portable/GCC/ARM_CM0" -I"C:/Users/Chenj/workspace/SVA-1000/STM32F091RCTx_freeRTOS/Drivers/CMSIS/Device/ST/STM32F0xx/Include" -I"C:/Users/Chenj/workspace/SVA-1000/STM32F091RCTx_freeRTOS/Middlewares/Third_Party/FreeRTOS/Source/include" -I"C:/Users/Chenj/workspace/SVA-1000/STM32F091RCTx_freeRTOS/Drivers/CMSIS/Include" -I"C:/Users/Chenj/workspace/SVA-1000/STM32F091RCTx_freeRTOS/Middlewares/Third_Party/FreeRTOS/Source/CMSIS_RTOS" -std=gnu11 -fsanitize=float-divide-by-zero -fsanitize=float-cast-overflow -fno-sanitize-recover -MMD -MP -MF"Middlewares/Third_Party/FreeRTOS/Source/event_groups.d" -MT"Middlewares/Third_Party/FreeRTOS/Source/event_groups.o" -c -o "Middlewares/Third_Party/FreeRTOS/Source/event_groups.o" "../Middlewares/Third_Party/FreeRTOS/Source/event_groups.c"
Invoking: GNU ARM Cross C Compiler
arm-none-eabi-gcc -mcpu=cortex-m0 -mthumb -Os -fmessage-length=0 -fsigned-char -ffunction-sections -fdata-sections -Werror -Wuninitialized -Wextra -Wmissing-declarations -Wpointer-arith -Wshadow -Wlogical-op -Wfloat-equal  -g -DUSE_HAL_DRIVER -D__weak="__attribute__((weak))" -D__packed="__attribute__((__packed__))" -DSTM32F091xC -DARM_MATH_CM0 -I"C:/Users/Chenj/workspace/SVA-1000/STM32F091RCTx_freeRTOS/Inc" -I"C:/Users/Chenj/workspace/SVA-1000/STM32F091RCTx_freeRTOS/Drivers/STM32F0xx_HAL_Driver/Inc" -I"C:/Users/Chenj/workspace/SVA-1000/STM32F091RCTx_freeRTOS/Drivers/STM32F0xx_HAL_Driver/Inc/Legacy" -I"C:/Users/Chenj/workspace/SVA-1000/STM32F091RCTx_freeRTOS/Middlewares/Third_Party/FreeRTOS/Source/portable/GCC/ARM_CM0" -I"C:/Users/Chenj/workspace/SVA-1000/STM32F091RCTx_freeRTOS/Drivers/CMSIS/Device/ST/STM32F0xx/Include" -I"C:/Users/Chenj/workspace/SVA-1000/STM32F091RCTx_freeRTOS/Middlewares/Third_Party/FreeRTOS/Source/include" -I"C:/Users/Chenj/workspace/SVA-1000/STM32F091RCTx_freeRTOS/Drivers/CMSIS/Include" -I"C:/Users/Chenj/workspace/SVA-1000/STM32F091RCTx_freeRTOS/Middlewares/Third_Party/FreeRTOS/Source/CMSIS_RTOS" -std=gnu11 -fsanitize=float-divide-by-zero -fsanitize=float-cast-overflow -fno-sanitize-recover -MMD -MP -MF"Middlewares/Third_Party/FreeRTOS/Source/list.d" -MT"Middlewares/Third_Party/FreeRTOS/Source/list.o" -c -o "Middlewares/Third_Party/FreeRTOS/Source/list.o" "../Middlewares/Third_Party/FreeRTOS/Source/list.c"
Finished building: ../Src/tim.c
Finished building: ../Middlewares/Third_Party/FreeRTOS/Source/portable/MemMang/heap_4.c
 
 
Finished building: ../Src/usart.c
Finished building: ../Middlewares/Third_Party/FreeRTOS/Source/portable/GCC/ARM_CM0/port.c
Building file: ../Middlewares/Third_Party/FreeRTOS/Source/queue.c
Building file: ../Middlewares/Third_Party/FreeRTOS/Source/tasks.c
 
 
Invoking: GNU ARM Cross C Compiler
Finished building: ../Middlewares/Third_Party/FreeRTOS/Source/croutine.c
Invoking: GNU ARM Cross C Compiler
arm-none-eabi-gcc -mcpu=cortex-m0 -mthumb -Os -fmessage-length=0 -fsigned-char -ffunction-sections -fdata-sections -Werror -Wuninitialized -Wextra -Wmissing-declarations -Wpointer-arith -Wshadow -Wlogical-op -Wfloat-equal  -g -DUSE_HAL_DRIVER -D__weak="__attribute__((weak))" -D__packed="__attribute__((__packed__))" -DSTM32F091xC -DARM_MATH_CM0 -I"C:/Users/Chenj/workspace/SVA-1000/STM32F091RCTx_freeRTOS/Inc" -I"C:/Users/Chenj/workspace/SVA-1000/STM32F091RCTx_freeRTOS/Drivers/STM32F0xx_HAL_Driver/Inc" -I"C:/Users/Chenj/workspace/SVA-1000/STM32F091RCTx_freeRTOS/Drivers/STM32F0xx_HAL_Driver/Inc/Legacy" -I"C:/Users/Chenj/workspace/SVA-1000/STM32F091RCTx_freeRTOS/Middlewares/Third_Party/FreeRTOS/Source/portable/GCC/ARM_CM0" -I"C:/Users/Chenj/workspace/SVA-1000/STM32F091RCTx_freeRTOS/Drivers/CMSIS/Device/ST/STM32F0xx/Include" -I"C:/Users/Chenj/workspace/SVA-1000/STM32F091RCTx_freeRTOS/Middlewares/Third_Party/FreeRTOS/Source/include" -I"C:/Users/Chenj/workspace/SVA-1000/STM32F091RCTx_freeRTOS/Drivers/CMSIS/Include" -I"C:/Users/Chenj/workspace/SVA-1000/STM32F091RCTx_freeRTOS/Middlewares/Third_Party/FreeRTOS/Source/CMSIS_RTOS" -std=gnu11 -fsanitize=float-divide-by-zero -fsanitize=float-cast-overflow -fno-sanitize-recover -MMD -MP -MF"Middlewares/Third_Party/FreeRTOS/Source/queue.d" -MT"Middlewares/Third_Party/FreeRTOS/Source/queue.o" -c -o "Middlewares/Third_Party/FreeRTOS/Source/queue.o" "../Middlewares/Third_Party/FreeRTOS/Source/queue.c"
Building file: ../Middlewares/Third_Party/FreeRTOS/Source/timers.c
Building file: ../Drivers/STM32F0xx_HAL_Driver/Src/stm32f0xx_hal.c
arm-none-eabi-gcc -mcpu=cortex-m0 -mthumb -Os -fmessage-length=0 -fsigned-char -ffunction-sections -fdata-sections -Werror -Wuninitialized -Wextra -Wmissing-declarations -Wpointer-arith -Wshadow -Wlogical-op -Wfloat-equal  -g -DUSE_HAL_DRIVER -D__weak="__attribute__((weak))" -D__packed="__attribute__((__packed__))" -DSTM32F091xC -DARM_MATH_CM0 -I"C:/Users/Chenj/workspace/SVA-1000/STM32F091RCTx_freeRTOS/Inc" -I"C:/Users/Chenj/workspace/SVA-1000/STM32F091RCTx_freeRTOS/Drivers/STM32F0xx_HAL_Driver/Inc" -I"C:/Users/Chenj/workspace/SVA-1000/STM32F091RCTx_freeRTOS/Drivers/STM32F0xx_HAL_Driver/Inc/Legacy" -I"C:/Users/Chenj/workspace/SVA-1000/STM32F091RCTx_freeRTOS/Middlewares/Third_Party/FreeRTOS/Source/portable/GCC/ARM_CM0" -I"C:/Users/Chenj/workspace/SVA-1000/STM32F091RCTx_freeRTOS/Drivers/CMSIS/Device/ST/STM32F0xx/Include" -I"C:/Users/Chenj/workspace/SVA-1000/STM32F091RCTx_freeRTOS/Middlewares/Third_Party/FreeRTOS/Source/include" -I"C:/Users/Chenj/workspace/SVA-1000/STM32F091RCTx_freeRTOS/Drivers/CMSIS/Include" -I"C:/Users/Chenj/workspace/SVA-1000/STM32F091RCTx_freeRTOS/Middlewares/Third_Party/FreeRTOS/Source/CMSIS_RTOS" -std=gnu11 -fsanitize=float-divide-by-zero -fsanitize=float-cast-overflow -fno-sanitize-recover -MMD -MP -MF"Middlewares/Third_Party/FreeRTOS/Source/tasks.d" -MT"Middlewares/Third_Party/FreeRTOS/Source/tasks.o" -c -o "Middlewares/Third_Party/FreeRTOS/Source/tasks.o" "../Middlewares/Third_Party/FreeRTOS/Source/tasks.c"
 
Invoking: GNU ARM Cross C Compiler
Invoking: GNU ARM Cross C Compiler
arm-none-eabi-gcc -mcpu=cortex-m0 -mthumb -Os -fmessage-length=0 -fsigned-char -ffunction-sections -fdata-sections -Werror -Wuninitialized -Wextra -Wmissing-declarations -Wpointer-arith -Wshadow -Wlogical-op -Wfloat-equal  -g -DUSE_HAL_DRIVER -D__weak="__attribute__((weak))" -D__packed="__attribute__((__packed__))" -DSTM32F091xC -DARM_MATH_CM0 -I"C:/Users/Chenj/workspace/SVA-1000/STM32F091RCTx_freeRTOS/Inc" -I"C:/Users/Chenj/workspace/SVA-1000/STM32F091RCTx_freeRTOS/Drivers/STM32F0xx_HAL_Driver/Inc" -I"C:/Users/Chenj/workspace/SVA-1000/STM32F091RCTx_freeRTOS/Drivers/STM32F0xx_HAL_Driver/Inc/Legacy" -I"C:/Users/Chenj/workspace/SVA-1000/STM32F091RCTx_freeRTOS/Middlewares/Third_Party/FreeRTOS/Source/portable/GCC/ARM_CM0" -I"C:/Users/Chenj/workspace/SVA-1000/STM32F091RCTx_freeRTOS/Drivers/CMSIS/Device/ST/STM32F0xx/Include" -I"C:/Users/Chenj/workspace/SVA-1000/STM32F091RCTx_freeRTOS/Middlewares/Third_Party/FreeRTOS/Source/include" -I"C:/Users/Chenj/workspace/SVA-1000/STM32F091RCTx_freeRTOS/Drivers/CMSIS/Include" -I"C:/Users/Chenj/workspace/SVA-1000/STM32F091RCTx_freeRTOS/Middlewares/Third_Party/FreeRTOS/Source/CMSIS_RTOS" -std=gnu11 -fsanitize=float-divide-by-zero -fsanitize=float-cast-overflow -fno-sanitize-recover -MMD -MP -MF"Middlewares/Third_Party/FreeRTOS/Source/timers.d" -MT"Middlewares/Third_Party/FreeRTOS/Source/timers.o" -c -o "Middlewares/Third_Party/FreeRTOS/Source/timers.o" "../Middlewares/Third_Party/FreeRTOS/Source/timers.c"
arm-none-eabi-gcc -mcpu=cortex-m0 -mthumb -Os -fmessage-length=0 -fsigned-char -ffunction-sections -fdata-sections -Werror -Wuninitialized -Wextra -Wmissing-declarations -Wpointer-arith -Wshadow -Wlogical-op -Wfloat-equal  -g -DUSE_HAL_DRIVER -D__weak="__attribute__((weak))" -D__packed="__attribute__((__packed__))" -DSTM32F091xC -DARM_MATH_CM0 -I"C:/Users/Chenj/workspace/SVA-1000/STM32F091RCTx_freeRTOS/Inc" -I"C:/Users/Chenj/workspace/SVA-1000/STM32F091RCTx_freeRTOS/Drivers/STM32F0xx_HAL_Driver/Inc" -I"C:/Users/Chenj/workspace/SVA-1000/STM32F091RCTx_freeRTOS/Drivers/STM32F0xx_HAL_Driver/Inc/Legacy" -I"C:/Users/Chenj/workspace/SVA-1000/STM32F091RCTx_freeRTOS/Middlewares/Third_Party/FreeRTOS/Source/portable/GCC/ARM_CM0" -I"C:/Users/Chenj/workspace/SVA-1000/STM32F091RCTx_freeRTOS/Drivers/CMSIS/Device/ST/STM32F0xx/Include" -I"C:/Users/Chenj/workspace/SVA-1000/STM32F091RCTx_freeRTOS/Middlewares/Third_Party/FreeRTOS/Source/include" -I"C:/Users/Chenj/workspace/SVA-1000/STM32F091RCTx_freeRTOS/Drivers/CMSIS/Include" -I"C:/Users/Chenj/workspace/SVA-1000/STM32F091RCTx_freeRTOS/Middlewares/Third_Party/FreeRTOS/Source/CMSIS_RTOS" -std=gnu11 -fsanitize=float-divide-by-zero -fsanitize=float-cast-overflow -fno-sanitize-recover -MMD -MP -MF"Drivers/STM32F0xx_HAL_Driver/Src/stm32f0xx_hal.d" -MT"Drivers/STM32F0xx_HAL_Driver/Src/stm32f0xx_hal.o" -c -o "Drivers/STM32F0xx_HAL_Driver/Src/stm32f0xx_hal.o" "../Drivers/STM32F0xx_HAL_Driver/Src/stm32f0xx_hal.c"
Building file: ../Drivers/STM32F0xx_HAL_Driver/Src/stm32f0xx_hal_adc.c
Finished building: ../Middlewares/Third_Party/FreeRTOS/Source/list.c
Invoking: GNU ARM Cross C Compiler
arm-none-eabi-gcc -mcpu=cortex-m0 -mthumb -Os -fmessage-length=0 -fsigned-char -ffunction-sections -fdata-sections -Werror -Wuninitialized -Wextra -Wmissing-declarations -Wpointer-arith -Wshadow -Wlogical-op -Wfloat-equal  -g -DUSE_HAL_DRIVER -D__weak="__attribute__((weak))" -D__packed="__attribute__((__packed__))" -DSTM32F091xC -DARM_MATH_CM0 -I"C:/Users/Chenj/workspace/SVA-1000/STM32F091RCTx_freeRTOS/Inc" -I"C:/Users/Chenj/workspace/SVA-1000/STM32F091RCTx_freeRTOS/Drivers/STM32F0xx_HAL_Driver/Inc" -I"C:/Users/Chenj/workspace/SVA-1000/STM32F091RCTx_freeRTOS/Drivers/STM32F0xx_HAL_Driver/Inc/Legacy" -I"C:/Users/Chenj/workspace/SVA-1000/STM32F091RCTx_freeRTOS/Middlewares/Third_Party/FreeRTOS/Source/portable/GCC/ARM_CM0" -I"C:/Users/Chenj/workspace/SVA-1000/STM32F091RCTx_freeRTOS/Drivers/CMSIS/Device/ST/STM32F0xx/Include" -I"C:/Users/Chenj/workspace/SVA-1000/STM32F091RCTx_freeRTOS/Middlewares/Third_Party/FreeRTOS/Source/include" -I"C:/Users/Chenj/workspace/SVA-1000/STM32F091RCTx_freeRTOS/Drivers/CMSIS/Include" -I"C:/Users/Chenj/workspace/SVA-1000/STM32F091RCTx_freeRTOS/Middlewares/Third_Party/FreeRTOS/Source/CMSIS_RTOS" -std=gnu11 -fsanitize=float-divide-by-zero -fsanitize=float-cast-overflow -fno-sanitize-recover -MMD -MP -MF"Drivers/STM32F0xx_HAL_Driver/Src/stm32f0xx_hal_adc.d" -MT"Drivers/STM32F0xx_HAL_Driver/Src/stm32f0xx_hal_adc.o" -c -o "Drivers/STM32F0xx_HAL_Driver/Src/stm32f0xx_hal_adc.o" "../Drivers/STM32F0xx_HAL_Driver/Src/stm32f0xx_hal_adc.c"
 
Finished building: ../Middlewares/Third_Party/FreeRTOS/Source/event_groups.c
Building file: ../Drivers/STM32F0xx_HAL_Driver/Src/stm32f0xx_hal_adc_ex.c
 
Finished building: ../Middlewares/Third_Party/FreeRTOS/Source/CMSIS_RTOS/cmsis_os.c
Building file: ../Drivers/STM32F0xx_HAL_Driver/Src/stm32f0xx_hal_can.c
Invoking: GNU ARM Cross C Compiler
arm-none-eabi-gcc -mcpu=cortex-m0 -mthumb -Os -fmessage-length=0 -fsigned-char -ffunction-sections -fdata-sections -Werror -Wuninitialized -Wextra -Wmissing-declarations -Wpointer-arith -Wshadow -Wlogical-op -Wfloat-equal  -g -DUSE_HAL_DRIVER -D__weak="__attribute__((weak))" -D__packed="__attribute__((__packed__))" -DSTM32F091xC -DARM_MATH_CM0 -I"C:/Users/Chenj/workspace/SVA-1000/STM32F091RCTx_freeRTOS/Inc" -I"C:/Users/Chenj/workspace/SVA-1000/STM32F091RCTx_freeRTOS/Drivers/STM32F0xx_HAL_Driver/Inc" -I"C:/Users/Chenj/workspace/SVA-1000/STM32F091RCTx_freeRTOS/Drivers/STM32F0xx_HAL_Driver/Inc/Legacy" -I"C:/Users/Chenj/workspace/SVA-1000/STM32F091RCTx_freeRTOS/Middlewares/Third_Party/FreeRTOS/Source/portable/GCC/ARM_CM0" -I"C:/Users/Chenj/workspace/SVA-1000/STM32F091RCTx_freeRTOS/Drivers/CMSIS/Device/ST/STM32F0xx/Include" -I"C:/Users/Chenj/workspace/SVA-1000/STM32F091RCTx_freeRTOS/Middlewares/Third_Party/FreeRTOS/Source/include" -I"C:/Users/Chenj/workspace/SVA-1000/STM32F091RCTx_freeRTOS/Drivers/CMSIS/Include" -I"C:/Users/Chenj/workspace/SVA-1000/STM32F091RCTx_freeRTOS/Middlewares/Third_Party/FreeRTOS/Source/CMSIS_RTOS" -std=gnu11 -fsanitize=float-divide-by-zero -fsanitize=float-cast-overflow -fno-sanitize-recover -MMD -MP -MF"Drivers/STM32F0xx_HAL_Driver/Src/stm32f0xx_hal_adc_ex.d" -MT"Drivers/STM32F0xx_HAL_Driver/Src/stm32f0xx_hal_adc_ex.o" -c -o "Drivers/STM32F0xx_HAL_Driver/Src/stm32f0xx_hal_adc_ex.o" "../Drivers/STM32F0xx_HAL_Driver/Src/stm32f0xx_hal_adc_ex.c"
 
Invoking: GNU ARM Cross C Compiler
arm-none-eabi-gcc -mcpu=cortex-m0 -mthumb -Os -fmessage-length=0 -fsigned-char -ffunction-sections -fdata-sections -Werror -Wuninitialized -Wextra -Wmissing-declarations -Wpointer-arith -Wshadow -Wlogical-op -Wfloat-equal  -g -DUSE_HAL_DRIVER -D__weak="__attribute__((weak))" -D__packed="__attribute__((__packed__))" -DSTM32F091xC -DARM_MATH_CM0 -I"C:/Users/Chenj/workspace/SVA-1000/STM32F091RCTx_freeRTOS/Inc" -I"C:/Users/Chenj/workspace/SVA-1000/STM32F091RCTx_freeRTOS/Drivers/STM32F0xx_HAL_Driver/Inc" -I"C:/Users/Chenj/workspace/SVA-1000/STM32F091RCTx_freeRTOS/Drivers/STM32F0xx_HAL_Driver/Inc/Legacy" -I"C:/Users/Chenj/workspace/SVA-1000/STM32F091RCTx_freeRTOS/Middlewares/Third_Party/FreeRTOS/Source/portable/GCC/ARM_CM0" -I"C:/Users/Chenj/workspace/SVA-1000/STM32F091RCTx_freeRTOS/Drivers/CMSIS/Device/ST/STM32F0xx/Include" -I"C:/Users/Chenj/workspace/SVA-1000/STM32F091RCTx_freeRTOS/Middlewares/Third_Party/FreeRTOS/Source/include" -I"C:/Users/Chenj/workspace/SVA-1000/STM32F091RCTx_freeRTOS/Drivers/CMSIS/Include" -I"C:/Users/Chenj/workspace/SVA-1000/STM32F091RCTx_freeRTOS/Middlewares/Third_Party/FreeRTOS/Source/CMSIS_RTOS" -std=gnu11 -fsanitize=float-divide-by-zero -fsanitize=float-cast-overflow -fno-sanitize-recover -MMD -MP -MF"Drivers/STM32F0xx_HAL_Driver/Src/stm32f0xx_hal_can.d" -MT"Drivers/STM32F0xx_HAL_Driver/Src/stm32f0xx_hal_can.o" -c -o "Drivers/STM32F0xx_HAL_Driver/Src/stm32f0xx_hal_can.o" "../Drivers/STM32F0xx_HAL_Driver/Src/stm32f0xx_hal_can.c"
Building file: ../Drivers/STM32F0xx_HAL_Driver/Src/stm32f0xx_hal_cortex.c
Invoking: GNU ARM Cross C Compiler
arm-none-eabi-gcc -mcpu=cortex-m0 -mthumb -Os -fmessage-length=0 -fsigned-char -ffunction-sections -fdata-sections -Werror -Wuninitialized -Wextra -Wmissing-declarations -Wpointer-arith -Wshadow -Wlogical-op -Wfloat-equal  -g -DUSE_HAL_DRIVER -D__weak="__attribute__((weak))" -D__packed="__attribute__((__packed__))" -DSTM32F091xC -DARM_MATH_CM0 -I"C:/Users/Chenj/workspace/SVA-1000/STM32F091RCTx_freeRTOS/Inc" -I"C:/Users/Chenj/workspace/SVA-1000/STM32F091RCTx_freeRTOS/Drivers/STM32F0xx_HAL_Driver/Inc" -I"C:/Users/Chenj/workspace/SVA-1000/STM32F091RCTx_freeRTOS/Drivers/STM32F0xx_HAL_Driver/Inc/Legacy" -I"C:/Users/Chenj/workspace/SVA-1000/STM32F091RCTx_freeRTOS/Middlewares/Third_Party/FreeRTOS/Source/portable/GCC/ARM_CM0" -I"C:/Users/Chenj/workspace/SVA-1000/STM32F091RCTx_freeRTOS/Drivers/CMSIS/Device/ST/STM32F0xx/Include" -I"C:/Users/Chenj/workspace/SVA-1000/STM32F091RCTx_freeRTOS/Middlewares/Third_Party/FreeRTOS/Source/include" -I"C:/Users/Chenj/workspace/SVA-1000/STM32F091RCTx_freeRTOS/Drivers/CMSIS/Include" -I"C:/Users/Chenj/workspace/SVA-1000/STM32F091RCTx_freeRTOS/Middlewares/Third_Party/FreeRTOS/Source/CMSIS_RTOS" -std=gnu11 -fsanitize=float-divide-by-zero -fsanitize=float-cast-overflow -fno-sanitize-recover -MMD -MP -MF"Drivers/STM32F0xx_HAL_Driver/Src/stm32f0xx_hal_cortex.d" -MT"Drivers/STM32F0xx_HAL_Driver/Src/stm32f0xx_hal_cortex.o" -c -o "Drivers/STM32F0xx_HAL_Driver/Src/stm32f0xx_hal_cortex.o" "../Drivers/STM32F0xx_HAL_Driver/Src/stm32f0xx_hal_cortex.c"
Finished building: ../Middlewares/Third_Party/FreeRTOS/Source/timers.c
 
Building file: ../Drivers/STM32F0xx_HAL_Driver/Src/stm32f0xx_hal_dma.c
Finished building: ../Drivers/STM32F0xx_HAL_Driver/Src/stm32f0xx_hal.c
Invoking: GNU ARM Cross C Compiler
arm-none-eabi-gcc -mcpu=cortex-m0 -mthumb -Os -fmessage-length=0 -fsigned-char -ffunction-sections -fdata-sections -Werror -Wuninitialized -Wextra -Wmissing-declarations -Wpointer-arith -Wshadow -Wlogical-op -Wfloat-equal  -g -DUSE_HAL_DRIVER -D__weak="__attribute__((weak))" -D__packed="__attribute__((__packed__))" -DSTM32F091xC -DARM_MATH_CM0 -I"C:/Users/Chenj/workspace/SVA-1000/STM32F091RCTx_freeRTOS/Inc" -I"C:/Users/Chenj/workspace/SVA-1000/STM32F091RCTx_freeRTOS/Drivers/STM32F0xx_HAL_Driver/Inc" -I"C:/Users/Chenj/workspace/SVA-1000/STM32F091RCTx_freeRTOS/Drivers/STM32F0xx_HAL_Driver/Inc/Legacy" -I"C:/Users/Chenj/workspace/SVA-1000/STM32F091RCTx_freeRTOS/Middlewares/Third_Party/FreeRTOS/Source/portable/GCC/ARM_CM0" -I"C:/Users/Chenj/workspace/SVA-1000/STM32F091RCTx_freeRTOS/Drivers/CMSIS/Device/ST/STM32F0xx/Include" -I"C:/Users/Chenj/workspace/SVA-1000/STM32F091RCTx_freeRTOS/Middlewares/Third_Party/FreeRTOS/Source/include" -I"C:/Users/Chenj/workspace/SVA-1000/STM32F091RCTx_freeRTOS/Drivers/CMSIS/Include" -I"C:/Users/Chenj/workspace/SVA-1000/STM32F091RCTx_freeRTOS/Middlewares/Third_Party/FreeRTOS/Source/CMSIS_RTOS" -std=gnu11 -fsanitize=float-divide-by-zero -fsanitize=float-cast-overflow -fno-sanitize-recover -MMD -MP -MF"Drivers/STM32F0xx_HAL_Driver/Src/stm32f0xx_hal_dma.d" -MT"Drivers/STM32F0xx_HAL_Driver/Src/stm32f0xx_hal_dma.o" -c -o "Drivers/STM32F0xx_HAL_Driver/Src/stm32f0xx_hal_dma.o" "../Drivers/STM32F0xx_HAL_Driver/Src/stm32f0xx_hal_dma.c"
 
Finished building: ../Middlewares/Third_Party/FreeRTOS/Source/queue.c
Building file: ../Drivers/STM32F0xx_HAL_Driver/Src/stm32f0xx_hal_flash.c
 
Building file: ../Drivers/STM32F0xx_HAL_Driver/Src/stm32f0xx_hal_flash_ex.c
Invoking: GNU ARM Cross C Compiler
arm-none-eabi-gcc -mcpu=cortex-m0 -mthumb -Os -fmessage-length=0 -fsigned-char -ffunction-sections -fdata-sections -Werror -Wuninitialized -Wextra -Wmissing-declarations -Wpointer-arith -Wshadow -Wlogical-op -Wfloat-equal  -g -DUSE_HAL_DRIVER -D__weak="__attribute__((weak))" -D__packed="__attribute__((__packed__))" -DSTM32F091xC -DARM_MATH_CM0 -I"C:/Users/Chenj/workspace/SVA-1000/STM32F091RCTx_freeRTOS/Inc" -I"C:/Users/Chenj/workspace/SVA-1000/STM32F091RCTx_freeRTOS/Drivers/STM32F0xx_HAL_Driver/Inc" -I"C:/Users/Chenj/workspace/SVA-1000/STM32F091RCTx_freeRTOS/Drivers/STM32F0xx_HAL_Driver/Inc/Legacy" -I"C:/Users/Chenj/workspace/SVA-1000/STM32F091RCTx_freeRTOS/Middlewares/Third_Party/FreeRTOS/Source/portable/GCC/ARM_CM0" -I"C:/Users/Chenj/workspace/SVA-1000/STM32F091RCTx_freeRTOS/Drivers/CMSIS/Device/ST/STM32F0xx/Include" -I"C:/Users/Chenj/workspace/SVA-1000/STM32F091RCTx_freeRTOS/Middlewares/Third_Party/FreeRTOS/Source/include" -I"C:/Users/Chenj/workspace/SVA-1000/STM32F091RCTx_freeRTOS/Drivers/CMSIS/Include" -I"C:/Users/Chenj/workspace/SVA-1000/STM32F091RCTx_freeRTOS/Middlewares/Third_Party/FreeRTOS/Source/CMSIS_RTOS" -std=gnu11 -fsanitize=float-divide-by-zero -fsanitize=float-cast-overflow -fno-sanitize-recover -MMD -MP -MF"Drivers/STM32F0xx_HAL_Driver/Src/stm32f0xx_hal_flash.d" -MT"Drivers/STM32F0xx_HAL_Driver/Src/stm32f0xx_hal_flash.o" -c -o "Drivers/STM32F0xx_HAL_Driver/Src/stm32f0xx_hal_flash.o" "../Drivers/STM32F0xx_HAL_Driver/Src/stm32f0xx_hal_flash.c"
Finished building: ../Drivers/STM32F0xx_HAL_Driver/Src/stm32f0xx_hal_adc_ex.c
Invoking: GNU ARM Cross C Compiler
arm-none-eabi-gcc -mcpu=cortex-m0 -mthumb -Os -fmessage-length=0 -fsigned-char -ffunction-sections -fdata-sections -Werror -Wuninitialized -Wextra -Wmissing-declarations -Wpointer-arith -Wshadow -Wlogical-op -Wfloat-equal  -g -DUSE_HAL_DRIVER -D__weak="__attribute__((weak))" -D__packed="__attribute__((__packed__))" -DSTM32F091xC -DARM_MATH_CM0 -I"C:/Users/Chenj/workspace/SVA-1000/STM32F091RCTx_freeRTOS/Inc" -I"C:/Users/Chenj/workspace/SVA-1000/STM32F091RCTx_freeRTOS/Drivers/STM32F0xx_HAL_Driver/Inc" -I"C:/Users/Chenj/workspace/SVA-1000/STM32F091RCTx_freeRTOS/Drivers/STM32F0xx_HAL_Driver/Inc/Legacy" -I"C:/Users/Chenj/workspace/SVA-1000/STM32F091RCTx_freeRTOS/Middlewares/Third_Party/FreeRTOS/Source/portable/GCC/ARM_CM0" -I"C:/Users/Chenj/workspace/SVA-1000/STM32F091RCTx_freeRTOS/Drivers/CMSIS/Device/ST/STM32F0xx/Include" -I"C:/Users/Chenj/workspace/SVA-1000/STM32F091RCTx_freeRTOS/Middlewares/Third_Party/FreeRTOS/Source/include" -I"C:/Users/Chenj/workspace/SVA-1000/STM32F091RCTx_freeRTOS/Drivers/CMSIS/Include" -I"C:/Users/Chenj/workspace/SVA-1000/STM32F091RCTx_freeRTOS/Middlewares/Third_Party/FreeRTOS/Source/CMSIS_RTOS" -std=gnu11 -fsanitize=float-divide-by-zero -fsanitize=float-cast-overflow -fno-sanitize-recover -MMD -MP -MF"Drivers/STM32F0xx_HAL_Driver/Src/stm32f0xx_hal_flash_ex.d" -MT"Drivers/STM32F0xx_HAL_Driver/Src/stm32f0xx_hal_flash_ex.o" -c -o "Drivers/STM32F0xx_HAL_Driver/Src/stm32f0xx_hal_flash_ex.o" "../Drivers/STM32F0xx_HAL_Driver/Src/stm32f0xx_hal_flash_ex.c"
 
Finished building: ../Middlewares/Third_Party/FreeRTOS/Source/tasks.c
Building file: ../Drivers/STM32F0xx_HAL_Driver/Src/stm32f0xx_hal_gpio.c
Finished building: ../Drivers/STM32F0xx_HAL_Driver/Src/stm32f0xx_hal_adc.c
 
 
Invoking: GNU ARM Cross C Compiler
arm-none-eabi-gcc -mcpu=cortex-m0 -mthumb -Os -fmessage-length=0 -fsigned-char -ffunction-sections -fdata-sections -Werror -Wuninitialized -Wextra -Wmissing-declarations -Wpointer-arith -Wshadow -Wlogical-op -Wfloat-equal  -g -DUSE_HAL_DRIVER -D__weak="__attribute__((weak))" -D__packed="__attribute__((__packed__))" -DSTM32F091xC -DARM_MATH_CM0 -I"C:/Users/Chenj/workspace/SVA-1000/STM32F091RCTx_freeRTOS/Inc" -I"C:/Users/Chenj/workspace/SVA-1000/STM32F091RCTx_freeRTOS/Drivers/STM32F0xx_HAL_Driver/Inc" -I"C:/Users/Chenj/workspace/SVA-1000/STM32F091RCTx_freeRTOS/Drivers/STM32F0xx_HAL_Driver/Inc/Legacy" -I"C:/Users/Chenj/workspace/SVA-1000/STM32F091RCTx_freeRTOS/Middlewares/Third_Party/FreeRTOS/Source/portable/GCC/ARM_CM0" -I"C:/Users/Chenj/workspace/SVA-1000/STM32F091RCTx_freeRTOS/Drivers/CMSIS/Device/ST/STM32F0xx/Include" -I"C:/Users/Chenj/workspace/SVA-1000/STM32F091RCTx_freeRTOS/Middlewares/Third_Party/FreeRTOS/Source/include" -I"C:/Users/Chenj/workspace/SVA-1000/STM32F091RCTx_freeRTOS/Drivers/CMSIS/Include" -I"C:/Users/Chenj/workspace/SVA-1000/STM32F091RCTx_freeRTOS/Middlewares/Third_Party/FreeRTOS/Source/CMSIS_RTOS" -std=gnu11 -fsanitize=float-divide-by-zero -fsanitize=float-cast-overflow -fno-sanitize-recover -MMD -MP -MF"Drivers/STM32F0xx_HAL_Driver/Src/stm32f0xx_hal_gpio.d" -MT"Drivers/STM32F0xx_HAL_Driver/Src/stm32f0xx_hal_gpio.o" -c -o "Drivers/STM32F0xx_HAL_Driver/Src/stm32f0xx_hal_gpio.o" "../Drivers/STM32F0xx_HAL_Driver/Src/stm32f0xx_hal_gpio.c"
Building file: ../Drivers/STM32F0xx_HAL_Driver/Src/stm32f0xx_hal_i2c.c
Building file: ../Drivers/STM32F0xx_HAL_Driver/Src/stm32f0xx_hal_i2c_ex.c
Finished building: ../Drivers/STM32F0xx_HAL_Driver/Src/stm32f0xx_hal_cortex.c
Invoking: GNU ARM Cross C Compiler
arm-none-eabi-gcc -mcpu=cortex-m0 -mthumb -Os -fmessage-length=0 -fsigned-char -ffunction-sections -fdata-sections -Werror -Wuninitialized -Wextra -Wmissing-declarations -Wpointer-arith -Wshadow -Wlogical-op -Wfloat-equal  -g -DUSE_HAL_DRIVER -D__weak="__attribute__((weak))" -D__packed="__attribute__((__packed__))" -DSTM32F091xC -DARM_MATH_CM0 -I"C:/Users/Chenj/workspace/SVA-1000/STM32F091RCTx_freeRTOS/Inc" -I"C:/Users/Chenj/workspace/SVA-1000/STM32F091RCTx_freeRTOS/Drivers/STM32F0xx_HAL_Driver/Inc" -I"C:/Users/Chenj/workspace/SVA-1000/STM32F091RCTx_freeRTOS/Drivers/STM32F0xx_HAL_Driver/Inc/Legacy" -I"C:/Users/Chenj/workspace/SVA-1000/STM32F091RCTx_freeRTOS/Middlewares/Third_Party/FreeRTOS/Source/portable/GCC/ARM_CM0" -I"C:/Users/Chenj/workspace/SVA-1000/STM32F091RCTx_freeRTOS/Drivers/CMSIS/Device/ST/STM32F0xx/Include" -I"C:/Users/Chenj/workspace/SVA-1000/STM32F091RCTx_freeRTOS/Middlewares/Third_Party/FreeRTOS/Source/include" -I"C:/Users/Chenj/workspace/SVA-1000/STM32F091RCTx_freeRTOS/Drivers/CMSIS/Include" -I"C:/Users/Chenj/workspace/SVA-1000/STM32F091RCTx_freeRTOS/Middlewares/Third_Party/FreeRTOS/Source/CMSIS_RTOS" -std=gnu11 -fsanitize=float-divide-by-zero -fsanitize=float-cast-overflow -fno-sanitize-recover -MMD -MP -MF"Drivers/STM32F0xx_HAL_Driver/Src/stm32f0xx_hal_i2c.d" -MT"Drivers/STM32F0xx_HAL_Driver/Src/stm32f0xx_hal_i2c.o" -c -o "Drivers/STM32F0xx_HAL_Driver/Src/stm32f0xx_hal_i2c.o" "../Drivers/STM32F0xx_HAL_Driver/Src/stm32f0xx_hal_i2c.c"
 
Invoking: GNU ARM Cross C Compiler
arm-none-eabi-gcc -mcpu=cortex-m0 -mthumb -Os -fmessage-length=0 -fsigned-char -ffunction-sections -fdata-sections -Werror -Wuninitialized -Wextra -Wmissing-declarations -Wpointer-arith -Wshadow -Wlogical-op -Wfloat-equal  -g -DUSE_HAL_DRIVER -D__weak="__attribute__((weak))" -D__packed="__attribute__((__packed__))" -DSTM32F091xC -DARM_MATH_CM0 -I"C:/Users/Chenj/workspace/SVA-1000/STM32F091RCTx_freeRTOS/Inc" -I"C:/Users/Chenj/workspace/SVA-1000/STM32F091RCTx_freeRTOS/Drivers/STM32F0xx_HAL_Driver/Inc" -I"C:/Users/Chenj/workspace/SVA-1000/STM32F091RCTx_freeRTOS/Drivers/STM32F0xx_HAL_Driver/Inc/Legacy" -I"C:/Users/Chenj/workspace/SVA-1000/STM32F091RCTx_freeRTOS/Middlewares/Third_Party/FreeRTOS/Source/portable/GCC/ARM_CM0" -I"C:/Users/Chenj/workspace/SVA-1000/STM32F091RCTx_freeRTOS/Drivers/CMSIS/Device/ST/STM32F0xx/Include" -I"C:/Users/Chenj/workspace/SVA-1000/STM32F091RCTx_freeRTOS/Middlewares/Third_Party/FreeRTOS/Source/include" -I"C:/Users/Chenj/workspace/SVA-1000/STM32F091RCTx_freeRTOS/Drivers/CMSIS/Include" -I"C:/Users/Chenj/workspace/SVA-1000/STM32F091RCTx_freeRTOS/Middlewares/Third_Party/FreeRTOS/Source/CMSIS_RTOS" -std=gnu11 -fsanitize=float-divide-by-zero -fsanitize=float-cast-overflow -fno-sanitize-recover -MMD -MP -MF"Drivers/STM32F0xx_HAL_Driver/Src/stm32f0xx_hal_i2c_ex.d" -MT"Drivers/STM32F0xx_HAL_Driver/Src/stm32f0xx_hal_i2c_ex.o" -c -o "Drivers/STM32F0xx_HAL_Driver/Src/stm32f0xx_hal_i2c_ex.o" "../Drivers/STM32F0xx_HAL_Driver/Src/stm32f0xx_hal_i2c_ex.c"
Building file: ../Drivers/STM32F0xx_HAL_Driver/Src/stm32f0xx_hal_iwdg.c
Invoking: GNU ARM Cross C Compiler
arm-none-eabi-gcc -mcpu=cortex-m0 -mthumb -Os -fmessage-length=0 -fsigned-char -ffunction-sections -fdata-sections -Werror -Wuninitialized -Wextra -Wmissing-declarations -Wpointer-arith -Wshadow -Wlogical-op -Wfloat-equal  -g -DUSE_HAL_DRIVER -D__weak="__attribute__((weak))" -D__packed="__attribute__((__packed__))" -DSTM32F091xC -DARM_MATH_CM0 -I"C:/Users/Chenj/workspace/SVA-1000/STM32F091RCTx_freeRTOS/Inc" -I"C:/Users/Chenj/workspace/SVA-1000/STM32F091RCTx_freeRTOS/Drivers/STM32F0xx_HAL_Driver/Inc" -I"C:/Users/Chenj/workspace/SVA-1000/STM32F091RCTx_freeRTOS/Drivers/STM32F0xx_HAL_Driver/Inc/Legacy" -I"C:/Users/Chenj/workspace/SVA-1000/STM32F091RCTx_freeRTOS/Middlewares/Third_Party/FreeRTOS/Source/portable/GCC/ARM_CM0" -I"C:/Users/Chenj/workspace/SVA-1000/STM32F091RCTx_freeRTOS/Drivers/CMSIS/Device/ST/STM32F0xx/Include" -I"C:/Users/Chenj/workspace/SVA-1000/STM32F091RCTx_freeRTOS/Middlewares/Third_Party/FreeRTOS/Source/include" -I"C:/Users/Chenj/workspace/SVA-1000/STM32F091RCTx_freeRTOS/Drivers/CMSIS/Include" -I"C:/Users/Chenj/workspace/SVA-1000/STM32F091RCTx_freeRTOS/Middlewares/Third_Party/FreeRTOS/Source/CMSIS_RTOS" -std=gnu11 -fsanitize=float-divide-by-zero -fsanitize=float-cast-overflow -fno-sanitize-recover -MMD -MP -MF"Drivers/STM32F0xx_HAL_Driver/Src/stm32f0xx_hal_iwdg.d" -MT"Drivers/STM32F0xx_HAL_Driver/Src/stm32f0xx_hal_iwdg.o" -c -o "Drivers/STM32F0xx_HAL_Driver/Src/stm32f0xx_hal_iwdg.o" "../Drivers/STM32F0xx_HAL_Driver/Src/stm32f0xx_hal_iwdg.c"
Finished building: ../Drivers/STM32F0xx_HAL_Driver/Src/stm32f0xx_hal_can.c
 
Finished building: ../Drivers/STM32F0xx_HAL_Driver/Src/stm32f0xx_hal_dma.c
Finished building: ../Drivers/STM32F0xx_HAL_Driver/Src/stm32f0xx_hal_flash.c
 
Building file: ../Drivers/STM32F0xx_HAL_Driver/Src/stm32f0xx_hal_pwr.c
 
Building file: ../Drivers/STM32F0xx_HAL_Driver/Src/stm32f0xx_hal_pwr_ex.c
Invoking: GNU ARM Cross C Compiler
Building file: ../Drivers/STM32F0xx_HAL_Driver/Src/stm32f0xx_hal_rcc.c
arm-none-eabi-gcc -mcpu=cortex-m0 -mthumb -Os -fmessage-length=0 -fsigned-char -ffunction-sections -fdata-sections -Werror -Wuninitialized -Wextra -Wmissing-declarations -Wpointer-arith -Wshadow -Wlogical-op -Wfloat-equal  -g -DUSE_HAL_DRIVER -D__weak="__attribute__((weak))" -D__packed="__attribute__((__packed__))" -DSTM32F091xC -DARM_MATH_CM0 -I"C:/Users/Chenj/workspace/SVA-1000/STM32F091RCTx_freeRTOS/Inc" -I"C:/Users/Chenj/workspace/SVA-1000/STM32F091RCTx_freeRTOS/Drivers/STM32F0xx_HAL_Driver/Inc" -I"C:/Users/Chenj/workspace/SVA-1000/STM32F091RCTx_freeRTOS/Drivers/STM32F0xx_HAL_Driver/Inc/Legacy" -I"C:/Users/Chenj/workspace/SVA-1000/STM32F091RCTx_freeRTOS/Middlewares/Third_Party/FreeRTOS/Source/portable/GCC/ARM_CM0" -I"C:/Users/Chenj/workspace/SVA-1000/STM32F091RCTx_freeRTOS/Drivers/CMSIS/Device/ST/STM32F0xx/Include" -I"C:/Users/Chenj/workspace/SVA-1000/STM32F091RCTx_freeRTOS/Middlewares/Third_Party/FreeRTOS/Source/include" -I"C:/Users/Chenj/workspace/SVA-1000/STM32F091RCTx_freeRTOS/Drivers/CMSIS/Include" -I"C:/Users/Chenj/workspace/SVA-1000/STM32F091RCTx_freeRTOS/Middlewares/Third_Party/FreeRTOS/Source/CMSIS_RTOS" -std=gnu11 -fsanitize=float-divide-by-zero -fsanitize=float-cast-overflow -fno-sanitize-recover -MMD -MP -MF"Drivers/STM32F0xx_HAL_Driver/Src/stm32f0xx_hal_pwr.d" -MT"Drivers/STM32F0xx_HAL_Driver/Src/stm32f0xx_hal_pwr.o" -c -o "Drivers/STM32F0xx_HAL_Driver/Src/stm32f0xx_hal_pwr.o" "../Drivers/STM32F0xx_HAL_Driver/Src/stm32f0xx_hal_pwr.c"
Invoking: GNU ARM Cross C Compiler
arm-none-eabi-gcc -mcpu=cortex-m0 -mthumb -Os -fmessage-length=0 -fsigned-char -ffunction-sections -fdata-sections -Werror -Wuninitialized -Wextra -Wmissing-declarations -Wpointer-arith -Wshadow -Wlogical-op -Wfloat-equal  -g -DUSE_HAL_DRIVER -D__weak="__attribute__((weak))" -D__packed="__attribute__((__packed__))" -DSTM32F091xC -DARM_MATH_CM0 -I"C:/Users/Chenj/workspace/SVA-1000/STM32F091RCTx_freeRTOS/Inc" -I"C:/Users/Chenj/workspace/SVA-1000/STM32F091RCTx_freeRTOS/Drivers/STM32F0xx_HAL_Driver/Inc" -I"C:/Users/Chenj/workspace/SVA-1000/STM32F091RCTx_freeRTOS/Drivers/STM32F0xx_HAL_Driver/Inc/Legacy" -I"C:/Users/Chenj/workspace/SVA-1000/STM32F091RCTx_freeRTOS/Middlewares/Third_Party/FreeRTOS/Source/portable/GCC/ARM_CM0" -I"C:/Users/Chenj/workspace/SVA-1000/STM32F091RCTx_freeRTOS/Drivers/CMSIS/Device/ST/STM32F0xx/Include" -I"C:/Users/Chenj/workspace/SVA-1000/STM32F091RCTx_freeRTOS/Middlewares/Third_Party/FreeRTOS/Source/include" -I"C:/Users/Chenj/workspace/SVA-1000/STM32F091RCTx_freeRTOS/Drivers/CMSIS/Include" -I"C:/Users/Chenj/workspace/SVA-1000/STM32F091RCTx_freeRTOS/Middlewares/Third_Party/FreeRTOS/Source/CMSIS_RTOS" -std=gnu11 -fsanitize=float-divide-by-zero -fsanitize=float-cast-overflow -fno-sanitize-recover -MMD -MP -MF"Drivers/STM32F0xx_HAL_Driver/Src/stm32f0xx_hal_pwr_ex.d" -MT"Drivers/STM32F0xx_HAL_Driver/Src/stm32f0xx_hal_pwr_ex.o" -c -o "Drivers/STM32F0xx_HAL_Driver/Src/stm32f0xx_hal_pwr_ex.o" "../Drivers/STM32F0xx_HAL_Driver/Src/stm32f0xx_hal_pwr_ex.c"
Invoking: GNU ARM Cross C Compiler
arm-none-eabi-gcc -mcpu=cortex-m0 -mthumb -Os -fmessage-length=0 -fsigned-char -ffunction-sections -fdata-sections -Werror -Wuninitialized -Wextra -Wmissing-declarations -Wpointer-arith -Wshadow -Wlogical-op -Wfloat-equal  -g -DUSE_HAL_DRIVER -D__weak="__attribute__((weak))" -D__packed="__attribute__((__packed__))" -DSTM32F091xC -DARM_MATH_CM0 -I"C:/Users/Chenj/workspace/SVA-1000/STM32F091RCTx_freeRTOS/Inc" -I"C:/Users/Chenj/workspace/SVA-1000/STM32F091RCTx_freeRTOS/Drivers/STM32F0xx_HAL_Driver/Inc" -I"C:/Users/Chenj/workspace/SVA-1000/STM32F091RCTx_freeRTOS/Drivers/STM32F0xx_HAL_Driver/Inc/Legacy" -I"C:/Users/Chenj/workspace/SVA-1000/STM32F091RCTx_freeRTOS/Middlewares/Third_Party/FreeRTOS/Source/portable/GCC/ARM_CM0" -I"C:/Users/Chenj/workspace/SVA-1000/STM32F091RCTx_freeRTOS/Drivers/CMSIS/Device/ST/STM32F0xx/Include" -I"C:/Users/Chenj/workspace/SVA-1000/STM32F091RCTx_freeRTOS/Middlewares/Third_Party/FreeRTOS/Source/include" -I"C:/Users/Chenj/workspace/SVA-1000/STM32F091RCTx_freeRTOS/Drivers/CMSIS/Include" -I"C:/Users/Chenj/workspace/SVA-1000/STM32F091RCTx_freeRTOS/Middlewares/Third_Party/FreeRTOS/Source/CMSIS_RTOS" -std=gnu11 -fsanitize=float-divide-by-zero -fsanitize=float-cast-overflow -fno-sanitize-recover -MMD -MP -MF"Drivers/STM32F0xx_HAL_Driver/Src/stm32f0xx_hal_rcc.d" -MT"Drivers/STM32F0xx_HAL_Driver/Src/stm32f0xx_hal_rcc.o" -c -o "Drivers/STM32F0xx_HAL_Driver/Src/stm32f0xx_hal_rcc.o" "../Drivers/STM32F0xx_HAL_Driver/Src/stm32f0xx_hal_rcc.c"
Finished building: ../Drivers/STM32F0xx_HAL_Driver/Src/stm32f0xx_hal_flash_ex.c
 
Finished building: ../Drivers/STM32F0xx_HAL_Driver/Src/stm32f0xx_hal_i2c_ex.c
Finished building: ../Drivers/STM32F0xx_HAL_Driver/Src/stm32f0xx_hal_gpio.c
Building file: ../Drivers/STM32F0xx_HAL_Driver/Src/stm32f0xx_hal_rcc_ex.c
 
Invoking: GNU ARM Cross C Compiler
 
arm-none-eabi-gcc -mcpu=cortex-m0 -mthumb -Os -fmessage-length=0 -fsigned-char -ffunction-sections -fdata-sections -Werror -Wuninitialized -Wextra -Wmissing-declarations -Wpointer-arith -Wshadow -Wlogical-op -Wfloat-equal  -g -DUSE_HAL_DRIVER -D__weak="__attribute__((weak))" -D__packed="__attribute__((__packed__))" -DSTM32F091xC -DARM_MATH_CM0 -I"C:/Users/Chenj/workspace/SVA-1000/STM32F091RCTx_freeRTOS/Inc" -I"C:/Users/Chenj/workspace/SVA-1000/STM32F091RCTx_freeRTOS/Drivers/STM32F0xx_HAL_Driver/Inc" -I"C:/Users/Chenj/workspace/SVA-1000/STM32F091RCTx_freeRTOS/Drivers/STM32F0xx_HAL_Driver/Inc/Legacy" -I"C:/Users/Chenj/workspace/SVA-1000/STM32F091RCTx_freeRTOS/Middlewares/Third_Party/FreeRTOS/Source/portable/GCC/ARM_CM0" -I"C:/Users/Chenj/workspace/SVA-1000/STM32F091RCTx_freeRTOS/Drivers/CMSIS/Device/ST/STM32F0xx/Include" -I"C:/Users/Chenj/workspace/SVA-1000/STM32F091RCTx_freeRTOS/Middlewares/Third_Party/FreeRTOS/Source/include" -I"C:/Users/Chenj/workspace/SVA-1000/STM32F091RCTx_freeRTOS/Drivers/CMSIS/Include" -I"C:/Users/Chenj/workspace/SVA-1000/STM32F091RCTx_freeRTOS/Middlewares/Third_Party/FreeRTOS/Source/CMSIS_RTOS" -std=gnu11 -fsanitize=float-divide-by-zero -fsanitize=float-cast-overflow -fno-sanitize-recover -MMD -MP -MF"Drivers/STM32F0xx_HAL_Driver/Src/stm32f0xx_hal_rcc_ex.d" -MT"Drivers/STM32F0xx_HAL_Driver/Src/stm32f0xx_hal_rcc_ex.o" -c -o "Drivers/STM32F0xx_HAL_Driver/Src/stm32f0xx_hal_rcc_ex.o" "../Drivers/STM32F0xx_HAL_Driver/Src/stm32f0xx_hal_rcc_ex.c"
Building file: ../Drivers/STM32F0xx_HAL_Driver/Src/stm32f0xx_hal_rtc.c
Building file: ../Drivers/STM32F0xx_HAL_Driver/Src/stm32f0xx_hal_rtc_ex.c
Invoking: GNU ARM Cross C Compiler
arm-none-eabi-gcc -mcpu=cortex-m0 -mthumb -Os -fmessage-length=0 -fsigned-char -ffunction-sections -fdata-sections -Werror -Wuninitialized -Wextra -Wmissing-declarations -Wpointer-arith -Wshadow -Wlogical-op -Wfloat-equal  -g -DUSE_HAL_DRIVER -D__weak="__attribute__((weak))" -D__packed="__attribute__((__packed__))" -DSTM32F091xC -DARM_MATH_CM0 -I"C:/Users/Chenj/workspace/SVA-1000/STM32F091RCTx_freeRTOS/Inc" -I"C:/Users/Chenj/workspace/SVA-1000/STM32F091RCTx_freeRTOS/Drivers/STM32F0xx_HAL_Driver/Inc" -I"C:/Users/Chenj/workspace/SVA-1000/STM32F091RCTx_freeRTOS/Drivers/STM32F0xx_HAL_Driver/Inc/Legacy" -I"C:/Users/Chenj/workspace/SVA-1000/STM32F091RCTx_freeRTOS/Middlewares/Third_Party/FreeRTOS/Source/portable/GCC/ARM_CM0" -I"C:/Users/Chenj/workspace/SVA-1000/STM32F091RCTx_freeRTOS/Drivers/CMSIS/Device/ST/STM32F0xx/Include" -I"C:/Users/Chenj/workspace/SVA-1000/STM32F091RCTx_freeRTOS/Middlewares/Third_Party/FreeRTOS/Source/include" -I"C:/Users/Chenj/workspace/SVA-1000/STM32F091RCTx_freeRTOS/Drivers/CMSIS/Include" -I"C:/Users/Chenj/workspace/SVA-1000/STM32F091RCTx_freeRTOS/Middlewares/Third_Party/FreeRTOS/Source/CMSIS_RTOS" -std=gnu11 -fsanitize=float-divide-by-zero -fsanitize=float-cast-overflow -fno-sanitize-recover -MMD -MP -MF"Drivers/STM32F0xx_HAL_Driver/Src/stm32f0xx_hal_rtc.d" -MT"Drivers/STM32F0xx_HAL_Driver/Src/stm32f0xx_hal_rtc.o" -c -o "Drivers/STM32F0xx_HAL_Driver/Src/stm32f0xx_hal_rtc.o" "../Drivers/STM32F0xx_HAL_Driver/Src/stm32f0xx_hal_rtc.c"
Invoking: GNU ARM Cross C Compiler
arm-none-eabi-gcc -mcpu=cortex-m0 -mthumb -Os -fmessage-length=0 -fsigned-char -ffunction-sections -fdata-sections -Werror -Wuninitialized -Wextra -Wmissing-declarations -Wpointer-arith -Wshadow -Wlogical-op -Wfloat-equal  -g -DUSE_HAL_DRIVER -D__weak="__attribute__((weak))" -D__packed="__attribute__((__packed__))" -DSTM32F091xC -DARM_MATH_CM0 -I"C:/Users/Chenj/workspace/SVA-1000/STM32F091RCTx_freeRTOS/Inc" -I"C:/Users/Chenj/workspace/SVA-1000/STM32F091RCTx_freeRTOS/Drivers/STM32F0xx_HAL_Driver/Inc" -I"C:/Users/Chenj/workspace/SVA-1000/STM32F091RCTx_freeRTOS/Drivers/STM32F0xx_HAL_Driver/Inc/Legacy" -I"C:/Users/Chenj/workspace/SVA-1000/STM32F091RCTx_freeRTOS/Middlewares/Third_Party/FreeRTOS/Source/portable/GCC/ARM_CM0" -I"C:/Users/Chenj/workspace/SVA-1000/STM32F091RCTx_freeRTOS/Drivers/CMSIS/Device/ST/STM32F0xx/Include" -I"C:/Users/Chenj/workspace/SVA-1000/STM32F091RCTx_freeRTOS/Middlewares/Third_Party/FreeRTOS/Source/include" -I"C:/Users/Chenj/workspace/SVA-1000/STM32F091RCTx_freeRTOS/Drivers/CMSIS/Include" -I"C:/Users/Chenj/workspace/SVA-1000/STM32F091RCTx_freeRTOS/Middlewares/Third_Party/FreeRTOS/Source/CMSIS_RTOS" -std=gnu11 -fsanitize=float-divide-by-zero -fsanitize=float-cast-overflow -fno-sanitize-recover -MMD -MP -MF"Drivers/STM32F0xx_HAL_Driver/Src/stm32f0xx_hal_rtc_ex.d" -MT"Drivers/STM32F0xx_HAL_Driver/Src/stm32f0xx_hal_rtc_ex.o" -c -o "Drivers/STM32F0xx_HAL_Driver/Src/stm32f0xx_hal_rtc_ex.o" "../Drivers/STM32F0xx_HAL_Driver/Src/stm32f0xx_hal_rtc_ex.c"
Finished building: ../Drivers/STM32F0xx_HAL_Driver/Src/stm32f0xx_hal_iwdg.c
 
Building file: ../Drivers/STM32F0xx_HAL_Driver/Src/stm32f0xx_hal_smbus.c
Invoking: GNU ARM Cross C Compiler
arm-none-eabi-gcc -mcpu=cortex-m0 -mthumb -Os -fmessage-length=0 -fsigned-char -ffunction-sections -fdata-sections -Werror -Wuninitialized -Wextra -Wmissing-declarations -Wpointer-arith -Wshadow -Wlogical-op -Wfloat-equal  -g -DUSE_HAL_DRIVER -D__weak="__attribute__((weak))" -D__packed="__attribute__((__packed__))" -DSTM32F091xC -DARM_MATH_CM0 -I"C:/Users/Chenj/workspace/SVA-1000/STM32F091RCTx_freeRTOS/Inc" -I"C:/Users/Chenj/workspace/SVA-1000/STM32F091RCTx_freeRTOS/Drivers/STM32F0xx_HAL_Driver/Inc" -I"C:/Users/Chenj/workspace/SVA-1000/STM32F091RCTx_freeRTOS/Drivers/STM32F0xx_HAL_Driver/Inc/Legacy" -I"C:/Users/Chenj/workspace/SVA-1000/STM32F091RCTx_freeRTOS/Middlewares/Third_Party/FreeRTOS/Source/portable/GCC/ARM_CM0" -I"C:/Users/Chenj/workspace/SVA-1000/STM32F091RCTx_freeRTOS/Drivers/CMSIS/Device/ST/STM32F0xx/Include" -I"C:/Users/Chenj/workspace/SVA-1000/STM32F091RCTx_freeRTOS/Middlewares/Third_Party/FreeRTOS/Source/include" -I"C:/Users/Chenj/workspace/SVA-1000/STM32F091RCTx_freeRTOS/Drivers/CMSIS/Include" -I"C:/Users/Chenj/workspace/SVA-1000/STM32F091RCTx_freeRTOS/Middlewares/Third_Party/FreeRTOS/Source/CMSIS_RTOS" -std=gnu11 -fsanitize=float-divide-by-zero -fsanitize=float-cast-overflow -fno-sanitize-recover -MMD -MP -MF"Drivers/STM32F0xx_HAL_Driver/Src/stm32f0xx_hal_smbus.d" -MT"Drivers/STM32F0xx_HAL_Driver/Src/stm32f0xx_hal_smbus.o" -c -o "Drivers/STM32F0xx_HAL_Driver/Src/stm32f0xx_hal_smbus.o" "../Drivers/STM32F0xx_HAL_Driver/Src/stm32f0xx_hal_smbus.c"
Finished building: ../Drivers/STM32F0xx_HAL_Driver/Src/stm32f0xx_hal_pwr.c
Finished building: ../Drivers/STM32F0xx_HAL_Driver/Src/stm32f0xx_hal_pwr_ex.c
 
 
Building file: ../Drivers/STM32F0xx_HAL_Driver/Src/stm32f0xx_hal_spi_ex.c
Building file: ../Drivers/STM32F0xx_HAL_Driver/Src/stm32f0xx_hal_spi.c
Invoking: GNU ARM Cross C Compiler
arm-none-eabi-gcc -mcpu=cortex-m0 -mthumb -Os -fmessage-length=0 -fsigned-char -ffunction-sections -fdata-sections -Werror -Wuninitialized -Wextra -Wmissing-declarations -Wpointer-arith -Wshadow -Wlogical-op -Wfloat-equal  -g -DUSE_HAL_DRIVER -D__weak="__attribute__((weak))" -D__packed="__attribute__((__packed__))" -DSTM32F091xC -DARM_MATH_CM0 -I"C:/Users/Chenj/workspace/SVA-1000/STM32F091RCTx_freeRTOS/Inc" -I"C:/Users/Chenj/workspace/SVA-1000/STM32F091RCTx_freeRTOS/Drivers/STM32F0xx_HAL_Driver/Inc" -I"C:/Users/Chenj/workspace/SVA-1000/STM32F091RCTx_freeRTOS/Drivers/STM32F0xx_HAL_Driver/Inc/Legacy" -I"C:/Users/Chenj/workspace/SVA-1000/STM32F091RCTx_freeRTOS/Middlewares/Third_Party/FreeRTOS/Source/portable/GCC/ARM_CM0" -I"C:/Users/Chenj/workspace/SVA-1000/STM32F091RCTx_freeRTOS/Drivers/CMSIS/Device/ST/STM32F0xx/Include" -I"C:/Users/Chenj/workspace/SVA-1000/STM32F091RCTx_freeRTOS/Middlewares/Third_Party/FreeRTOS/Source/include" -I"C:/Users/Chenj/workspace/SVA-1000/STM32F091RCTx_freeRTOS/Drivers/CMSIS/Include" -I"C:/Users/Chenj/workspace/SVA-1000/STM32F091RCTx_freeRTOS/Middlewares/Third_Party/FreeRTOS/Source/CMSIS_RTOS" -std=gnu11 -fsanitize=float-divide-by-zero -fsanitize=float-cast-overflow -fno-sanitize-recover -MMD -MP -MF"Drivers/STM32F0xx_HAL_Driver/Src/stm32f0xx_hal_spi_ex.d" -MT"Drivers/STM32F0xx_HAL_Driver/Src/stm32f0xx_hal_spi_ex.o" -c -o "Drivers/STM32F0xx_HAL_Driver/Src/stm32f0xx_hal_spi_ex.o" "../Drivers/STM32F0xx_HAL_Driver/Src/stm32f0xx_hal_spi_ex.c"
Finished building: ../Drivers/STM32F0xx_HAL_Driver/Src/stm32f0xx_hal_rcc.c
Invoking: GNU ARM Cross C Compiler
arm-none-eabi-gcc -mcpu=cortex-m0 -mthumb -Os -fmessage-length=0 -fsigned-char -ffunction-sections -fdata-sections -Werror -Wuninitialized -Wextra -Wmissing-declarations -Wpointer-arith -Wshadow -Wlogical-op -Wfloat-equal  -g -DUSE_HAL_DRIVER -D__weak="__attribute__((weak))" -D__packed="__attribute__((__packed__))" -DSTM32F091xC -DARM_MATH_CM0 -I"C:/Users/Chenj/workspace/SVA-1000/STM32F091RCTx_freeRTOS/Inc" -I"C:/Users/Chenj/workspace/SVA-1000/STM32F091RCTx_freeRTOS/Drivers/STM32F0xx_HAL_Driver/Inc" -I"C:/Users/Chenj/workspace/SVA-1000/STM32F091RCTx_freeRTOS/Drivers/STM32F0xx_HAL_Driver/Inc/Legacy" -I"C:/Users/Chenj/workspace/SVA-1000/STM32F091RCTx_freeRTOS/Middlewares/Third_Party/FreeRTOS/Source/portable/GCC/ARM_CM0" -I"C:/Users/Chenj/workspace/SVA-1000/STM32F091RCTx_freeRTOS/Drivers/CMSIS/Device/ST/STM32F0xx/Include" -I"C:/Users/Chenj/workspace/SVA-1000/STM32F091RCTx_freeRTOS/Middlewares/Third_Party/FreeRTOS/Source/include" -I"C:/Users/Chenj/workspace/SVA-1000/STM32F091RCTx_freeRTOS/Drivers/CMSIS/Include" -I"C:/Users/Chenj/workspace/SVA-1000/STM32F091RCTx_freeRTOS/Middlewares/Third_Party/FreeRTOS/Source/CMSIS_RTOS" -std=gnu11 -fsanitize=float-divide-by-zero -fsanitize=float-cast-overflow -fno-sanitize-recover -MMD -MP -MF"Drivers/STM32F0xx_HAL_Driver/Src/stm32f0xx_hal_spi.d" -MT"Drivers/STM32F0xx_HAL_Driver/Src/stm32f0xx_hal_spi.o" -c -o "Drivers/STM32F0xx_HAL_Driver/Src/stm32f0xx_hal_spi.o" "../Drivers/STM32F0xx_HAL_Driver/Src/stm32f0xx_hal_spi.c"
 
Building file: ../Drivers/STM32F0xx_HAL_Driver/Src/stm32f0xx_hal_tim.c
Finished building: ../Drivers/STM32F0xx_HAL_Driver/Src/stm32f0xx_hal_rcc_ex.c
 
Invoking: GNU ARM Cross C Compiler
arm-none-eabi-gcc -mcpu=cortex-m0 -mthumb -Os -fmessage-length=0 -fsigned-char -ffunction-sections -fdata-sections -Werror -Wuninitialized -Wextra -Wmissing-declarations -Wpointer-arith -Wshadow -Wlogical-op -Wfloat-equal  -g -DUSE_HAL_DRIVER -D__weak="__attribute__((weak))" -D__packed="__attribute__((__packed__))" -DSTM32F091xC -DARM_MATH_CM0 -I"C:/Users/Chenj/workspace/SVA-1000/STM32F091RCTx_freeRTOS/Inc" -I"C:/Users/Chenj/workspace/SVA-1000/STM32F091RCTx_freeRTOS/Drivers/STM32F0xx_HAL_Driver/Inc" -I"C:/Users/Chenj/workspace/SVA-1000/STM32F091RCTx_freeRTOS/Drivers/STM32F0xx_HAL_Driver/Inc/Legacy" -I"C:/Users/Chenj/workspace/SVA-1000/STM32F091RCTx_freeRTOS/Middlewares/Third_Party/FreeRTOS/Source/portable/GCC/ARM_CM0" -I"C:/Users/Chenj/workspace/SVA-1000/STM32F091RCTx_freeRTOS/Drivers/CMSIS/Device/ST/STM32F0xx/Include" -I"C:/Users/Chenj/workspace/SVA-1000/STM32F091RCTx_freeRTOS/Middlewares/Third_Party/FreeRTOS/Source/include" -I"C:/Users/Chenj/workspace/SVA-1000/STM32F091RCTx_freeRTOS/Drivers/CMSIS/Include" -I"C:/Users/Chenj/workspace/SVA-1000/STM32F091RCTx_freeRTOS/Middlewares/Third_Party/FreeRTOS/Source/CMSIS_RTOS" -std=gnu11 -fsanitize=float-divide-by-zero -fsanitize=float-cast-overflow -fno-sanitize-recover -MMD -MP -MF"Drivers/STM32F0xx_HAL_Driver/Src/stm32f0xx_hal_tim.d" -MT"Drivers/STM32F0xx_HAL_Driver/Src/stm32f0xx_hal_tim.o" -c -o "Drivers/STM32F0xx_HAL_Driver/Src/stm32f0xx_hal_tim.o" "../Drivers/STM32F0xx_HAL_Driver/Src/stm32f0xx_hal_tim.c"
Building file: ../Drivers/STM32F0xx_HAL_Driver/Src/stm32f0xx_hal_tim_ex.c
Invoking: GNU ARM Cross C Compiler
Finished building: ../Drivers/STM32F0xx_HAL_Driver/Src/stm32f0xx_hal_rtc.c
arm-none-eabi-gcc -mcpu=cortex-m0 -mthumb -Os -fmessage-length=0 -fsigned-char -ffunction-sections -fdata-sections -Werror -Wuninitialized -Wextra -Wmissing-declarations -Wpointer-arith -Wshadow -Wlogical-op -Wfloat-equal  -g -DUSE_HAL_DRIVER -D__weak="__attribute__((weak))" -D__packed="__attribute__((__packed__))" -DSTM32F091xC -DARM_MATH_CM0 -I"C:/Users/Chenj/workspace/SVA-1000/STM32F091RCTx_freeRTOS/Inc" -I"C:/Users/Chenj/workspace/SVA-1000/STM32F091RCTx_freeRTOS/Drivers/STM32F0xx_HAL_Driver/Inc" -I"C:/Users/Chenj/workspace/SVA-1000/STM32F091RCTx_freeRTOS/Drivers/STM32F0xx_HAL_Driver/Inc/Legacy" -I"C:/Users/Chenj/workspace/SVA-1000/STM32F091RCTx_freeRTOS/Middlewares/Third_Party/FreeRTOS/Source/portable/GCC/ARM_CM0" -I"C:/Users/Chenj/workspace/SVA-1000/STM32F091RCTx_freeRTOS/Drivers/CMSIS/Device/ST/STM32F0xx/Include" -I"C:/Users/Chenj/workspace/SVA-1000/STM32F091RCTx_freeRTOS/Middlewares/Third_Party/FreeRTOS/Source/include" -I"C:/Users/Chenj/workspace/SVA-1000/STM32F091RCTx_freeRTOS/Drivers/CMSIS/Include" -I"C:/Users/Chenj/workspace/SVA-1000/STM32F091RCTx_freeRTOS/Middlewares/Third_Party/FreeRTOS/Source/CMSIS_RTOS" -std=gnu11 -fsanitize=float-divide-by-zero -fsanitize=float-cast-overflow -fno-sanitize-recover -MMD -MP -MF"Drivers/STM32F0xx_HAL_Driver/Src/stm32f0xx_hal_tim_ex.d" -MT"Drivers/STM32F0xx_HAL_Driver/Src/stm32f0xx_hal_tim_ex.o" -c -o "Drivers/STM32F0xx_HAL_Driver/Src/stm32f0xx_hal_tim_ex.o" "../Drivers/STM32F0xx_HAL_Driver/Src/stm32f0xx_hal_tim_ex.c"
 
Building file: ../Drivers/STM32F0xx_HAL_Driver/Src/stm32f0xx_hal_uart.c
Finished building: ../Drivers/STM32F0xx_HAL_Driver/Src/stm32f0xx_hal_rtc_ex.c
Invoking: GNU ARM Cross C Compiler
arm-none-eabi-gcc -mcpu=cortex-m0 -mthumb -Os -fmessage-length=0 -fsigned-char -ffunction-sections -fdata-sections -Werror -Wuninitialized -Wextra -Wmissing-declarations -Wpointer-arith -Wshadow -Wlogical-op -Wfloat-equal  -g -DUSE_HAL_DRIVER -D__weak="__attribute__((weak))" -D__packed="__attribute__((__packed__))" -DSTM32F091xC -DARM_MATH_CM0 -I"C:/Users/Chenj/workspace/SVA-1000/STM32F091RCTx_freeRTOS/Inc" -I"C:/Users/Chenj/workspace/SVA-1000/STM32F091RCTx_freeRTOS/Drivers/STM32F0xx_HAL_Driver/Inc" -I"C:/Users/Chenj/workspace/SVA-1000/STM32F091RCTx_freeRTOS/Drivers/STM32F0xx_HAL_Driver/Inc/Legacy" -I"C:/Users/Chenj/workspace/SVA-1000/STM32F091RCTx_freeRTOS/Middlewares/Third_Party/FreeRTOS/Source/portable/GCC/ARM_CM0" -I"C:/Users/Chenj/workspace/SVA-1000/STM32F091RCTx_freeRTOS/Drivers/CMSIS/Device/ST/STM32F0xx/Include" -I"C:/Users/Chenj/workspace/SVA-1000/STM32F091RCTx_freeRTOS/Middlewares/Third_Party/FreeRTOS/Source/include" -I"C:/Users/Chenj/workspace/SVA-1000/STM32F091RCTx_freeRTOS/Drivers/CMSIS/Include" -I"C:/Users/Chenj/workspace/SVA-1000/STM32F091RCTx_freeRTOS/Middlewares/Third_Party/FreeRTOS/Source/CMSIS_RTOS" -std=gnu11 -fsanitize=float-divide-by-zero -fsanitize=float-cast-overflow -fno-sanitize-recover -MMD -MP -MF"Drivers/STM32F0xx_HAL_Driver/Src/stm32f0xx_hal_uart.d" -MT"Drivers/STM32F0xx_HAL_Driver/Src/stm32f0xx_hal_uart.o" -c -o "Drivers/STM32F0xx_HAL_Driver/Src/stm32f0xx_hal_uart.o" "../Drivers/STM32F0xx_HAL_Driver/Src/stm32f0xx_hal_uart.c"
 
Finished building: ../Drivers/STM32F0xx_HAL_Driver/Src/stm32f0xx_hal_i2c.c
Finished building: ../Drivers/STM32F0xx_HAL_Driver/Src/stm32f0xx_hal_spi_ex.c
Building file: ../Drivers/STM32F0xx_HAL_Driver/Src/stm32f0xx_hal_uart_ex.c
 
 
Invoking: GNU ARM Cross C Compiler
arm-none-eabi-gcc -mcpu=cortex-m0 -mthumb -Os -fmessage-length=0 -fsigned-char -ffunction-sections -fdata-sections -Werror -Wuninitialized -Wextra -Wmissing-declarations -Wpointer-arith -Wshadow -Wlogical-op -Wfloat-equal  -g -DUSE_HAL_DRIVER -D__weak="__attribute__((weak))" -D__packed="__attribute__((__packed__))" -DSTM32F091xC -DARM_MATH_CM0 -I"C:/Users/Chenj/workspace/SVA-1000/STM32F091RCTx_freeRTOS/Inc" -I"C:/Users/Chenj/workspace/SVA-1000/STM32F091RCTx_freeRTOS/Drivers/STM32F0xx_HAL_Driver/Inc" -I"C:/Users/Chenj/workspace/SVA-1000/STM32F091RCTx_freeRTOS/Drivers/STM32F0xx_HAL_Driver/Inc/Legacy" -I"C:/Users/Chenj/workspace/SVA-1000/STM32F091RCTx_freeRTOS/Middlewares/Third_Party/FreeRTOS/Source/portable/GCC/ARM_CM0" -I"C:/Users/Chenj/workspace/SVA-1000/STM32F091RCTx_freeRTOS/Drivers/CMSIS/Device/ST/STM32F0xx/Include" -I"C:/Users/Chenj/workspace/SVA-1000/STM32F091RCTx_freeRTOS/Middlewares/Third_Party/FreeRTOS/Source/include" -I"C:/Users/Chenj/workspace/SVA-1000/STM32F091RCTx_freeRTOS/Drivers/CMSIS/Include" -I"C:/Users/Chenj/workspace/SVA-1000/STM32F091RCTx_freeRTOS/Middlewares/Third_Party/FreeRTOS/Source/CMSIS_RTOS" -std=gnu11 -fsanitize=float-divide-by-zero -fsanitize=float-cast-overflow -fno-sanitize-recover -MMD -MP -MF"Drivers/STM32F0xx_HAL_Driver/Src/stm32f0xx_hal_uart_ex.d" -MT"Drivers/STM32F0xx_HAL_Driver/Src/stm32f0xx_hal_uart_ex.o" -c -o "Drivers/STM32F0xx_HAL_Driver/Src/stm32f0xx_hal_uart_ex.o" "../Drivers/STM32F0xx_HAL_Driver/Src/stm32f0xx_hal_uart_ex.c"
Finished building: ../Drivers/STM32F0xx_HAL_Driver/Src/stm32f0xx_hal_smbus.c
 
Finished building: ../Drivers/STM32F0xx_HAL_Driver/Src/stm32f0xx_hal_tim_ex.c
 
Finished building: ../Drivers/STM32F0xx_HAL_Driver/Src/stm32f0xx_hal_uart_ex.c
 
Finished building: ../Drivers/STM32F0xx_HAL_Driver/Src/stm32f0xx_hal_spi.c
 
Finished building: ../Drivers/STM32F0xx_HAL_Driver/Src/stm32f0xx_hal_uart.c
 
Finished building: ../Drivers/STM32F0xx_HAL_Driver/Src/stm32f0xx_hal_tim.c
 
Building target: STM32F091RCTx_freeRTOS.elf
Invoking: GNU ARM Cross C Linker
arm-none-eabi-gcc -mcpu=cortex-m0 -mthumb -Os -fmessage-length=0 -fsigned-char -ffunction-sections -fdata-sections -Werror -Wuninitialized -Wextra -Wmissing-declarations -Wpointer-arith -Wshadow -Wlogical-op -Wfloat-equal  -g -T "C:/Users/Chenj/workspace/SVA-1000/STM32F091RCTx_freeRTOS\SW4STM32\STM32F091RCTx_freeRTOS\STM32F091RCTx_FLASH.ld" -Xlinker --gc-sections -Wl,-Map,"STM32F091RCTx_freeRTOS.map" --specs=nano.specs --specs=nosys.specs -o "STM32F091RCTx_freeRTOS.elf"  ./Src/adc.o ./Src/aewin_def.o ./Src/can.o ./Src/dma.o ./Src/freertos.o ./Src/gpio.o ./Src/i2c.o ./Src/iwdg.o ./Src/main.o ./Src/rtc.o ./Src/spi.o ./Src/startup_stm32f091xc.o ./Src/stm32f0xx_hal_msp.o ./Src/stm32f0xx_hal_timebase_TIM.o ./Src/stm32f0xx_it.o ./Src/system_stm32f0xx.o ./Src/tim.o ./Src/usart.o  ./Middlewares/Third_Party/FreeRTOS/Source/portable/MemMang/heap_4.o  ./Middlewares/Third_Party/FreeRTOS/Source/portable/GCC/ARM_CM0/port.o  ./Middlewares/Third_Party/FreeRTOS/Source/CMSIS_RTOS/cmsis_os.o  ./Middlewares/Third_Party/FreeRTOS/Source/croutine.o ./Middlewares/Third_Party/FreeRTOS/Source/event_groups.o ./Middlewares/Third_Party/FreeRTOS/Source/list.o ./Middlewares/Third_Party/FreeRTOS/Source/queue.o ./Middlewares/Third_Party/FreeRTOS/Source/tasks.o ./Middlewares/Third_Party/FreeRTOS/Source/timers.o  ./Drivers/STM32F0xx_HAL_Driver/Src/stm32f0xx_hal.o ./Drivers/STM32F0xx_HAL_Driver/Src/stm32f0xx_hal_adc.o ./Drivers/STM32F0xx_HAL_Driver/Src/stm32f0xx_hal_adc_ex.o ./Drivers/STM32F0xx_HAL_Driver/Src/stm32f0xx_hal_can.o ./Drivers/STM32F0xx_HAL_Driver/Src/stm32f0xx_hal_cortex.o ./Drivers/STM32F0xx_HAL_Driver/Src/stm32f0xx_hal_dma.o ./Drivers/STM32F0xx_HAL_Driver/Src/stm32f0xx_hal_flash.o ./Drivers/STM32F0xx_HAL_Driver/Src/stm32f0xx_hal_flash_ex.o ./Drivers/STM32F0xx_HAL_Driver/Src/stm32f0xx_hal_gpio.o ./Drivers/STM32F0xx_HAL_Driver/Src/stm32f0xx_hal_i2c.o ./Drivers/STM32F0xx_HAL_Driver/Src/stm32f0xx_hal_i2c_ex.o ./Drivers/STM32F0xx_HAL_Driver/Src/stm32f0xx_hal_iwdg.o ./Drivers/STM32F0xx_HAL_Driver/Src/stm32f0xx_hal_pwr.o ./Drivers/STM32F0xx_HAL_Driver/Src/stm32f0xx_hal_pwr_ex.o ./Drivers/STM32F0xx_HAL_Driver/Src/stm32f0xx_hal_rcc.o ./Drivers/STM32F0xx_HAL_Driver/Src/stm32f0xx_hal_rcc_ex.o ./Drivers/STM32F0xx_HAL_Driver/Src/stm32f0xx_hal_rtc.o ./Drivers/STM32F0xx_HAL_Driver/Src/stm32f0xx_hal_rtc_ex.o ./Drivers/STM32F0xx_HAL_Driver/Src/stm32f0xx_hal_smbus.o ./Drivers/STM32F0xx_HAL_Driver/Src/stm32f0xx_hal_spi.o ./Drivers/STM32F0xx_HAL_Driver/Src/stm32f0xx_hal_spi_ex.o ./Drivers/STM32F0xx_HAL_Driver/Src/stm32f0xx_hal_tim.o ./Drivers/STM32F0xx_HAL_Driver/Src/stm32f0xx_hal_tim_ex.o ./Drivers/STM32F0xx_HAL_Driver/Src/stm32f0xx_hal_uart.o ./Drivers/STM32F0xx_HAL_Driver/Src/stm32f0xx_hal_uart_ex.o   
Finished building target: STM32F091RCTx_freeRTOS.elf
 
Invoking: GNU ARM Cross Create Flash Image
Invoking: GNU ARM Cross Create Listing
arm-none-eabi-objcopy -O ihex "STM32F091RCTx_freeRTOS.elf"  "STM32F091RCTx_freeRTOS.hex"
Invoking: GNU ARM Cross Print Size
arm-none-eabi-objdump --source --all-headers --demangle --line-numbers --wide "STM32F091RCTx_freeRTOS.elf" > "STM32F091RCTx_freeRTOS.lst"
arm-none-eabi-size --format=berkeley "STM32F091RCTx_freeRTOS.elf"
   text	   data	    bss	    dec	    hex	filename
  22356	     16	  11384	  33756	   83dc	STM32F091RCTx_freeRTOS.elf
Finished building: STM32F091RCTx_freeRTOS.siz
Finished building: STM32F091RCTx_freeRTOS.hex
 
 
Finished building: STM32F091RCTx_freeRTOS.lst
 
16:22:01 **** Clean-only build of configuration Release for project STM32F091RCTx_freeRTOS ****
make -j8 clean 
rm -rf  ./Src/adc.o ./Src/aewin_def.o ./Src/can.o ./Src/dma.o ./Src/freertos.o ./Src/gpio.o ./Src/i2c.o ./Src/iwdg.o ./Src/main.o ./Src/rtc.o ./Src/spi.o ./Src/startup_stm32f091xc.o ./Src/stm32f0xx_hal_msp.o ./Src/stm32f0xx_hal_timebase_TIM.o ./Src/stm32f0xx_it.o ./Src/system_stm32f0xx.o ./Src/tim.o ./Src/usart.o  ./Middlewares/Third_Party/FreeRTOS/Source/portable/MemMang/heap_4.o  ./Middlewares/Third_Party/FreeRTOS/Source/portable/GCC/ARM_CM0/port.o  ./Middlewares/Third_Party/FreeRTOS/Source/CMSIS_RTOS/cmsis_os.o  ./Middlewares/Third_Party/FreeRTOS/Source/croutine.o ./Middlewares/Third_Party/FreeRTOS/Source/event_groups.o ./Middlewares/Third_Party/FreeRTOS/Source/list.o ./Middlewares/Third_Party/FreeRTOS/Source/queue.o ./Middlewares/Third_Party/FreeRTOS/Source/tasks.o ./Middlewares/Third_Party/FreeRTOS/Source/timers.o  ./Drivers/STM32F0xx_HAL_Driver/Src/stm32f0xx_hal.o ./Drivers/STM32F0xx_HAL_Driver/Src/stm32f0xx_hal_adc.o ./Drivers/STM32F0xx_HAL_Driver/Src/stm32f0xx_hal_adc_ex.o ./Drivers/STM32F0xx_HAL_Driver/Src/stm32f0xx_hal_can.o ./Drivers/STM32F0xx_HAL_Driver/Src/stm32f0xx_hal_cortex.o ./Drivers/STM32F0xx_HAL_Driver/Src/stm32f0xx_hal_dma.o ./Drivers/STM32F0xx_HAL_Driver/Src/stm32f0xx_hal_flash.o ./Drivers/STM32F0xx_HAL_Driver/Src/stm32f0xx_hal_flash_ex.o ./Drivers/STM32F0xx_HAL_Driver/Src/stm32f0xx_hal_gpio.o ./Drivers/STM32F0xx_HAL_Driver/Src/stm32f0xx_hal_i2c.o ./Drivers/STM32F0xx_HAL_Driver/Src/stm32f0xx_hal_i2c_ex.o ./Drivers/STM32F0xx_HAL_Driver/Src/stm32f0xx_hal_iwdg.o ./Drivers/STM32F0xx_HAL_Driver/Src/stm32f0xx_hal_pwr.o ./Drivers/STM32F0xx_HAL_Driver/Src/stm32f0xx_hal_pwr_ex.o ./Drivers/STM32F0xx_HAL_Driver/Src/stm32f0xx_hal_rcc.o ./Drivers/STM32F0xx_HAL_Driver/Src/stm32f0xx_hal_rcc_ex.o ./Drivers/STM32F0xx_HAL_Driver/Src/stm32f0xx_hal_rtc.o ./Drivers/STM32F0xx_HAL_Driver/Src/stm32f0xx_hal_rtc_ex.o ./Drivers/STM32F0xx_HAL_Driver/Src/stm32f0xx_hal_smbus.o ./Drivers/STM32F0xx_HAL_Driver/Src/stm32f0xx_hal_spi.o ./Drivers/STM32F0xx_HAL_Driver/Src/stm32f0xx_hal_spi_ex.o ./Drivers/STM32F0xx_HAL_Driver/Src/stm32f0xx_hal_tim.o ./Drivers/STM32F0xx_HAL_Driver/Src/stm32f0xx_hal_tim_ex.o ./Drivers/STM32F0xx_HAL_Driver/Src/stm32f0xx_hal_uart.o ./Drivers/STM32F0xx_HAL_Driver/Src/stm32f0xx_hal_uart_ex.o  STM32F091RCTx_freeRTOS.hex  STM32F091RCTx_freeRTOS.lst  STM32F091RCTx_freeRTOS.siz  ./Src/startup_stm32f091xc.d  ./Src/adc.d ./Src/aewin_def.d ./Src/can.d ./Src/dma.d ./Src/freertos.d ./Src/gpio.d ./Src/i2c.d ./Src/iwdg.d ./Src/main.d ./Src/rtc.d ./Src/spi.d ./Src/stm32f0xx_hal_msp.d ./Src/stm32f0xx_hal_timebase_TIM.d ./Src/stm32f0xx_it.d ./Src/system_stm32f0xx.d ./Src/tim.d ./Src/usart.d  ./Middlewares/Third_Party/FreeRTOS/Source/portable/MemMang/heap_4.d  ./Middlewares/Third_Party/FreeRTOS/Source/portable/GCC/ARM_CM0/port.d  ./Middlewares/Third_Party/FreeRTOS/Source/CMSIS_RTOS/cmsis_os.d  ./Middlewares/Third_Party/FreeRTOS/Source/croutine.d ./Middlewares/Third_Party/FreeRTOS/Source/event_groups.d ./Middlewares/Third_Party/FreeRTOS/Source/list.d ./Middlewares/Third_Party/FreeRTOS/Source/queue.d ./Middlewares/Third_Party/FreeRTOS/Source/tasks.d ./Middlewares/Third_Party/FreeRTOS/Source/timers.d  ./Drivers/STM32F0xx_HAL_Driver/Src/stm32f0xx_hal.d ./Drivers/STM32F0xx_HAL_Driver/Src/stm32f0xx_hal_adc.d ./Drivers/STM32F0xx_HAL_Driver/Src/stm32f0xx_hal_adc_ex.d ./Drivers/STM32F0xx_HAL_Driver/Src/stm32f0xx_hal_can.d ./Drivers/STM32F0xx_HAL_Driver/Src/stm32f0xx_hal_cortex.d ./Drivers/STM32F0xx_HAL_Driver/Src/stm32f0xx_hal_dma.d ./Drivers/STM32F0xx_HAL_Driver/Src/stm32f0xx_hal_flash.d ./Drivers/STM32F0xx_HAL_Driver/Src/stm32f0xx_hal_flash_ex.d ./Drivers/STM32F0xx_HAL_Driver/Src/stm32f0xx_hal_gpio.d ./Drivers/STM32F0xx_HAL_Driver/Src/stm32f0xx_hal_i2c.d ./Drivers/STM32F0xx_HAL_Driver/Src/stm32f0xx_hal_i2c_ex.d ./Drivers/STM32F0xx_HAL_Driver/Src/stm32f0xx_hal_iwdg.d ./Drivers/STM32F0xx_HAL_Driver/Src/stm32f0xx_hal_pwr.d ./Drivers/STM32F0xx_HAL_Driver/Src/stm32f0xx_hal_pwr_ex.d ./Drivers/STM32F0xx_HAL_Driver/Src/stm32f0xx_hal_rcc.d ./Drivers/STM32F0xx_HAL_Driver/Src/stm32f0xx_hal_rcc_ex.d ./Drivers/STM32F0xx_HAL_Driver/Src/stm32f0xx_hal_rtc.d ./Drivers/STM32F0xx_HAL_Driver/Src/stm32f0xx_hal_rtc_ex.d ./Drivers/STM32F0xx_HAL_Driver/Src/stm32f0xx_hal_smbus.d ./Drivers/STM32F0xx_HAL_Driver/Src/stm32f0xx_hal_spi.d ./Drivers/STM32F0xx_HAL_Driver/Src/stm32f0xx_hal_spi_ex.d ./Drivers/STM32F0xx_HAL_Driver/Src/stm32f0xx_hal_tim.d ./Drivers/STM32F0xx_HAL_Driver/Src/stm32f0xx_hal_tim_ex.d ./Drivers/STM32F0xx_HAL_Driver/Src/stm32f0xx_hal_uart.d ./Drivers/STM32F0xx_HAL_Driver/Src/stm32f0xx_hal_uart_ex.d  STM32F091RCTx_freeRTOS.elf
 
